<html>
<body>
<pre>
<h1>µVision Build Log</h1>
<h2>Project:</h2>
Y:\DemoProjectV2.0\project.uvproj
Project File Date:  12/09/2015

<h2>Output:</h2>
Rebuild target 'rt-thread_stm32f4xx'
compiling main.c...
compiling Setting.c...
compiling SignalOut.c...
compiling App.c...
compiling stm32f4xx_flash.c...
compiling DataProcess.c...
compiling UserApp.c...
linking...
Program Size: Code=71080 RO-data=348184 RW-data=272 ZI-data=122104  
FromELF: creating hex file...
User command #1: fromelf --bin .\build\rtthread-stm32f4xx.axf --output rtthread.bin
User command #2: .\AppBin.bat
".\build\rtthread-stm32f4xx.axf" - 0 Error(s), 0 Warning(s).
Rebuild target 'rt-thread_stm32f4xx'
compiling main.c...
compiling Setting.c...
compiling SignalOut.c...
compiling App.c...
compiling stm32f4xx_flash.c...
compiling DataProcess.c...
compiling UserApp.c...
linking...
Program Size: Code=71080 RO-data=348184 RW-data=272 ZI-data=122104  
FromELF: creating hex file...
User command #1: fromelf --bin .\build\rtthread-stm32f4xx.axf --output rtthread.bin
User command #2: .\AppBin.bat
".\build\rtthread-stm32f4xx.axf" - 0 Error(s), 0 Warning(s).
Rebuild target 'rt-thread_stm32f4xx'
compiling main.c...
compiling Setting.c...
compiling SignalOut.c...
compiling App.c...
compiling stm32f4xx_flash.c...
compiling DataProcess.c...
compiling UserApp.c...
compiling Uart.c...
linking...
Program Size: Code=71088 RO-data=348192 RW-data=272 ZI-data=122104  
FromELF: creating hex file...
User command #1: fromelf --bin .\build\rtthread-stm32f4xx.axf --output rtthread.bin
User command #2: .\AppBin.bat
".\build\rtthread-stm32f4xx.axf" - 0 Error(s), 0 Warning(s).
Rebuild target 'rt-thread_stm32f4xx'
compiling main.c...
compiling Setting.c...
compiling SignalOut.c...
compiling App.c...
compiling stm32f4xx_flash.c...
compiling DataProcess.c...
compiling UserApp.c...
linking...
Program Size: Code=71088 RO-data=348192 RW-data=272 ZI-data=122104  
FromELF: creating hex file...
User command #1: fromelf --bin .\build\rtthread-stm32f4xx.axf --output rtthread.bin
User command #2: .\AppBin.bat
".\build\rtthread-stm32f4xx.axf" - 0 Error(s), 0 Warning(s).
Rebuild target 'rt-thread_stm32f4xx'
compiling main.c...
compiling Setting.c...
compiling SignalOut.c...
compiling App.c...
compiling stm32f4xx_flash.c...
compiling DataProcess.c...
compiling UserApp.c...
compiling Uart.c...
linking...
Program Size: Code=71088 RO-data=348192 RW-data=272 ZI-data=122104  
FromELF: creating hex file...
User command #1: fromelf --bin .\build\rtthread-stm32f4xx.axf --output rtthread.bin
User command #2: .\AppBin.bat
".\build\rtthread-stm32f4xx.axf" - 0 Error(s), 0 Warning(s).
Rebuild target 'rt-thread_stm32f4xx'
compiling main.c...
compiling Setting.c...
compiling SignalOut.c...
compiling App.c...
compiling stm32f4xx_flash.c...
compiling DataProcess.c...
compiling UserApp.c...
compiling Uart.c...
linking...
Program Size: Code=71088 RO-data=348192 RW-data=272 ZI-data=122104  
FromELF: creating hex file...
User command #1: fromelf --bin .\build\rtthread-stm32f4xx.axf --output rtthread.bin
User command #2: .\AppBin.bat
".\build\rtthread-stm32f4xx.axf" - 0 Error(s), 0 Warning(s).
Rebuild target 'rt-thread_stm32f4xx'
compiling main.c...
compiling Setting.c...
compiling SignalOut.c...
compiling App.c...
compiling stm32f4xx_flash.c...
compiling DataProcess.c...
compiling UserApp.c...
compiling Uart.c...
linking...
Program Size: Code=71088 RO-data=348192 RW-data=272 ZI-data=122104  
FromELF: creating hex file...
User command #1: fromelf --bin .\build\rtthread-stm32f4xx.axf --output rtthread.bin
User command #2: .\AppBin.bat
".\build\rtthread-stm32f4xx.axf" - 0 Error(s), 0 Warning(s).
Rebuild target 'rt-thread_stm32f4xx'
compiling main.c...
compiling Setting.c...
compiling SignalOut.c...
compiling App.c...
compiling stm32f4xx_flash.c...
compiling DataProcess.c...
compiling UserApp.c...
linking...
Program Size: Code=71088 RO-data=348192 RW-data=272 ZI-data=122104  
FromELF: creating hex file...
User command #1: fromelf --bin .\build\rtthread-stm32f4xx.axf --output rtthread.bin
User command #2: .\AppBin.bat
".\build\rtthread-stm32f4xx.axf" - 0 Error(s), 0 Warning(s).
Rebuild target 'rt-thread_stm32f4xx'
compiling main.c...
compiling Setting.c...
compiling SignalOut.c...
compiling App.c...
compiling stm32f4xx_flash.c...
compiling DataProcess.c...
compiling UserApp.c...
linking...
Program Size: Code=71088 RO-data=348192 RW-data=272 ZI-data=122104  
FromELF: creating hex file...
User command #1: fromelf --bin .\build\rtthread-stm32f4xx.axf --output rtthread.bin
User command #2: .\AppBin.bat
".\build\rtthread-stm32f4xx.axf" - 0 Error(s), 0 Warning(s).
Rebuild target 'rt-thread_stm32f4xx'
compiling main.c...
compiling Setting.c...
compiling SignalOut.c...
compiling App.c...
compiling stm32f4xx_flash.c...
compiling DataProcess.c...
compiling UserApp.c...
linking...
.\build\rtthread-stm32f4xx.axf: error: L6031U: Could not open scatter description file .\build\rtthread-stm32f4xx.sct: No such file or directory
Target not created
Rebuild target 'rt-thread_stm32f4xx'
compiling main.c...
compiling Setting.c...
compiling SignalOut.c...
compiling App.c...
compiling stm32f4xx_flash.c...
compiling DataProcess.c...
compiling UserApp.c...
linking...
Program Size: Code=71088 RO-data=348192 RW-data=272 ZI-data=122104  
FromELF: creating hex file...
User command #1: fromelf --bin .\build\rtthread-stm32f4xx.axf --output rtthread.bin
User command #2: .\AppBin.bat
".\build\rtthread-stm32f4xx.axf" - 0 Error(s), 0 Warning(s).
