<!doctype html public "-//w3c//dtd html 4.0 transitional//en">
<html><head>
<title>Static Call Graph - [.\build\rtthread-stm32f4xx.axf]</title></head>
<body><HR>
<H1>Static Call Graph for image .\build\rtthread-stm32f4xx.axf</H1><HR>
<BR><P>#&#060CALLGRAPH&#062# ARM Linker, 5.02 [Build 28]: Last Updated: Wed Dec 23 20:03:43 2015
<BR><P>
<H3>Maximum Stack Usage =          0 bytes + Unknown(Cycles, Untraceable Function Pointers)</H3><H3>
Call chain for Maximum Stack Depth:</H3>

<P>
<H3>
Mutually Recursive functions
</H3> <LI><a href="#[b]">NMI_Handler</a>&nbsp;&nbsp;&nbsp;&rArr;&nbsp;&nbsp;&nbsp;<a href="#[b]">NMI_Handler</a><BR>
 <LI><a href="#[c]">HardFault_Handler</a>&nbsp;&nbsp;&nbsp;&rArr;&nbsp;&nbsp;&nbsp;<a href="#[c]">HardFault_Handler</a><BR>
 <LI><a href="#[d]">MemManage_Handler</a>&nbsp;&nbsp;&nbsp;&rArr;&nbsp;&nbsp;&nbsp;<a href="#[d]">MemManage_Handler</a><BR>
 <LI><a href="#[e]">BusFault_Handler</a>&nbsp;&nbsp;&nbsp;&rArr;&nbsp;&nbsp;&nbsp;<a href="#[e]">BusFault_Handler</a><BR>
 <LI><a href="#[f]">UsageFault_Handler</a>&nbsp;&nbsp;&nbsp;&rArr;&nbsp;&nbsp;&nbsp;<a href="#[f]">UsageFault_Handler</a><BR>
 <LI><a href="#[10]">SVC_Handler</a>&nbsp;&nbsp;&nbsp;&rArr;&nbsp;&nbsp;&nbsp;<a href="#[10]">SVC_Handler</a><BR>
 <LI><a href="#[11]">DebugMon_Handler</a>&nbsp;&nbsp;&nbsp;&rArr;&nbsp;&nbsp;&nbsp;<a href="#[11]">DebugMon_Handler</a><BR>
 <LI><a href="#[12]">PendSV_Handler</a>&nbsp;&nbsp;&nbsp;&rArr;&nbsp;&nbsp;&nbsp;<a href="#[12]">PendSV_Handler</a><BR>
 <LI><a href="#[13]">SysTick_Handler</a>&nbsp;&nbsp;&nbsp;&rArr;&nbsp;&nbsp;&nbsp;<a href="#[13]">SysTick_Handler</a><BR>
 <LI><a href="#[26]">ADC_IRQHandler</a>&nbsp;&nbsp;&nbsp;&rArr;&nbsp;&nbsp;&nbsp;<a href="#[26]">ADC_IRQHandler</a><BR>
</UL>
<P>
<H3>
Function Pointers
</H3><UL>
 <LI><a href="#[26]">ADC_IRQHandler</a> from startup_stm32f4xx.o(.text) referenced from startup_stm32f4xx.o(RESET)
 <LI><a href="#[e]">BusFault_Handler</a> from startup_stm32f4xx.o(.text) referenced from startup_stm32f4xx.o(RESET)
 <LI><a href="#[28]">CAN1_RX0_IRQHandler</a> from startup_stm32f4xx.o(.text) referenced from startup_stm32f4xx.o(RESET)
 <LI><a href="#[29]">CAN1_RX1_IRQHandler</a> from startup_stm32f4xx.o(.text) referenced from startup_stm32f4xx.o(RESET)
 <LI><a href="#[2a]">CAN1_SCE_IRQHandler</a> from startup_stm32f4xx.o(.text) referenced from startup_stm32f4xx.o(RESET)
 <LI><a href="#[27]">CAN1_TX_IRQHandler</a> from startup_stm32f4xx.o(.text) referenced from startup_stm32f4xx.o(RESET)
 <LI><a href="#[54]">CAN2_RX0_IRQHandler</a> from startup_stm32f4xx.o(.text) referenced from startup_stm32f4xx.o(RESET)
 <LI><a href="#[55]">CAN2_RX1_IRQHandler</a> from startup_stm32f4xx.o(.text) referenced from startup_stm32f4xx.o(RESET)
 <LI><a href="#[56]">CAN2_SCE_IRQHandler</a> from startup_stm32f4xx.o(.text) referenced from startup_stm32f4xx.o(RESET)
 <LI><a href="#[53]">CAN2_TX_IRQHandler</a> from startup_stm32f4xx.o(.text) referenced from startup_stm32f4xx.o(RESET)
 <LI><a href="#[63]">CRYP_IRQHandler</a> from startup_stm32f4xx.o(.text) referenced from startup_stm32f4xx.o(RESET)
 <LI><a href="#[8a]">CommandBinCMD</a> from Command.o(.text) referenced from Command.o(.constdata)
 <LI><a href="#[72]">CommandDb</a> from Command.o(.text) referenced from Command.o(.constdata)
 <LI><a href="#[70]">CommandDd</a> from Command.o(.text) referenced from Command.o(.constdata)
 <LI><a href="#[7b]">CommandDispAna</a> from Command.o(.text) referenced from Command.o(.constdata)
 <LI><a href="#[7c]">CommandDispBinInput</a> from Command.o(.text) referenced from Command.o(.constdata)
 <LI><a href="#[7d]">CommandDispBinOutput</a> from Command.o(.text) referenced from Command.o(.constdata)
 <LI><a href="#[7e]">CommandDispSelfDiagnose</a> from Command.o(.text) referenced from Command.o(.constdata)
 <LI><a href="#[7f]">CommandDispSelfDiagnoseBin</a> from Command.o(.text) referenced from Command.o(.constdata)
 <LI><a href="#[79]">CommandDownload</a> from Command.o(.text) referenced from Command.o(.constdata)
 <LI><a href="#[71]">CommandDw</a> from Command.o(.text) referenced from Command.o(.constdata)
 <LI><a href="#[7a]">CommandFlashErase</a> from Command.o(.text) referenced from Command.o(.constdata)
 <LI><a href="#[89]">CommandFpgaReboot</a> from Command.o(.text) referenced from Command.o(.constdata)
 <LI><a href="#[8c]">CommandHelp</a> from Command.o(.text) referenced from Command.o(.constdata)
 <LI><a href="#[80]">CommandIDispAna</a> from Command.o(.text) referenced from Command.o(.constdata)
 <LI><a href="#[81]">CommandIDispBinInput</a> from Command.o(.text) referenced from Command.o(.constdata)
 <LI><a href="#[82]">CommandIDispBinOutput</a> from Command.o(.text) referenced from Command.o(.constdata)
 <LI><a href="#[83]">CommandIDispSelfDiagnose</a> from Command.o(.text) referenced from Command.o(.constdata)
 <LI><a href="#[84]">CommandIDispSelfDiagnoseBin</a> from Command.o(.text) referenced from Command.o(.constdata)
 <LI><a href="#[75]">CommandIb</a> from Command.o(.text) referenced from Command.o(.constdata)
 <LI><a href="#[73]">CommandId</a> from Command.o(.text) referenced from Command.o(.constdata)
 <LI><a href="#[74]">CommandIw</a> from Command.o(.text) referenced from Command.o(.constdata)
 <LI><a href="#[88]">CommandLs</a> from Command.o(.text) referenced from Command.o(.constdata)
 <LI><a href="#[8b]">CommandReboot</a> from Command.o(.text) referenced from Command.o(.constdata)
 <LI><a href="#[85]">CommandSet</a> from Command.o(.text) referenced from Command.o(.constdata)
 <LI><a href="#[86]">CommandSetRedo</a> from Command.o(.text) referenced from Command.o(.constdata)
 <LI><a href="#[87]">CommandSetSave</a> from Command.o(.text) referenced from Command.o(.constdata)
 <LI><a href="#[6f]">CommandTime</a> from Command.o(.text) referenced from Command.o(.constdata)
 <LI><a href="#[78]">CommandWb</a> from Command.o(.text) referenced from Command.o(.constdata)
 <LI><a href="#[76]">CommandWd</a> from Command.o(.text) referenced from Command.o(.constdata)
 <LI><a href="#[77]">CommandWw</a> from Command.o(.text) referenced from Command.o(.constdata)
 <LI><a href="#[62]">DCMI_IRQHandler</a> from startup_stm32f4xx.o(.text) referenced from startup_stm32f4xx.o(RESET)
 <LI><a href="#[1f]">DMA1_Stream0_IRQHandler</a> from startup_stm32f4xx.o(.text) referenced from startup_stm32f4xx.o(RESET)
 <LI><a href="#[20]">DMA1_Stream1_IRQHandler</a> from startup_stm32f4xx.o(.text) referenced from startup_stm32f4xx.o(RESET)
 <LI><a href="#[21]">DMA1_Stream2_IRQHandler</a> from startup_stm32f4xx.o(.text) referenced from startup_stm32f4xx.o(RESET)
 <LI><a href="#[22]">DMA1_Stream3_IRQHandler</a> from startup_stm32f4xx.o(.text) referenced from startup_stm32f4xx.o(RESET)
 <LI><a href="#[23]">DMA1_Stream4_IRQHandler</a> from startup_stm32f4xx.o(.text) referenced from startup_stm32f4xx.o(RESET)
 <LI><a href="#[24]">DMA1_Stream5_IRQHandler</a> from startup_stm32f4xx.o(.text) referenced from startup_stm32f4xx.o(RESET)
 <LI><a href="#[25]">DMA1_Stream6_IRQHandler</a> from startup_stm32f4xx.o(.text) referenced from startup_stm32f4xx.o(RESET)
 <LI><a href="#[43]">DMA1_Stream7_IRQHandler</a> from startup_stm32f4xx.o(.text) referenced from startup_stm32f4xx.o(RESET)
 <LI><a href="#[4c]">DMA2_Stream0_IRQHandler</a> from startup_stm32f4xx.o(.text) referenced from startup_stm32f4xx.o(RESET)
 <LI><a href="#[4d]">DMA2_Stream1_IRQHandler</a> from startup_stm32f4xx.o(.text) referenced from startup_stm32f4xx.o(RESET)
 <LI><a href="#[4e]">DMA2_Stream2_IRQHandler</a> from startup_stm32f4xx.o(.text) referenced from startup_stm32f4xx.o(RESET)
 <LI><a href="#[4f]">DMA2_Stream3_IRQHandler</a> from startup_stm32f4xx.o(.text) referenced from startup_stm32f4xx.o(RESET)
 <LI><a href="#[50]">DMA2_Stream4_IRQHandler</a> from startup_stm32f4xx.o(.text) referenced from startup_stm32f4xx.o(RESET)
 <LI><a href="#[58]">DMA2_Stream5_IRQHandler</a> from startup_stm32f4xx.o(.text) referenced from startup_stm32f4xx.o(RESET)
 <LI><a href="#[59]">DMA2_Stream6_IRQHandler</a> from startup_stm32f4xx.o(.text) referenced from startup_stm32f4xx.o(RESET)
 <LI><a href="#[5a]">DMA2_Stream7_IRQHandler</a> from TaskServices.o(.text) referenced from startup_stm32f4xx.o(RESET)
 <LI><a href="#[11]">DebugMon_Handler</a> from startup_stm32f4xx.o(.text) referenced from startup_stm32f4xx.o(RESET)
 <LI><a href="#[51]">ETH_IRQHandler</a> from startup_stm32f4xx.o(.text) referenced from startup_stm32f4xx.o(RESET)
 <LI><a href="#[52]">ETH_WKUP_IRQHandler</a> from startup_stm32f4xx.o(.text) referenced from startup_stm32f4xx.o(RESET)
 <LI><a href="#[1a]">EXTI0_IRQHandler</a> from startup_stm32f4xx.o(.text) referenced from startup_stm32f4xx.o(RESET)
 <LI><a href="#[3c]">EXTI15_10_IRQHandler</a> from startup_stm32f4xx.o(.text) referenced from startup_stm32f4xx.o(RESET)
 <LI><a href="#[1b]">EXTI1_IRQHandler</a> from startup_stm32f4xx.o(.text) referenced from startup_stm32f4xx.o(RESET)
 <LI><a href="#[1c]">EXTI2_IRQHandler</a> from startup_stm32f4xx.o(.text) referenced from startup_stm32f4xx.o(RESET)
 <LI><a href="#[1d]">EXTI3_IRQHandler</a> from startup_stm32f4xx.o(.text) referenced from startup_stm32f4xx.o(RESET)
 <LI><a href="#[1e]">EXTI4_IRQHandler</a> from startup_stm32f4xx.o(.text) referenced from startup_stm32f4xx.o(RESET)
 <LI><a href="#[2b]">EXTI9_5_IRQHandler</a> from TaskServices.o(.text) referenced from startup_stm32f4xx.o(RESET)
 <LI><a href="#[18]">FLASH_IRQHandler</a> from startup_stm32f4xx.o(.text) referenced from startup_stm32f4xx.o(RESET)
 <LI><a href="#[65]">FPU_IRQHandler</a> from startup_stm32f4xx.o(.text) referenced from startup_stm32f4xx.o(RESET)
 <LI><a href="#[44]">FSMC_IRQHandler</a> from startup_stm32f4xx.o(.text) referenced from startup_stm32f4xx.o(RESET)
 <LI><a href="#[64]">HASH_RNG_IRQHandler</a> from startup_stm32f4xx.o(.text) referenced from startup_stm32f4xx.o(RESET)
 <LI><a href="#[c]">HardFault_Handler</a> from startup_stm32f4xx.o(.text) referenced from startup_stm32f4xx.o(RESET)
 <LI><a href="#[34]">I2C1_ER_IRQHandler</a> from startup_stm32f4xx.o(.text) referenced from startup_stm32f4xx.o(RESET)
 <LI><a href="#[33]">I2C1_EV_IRQHandler</a> from startup_stm32f4xx.o(.text) referenced from startup_stm32f4xx.o(RESET)
 <LI><a href="#[36]">I2C2_ER_IRQHandler</a> from startup_stm32f4xx.o(.text) referenced from startup_stm32f4xx.o(RESET)
 <LI><a href="#[35]">I2C2_EV_IRQHandler</a> from startup_stm32f4xx.o(.text) referenced from startup_stm32f4xx.o(RESET)
 <LI><a href="#[5d]">I2C3_ER_IRQHandler</a> from startup_stm32f4xx.o(.text) referenced from startup_stm32f4xx.o(RESET)
 <LI><a href="#[5c]">I2C3_EV_IRQHandler</a> from startup_stm32f4xx.o(.text) referenced from startup_stm32f4xx.o(RESET)
 <LI><a href="#[d]">MemManage_Handler</a> from startup_stm32f4xx.o(.text) referenced from startup_stm32f4xx.o(RESET)
 <LI><a href="#[b]">NMI_Handler</a> from startup_stm32f4xx.o(.text) referenced from startup_stm32f4xx.o(RESET)
 <LI><a href="#[57]">OTG_FS_IRQHandler</a> from startup_stm32f4xx.o(.text) referenced from startup_stm32f4xx.o(RESET)
 <LI><a href="#[3e]">OTG_FS_WKUP_IRQHandler</a> from startup_stm32f4xx.o(.text) referenced from startup_stm32f4xx.o(RESET)
 <LI><a href="#[5f]">OTG_HS_EP1_IN_IRQHandler</a> from startup_stm32f4xx.o(.text) referenced from startup_stm32f4xx.o(RESET)
 <LI><a href="#[5e]">OTG_HS_EP1_OUT_IRQHandler</a> from startup_stm32f4xx.o(.text) referenced from startup_stm32f4xx.o(RESET)
 <LI><a href="#[61]">OTG_HS_IRQHandler</a> from startup_stm32f4xx.o(.text) referenced from startup_stm32f4xx.o(RESET)
 <LI><a href="#[60]">OTG_HS_WKUP_IRQHandler</a> from startup_stm32f4xx.o(.text) referenced from startup_stm32f4xx.o(RESET)
 <LI><a href="#[15]">PVD_IRQHandler</a> from startup_stm32f4xx.o(.text) referenced from startup_stm32f4xx.o(RESET)
 <LI><a href="#[12]">PendSV_Handler</a> from startup_stm32f4xx.o(.text) referenced from startup_stm32f4xx.o(RESET)
 <LI><a href="#[19]">RCC_IRQHandler</a> from startup_stm32f4xx.o(.text) referenced from startup_stm32f4xx.o(RESET)
 <LI><a href="#[3d]">RTC_Alarm_IRQHandler</a> from startup_stm32f4xx.o(.text) referenced from startup_stm32f4xx.o(RESET)
 <LI><a href="#[17]">RTC_WKUP_IRQHandler</a> from startup_stm32f4xx.o(.text) referenced from startup_stm32f4xx.o(RESET)
 <LI><a href="#[a]">Reset_Handler</a> from startup_stm32f4xx.o(.text) referenced from startup_stm32f4xx.o(RESET)
 <LI><a href="#[45]">SDIO_IRQHandler</a> from startup_stm32f4xx.o(.text) referenced from startup_stm32f4xx.o(RESET)
 <LI><a href="#[37]">SPI1_IRQHandler</a> from startup_stm32f4xx.o(.text) referenced from startup_stm32f4xx.o(RESET)
 <LI><a href="#[38]">SPI2_IRQHandler</a> from startup_stm32f4xx.o(.text) referenced from startup_stm32f4xx.o(RESET)
 <LI><a href="#[47]">SPI3_IRQHandler</a> from startup_stm32f4xx.o(.text) referenced from startup_stm32f4xx.o(RESET)
 <LI><a href="#[10]">SVC_Handler</a> from startup_stm32f4xx.o(.text) referenced from startup_stm32f4xx.o(RESET)
 <LI><a href="#[13]">SysTick_Handler</a> from startup_stm32f4xx.o(.text) referenced from startup_stm32f4xx.o(RESET)
 <LI><a href="#[6d]">SystemInit</a> from system_stm32f4xx.o(.text) referenced from startup_stm32f4xx.o(.text)
 <LI><a href="#[16]">TAMP_STAMP_IRQHandler</a> from startup_stm32f4xx.o(.text) referenced from startup_stm32f4xx.o(RESET)
 <LI><a href="#[2c]">TIM1_BRK_TIM9_IRQHandler</a> from startup_stm32f4xx.o(.text) referenced from startup_stm32f4xx.o(RESET)
 <LI><a href="#[2f]">TIM1_CC_IRQHandler</a> from startup_stm32f4xx.o(.text) referenced from startup_stm32f4xx.o(RESET)
 <LI><a href="#[2e]">TIM1_TRG_COM_TIM11_IRQHandler</a> from startup_stm32f4xx.o(.text) referenced from startup_stm32f4xx.o(RESET)
 <LI><a href="#[2d]">TIM1_UP_TIM10_IRQHandler</a> from startup_stm32f4xx.o(.text) referenced from startup_stm32f4xx.o(RESET)
 <LI><a href="#[30]">TIM2_IRQHandler</a> from startup_stm32f4xx.o(.text) referenced from startup_stm32f4xx.o(RESET)
 <LI><a href="#[31]">TIM3_IRQHandler</a> from startup_stm32f4xx.o(.text) referenced from startup_stm32f4xx.o(RESET)
 <LI><a href="#[32]">TIM4_IRQHandler</a> from startup_stm32f4xx.o(.text) referenced from startup_stm32f4xx.o(RESET)
 <LI><a href="#[46]">TIM5_IRQHandler</a> from startup_stm32f4xx.o(.text) referenced from startup_stm32f4xx.o(RESET)
 <LI><a href="#[4a]">TIM6_DAC_IRQHandler</a> from startup_stm32f4xx.o(.text) referenced from startup_stm32f4xx.o(RESET)
 <LI><a href="#[4b]">TIM7_IRQHandler</a> from startup_stm32f4xx.o(.text) referenced from startup_stm32f4xx.o(RESET)
 <LI><a href="#[3f]">TIM8_BRK_TIM12_IRQHandler</a> from startup_stm32f4xx.o(.text) referenced from startup_stm32f4xx.o(RESET)
 <LI><a href="#[42]">TIM8_CC_IRQHandler</a> from startup_stm32f4xx.o(.text) referenced from startup_stm32f4xx.o(RESET)
 <LI><a href="#[41]">TIM8_TRG_COM_TIM14_IRQHandler</a> from TaskServices.o(.text) referenced from startup_stm32f4xx.o(RESET)
 <LI><a href="#[40]">TIM8_UP_TIM13_IRQHandler</a> from startup_stm32f4xx.o(.text) referenced from startup_stm32f4xx.o(RESET)
 <LI><a href="#[48]">UART4_IRQHandler</a> from startup_stm32f4xx.o(.text) referenced from startup_stm32f4xx.o(RESET)
 <LI><a href="#[49]">UART5_IRQHandler</a> from startup_stm32f4xx.o(.text) referenced from startup_stm32f4xx.o(RESET)
 <LI><a href="#[39]">USART1_IRQHandler</a> from startup_stm32f4xx.o(.text) referenced from startup_stm32f4xx.o(RESET)
 <LI><a href="#[3a]">USART2_IRQHandler</a> from startup_stm32f4xx.o(.text) referenced from startup_stm32f4xx.o(RESET)
 <LI><a href="#[3b]">USART3_IRQHandler</a> from startup_stm32f4xx.o(.text) referenced from startup_stm32f4xx.o(RESET)
 <LI><a href="#[5b]">USART6_IRQHandler</a> from TaskServices.o(.text) referenced from startup_stm32f4xx.o(RESET)
 <LI><a href="#[8d]">Ucs4ToGb2312</a> from Gb2312.o(.text) referenced from IconvData.o(.constdata)
 <LI><a href="#[8f]">Ucs4ToKoi8_r</a> from Koi8_r.o(.text) referenced from IconvData.o(.constdata)
 <LI><a href="#[8e]">Ucs4ToKoi8_u</a> from Koi8_u.o(.text) referenced from IconvData.o(.constdata)
 <LI><a href="#[91]">Ucs4ToWindows1251</a> from Windows1251.o(.text) referenced from IconvData.o(.constdata)
 <LI><a href="#[90]">Ucs4ToWindows2512</a> from Windows2512.o(.text) referenced from IconvData.o(.constdata)
 <LI><a href="#[f]">UsageFault_Handler</a> from startup_stm32f4xx.o(.text) referenced from startup_stm32f4xx.o(RESET)
 <LI><a href="#[14]">WWDG_IRQHandler</a> from startup_stm32f4xx.o(.text) referenced from startup_stm32f4xx.o(RESET)
 <LI><a href="#[92]">__main</a> from __main.o(!!!main) referenced from startup_stm32f4xx.o(.text)
 <LI><a href="#[67]">_get_lc_ctype</a> from lc_ctype_c.o(locale$$code) referenced from rt_ctype_table.o(.text)
 <LI><a href="#[68]">_printf_input_char</a> from _printf_char_common.o(.text) referenced from _printf_char_common.o(.text)
 <LI><a href="#[6b]">_sbackspace</a> from _sgetc.o(.text) referenced from strtod.o(.text)
 <LI><a href="#[6a]">_sgetc</a> from _sgetc.o(.text) referenced from strtod.o(.text)
 <LI><a href="#[66]">_snputc</a> from _snputc.o(.text) referenced from noretval__2snprintf.o(.text)
 <LI><a href="#[69]">fputc</a> from sstream.o(.text) referenced from _printf_char_file.o(.text)
 <LI><a href="#[6c]">isspace</a> from isspace.o(.text) referenced from strtod.o(.text)
</UL>
<P>
<H3>
Global Symbols
</H3>
<P><STRONG><a name="[92]"></a>__main</STRONG> (Thumb, 8 bytes, Stack size 0 bytes, __main.o(!!!main))
<BR><BR>[Calls]<UL><LI><a href="#[94]">&gt;&gt;</a>&nbsp;&nbsp;&nbsp;__rt_entry
<LI><a href="#[93]">&gt;&gt;</a>&nbsp;&nbsp;&nbsp;__scatterload
</UL>

<P><STRONG><a name="[93]"></a>__scatterload</STRONG> (Thumb, 0 bytes, Stack size 0 bytes, __scatter.o(!!!scatter))
<BR><BR>[Called By]<UL><LI><a href="#[92]">&gt;&gt;</a>&nbsp;&nbsp;&nbsp;__main
</UL>

<P><STRONG><a name="[95]"></a>__scatterload_rt2</STRONG> (Thumb, 44 bytes, Stack size 0 bytes, __scatter.o(!!!scatter), UNUSED)
<BR><BR>[Calls]<UL><LI><a href="#[94]">&gt;&gt;</a>&nbsp;&nbsp;&nbsp;__rt_entry
</UL>

<P><STRONG><a name="[96]"></a>__scatterload_copy</STRONG> (Thumb, 26 bytes, Stack size 0 bytes, __scatter_copy.o(!!handler_copy), UNUSED)
<BR><BR>[Calls]<UL><LI><a href="#[96]">&gt;&gt;</a>&nbsp;&nbsp;&nbsp;__scatterload_copy
</UL>
<BR>[Called By]<UL><LI><a href="#[96]">&gt;&gt;</a>&nbsp;&nbsp;&nbsp;__scatterload_copy
</UL>

<P><STRONG><a name="[97]"></a>_printf_f</STRONG> (Thumb, 0 bytes, Stack size 0 bytes, _printf_f.o(.ARM.Collect$$_printf_percent$$00000003))
<BR><BR>[Calls]<UL><LI><a href="#[98]">&gt;&gt;</a>&nbsp;&nbsp;&nbsp;_printf_fp_dec
</UL>

<P><STRONG><a name="[132]"></a>_printf_percent</STRONG> (Thumb, 0 bytes, Stack size 0 bytes, _printf_percent.o(.ARM.Collect$$_printf_percent$$00000000))
<BR><BR>[Called By]<UL><LI><a href="#[130]">&gt;&gt;</a>&nbsp;&nbsp;&nbsp;__printf
</UL>

<P><STRONG><a name="[99]"></a>_printf_d</STRONG> (Thumb, 0 bytes, Stack size 0 bytes, _printf_d.o(.ARM.Collect$$_printf_percent$$00000009))
<BR><BR>[Calls]<UL><LI><a href="#[9a]">&gt;&gt;</a>&nbsp;&nbsp;&nbsp;_printf_int_dec
</UL>

<P><STRONG><a name="[9b]"></a>_printf_u</STRONG> (Thumb, 0 bytes, Stack size 0 bytes, _printf_u.o(.ARM.Collect$$_printf_percent$$0000000A))
<BR><BR>[Calls]<UL><LI><a href="#[9a]">&gt;&gt;</a>&nbsp;&nbsp;&nbsp;_printf_int_dec
</UL>

<P><STRONG><a name="[9c]"></a>_printf_x</STRONG> (Thumb, 0 bytes, Stack size 0 bytes, _printf_x.o(.ARM.Collect$$_printf_percent$$0000000C))
<BR><BR>[Calls]<UL><LI><a href="#[9d]">&gt;&gt;</a>&nbsp;&nbsp;&nbsp;_printf_int_hex
</UL>

<P><STRONG><a name="[9e]"></a>_printf_c</STRONG> (Thumb, 0 bytes, Stack size 0 bytes, _printf_c.o(.ARM.Collect$$_printf_percent$$00000013))
<BR><BR>[Calls]<UL><LI><a href="#[9f]">&gt;&gt;</a>&nbsp;&nbsp;&nbsp;_printf_char
</UL>

<P><STRONG><a name="[a0]"></a>_printf_s</STRONG> (Thumb, 0 bytes, Stack size 0 bytes, _printf_s.o(.ARM.Collect$$_printf_percent$$00000014))
<BR><BR>[Calls]<UL><LI><a href="#[a1]">&gt;&gt;</a>&nbsp;&nbsp;&nbsp;_printf_string
</UL>

<P><STRONG><a name="[ae]"></a>__rt_lib_init</STRONG> (Thumb, 0 bytes, Stack size 0 bytes, libinit.o(.ARM.Collect$$libinit$$00000000))
<BR><BR>[Called By]<UL><LI><a href="#[ad]">&gt;&gt;</a>&nbsp;&nbsp;&nbsp;__rt_entry_li
</UL>

<P><STRONG><a name="[a2]"></a>__rt_lib_init_fp_1</STRONG> (Thumb, 0 bytes, Stack size 0 bytes, libinit2.o(.ARM.Collect$$libinit$$00000001))
<BR><BR>[Calls]<UL><LI><a href="#[a3]">&gt;&gt;</a>&nbsp;&nbsp;&nbsp;_fp_init
</UL>

<P><STRONG><a name="[a4]"></a>__rt_lib_init_heap_2</STRONG> (Thumb, 0 bytes, Stack size 0 bytes, libinit2.o(.ARM.Collect$$libinit$$00000003))
<BR><BR>[Calls]<UL><LI><a href="#[a5]">&gt;&gt;</a>&nbsp;&nbsp;&nbsp;_init_alloc
</UL>

<P><STRONG><a name="[a6]"></a>__rt_lib_init_lc_common</STRONG> (Thumb, 0 bytes, Stack size 0 bytes, libinit2.o(.ARM.Collect$$libinit$$0000000D))
<BR><BR>[Calls]<UL><LI><a href="#[a7]">&gt;&gt;</a>&nbsp;&nbsp;&nbsp;__rt_locale
</UL>

<P><STRONG><a name="[a8]"></a>__rt_lib_init_lc_ctype_2</STRONG> (Thumb, 0 bytes, Stack size 0 bytes, libinit2.o(.ARM.Collect$$libinit$$00000010))
<BR><BR>[Calls]<UL><LI><a href="#[67]">&gt;&gt;</a>&nbsp;&nbsp;&nbsp;_get_lc_ctype
</UL>

<P><STRONG><a name="[a9]"></a>__rt_lib_init_lc_numeric_2</STRONG> (Thumb, 0 bytes, Stack size 0 bytes, libinit2.o(.ARM.Collect$$libinit$$00000014))
<BR><BR>[Calls]<UL><LI><a href="#[aa]">&gt;&gt;</a>&nbsp;&nbsp;&nbsp;_get_lc_numeric
</UL>

<P><STRONG><a name="[b3]"></a>__rt_lib_shutdown</STRONG> (Thumb, 0 bytes, Stack size 0 bytes, libshutdown.o(.ARM.Collect$$libshutdown$$00000000))
<BR><BR>[Called By]<UL><LI><a href="#[b2]">&gt;&gt;</a>&nbsp;&nbsp;&nbsp;__rt_exit_ls
</UL>

<P><STRONG><a name="[94]"></a>__rt_entry</STRONG> (Thumb, 0 bytes, Stack size 0 bytes, rtentry.o(.ARM.Collect$$rtentry$$00000000))
<BR><BR>[Called By]<UL><LI><a href="#[92]">&gt;&gt;</a>&nbsp;&nbsp;&nbsp;__main
<LI><a href="#[95]">&gt;&gt;</a>&nbsp;&nbsp;&nbsp;__scatterload_rt2
</UL>

<P><STRONG><a name="[ab]"></a>__rt_entry_sh</STRONG> (Thumb, 0 bytes, Stack size 0 bytes, rtentry4.o(.ARM.Collect$$rtentry$$00000004))
<BR><BR>[Calls]<UL><LI><a href="#[ac]">&gt;&gt;</a>&nbsp;&nbsp;&nbsp;__user_setup_stackheap
</UL>

<P><STRONG><a name="[ad]"></a>__rt_entry_li</STRONG> (Thumb, 0 bytes, Stack size 0 bytes, rtentry2.o(.ARM.Collect$$rtentry$$0000000A))
<BR><BR>[Calls]<UL><LI><a href="#[ae]">&gt;&gt;</a>&nbsp;&nbsp;&nbsp;__rt_lib_init
</UL>

<P><STRONG><a name="[af]"></a>__rt_entry_main</STRONG> (Thumb, 0 bytes, Stack size 0 bytes, rtentry2.o(.ARM.Collect$$rtentry$$0000000D))
<BR><BR>[Calls]<UL><LI><a href="#[b0]">&gt;&gt;</a>&nbsp;&nbsp;&nbsp;main
<LI><a href="#[b1]">&gt;&gt;</a>&nbsp;&nbsp;&nbsp;exit
</UL>

<P><STRONG><a name="[15d]"></a>__rt_exit</STRONG> (Thumb, 0 bytes, Stack size 0 bytes, rtexit.o(.ARM.Collect$$rtexit$$00000000))
<BR><BR>[Called By]<UL><LI><a href="#[b1]">&gt;&gt;</a>&nbsp;&nbsp;&nbsp;exit
</UL>

<P><STRONG><a name="[b2]"></a>__rt_exit_ls</STRONG> (Thumb, 0 bytes, Stack size 0 bytes, rtexit2.o(.ARM.Collect$$rtexit$$00000003))
<BR><BR>[Calls]<UL><LI><a href="#[b3]">&gt;&gt;</a>&nbsp;&nbsp;&nbsp;__rt_lib_shutdown
</UL>

<P><STRONG><a name="[b4]"></a>__rt_exit_exit</STRONG> (Thumb, 0 bytes, Stack size 0 bytes, rtexit2.o(.ARM.Collect$$rtexit$$00000004))
<BR><BR>[Calls]<UL><LI><a href="#[b5]">&gt;&gt;</a>&nbsp;&nbsp;&nbsp;_sys_exit
</UL>

<P><STRONG><a name="[b0]"></a>main</STRONG> (Thumb, 16 bytes, Stack size 0 bytes, main.o(.text))
<BR><BR>[Calls]<UL><LI><a href="#[b6]">&gt;&gt;</a>&nbsp;&nbsp;&nbsp;Startup
</UL>
<BR>[Called By]<UL><LI><a href="#[af]">&gt;&gt;</a>&nbsp;&nbsp;&nbsp;__rt_entry_main
</UL>

<P><STRONG><a name="[b7]"></a>NewApp</STRONG> (Thumb, 30 bytes, Stack size 0 bytes, app.o(.text))
<BR><BR>[Calls]<UL><LI><a href="#[b8]">&gt;&gt;</a>&nbsp;&nbsp;&nbsp;__2printf
</UL>
<BR>[Called By]<UL><LI><a href="#[b6]">&gt;&gt;</a>&nbsp;&nbsp;&nbsp;Startup
</UL>

<P><STRONG><a name="[b9]"></a>AppInitial</STRONG> (Thumb, 30 bytes, Stack size 0 bytes, app.o(.text))
<BR><BR>[Calls]<UL><LI><a href="#[b8]">&gt;&gt;</a>&nbsp;&nbsp;&nbsp;__2printf
</UL>
<BR>[Called By]<UL><LI><a href="#[b6]">&gt;&gt;</a>&nbsp;&nbsp;&nbsp;Startup
</UL>

<P><STRONG><a name="[10e]"></a>FLASH_Unlock</STRONG> (Thumb, 24 bytes, Stack size 0 bytes, stm32f4xx_flash.o(.text))
<BR><BR>[Called By]<UL><LI><a href="#[103]">&gt;&gt;</a>&nbsp;&nbsp;&nbsp;StorageWrite
<LI><a href="#[102]">&gt;&gt;</a>&nbsp;&nbsp;&nbsp;StorageErase
</UL>

<P><STRONG><a name="[110]"></a>FLASH_Lock</STRONG> (Thumb, 12 bytes, Stack size 0 bytes, stm32f4xx_flash.o(.text))
<BR><BR>[Called By]<UL><LI><a href="#[103]">&gt;&gt;</a>&nbsp;&nbsp;&nbsp;StorageWrite
<LI><a href="#[102]">&gt;&gt;</a>&nbsp;&nbsp;&nbsp;StorageErase
</UL>

<P><STRONG><a name="[bb]"></a>FLASH_WaitForLastOperation</STRONG> (Thumb, 88 bytes, Stack size 0 bytes, stm32f4xx_flash.o(.text))
<BR><BR>[Called By]<UL><LI><a href="#[c4]">&gt;&gt;</a>&nbsp;&nbsp;&nbsp;FLASH_OB_Launch
<LI><a href="#[c3]">&gt;&gt;</a>&nbsp;&nbsp;&nbsp;FLASH_OB_UserConfig
<LI><a href="#[c2]">&gt;&gt;</a>&nbsp;&nbsp;&nbsp;FLASH_OB_RDPConfig
<LI><a href="#[c1]">&gt;&gt;</a>&nbsp;&nbsp;&nbsp;FLASH_OB_WRPConfig
<LI><a href="#[c0]">&gt;&gt;</a>&nbsp;&nbsp;&nbsp;FLASH_ProgramByte
<LI><a href="#[bf]">&gt;&gt;</a>&nbsp;&nbsp;&nbsp;FLASH_ProgramHalfWord
<LI><a href="#[be]">&gt;&gt;</a>&nbsp;&nbsp;&nbsp;FLASH_ProgramWord
<LI><a href="#[bd]">&gt;&gt;</a>&nbsp;&nbsp;&nbsp;FLASH_ProgramDoubleWord
<LI><a href="#[bc]">&gt;&gt;</a>&nbsp;&nbsp;&nbsp;FLASH_EraseAllSectors
<LI><a href="#[ba]">&gt;&gt;</a>&nbsp;&nbsp;&nbsp;FLASH_EraseSector
</UL>

<P><STRONG><a name="[ba]"></a>FLASH_EraseSector</STRONG> (Thumb, 108 bytes, Stack size 0 bytes, stm32f4xx_flash.o(.text))
<BR><BR>[Calls]<UL><LI><a href="#[bb]">&gt;&gt;</a>&nbsp;&nbsp;&nbsp;FLASH_WaitForLastOperation
</UL>
<BR>[Called By]<UL><LI><a href="#[102]">&gt;&gt;</a>&nbsp;&nbsp;&nbsp;StorageErase
</UL>

<P><STRONG><a name="[bc]"></a>FLASH_EraseAllSectors</STRONG> (Thumb, 90 bytes, Stack size 0 bytes, stm32f4xx_flash.o(.text), UNUSED)
<BR><BR>[Calls]<UL><LI><a href="#[bb]">&gt;&gt;</a>&nbsp;&nbsp;&nbsp;FLASH_WaitForLastOperation
</UL>

<P><STRONG><a name="[bd]"></a>FLASH_ProgramDoubleWord</STRONG> (Thumb, 78 bytes, Stack size 0 bytes, stm32f4xx_flash.o(.text), UNUSED)
<BR><BR>[Calls]<UL><LI><a href="#[bb]">&gt;&gt;</a>&nbsp;&nbsp;&nbsp;FLASH_WaitForLastOperation
</UL>

<P><STRONG><a name="[be]"></a>FLASH_ProgramWord</STRONG> (Thumb, 60 bytes, Stack size 0 bytes, stm32f4xx_flash.o(.text))
<BR><BR>[Calls]<UL><LI><a href="#[bb]">&gt;&gt;</a>&nbsp;&nbsp;&nbsp;FLASH_WaitForLastOperation
</UL>
<BR>[Called By]<UL><LI><a href="#[103]">&gt;&gt;</a>&nbsp;&nbsp;&nbsp;StorageWrite
</UL>

<P><STRONG><a name="[bf]"></a>FLASH_ProgramHalfWord</STRONG> (Thumb, 60 bytes, Stack size 0 bytes, stm32f4xx_flash.o(.text))
<BR><BR>[Calls]<UL><LI><a href="#[bb]">&gt;&gt;</a>&nbsp;&nbsp;&nbsp;FLASH_WaitForLastOperation
</UL>
<BR>[Called By]<UL><LI><a href="#[103]">&gt;&gt;</a>&nbsp;&nbsp;&nbsp;StorageWrite
</UL>

<P><STRONG><a name="[c0]"></a>FLASH_ProgramByte</STRONG> (Thumb, 56 bytes, Stack size 0 bytes, stm32f4xx_flash.o(.text))
<BR><BR>[Calls]<UL><LI><a href="#[bb]">&gt;&gt;</a>&nbsp;&nbsp;&nbsp;FLASH_WaitForLastOperation
</UL>
<BR>[Called By]<UL><LI><a href="#[103]">&gt;&gt;</a>&nbsp;&nbsp;&nbsp;StorageWrite
</UL>

<P><STRONG><a name="[c1]"></a>FLASH_OB_WRPConfig</STRONG> (Thumb, 34 bytes, Stack size 0 bytes, stm32f4xx_flash.o(.text), UNUSED)
<BR><BR>[Calls]<UL><LI><a href="#[bb]">&gt;&gt;</a>&nbsp;&nbsp;&nbsp;FLASH_WaitForLastOperation
</UL>

<P><STRONG><a name="[c2]"></a>FLASH_OB_RDPConfig</STRONG> (Thumb, 18 bytes, Stack size 0 bytes, stm32f4xx_flash.o(.text), UNUSED)
<BR><BR>[Calls]<UL><LI><a href="#[bb]">&gt;&gt;</a>&nbsp;&nbsp;&nbsp;FLASH_WaitForLastOperation
</UL>

<P><STRONG><a name="[c3]"></a>FLASH_OB_UserConfig</STRONG> (Thumb, 38 bytes, Stack size 0 bytes, stm32f4xx_flash.o(.text), UNUSED)
<BR><BR>[Calls]<UL><LI><a href="#[bb]">&gt;&gt;</a>&nbsp;&nbsp;&nbsp;FLASH_WaitForLastOperation
</UL>

<P><STRONG><a name="[c4]"></a>FLASH_OB_Launch</STRONG> (Thumb, 12 bytes, Stack size 0 bytes, stm32f4xx_flash.o(.text), UNUSED)
<BR><BR>[Calls]<UL><LI><a href="#[bb]">&gt;&gt;</a>&nbsp;&nbsp;&nbsp;FLASH_WaitForLastOperation
</UL>

<P><STRONG><a name="[10f]"></a>FLASH_ClearFlag</STRONG> (Thumb, 6 bytes, Stack size 0 bytes, stm32f4xx_flash.o(.text))
<BR><BR>[Called By]<UL><LI><a href="#[103]">&gt;&gt;</a>&nbsp;&nbsp;&nbsp;StorageWrite
<LI><a href="#[102]">&gt;&gt;</a>&nbsp;&nbsp;&nbsp;StorageErase
</UL>

<P><STRONG><a name="[0]"></a>NewUserApp</STRONG> (Thumb, 4 bytes, Stack size 0 bytes, userapp.o(.text), UNUSED)

<P><STRONG><a name="[1]"></a>UserAppInitial</STRONG> (Thumb, 4 bytes, Stack size 0 bytes, userapp.o(.text), UNUSED)

<P><STRONG><a name="[ef]"></a>FeedWatchdog</STRONG> (Thumb, 26 bytes, Stack size 0 bytes, userapp.o(.text))
<BR><BR>[Called By]<UL><LI><a href="#[41]">&gt;&gt;</a>&nbsp;&nbsp;&nbsp;TIM8_TRG_COM_TIM14_IRQHandler
<LI><a href="#[2b]">&gt;&gt;</a>&nbsp;&nbsp;&nbsp;EXTI9_5_IRQHandler
</UL>

<P><STRONG><a name="[ed]"></a>SystemReboot</STRONG> (Thumb, 12 bytes, Stack size 0 bytes, userapp.o(.text))
<BR><BR>[Called By]<UL><LI><a href="#[85]">&gt;&gt;</a>&nbsp;&nbsp;&nbsp;CommandSet
<LI><a href="#[8b]">&gt;&gt;</a>&nbsp;&nbsp;&nbsp;CommandReboot
<LI><a href="#[e4]">&gt;&gt;</a>&nbsp;&nbsp;&nbsp;ParseDevConfig
</UL>

<P><STRONG><a name="[2]"></a>UserAppSettingHandle</STRONG> (Thumb, 4 bytes, Stack size 0 bytes, userapp.o(.text), UNUSED)

<P><STRONG><a name="[ee]"></a>UserAppTask0Service</STRONG> (Thumb, 2 bytes, Stack size 0 bytes, userapp.o(.text))
<BR><BR>[Called By]<UL><LI><a href="#[2b]">&gt;&gt;</a>&nbsp;&nbsp;&nbsp;EXTI9_5_IRQHandler
</UL>

<P><STRONG><a name="[c5]"></a>UserAppTask1Service</STRONG> (Thumb, 24 bytes, Stack size 0 bytes, userapp.o(.text))
<BR><BR>[Calls]<UL><LI><a href="#[c7]">&gt;&gt;</a>&nbsp;&nbsp;&nbsp;UartTask1Service
<LI><a href="#[c6]">&gt;&gt;</a>&nbsp;&nbsp;&nbsp;DisplayTask1Service
</UL>
<BR>[Called By]<UL><LI><a href="#[5b]">&gt;&gt;</a>&nbsp;&nbsp;&nbsp;USART6_IRQHandler
</UL>

<P><STRONG><a name="[c6]"></a>DisplayTask1Service</STRONG> (Thumb, 604 bytes, Stack size 0 bytes, display.o(.text))
<BR><BR>[Calls]<UL><LI><a href="#[cb]">&gt;&gt;</a>&nbsp;&nbsp;&nbsp;__2snprintf
<LI><a href="#[cd]">&gt;&gt;</a>&nbsp;&nbsp;&nbsp;RtcRead
<LI><a href="#[cc]">&gt;&gt;</a>&nbsp;&nbsp;&nbsp;LcdDispText
<LI><a href="#[ca]">&gt;&gt;</a>&nbsp;&nbsp;&nbsp;LcdClr
<LI><a href="#[c8]">&gt;&gt;</a>&nbsp;&nbsp;&nbsp;DisplayRectangle
</UL>
<BR>[Called By]<UL><LI><a href="#[c5]">&gt;&gt;</a>&nbsp;&nbsp;&nbsp;UserAppTask1Service
</UL>

<P><STRONG><a name="[ce]"></a>MallocLowSpeedMem</STRONG> (Thumb, 154 bytes, Stack size 0 bytes, SystemBase.o(.text))
<BR><BR>[Calls]<UL><LI><a href="#[b8]">&gt;&gt;</a>&nbsp;&nbsp;&nbsp;__2printf
</UL>
<BR>[Called By]<UL><LI><a href="#[8a]">&gt;&gt;</a>&nbsp;&nbsp;&nbsp;CommandBinCMD
<LI><a href="#[79]">&gt;&gt;</a>&nbsp;&nbsp;&nbsp;CommandDownload
<LI><a href="#[75]">&gt;&gt;</a>&nbsp;&nbsp;&nbsp;CommandIb
<LI><a href="#[74]">&gt;&gt;</a>&nbsp;&nbsp;&nbsp;CommandIw
<LI><a href="#[73]">&gt;&gt;</a>&nbsp;&nbsp;&nbsp;CommandId
<LI><a href="#[72]">&gt;&gt;</a>&nbsp;&nbsp;&nbsp;CommandDb
<LI><a href="#[71]">&gt;&gt;</a>&nbsp;&nbsp;&nbsp;CommandDw
<LI><a href="#[70]">&gt;&gt;</a>&nbsp;&nbsp;&nbsp;CommandDd
<LI><a href="#[e4]">&gt;&gt;</a>&nbsp;&nbsp;&nbsp;ParseDevConfig
<LI><a href="#[cf]">&gt;&gt;</a>&nbsp;&nbsp;&nbsp;SystemBaseInitial
<LI><a href="#[e3]">&gt;&gt;</a>&nbsp;&nbsp;&nbsp;ParseAnalogGroup
<LI><a href="#[db]">&gt;&gt;</a>&nbsp;&nbsp;&nbsp;ParseBinaryGroup
</UL>

<P><STRONG><a name="[cf]"></a>SystemBaseInitial</STRONG> (Thumb, 46 bytes, Stack size 0 bytes, SystemBase.o(.text))
<BR><BR>[Calls]<UL><LI><a href="#[b8]">&gt;&gt;</a>&nbsp;&nbsp;&nbsp;__2printf
<LI><a href="#[ce]">&gt;&gt;</a>&nbsp;&nbsp;&nbsp;MallocLowSpeedMem
</UL>
<BR>[Called By]<UL><LI><a href="#[f8]">&gt;&gt;</a>&nbsp;&nbsp;&nbsp;HardwareInitial
</UL>

<P><STRONG><a name="[d0]"></a>DefaultCrcCal</STRONG> (Thumb, 58 bytes, Stack size 0 bytes, SystemBase.o(.text))
<BR><BR>[Calls]<UL><LI><a href="#[b8]">&gt;&gt;</a>&nbsp;&nbsp;&nbsp;__2printf
</UL>
<BR>[Called By]<UL><LI><a href="#[8a]">&gt;&gt;</a>&nbsp;&nbsp;&nbsp;CommandBinCMD
<LI><a href="#[88]">&gt;&gt;</a>&nbsp;&nbsp;&nbsp;CommandLs
<LI><a href="#[79]">&gt;&gt;</a>&nbsp;&nbsp;&nbsp;CommandDownload
<LI><a href="#[119]">&gt;&gt;</a>&nbsp;&nbsp;&nbsp;ModbusAppProc
<LI><a href="#[115]">&gt;&gt;</a>&nbsp;&nbsp;&nbsp;ModusSendExceptionFrame
<LI><a href="#[f3]">&gt;&gt;</a>&nbsp;&nbsp;&nbsp;ModbusFrameProc
<LI><a href="#[da]">&gt;&gt;</a>&nbsp;&nbsp;&nbsp;CfgCrcCal
<LI><a href="#[eb]">&gt;&gt;</a>&nbsp;&nbsp;&nbsp;SettingWriteToFlash
<LI><a href="#[ea]">&gt;&gt;</a>&nbsp;&nbsp;&nbsp;SettingReadFromFlash
</UL>

<P><STRONG><a name="[d8]"></a>GetTimerCurrentCnt</STRONG> (Thumb, 8 bytes, Stack size 0 bytes, SystemBase.o(.text))
<BR><BR>[Called By]<UL><LI><a href="#[5a]">&gt;&gt;</a>&nbsp;&nbsp;&nbsp;DMA2_Stream7_IRQHandler
<LI><a href="#[5b]">&gt;&gt;</a>&nbsp;&nbsp;&nbsp;USART6_IRQHandler
<LI><a href="#[2b]">&gt;&gt;</a>&nbsp;&nbsp;&nbsp;EXTI9_5_IRQHandler
<LI><a href="#[d7]">&gt;&gt;</a>&nbsp;&nbsp;&nbsp;Task0NormalDefaultServices
<LI><a href="#[c7]">&gt;&gt;</a>&nbsp;&nbsp;&nbsp;UartTask1Service
</UL>

<P><STRONG><a name="[f0]"></a>CalcTimeDiffToNow</STRONG> (Thumb, 22 bytes, Stack size 0 bytes, SystemBase.o(.text))
<BR><BR>[Called By]<UL><LI><a href="#[5a]">&gt;&gt;</a>&nbsp;&nbsp;&nbsp;DMA2_Stream7_IRQHandler
<LI><a href="#[5b]">&gt;&gt;</a>&nbsp;&nbsp;&nbsp;USART6_IRQHandler
<LI><a href="#[2b]">&gt;&gt;</a>&nbsp;&nbsp;&nbsp;EXTI9_5_IRQHandler
<LI><a href="#[c7]">&gt;&gt;</a>&nbsp;&nbsp;&nbsp;UartTask1Service
</UL>

<P><STRONG><a name="[fb]"></a>WaitNS</STRONG> (Thumb, 38 bytes, Stack size 0 bytes, SystemBase.o(.text))
<BR><BR>[Called By]<UL><LI><a href="#[fe]">&gt;&gt;</a>&nbsp;&nbsp;&nbsp;RtcWrite
<LI><a href="#[fd]">&gt;&gt;</a>&nbsp;&nbsp;&nbsp;LcdDispMemWrite
<LI><a href="#[fa]">&gt;&gt;</a>&nbsp;&nbsp;&nbsp;LcdWrCmd
<LI><a href="#[cd]">&gt;&gt;</a>&nbsp;&nbsp;&nbsp;RtcRead
<LI><a href="#[ca]">&gt;&gt;</a>&nbsp;&nbsp;&nbsp;LcdClr
</UL>

<P><STRONG><a name="[d2]"></a>WaitUS</STRONG> (Thumb, 26 bytes, Stack size 0 bytes, SystemBase.o(.text))
<BR><BR>[Called By]<UL><LI><a href="#[11d]">&gt;&gt;</a>&nbsp;&nbsp;&nbsp;DebugSendByteWithDelay
<LI><a href="#[111]">&gt;&gt;</a>&nbsp;&nbsp;&nbsp;SpiFlashErase
<LI><a href="#[fc]">&gt;&gt;</a>&nbsp;&nbsp;&nbsp;LcdControllerInitial
<LI><a href="#[d3]">&gt;&gt;</a>&nbsp;&nbsp;&nbsp;WaitS
<LI><a href="#[d1]">&gt;&gt;</a>&nbsp;&nbsp;&nbsp;WaitMS
</UL>

<P><STRONG><a name="[d1]"></a>WaitMS</STRONG> (Thumb, 28 bytes, Stack size 0 bytes, SystemBase.o(.text))
<BR><BR>[Calls]<UL><LI><a href="#[d2]">&gt;&gt;</a>&nbsp;&nbsp;&nbsp;WaitUS
</UL>
<BR>[Called By]<UL><LI><a href="#[79]">&gt;&gt;</a>&nbsp;&nbsp;&nbsp;CommandDownload
<LI><a href="#[89]">&gt;&gt;</a>&nbsp;&nbsp;&nbsp;CommandFpgaReboot
<LI><a href="#[fc]">&gt;&gt;</a>&nbsp;&nbsp;&nbsp;LcdControllerInitial
<LI><a href="#[f5]">&gt;&gt;</a>&nbsp;&nbsp;&nbsp;UARTSettingHandleLocal
<LI><a href="#[e4]">&gt;&gt;</a>&nbsp;&nbsp;&nbsp;ParseDevConfig
</UL>

<P><STRONG><a name="[d3]"></a>WaitS</STRONG> (Thumb, 28 bytes, Stack size 0 bytes, SystemBase.o(.text), UNUSED)
<BR><BR>[Calls]<UL><LI><a href="#[d2]">&gt;&gt;</a>&nbsp;&nbsp;&nbsp;WaitUS
</UL>

<P><STRONG><a name="[d6]"></a>DelayLoop</STRONG> (Thumb, 18 bytes, Stack size 0 bytes, SystemBase.o(.text), UNUSED)
<BR><BR>[Called By]<UL><LI><a href="#[d5]">&gt;&gt;</a>&nbsp;&nbsp;&nbsp;FpgaSlaveSerialOutput
</UL>

<P><STRONG><a name="[d4]"></a>FreeLowSpeedMem</STRONG> (Thumb, 44 bytes, Stack size 0 bytes, SystemBase.o(.text))
<BR><BR>[Calls]<UL><LI><a href="#[b8]">&gt;&gt;</a>&nbsp;&nbsp;&nbsp;__2printf
</UL>
<BR>[Called By]<UL><LI><a href="#[8a]">&gt;&gt;</a>&nbsp;&nbsp;&nbsp;CommandBinCMD
<LI><a href="#[79]">&gt;&gt;</a>&nbsp;&nbsp;&nbsp;CommandDownload
<LI><a href="#[75]">&gt;&gt;</a>&nbsp;&nbsp;&nbsp;CommandIb
<LI><a href="#[74]">&gt;&gt;</a>&nbsp;&nbsp;&nbsp;CommandIw
<LI><a href="#[73]">&gt;&gt;</a>&nbsp;&nbsp;&nbsp;CommandId
<LI><a href="#[72]">&gt;&gt;</a>&nbsp;&nbsp;&nbsp;CommandDb
<LI><a href="#[71]">&gt;&gt;</a>&nbsp;&nbsp;&nbsp;CommandDw
<LI><a href="#[70]">&gt;&gt;</a>&nbsp;&nbsp;&nbsp;CommandDd
</UL>

<P><STRONG><a name="[d5]"></a>FpgaSlaveSerialOutput</STRONG> (Thumb, 810 bytes, Stack size 0 bytes, SystemBase.o(.text), UNUSED)
<BR><BR>[Calls]<UL><LI><a href="#[b8]">&gt;&gt;</a>&nbsp;&nbsp;&nbsp;__2printf
<LI><a href="#[d6]">&gt;&gt;</a>&nbsp;&nbsp;&nbsp;DelayLoop
</UL>

<P><STRONG><a name="[d7]"></a>Task0NormalDefaultServices</STRONG> (Thumb, 98 bytes, Stack size 0 bytes, SystemBase.o(.text))
<BR><BR>[Calls]<UL><LI><a href="#[d8]">&gt;&gt;</a>&nbsp;&nbsp;&nbsp;GetTimerCurrentCnt
</UL>
<BR>[Called By]<UL><LI><a href="#[41]">&gt;&gt;</a>&nbsp;&nbsp;&nbsp;TIM8_TRG_COM_TIM14_IRQHandler
<LI><a href="#[2b]">&gt;&gt;</a>&nbsp;&nbsp;&nbsp;EXTI9_5_IRQHandler
</UL>

<P><STRONG><a name="[d9]"></a>StorageReadLine</STRONG> (Thumb, 144 bytes, Stack size 0 bytes, SystemBase.o(.text))
<BR><BR>[Calls]<UL><LI><a href="#[b8]">&gt;&gt;</a>&nbsp;&nbsp;&nbsp;__2printf
</UL>
<BR>[Called By]<UL><LI><a href="#[e4]">&gt;&gt;</a>&nbsp;&nbsp;&nbsp;ParseDevConfig
<LI><a href="#[e3]">&gt;&gt;</a>&nbsp;&nbsp;&nbsp;ParseAnalogGroup
<LI><a href="#[db]">&gt;&gt;</a>&nbsp;&nbsp;&nbsp;ParseBinaryGroup
</UL>

<P><STRONG><a name="[da]"></a>CfgCrcCal</STRONG> (Thumb, 8 bytes, Stack size 0 bytes, SystemBase.o(.text))
<BR><BR>[Calls]<UL><LI><a href="#[d0]">&gt;&gt;</a>&nbsp;&nbsp;&nbsp;DefaultCrcCal
</UL>
<BR>[Called By]<UL><LI><a href="#[e4]">&gt;&gt;</a>&nbsp;&nbsp;&nbsp;ParseDevConfig
</UL>

<P><STRONG><a name="[e4]"></a>ParseDevConfig</STRONG> (Thumb, 3652 bytes, Stack size 0 bytes, SystemBase.o(.text))
<BR><BR>[Calls]<UL><LI><a href="#[dd]">&gt;&gt;</a>&nbsp;&nbsp;&nbsp;strcmp
<LI><a href="#[e0]">&gt;&gt;</a>&nbsp;&nbsp;&nbsp;strncpy
<LI><a href="#[df]">&gt;&gt;</a>&nbsp;&nbsp;&nbsp;strlen
<LI><a href="#[e7]">&gt;&gt;</a>&nbsp;&nbsp;&nbsp;strtol
<LI><a href="#[b8]">&gt;&gt;</a>&nbsp;&nbsp;&nbsp;__2printf
<LI><a href="#[e8]">&gt;&gt;</a>&nbsp;&nbsp;&nbsp;calloc
<LI><a href="#[da]">&gt;&gt;</a>&nbsp;&nbsp;&nbsp;CfgCrcCal
<LI><a href="#[d9]">&gt;&gt;</a>&nbsp;&nbsp;&nbsp;StorageReadLine
<LI><a href="#[d1]">&gt;&gt;</a>&nbsp;&nbsp;&nbsp;WaitMS
<LI><a href="#[e6]">&gt;&gt;</a>&nbsp;&nbsp;&nbsp;Utf8ToSysEncodeInital
<LI><a href="#[e1]">&gt;&gt;</a>&nbsp;&nbsp;&nbsp;Utf8ToSysEncode
<LI><a href="#[e5]">&gt;&gt;</a>&nbsp;&nbsp;&nbsp;StorageRead
<LI><a href="#[eb]">&gt;&gt;</a>&nbsp;&nbsp;&nbsp;SettingWriteToFlash
<LI><a href="#[ea]">&gt;&gt;</a>&nbsp;&nbsp;&nbsp;SettingReadFromFlash
<LI><a href="#[e2]">&gt;&gt;</a>&nbsp;&nbsp;&nbsp;GetValueOfKeyWord
<LI><a href="#[dc]">&gt;&gt;</a>&nbsp;&nbsp;&nbsp;GetContentToSplit
<LI><a href="#[de]">&gt;&gt;</a>&nbsp;&nbsp;&nbsp;GetContentOfKeyword
<LI><a href="#[e9]">&gt;&gt;</a>&nbsp;&nbsp;&nbsp;EepromSettingInitial
<LI><a href="#[ec]">&gt;&gt;</a>&nbsp;&nbsp;&nbsp;CheckRunSettingWithFlash
<LI><a href="#[ce]">&gt;&gt;</a>&nbsp;&nbsp;&nbsp;MallocLowSpeedMem
<LI><a href="#[e3]">&gt;&gt;</a>&nbsp;&nbsp;&nbsp;ParseAnalogGroup
<LI><a href="#[db]">&gt;&gt;</a>&nbsp;&nbsp;&nbsp;ParseBinaryGroup
<LI><a href="#[ed]">&gt;&gt;</a>&nbsp;&nbsp;&nbsp;SystemReboot
</UL>
<BR>[Called By]<UL><LI><a href="#[b6]">&gt;&gt;</a>&nbsp;&nbsp;&nbsp;Startup
</UL>

<P><STRONG><a name="[2b]"></a>EXTI9_5_IRQHandler</STRONG> (Thumb, 160 bytes, Stack size 0 bytes, TaskServices.o(.text))
<BR><BR>[Calls]<UL><LI><a href="#[d7]">&gt;&gt;</a>&nbsp;&nbsp;&nbsp;Task0NormalDefaultServices
<LI><a href="#[f0]">&gt;&gt;</a>&nbsp;&nbsp;&nbsp;CalcTimeDiffToNow
<LI><a href="#[d8]">&gt;&gt;</a>&nbsp;&nbsp;&nbsp;GetTimerCurrentCnt
<LI><a href="#[ee]">&gt;&gt;</a>&nbsp;&nbsp;&nbsp;UserAppTask0Service
<LI><a href="#[ef]">&gt;&gt;</a>&nbsp;&nbsp;&nbsp;FeedWatchdog
</UL>
<BR>[Address Reference Count : 1]<UL><LI> startup_stm32f4xx.o(RESET)
</UL>
<P><STRONG><a name="[41]"></a>TIM8_TRG_COM_TIM14_IRQHandler</STRONG> (Thumb, 126 bytes, Stack size 0 bytes, TaskServices.o(.text))
<BR><BR>[Calls]<UL><LI><a href="#[f1]">&gt;&gt;</a>&nbsp;&nbsp;&nbsp;UartTask0Service
<LI><a href="#[d7]">&gt;&gt;</a>&nbsp;&nbsp;&nbsp;Task0NormalDefaultServices
<LI><a href="#[ef]">&gt;&gt;</a>&nbsp;&nbsp;&nbsp;FeedWatchdog
</UL>
<BR>[Address Reference Count : 1]<UL><LI> startup_stm32f4xx.o(RESET)
</UL>
<P><STRONG><a name="[f2]"></a>UserAppTask2Service</STRONG> (Thumb, 2 bytes, Stack size 0 bytes, TaskServices.o(.text))
<BR><BR>[Called By]<UL><LI><a href="#[5a]">&gt;&gt;</a>&nbsp;&nbsp;&nbsp;DMA2_Stream7_IRQHandler
</UL>

<P><STRONG><a name="[5b]"></a>USART6_IRQHandler</STRONG> (Thumb, 56 bytes, Stack size 0 bytes, TaskServices.o(.text))
<BR><BR>[Calls]<UL><LI><a href="#[f0]">&gt;&gt;</a>&nbsp;&nbsp;&nbsp;CalcTimeDiffToNow
<LI><a href="#[d8]">&gt;&gt;</a>&nbsp;&nbsp;&nbsp;GetTimerCurrentCnt
<LI><a href="#[c5]">&gt;&gt;</a>&nbsp;&nbsp;&nbsp;UserAppTask1Service
</UL>
<BR>[Address Reference Count : 1]<UL><LI> startup_stm32f4xx.o(RESET)
</UL>
<P><STRONG><a name="[5a]"></a>DMA2_Stream7_IRQHandler</STRONG> (Thumb, 56 bytes, Stack size 0 bytes, TaskServices.o(.text))
<BR><BR>[Calls]<UL><LI><a href="#[f2]">&gt;&gt;</a>&nbsp;&nbsp;&nbsp;UserAppTask2Service
<LI><a href="#[f0]">&gt;&gt;</a>&nbsp;&nbsp;&nbsp;CalcTimeDiffToNow
<LI><a href="#[d8]">&gt;&gt;</a>&nbsp;&nbsp;&nbsp;GetTimerCurrentCnt
</UL>
<BR>[Address Reference Count : 1]<UL><LI> startup_stm32f4xx.o(RESET)
</UL>
<P><STRONG><a name="[117]"></a>LowLevelInterruptLock</STRONG> (Thumb, 16 bytes, Stack size 0 bytes, TaskServices.o(.text))
<BR><BR>[Called By]<UL><LI><a href="#[85]">&gt;&gt;</a>&nbsp;&nbsp;&nbsp;CommandSet
<LI><a href="#[87]">&gt;&gt;</a>&nbsp;&nbsp;&nbsp;CommandSetSave
<LI><a href="#[79]">&gt;&gt;</a>&nbsp;&nbsp;&nbsp;CommandDownload
<LI><a href="#[116]">&gt;&gt;</a>&nbsp;&nbsp;&nbsp;ModbusWriteSettings
</UL>

<P><STRONG><a name="[118]"></a>LowLevelInterruptUnlock</STRONG> (Thumb, 8 bytes, Stack size 0 bytes, TaskServices.o(.text))
<BR><BR>[Called By]<UL><LI><a href="#[85]">&gt;&gt;</a>&nbsp;&nbsp;&nbsp;CommandSet
<LI><a href="#[87]">&gt;&gt;</a>&nbsp;&nbsp;&nbsp;CommandSetSave
<LI><a href="#[79]">&gt;&gt;</a>&nbsp;&nbsp;&nbsp;CommandDownload
<LI><a href="#[116]">&gt;&gt;</a>&nbsp;&nbsp;&nbsp;ModbusWriteSettings
</UL>

<P><STRONG><a name="[f1]"></a>UartTask0Service</STRONG> (Thumb, 326 bytes, Stack size 0 bytes, Uart.o(.text))
<BR><BR>[Called By]<UL><LI><a href="#[41]">&gt;&gt;</a>&nbsp;&nbsp;&nbsp;TIM8_TRG_COM_TIM14_IRQHandler
</UL>

<P><STRONG><a name="[c7]"></a>UartTask1Service</STRONG> (Thumb, 832 bytes, Stack size 0 bytes, Uart.o(.text))
<BR><BR>[Calls]<UL><LI><a href="#[f3]">&gt;&gt;</a>&nbsp;&nbsp;&nbsp;ModbusFrameProc
<LI><a href="#[f0]">&gt;&gt;</a>&nbsp;&nbsp;&nbsp;CalcTimeDiffToNow
<LI><a href="#[d8]">&gt;&gt;</a>&nbsp;&nbsp;&nbsp;GetTimerCurrentCnt
</UL>
<BR>[Called By]<UL><LI><a href="#[c5]">&gt;&gt;</a>&nbsp;&nbsp;&nbsp;UserAppTask1Service
</UL>

<P><STRONG><a name="[f4]"></a>NewUart</STRONG> (Thumb, 70 bytes, Stack size 0 bytes, Uart.o(.text), UNUSED)
<BR><BR>[Calls]<UL><LI><a href="#[b8]">&gt;&gt;</a>&nbsp;&nbsp;&nbsp;__2printf
</UL>

<P><STRONG><a name="[f6]"></a>UARTInitial</STRONG> (Thumb, 1062 bytes, Stack size 0 bytes, Uart.o(.text), UNUSED)
<BR><BR>[Calls]<UL><LI><a href="#[b8]">&gt;&gt;</a>&nbsp;&nbsp;&nbsp;__2printf
<LI><a href="#[f5]">&gt;&gt;</a>&nbsp;&nbsp;&nbsp;UARTSettingHandleLocal
</UL>

<P><STRONG><a name="[f7]"></a>UARTSettingHandle</STRONG> (Thumb, 76 bytes, Stack size 0 bytes, Uart.o(.text), UNUSED)
<BR><BR>[Calls]<UL><LI><a href="#[b8]">&gt;&gt;</a>&nbsp;&nbsp;&nbsp;__2printf
<LI><a href="#[f5]">&gt;&gt;</a>&nbsp;&nbsp;&nbsp;UARTSettingHandleLocal
</UL>

<P><STRONG><a name="[b6]"></a>Startup</STRONG> (Thumb, 226 bytes, Stack size 0 bytes, Startup.o(.text))
<BR><BR>[Calls]<UL><LI><a href="#[b8]">&gt;&gt;</a>&nbsp;&nbsp;&nbsp;__2printf
<LI><a href="#[f9]">&gt;&gt;</a>&nbsp;&nbsp;&nbsp;rt_console
<LI><a href="#[f8]">&gt;&gt;</a>&nbsp;&nbsp;&nbsp;HardwareInitial
<LI><a href="#[e4]">&gt;&gt;</a>&nbsp;&nbsp;&nbsp;ParseDevConfig
<LI><a href="#[b9]">&gt;&gt;</a>&nbsp;&nbsp;&nbsp;AppInitial
<LI><a href="#[b7]">&gt;&gt;</a>&nbsp;&nbsp;&nbsp;NewApp
</UL>
<BR>[Called By]<UL><LI><a href="#[b0]">&gt;&gt;</a>&nbsp;&nbsp;&nbsp;main
</UL>

<P><STRONG><a name="[ca]"></a>LcdClr</STRONG> (Thumb, 260 bytes, Stack size 0 bytes, DisplayBasicFuncs.o(.text))
<BR><BR>[Calls]<UL><LI><a href="#[fa]">&gt;&gt;</a>&nbsp;&nbsp;&nbsp;LcdWrCmd
<LI><a href="#[fb]">&gt;&gt;</a>&nbsp;&nbsp;&nbsp;WaitNS
</UL>
<BR>[Called By]<UL><LI><a href="#[fc]">&gt;&gt;</a>&nbsp;&nbsp;&nbsp;LcdControllerInitial
<LI><a href="#[c6]">&gt;&gt;</a>&nbsp;&nbsp;&nbsp;DisplayTask1Service
</UL>

<P><STRONG><a name="[fc]"></a>LcdControllerInitial</STRONG> (Thumb, 126 bytes, Stack size 0 bytes, DisplayBasicFuncs.o(.text))
<BR><BR>[Calls]<UL><LI><a href="#[fa]">&gt;&gt;</a>&nbsp;&nbsp;&nbsp;LcdWrCmd
<LI><a href="#[d1]">&gt;&gt;</a>&nbsp;&nbsp;&nbsp;WaitMS
<LI><a href="#[d2]">&gt;&gt;</a>&nbsp;&nbsp;&nbsp;WaitUS
<LI><a href="#[ca]">&gt;&gt;</a>&nbsp;&nbsp;&nbsp;LcdClr
</UL>
<BR>[Called By]<UL><LI><a href="#[f8]">&gt;&gt;</a>&nbsp;&nbsp;&nbsp;HardwareInitial
</UL>

<P><STRONG><a name="[cc]"></a>LcdDispText</STRONG> (Thumb, 606 bytes, Stack size 0 bytes, DisplayBasicFuncs.o(.text))
<BR><BR>[Calls]<UL><LI><a href="#[b8]">&gt;&gt;</a>&nbsp;&nbsp;&nbsp;__2printf
<LI><a href="#[fd]">&gt;&gt;</a>&nbsp;&nbsp;&nbsp;LcdDispMemWrite
</UL>
<BR>[Called By]<UL><LI><a href="#[c6]">&gt;&gt;</a>&nbsp;&nbsp;&nbsp;DisplayTask1Service
</UL>

<P><STRONG><a name="[c9]"></a>LcdDispGraphics</STRONG> (Thumb, 8 bytes, Stack size 0 bytes, DisplayBasicFuncs.o(.text))
<BR><BR>[Calls]<UL><LI><a href="#[fd]">&gt;&gt;</a>&nbsp;&nbsp;&nbsp;LcdDispMemWrite
</UL>
<BR>[Called By]<UL><LI><a href="#[f8]">&gt;&gt;</a>&nbsp;&nbsp;&nbsp;HardwareInitial
<LI><a href="#[c8]">&gt;&gt;</a>&nbsp;&nbsp;&nbsp;DisplayRectangle
</UL>

<P><STRONG><a name="[cd]"></a>RtcRead</STRONG> (Thumb, 288 bytes, Stack size 0 bytes, RtcBasicFuncs.o(.text))
<BR><BR>[Calls]<UL><LI><a href="#[b8]">&gt;&gt;</a>&nbsp;&nbsp;&nbsp;__2printf
<LI><a href="#[fb]">&gt;&gt;</a>&nbsp;&nbsp;&nbsp;WaitNS
</UL>
<BR>[Called By]<UL><LI><a href="#[6f]">&gt;&gt;</a>&nbsp;&nbsp;&nbsp;CommandTime
<LI><a href="#[f8]">&gt;&gt;</a>&nbsp;&nbsp;&nbsp;HardwareInitial
<LI><a href="#[c6]">&gt;&gt;</a>&nbsp;&nbsp;&nbsp;DisplayTask1Service
</UL>

<P><STRONG><a name="[fe]"></a>RtcWrite</STRONG> (Thumb, 262 bytes, Stack size 0 bytes, RtcBasicFuncs.o(.text))
<BR><BR>[Calls]<UL><LI><a href="#[b8]">&gt;&gt;</a>&nbsp;&nbsp;&nbsp;__2printf
<LI><a href="#[fb]">&gt;&gt;</a>&nbsp;&nbsp;&nbsp;WaitNS
</UL>
<BR>[Called By]<UL><LI><a href="#[6f]">&gt;&gt;</a>&nbsp;&nbsp;&nbsp;CommandTime
<LI><a href="#[f8]">&gt;&gt;</a>&nbsp;&nbsp;&nbsp;HardwareInitial
</UL>

<P><STRONG><a name="[ff]"></a>RunSettingUpdate</STRONG> (Thumb, 508 bytes, Stack size 0 bytes, SettingManage.o(.text))
<BR><BR>[Calls]<UL><LI><a href="#[101]">&gt;&gt;</a>&nbsp;&nbsp;&nbsp;__aeabi_f2d
<LI><a href="#[100]">&gt;&gt;</a>&nbsp;&nbsp;&nbsp;__aeabi_memcpy
<LI><a href="#[b8]">&gt;&gt;</a>&nbsp;&nbsp;&nbsp;__2printf
</UL>
<BR>[Called By]<UL><LI><a href="#[104]">&gt;&gt;</a>&nbsp;&nbsp;&nbsp;RunSettingUpdateFromWriteSetting
<LI><a href="#[eb]">&gt;&gt;</a>&nbsp;&nbsp;&nbsp;SettingWriteToFlash
<LI><a href="#[ea]">&gt;&gt;</a>&nbsp;&nbsp;&nbsp;SettingReadFromFlash
<LI><a href="#[e9]">&gt;&gt;</a>&nbsp;&nbsp;&nbsp;EepromSettingInitial
</UL>

<P><STRONG><a name="[ea]"></a>SettingReadFromFlash</STRONG> (Thumb, 1036 bytes, Stack size 0 bytes, SettingManage.o(.text))
<BR><BR>[Calls]<UL><LI><a href="#[b8]">&gt;&gt;</a>&nbsp;&nbsp;&nbsp;__2printf
<LI><a href="#[103]">&gt;&gt;</a>&nbsp;&nbsp;&nbsp;StorageWrite
<LI><a href="#[102]">&gt;&gt;</a>&nbsp;&nbsp;&nbsp;StorageErase
<LI><a href="#[ff]">&gt;&gt;</a>&nbsp;&nbsp;&nbsp;RunSettingUpdate
<LI><a href="#[d0]">&gt;&gt;</a>&nbsp;&nbsp;&nbsp;DefaultCrcCal
<LI><a href="#[e5]">&gt;&gt;</a>&nbsp;&nbsp;&nbsp;StorageRead
</UL>
<BR>[Called By]<UL><LI><a href="#[86]">&gt;&gt;</a>&nbsp;&nbsp;&nbsp;CommandSetRedo
<LI><a href="#[e4]">&gt;&gt;</a>&nbsp;&nbsp;&nbsp;ParseDevConfig
</UL>

<P><STRONG><a name="[eb]"></a>SettingWriteToFlash</STRONG> (Thumb, 334 bytes, Stack size 0 bytes, SettingManage.o(.text))
<BR><BR>[Calls]<UL><LI><a href="#[b8]">&gt;&gt;</a>&nbsp;&nbsp;&nbsp;__2printf
<LI><a href="#[103]">&gt;&gt;</a>&nbsp;&nbsp;&nbsp;StorageWrite
<LI><a href="#[102]">&gt;&gt;</a>&nbsp;&nbsp;&nbsp;StorageErase
<LI><a href="#[ff]">&gt;&gt;</a>&nbsp;&nbsp;&nbsp;RunSettingUpdate
<LI><a href="#[d0]">&gt;&gt;</a>&nbsp;&nbsp;&nbsp;DefaultCrcCal
<LI><a href="#[e5]">&gt;&gt;</a>&nbsp;&nbsp;&nbsp;StorageRead
</UL>
<BR>[Called By]<UL><LI><a href="#[85]">&gt;&gt;</a>&nbsp;&nbsp;&nbsp;CommandSet
<LI><a href="#[87]">&gt;&gt;</a>&nbsp;&nbsp;&nbsp;CommandSetSave
<LI><a href="#[116]">&gt;&gt;</a>&nbsp;&nbsp;&nbsp;ModbusWriteSettings
<LI><a href="#[e4]">&gt;&gt;</a>&nbsp;&nbsp;&nbsp;ParseDevConfig
</UL>

<P><STRONG><a name="[104]"></a>RunSettingUpdateFromWriteSetting</STRONG> (Thumb, 60 bytes, Stack size 0 bytes, SettingManage.o(.text))
<BR><BR>[Calls]<UL><LI><a href="#[100]">&gt;&gt;</a>&nbsp;&nbsp;&nbsp;__aeabi_memcpy
<LI><a href="#[b8]">&gt;&gt;</a>&nbsp;&nbsp;&nbsp;__2printf
<LI><a href="#[ff]">&gt;&gt;</a>&nbsp;&nbsp;&nbsp;RunSettingUpdate
</UL>
<BR>[Called By]<UL><LI><a href="#[86]">&gt;&gt;</a>&nbsp;&nbsp;&nbsp;CommandSetRedo
<LI><a href="#[85]">&gt;&gt;</a>&nbsp;&nbsp;&nbsp;CommandSet
<LI><a href="#[116]">&gt;&gt;</a>&nbsp;&nbsp;&nbsp;ModbusWriteSettings
</UL>

<P><STRONG><a name="[e2]"></a>GetValueOfKeyWord</STRONG> (Thumb, 310 bytes, Stack size 0 bytes, SettingManage.o(.text))
<BR><BR>[Calls]<UL><LI><a href="#[106]">&gt;&gt;</a>&nbsp;&nbsp;&nbsp;__hardfp_strtod
<LI><a href="#[107]">&gt;&gt;</a>&nbsp;&nbsp;&nbsp;__aeabi_d2f
<LI><a href="#[105]">&gt;&gt;</a>&nbsp;&nbsp;&nbsp;strtoul
<LI><a href="#[e7]">&gt;&gt;</a>&nbsp;&nbsp;&nbsp;strtol
<LI><a href="#[b8]">&gt;&gt;</a>&nbsp;&nbsp;&nbsp;__2printf
<LI><a href="#[de]">&gt;&gt;</a>&nbsp;&nbsp;&nbsp;GetContentOfKeyword
</UL>
<BR>[Called By]<UL><LI><a href="#[e4]">&gt;&gt;</a>&nbsp;&nbsp;&nbsp;ParseDevConfig
<LI><a href="#[e3]">&gt;&gt;</a>&nbsp;&nbsp;&nbsp;ParseAnalogGroup
<LI><a href="#[db]">&gt;&gt;</a>&nbsp;&nbsp;&nbsp;ParseBinaryGroup
</UL>

<P><STRONG><a name="[e9]"></a>EepromSettingInitial</STRONG> (Thumb, 1178 bytes, Stack size 0 bytes, SettingManage.o(.text))
<BR><BR>[Calls]<UL><LI><a href="#[101]">&gt;&gt;</a>&nbsp;&nbsp;&nbsp;__aeabi_f2d
<LI><a href="#[b8]">&gt;&gt;</a>&nbsp;&nbsp;&nbsp;__2printf
<LI><a href="#[e8]">&gt;&gt;</a>&nbsp;&nbsp;&nbsp;calloc
<LI><a href="#[ff]">&gt;&gt;</a>&nbsp;&nbsp;&nbsp;RunSettingUpdate
<LI><a href="#[e5]">&gt;&gt;</a>&nbsp;&nbsp;&nbsp;StorageRead
</UL>
<BR>[Called By]<UL><LI><a href="#[e4]">&gt;&gt;</a>&nbsp;&nbsp;&nbsp;ParseDevConfig
</UL>

<P><STRONG><a name="[108]"></a>SettingValueValidationCheck</STRONG> (Thumb, 390 bytes, Stack size 0 bytes, SettingManage.o(.text))
<BR><BR>[Calls]<UL><LI><a href="#[101]">&gt;&gt;</a>&nbsp;&nbsp;&nbsp;__aeabi_f2d
<LI><a href="#[b8]">&gt;&gt;</a>&nbsp;&nbsp;&nbsp;__2printf
</UL>
<BR>[Called By]<UL><LI><a href="#[116]">&gt;&gt;</a>&nbsp;&nbsp;&nbsp;ModbusWriteSettings
</UL>

<P><STRONG><a name="[109]"></a>SetSettingBufferFromSettingAddr</STRONG> (Thumb, 1116 bytes, Stack size 0 bytes, SettingManage.o(.text))
<BR><BR>[Calls]<UL><LI><a href="#[101]">&gt;&gt;</a>&nbsp;&nbsp;&nbsp;__aeabi_f2d
<LI><a href="#[100]">&gt;&gt;</a>&nbsp;&nbsp;&nbsp;__aeabi_memcpy
<LI><a href="#[b8]">&gt;&gt;</a>&nbsp;&nbsp;&nbsp;__2printf
</UL>
<BR>[Called By]<UL><LI><a href="#[86]">&gt;&gt;</a>&nbsp;&nbsp;&nbsp;CommandSetRedo
<LI><a href="#[85]">&gt;&gt;</a>&nbsp;&nbsp;&nbsp;CommandSet
<LI><a href="#[116]">&gt;&gt;</a>&nbsp;&nbsp;&nbsp;ModbusWriteSettings
</UL>

<P><STRONG><a name="[10a]"></a>SetOneWriteSettingValue</STRONG> (Thumb, 466 bytes, Stack size 0 bytes, SettingManage.o(.text))
<BR><BR>[Calls]<UL><LI><a href="#[101]">&gt;&gt;</a>&nbsp;&nbsp;&nbsp;__aeabi_f2d
<LI><a href="#[b8]">&gt;&gt;</a>&nbsp;&nbsp;&nbsp;__2printf
</UL>
<BR>[Called By]<UL><LI><a href="#[116]">&gt;&gt;</a>&nbsp;&nbsp;&nbsp;ModbusWriteSettings
</UL>

<P><STRONG><a name="[10b]"></a>SetOneWriteSettingStringValue</STRONG> (Thumb, 662 bytes, Stack size 0 bytes, SettingManage.o(.text))
<BR><BR>[Calls]<UL><LI><a href="#[106]">&gt;&gt;</a>&nbsp;&nbsp;&nbsp;__hardfp_strtod
<LI><a href="#[101]">&gt;&gt;</a>&nbsp;&nbsp;&nbsp;__aeabi_f2d
<LI><a href="#[107]">&gt;&gt;</a>&nbsp;&nbsp;&nbsp;__aeabi_d2f
<LI><a href="#[dd]">&gt;&gt;</a>&nbsp;&nbsp;&nbsp;strcmp
<LI><a href="#[105]">&gt;&gt;</a>&nbsp;&nbsp;&nbsp;strtoul
<LI><a href="#[e7]">&gt;&gt;</a>&nbsp;&nbsp;&nbsp;strtol
<LI><a href="#[b8]">&gt;&gt;</a>&nbsp;&nbsp;&nbsp;__2printf
</UL>
<BR>[Called By]<UL><LI><a href="#[85]">&gt;&gt;</a>&nbsp;&nbsp;&nbsp;CommandSet
</UL>

<P><STRONG><a name="[ec]"></a>CheckRunSettingWithFlash</STRONG> (Thumb, 100 bytes, Stack size 0 bytes, SettingManage.o(.text))
<BR><BR>[Calls]<UL><LI><a href="#[b8]">&gt;&gt;</a>&nbsp;&nbsp;&nbsp;__2printf
<LI><a href="#[e5]">&gt;&gt;</a>&nbsp;&nbsp;&nbsp;StorageRead
</UL>
<BR>[Called By]<UL><LI><a href="#[85]">&gt;&gt;</a>&nbsp;&nbsp;&nbsp;CommandSet
<LI><a href="#[87]">&gt;&gt;</a>&nbsp;&nbsp;&nbsp;CommandSetSave
<LI><a href="#[116]">&gt;&gt;</a>&nbsp;&nbsp;&nbsp;ModbusWriteSettings
<LI><a href="#[e4]">&gt;&gt;</a>&nbsp;&nbsp;&nbsp;ParseDevConfig
</UL>

<P><STRONG><a name="[e5]"></a>StorageRead</STRONG> (Thumb, 194 bytes, Stack size 0 bytes, Storage.o(.text))
<BR><BR>[Calls]<UL><LI><a href="#[b8]">&gt;&gt;</a>&nbsp;&nbsp;&nbsp;__2printf
<LI><a href="#[10c]">&gt;&gt;</a>&nbsp;&nbsp;&nbsp;SpiFlashRead
</UL>
<BR>[Called By]<UL><LI><a href="#[88]">&gt;&gt;</a>&nbsp;&nbsp;&nbsp;CommandLs
<LI><a href="#[79]">&gt;&gt;</a>&nbsp;&nbsp;&nbsp;CommandDownload
<LI><a href="#[e4]">&gt;&gt;</a>&nbsp;&nbsp;&nbsp;ParseDevConfig
<LI><a href="#[eb]">&gt;&gt;</a>&nbsp;&nbsp;&nbsp;SettingWriteToFlash
<LI><a href="#[ea]">&gt;&gt;</a>&nbsp;&nbsp;&nbsp;SettingReadFromFlash
<LI><a href="#[e9]">&gt;&gt;</a>&nbsp;&nbsp;&nbsp;EepromSettingInitial
<LI><a href="#[ec]">&gt;&gt;</a>&nbsp;&nbsp;&nbsp;CheckRunSettingWithFlash
</UL>

<P><STRONG><a name="[103]"></a>StorageWrite</STRONG> (Thumb, 500 bytes, Stack size 0 bytes, Storage.o(.text))
<BR><BR>[Calls]<UL><LI><a href="#[b8]">&gt;&gt;</a>&nbsp;&nbsp;&nbsp;__2printf
<LI><a href="#[10d]">&gt;&gt;</a>&nbsp;&nbsp;&nbsp;SpiFlashWrite
<LI><a href="#[10f]">&gt;&gt;</a>&nbsp;&nbsp;&nbsp;FLASH_ClearFlag
<LI><a href="#[c0]">&gt;&gt;</a>&nbsp;&nbsp;&nbsp;FLASH_ProgramByte
<LI><a href="#[bf]">&gt;&gt;</a>&nbsp;&nbsp;&nbsp;FLASH_ProgramHalfWord
<LI><a href="#[be]">&gt;&gt;</a>&nbsp;&nbsp;&nbsp;FLASH_ProgramWord
<LI><a href="#[110]">&gt;&gt;</a>&nbsp;&nbsp;&nbsp;FLASH_Lock
<LI><a href="#[10e]">&gt;&gt;</a>&nbsp;&nbsp;&nbsp;FLASH_Unlock
</UL>
<BR>[Called By]<UL><LI><a href="#[79]">&gt;&gt;</a>&nbsp;&nbsp;&nbsp;CommandDownload
<LI><a href="#[112]">&gt;&gt;</a>&nbsp;&nbsp;&nbsp;CPUAppDownload
<LI><a href="#[eb]">&gt;&gt;</a>&nbsp;&nbsp;&nbsp;SettingWriteToFlash
<LI><a href="#[ea]">&gt;&gt;</a>&nbsp;&nbsp;&nbsp;SettingReadFromFlash
</UL>

<P><STRONG><a name="[102]"></a>StorageErase</STRONG> (Thumb, 704 bytes, Stack size 0 bytes, Storage.o(.text))
<BR><BR>[Calls]<UL><LI><a href="#[b8]">&gt;&gt;</a>&nbsp;&nbsp;&nbsp;__2printf
<LI><a href="#[111]">&gt;&gt;</a>&nbsp;&nbsp;&nbsp;SpiFlashErase
<LI><a href="#[10f]">&gt;&gt;</a>&nbsp;&nbsp;&nbsp;FLASH_ClearFlag
<LI><a href="#[ba]">&gt;&gt;</a>&nbsp;&nbsp;&nbsp;FLASH_EraseSector
<LI><a href="#[110]">&gt;&gt;</a>&nbsp;&nbsp;&nbsp;FLASH_Lock
<LI><a href="#[10e]">&gt;&gt;</a>&nbsp;&nbsp;&nbsp;FLASH_Unlock
</UL>
<BR>[Called By]<UL><LI><a href="#[7a]">&gt;&gt;</a>&nbsp;&nbsp;&nbsp;CommandFlashErase
<LI><a href="#[79]">&gt;&gt;</a>&nbsp;&nbsp;&nbsp;CommandDownload
<LI><a href="#[112]">&gt;&gt;</a>&nbsp;&nbsp;&nbsp;CPUAppDownload
<LI><a href="#[eb]">&gt;&gt;</a>&nbsp;&nbsp;&nbsp;SettingWriteToFlash
<LI><a href="#[ea]">&gt;&gt;</a>&nbsp;&nbsp;&nbsp;SettingReadFromFlash
</UL>

<P><STRONG><a name="[112]"></a>CPUAppDownload</STRONG> (Thumb, 298 bytes, Stack size 0 bytes, Storage.o(.text))
<BR><BR>[Calls]<UL><LI><a href="#[b8]">&gt;&gt;</a>&nbsp;&nbsp;&nbsp;__2printf
<LI><a href="#[103]">&gt;&gt;</a>&nbsp;&nbsp;&nbsp;StorageWrite
<LI><a href="#[102]">&gt;&gt;</a>&nbsp;&nbsp;&nbsp;StorageErase
</UL>
<BR>[Called By]<UL><LI><a href="#[79]">&gt;&gt;</a>&nbsp;&nbsp;&nbsp;CommandDownload
</UL>

<P><STRONG><a name="[f8]"></a>HardwareInitial</STRONG> (Thumb, 1348 bytes, Stack size 0 bytes, Hardware.o(.text))
<BR><BR>[Calls]<UL><LI><a href="#[114]">&gt;&gt;</a>&nbsp;&nbsp;&nbsp;__aeabi_memclr
<LI><a href="#[b8]">&gt;&gt;</a>&nbsp;&nbsp;&nbsp;__2printf
<LI><a href="#[113]">&gt;&gt;</a>&nbsp;&nbsp;&nbsp;DebugSendByte
<LI><a href="#[fe]">&gt;&gt;</a>&nbsp;&nbsp;&nbsp;RtcWrite
<LI><a href="#[fc]">&gt;&gt;</a>&nbsp;&nbsp;&nbsp;LcdControllerInitial
<LI><a href="#[cf]">&gt;&gt;</a>&nbsp;&nbsp;&nbsp;SystemBaseInitial
<LI><a href="#[cd]">&gt;&gt;</a>&nbsp;&nbsp;&nbsp;RtcRead
<LI><a href="#[c9]">&gt;&gt;</a>&nbsp;&nbsp;&nbsp;LcdDispGraphics
</UL>
<BR>[Called By]<UL><LI><a href="#[b6]">&gt;&gt;</a>&nbsp;&nbsp;&nbsp;Startup
</UL>

<P><STRONG><a name="[f3]"></a>ModbusFrameProc</STRONG> (Thumb, 664 bytes, Stack size 0 bytes, Modbus.o(.text))
<BR><BR>[Calls]<UL><LI><a href="#[b8]">&gt;&gt;</a>&nbsp;&nbsp;&nbsp;__2printf
<LI><a href="#[119]">&gt;&gt;</a>&nbsp;&nbsp;&nbsp;ModbusAppProc
<LI><a href="#[d0]">&gt;&gt;</a>&nbsp;&nbsp;&nbsp;DefaultCrcCal
</UL>
<BR>[Called By]<UL><LI><a href="#[c7]">&gt;&gt;</a>&nbsp;&nbsp;&nbsp;UartTask1Service
</UL>

<P><STRONG><a name="[e6]"></a>Utf8ToSysEncodeInital</STRONG> (Thumb, 210 bytes, Stack size 0 bytes, Iconv.o(.text))
<BR><BR>[Calls]<UL><LI><a href="#[df]">&gt;&gt;</a>&nbsp;&nbsp;&nbsp;strlen
<LI><a href="#[b8]">&gt;&gt;</a>&nbsp;&nbsp;&nbsp;__2printf
<LI><a href="#[11b]">&gt;&gt;</a>&nbsp;&nbsp;&nbsp;IconvDataEncodeFuntion
<LI><a href="#[de]">&gt;&gt;</a>&nbsp;&nbsp;&nbsp;GetContentOfKeyword
</UL>
<BR>[Called By]<UL><LI><a href="#[e4]">&gt;&gt;</a>&nbsp;&nbsp;&nbsp;ParseDevConfig
</UL>

<P><STRONG><a name="[e1]"></a>Utf8ToSysEncode</STRONG> (Thumb, 298 bytes, Stack size 0 bytes, Iconv.o(.text))
<BR><BR>[Calls]<UL><LI><a href="#[100]">&gt;&gt;</a>&nbsp;&nbsp;&nbsp;__aeabi_memcpy
<LI><a href="#[b8]">&gt;&gt;</a>&nbsp;&nbsp;&nbsp;__2printf
<LI><a href="#[11c]">&gt;&gt;</a>&nbsp;&nbsp;&nbsp;Utf8ToUcs4
</UL>
<BR>[Called By]<UL><LI><a href="#[e4]">&gt;&gt;</a>&nbsp;&nbsp;&nbsp;ParseDevConfig
<LI><a href="#[e3]">&gt;&gt;</a>&nbsp;&nbsp;&nbsp;ParseAnalogGroup
<LI><a href="#[db]">&gt;&gt;</a>&nbsp;&nbsp;&nbsp;ParseBinaryGroup
</UL>

<P><STRONG><a name="[f9]"></a>rt_console</STRONG> (Thumb, 292 bytes, Stack size 0 bytes, Hmi.o(.text))
<BR><BR>[Calls]<UL><LI><a href="#[e0]">&gt;&gt;</a>&nbsp;&nbsp;&nbsp;strncpy
<LI><a href="#[df]">&gt;&gt;</a>&nbsp;&nbsp;&nbsp;strlen
<LI><a href="#[b8]">&gt;&gt;</a>&nbsp;&nbsp;&nbsp;__2printf
<LI><a href="#[11e]">&gt;&gt;</a>&nbsp;&nbsp;&nbsp;RunCommand
<LI><a href="#[11d]">&gt;&gt;</a>&nbsp;&nbsp;&nbsp;DebugSendByteWithDelay
</UL>
<BR>[Called By]<UL><LI><a href="#[b6]">&gt;&gt;</a>&nbsp;&nbsp;&nbsp;Startup
</UL>

<P><STRONG><a name="[dc]"></a>GetContentToSplit</STRONG> (Thumb, 206 bytes, Stack size 0 bytes, ParseString.o(.text))
<BR><BR>[Calls]<UL><LI><a href="#[b8]">&gt;&gt;</a>&nbsp;&nbsp;&nbsp;__2printf
</UL>
<BR>[Called By]<UL><LI><a href="#[125]">&gt;&gt;</a>&nbsp;&nbsp;&nbsp;ItinerantDisplayBinary
<LI><a href="#[124]">&gt;&gt;</a>&nbsp;&nbsp;&nbsp;ItinerantDisplayAnalog
<LI><a href="#[7a]">&gt;&gt;</a>&nbsp;&nbsp;&nbsp;CommandFlashErase
<LI><a href="#[85]">&gt;&gt;</a>&nbsp;&nbsp;&nbsp;CommandSet
<LI><a href="#[123]">&gt;&gt;</a>&nbsp;&nbsp;&nbsp;DisplayBinary
<LI><a href="#[122]">&gt;&gt;</a>&nbsp;&nbsp;&nbsp;DisplayAnalog
<LI><a href="#[89]">&gt;&gt;</a>&nbsp;&nbsp;&nbsp;CommandFpgaReboot
<LI><a href="#[78]">&gt;&gt;</a>&nbsp;&nbsp;&nbsp;CommandWb
<LI><a href="#[77]">&gt;&gt;</a>&nbsp;&nbsp;&nbsp;CommandWw
<LI><a href="#[76]">&gt;&gt;</a>&nbsp;&nbsp;&nbsp;CommandWd
<LI><a href="#[75]">&gt;&gt;</a>&nbsp;&nbsp;&nbsp;CommandIb
<LI><a href="#[74]">&gt;&gt;</a>&nbsp;&nbsp;&nbsp;CommandIw
<LI><a href="#[73]">&gt;&gt;</a>&nbsp;&nbsp;&nbsp;CommandId
<LI><a href="#[72]">&gt;&gt;</a>&nbsp;&nbsp;&nbsp;CommandDb
<LI><a href="#[71]">&gt;&gt;</a>&nbsp;&nbsp;&nbsp;CommandDw
<LI><a href="#[70]">&gt;&gt;</a>&nbsp;&nbsp;&nbsp;CommandDd
<LI><a href="#[6f]">&gt;&gt;</a>&nbsp;&nbsp;&nbsp;CommandTime
<LI><a href="#[11e]">&gt;&gt;</a>&nbsp;&nbsp;&nbsp;RunCommand
<LI><a href="#[e4]">&gt;&gt;</a>&nbsp;&nbsp;&nbsp;ParseDevConfig
<LI><a href="#[de]">&gt;&gt;</a>&nbsp;&nbsp;&nbsp;GetContentOfKeyword
<LI><a href="#[e3]">&gt;&gt;</a>&nbsp;&nbsp;&nbsp;ParseAnalogGroup
<LI><a href="#[db]">&gt;&gt;</a>&nbsp;&nbsp;&nbsp;ParseBinaryGroup
</UL>

<P><STRONG><a name="[de]"></a>GetContentOfKeyword</STRONG> (Thumb, 308 bytes, Stack size 0 bytes, ParseString.o(.text))
<BR><BR>[Calls]<UL><LI><a href="#[dd]">&gt;&gt;</a>&nbsp;&nbsp;&nbsp;strcmp
<LI><a href="#[b8]">&gt;&gt;</a>&nbsp;&nbsp;&nbsp;__2printf
<LI><a href="#[dc]">&gt;&gt;</a>&nbsp;&nbsp;&nbsp;GetContentToSplit
</UL>
<BR>[Called By]<UL><LI><a href="#[e4]">&gt;&gt;</a>&nbsp;&nbsp;&nbsp;ParseDevConfig
<LI><a href="#[e6]">&gt;&gt;</a>&nbsp;&nbsp;&nbsp;Utf8ToSysEncodeInital
<LI><a href="#[e2]">&gt;&gt;</a>&nbsp;&nbsp;&nbsp;GetValueOfKeyWord
<LI><a href="#[e3]">&gt;&gt;</a>&nbsp;&nbsp;&nbsp;ParseAnalogGroup
<LI><a href="#[db]">&gt;&gt;</a>&nbsp;&nbsp;&nbsp;ParseBinaryGroup
</UL>

<P><STRONG><a name="[13b]"></a>rt_send_byte</STRONG> (Thumb, 20 bytes, Stack size 0 bytes, Debug.o(.text))
<BR><BR>[Called By]<UL><LI><a href="#[69]">&gt;&gt;</a>&nbsp;&nbsp;&nbsp;fputc
</UL>

<P><STRONG><a name="[113]"></a>DebugSendByte</STRONG> (Thumb, 20 bytes, Stack size 0 bytes, Debug.o(.text))
<BR><BR>[Called By]<UL><LI><a href="#[8a]">&gt;&gt;</a>&nbsp;&nbsp;&nbsp;CommandBinCMD
<LI><a href="#[79]">&gt;&gt;</a>&nbsp;&nbsp;&nbsp;CommandDownload
<LI><a href="#[11f]">&gt;&gt;</a>&nbsp;&nbsp;&nbsp;XModemFrameRecieve
<LI><a href="#[f8]">&gt;&gt;</a>&nbsp;&nbsp;&nbsp;HardwareInitial
</UL>

<P><STRONG><a name="[11d]"></a>DebugSendByteWithDelay</STRONG> (Thumb, 32 bytes, Stack size 0 bytes, Debug.o(.text))
<BR><BR>[Calls]<UL><LI><a href="#[d2]">&gt;&gt;</a>&nbsp;&nbsp;&nbsp;WaitUS
</UL>
<BR>[Called By]<UL><LI><a href="#[f9]">&gt;&gt;</a>&nbsp;&nbsp;&nbsp;rt_console
</UL>

<P><STRONG><a name="[11e]"></a>RunCommand</STRONG> (Thumb, 136 bytes, Stack size 0 bytes, Command.o(.text))
<BR><BR>[Calls]<UL><LI><a href="#[dd]">&gt;&gt;</a>&nbsp;&nbsp;&nbsp;strcmp
<LI><a href="#[b8]">&gt;&gt;</a>&nbsp;&nbsp;&nbsp;__2printf
<LI><a href="#[dc]">&gt;&gt;</a>&nbsp;&nbsp;&nbsp;GetContentToSplit
</UL>
<BR>[Called By]<UL><LI><a href="#[f9]">&gt;&gt;</a>&nbsp;&nbsp;&nbsp;rt_console
</UL>

<P><STRONG><a name="[10c]"></a>SpiFlashRead</STRONG> (Thumb, 104 bytes, Stack size 0 bytes, SpiFlash.o(.text))
<BR><BR>[Calls]<UL><LI><a href="#[b8]">&gt;&gt;</a>&nbsp;&nbsp;&nbsp;__2printf
<LI><a href="#[126]">&gt;&gt;</a>&nbsp;&nbsp;&nbsp;SPIXferBytes
</UL>
<BR>[Called By]<UL><LI><a href="#[e5]">&gt;&gt;</a>&nbsp;&nbsp;&nbsp;StorageRead
</UL>

<P><STRONG><a name="[10d]"></a>SpiFlashWrite</STRONG> (Thumb, 252 bytes, Stack size 0 bytes, SpiFlash.o(.text))
<BR><BR>[Calls]<UL><LI><a href="#[b8]">&gt;&gt;</a>&nbsp;&nbsp;&nbsp;__2printf
<LI><a href="#[127]">&gt;&gt;</a>&nbsp;&nbsp;&nbsp;SPIXferOneByte
<LI><a href="#[126]">&gt;&gt;</a>&nbsp;&nbsp;&nbsp;SPIXferBytes
</UL>
<BR>[Called By]<UL><LI><a href="#[103]">&gt;&gt;</a>&nbsp;&nbsp;&nbsp;StorageWrite
</UL>

<P><STRONG><a name="[111]"></a>SpiFlashErase</STRONG> (Thumb, 246 bytes, Stack size 0 bytes, SpiFlash.o(.text))
<BR><BR>[Calls]<UL><LI><a href="#[b8]">&gt;&gt;</a>&nbsp;&nbsp;&nbsp;__2printf
<LI><a href="#[127]">&gt;&gt;</a>&nbsp;&nbsp;&nbsp;SPIXferOneByte
<LI><a href="#[126]">&gt;&gt;</a>&nbsp;&nbsp;&nbsp;SPIXferBytes
<LI><a href="#[d2]">&gt;&gt;</a>&nbsp;&nbsp;&nbsp;WaitUS
</UL>
<BR>[Called By]<UL><LI><a href="#[102]">&gt;&gt;</a>&nbsp;&nbsp;&nbsp;StorageErase
</UL>

<P><STRONG><a name="[121]"></a>SpiFlashChipErase</STRONG> (Thumb, 130 bytes, Stack size 0 bytes, SpiFlash.o(.text))
<BR><BR>[Calls]<UL><LI><a href="#[b8]">&gt;&gt;</a>&nbsp;&nbsp;&nbsp;__2printf
<LI><a href="#[127]">&gt;&gt;</a>&nbsp;&nbsp;&nbsp;SPIXferOneByte
<LI><a href="#[126]">&gt;&gt;</a>&nbsp;&nbsp;&nbsp;SPIXferBytes
</UL>
<BR>[Called By]<UL><LI><a href="#[79]">&gt;&gt;</a>&nbsp;&nbsp;&nbsp;CommandDownload
</UL>

<P><STRONG><a name="[11c]"></a>Utf8ToUcs4</STRONG> (Thumb, 100 bytes, Stack size 0 bytes, Utf8.o(.text))
<BR><BR>[Called By]<UL><LI><a href="#[e1]">&gt;&gt;</a>&nbsp;&nbsp;&nbsp;Utf8ToSysEncode
</UL>

<P><STRONG><a name="[11b]"></a>IconvDataEncodeFuntion</STRONG> (Thumb, 68 bytes, Stack size 0 bytes, IconvData.o(.text))
<BR><BR>[Calls]<UL><LI><a href="#[dd]">&gt;&gt;</a>&nbsp;&nbsp;&nbsp;strcmp
</UL>
<BR>[Called By]<UL><LI><a href="#[e6]">&gt;&gt;</a>&nbsp;&nbsp;&nbsp;Utf8ToSysEncodeInital
</UL>

<P><STRONG><a name="[127]"></a>SPIXferOneByte</STRONG> (Thumb, 140 bytes, Stack size 0 bytes, Spi.o(.text))
<BR><BR>[Calls]<UL><LI><a href="#[b8]">&gt;&gt;</a>&nbsp;&nbsp;&nbsp;__2printf
</UL>
<BR>[Called By]<UL><LI><a href="#[121]">&gt;&gt;</a>&nbsp;&nbsp;&nbsp;SpiFlashChipErase
<LI><a href="#[10d]">&gt;&gt;</a>&nbsp;&nbsp;&nbsp;SpiFlashWrite
<LI><a href="#[111]">&gt;&gt;</a>&nbsp;&nbsp;&nbsp;SpiFlashErase
</UL>

<P><STRONG><a name="[126]"></a>SPIXferBytes</STRONG> (Thumb, 282 bytes, Stack size 0 bytes, Spi.o(.text))
<BR><BR>[Calls]<UL><LI><a href="#[b8]">&gt;&gt;</a>&nbsp;&nbsp;&nbsp;__2printf
</UL>
<BR>[Called By]<UL><LI><a href="#[121]">&gt;&gt;</a>&nbsp;&nbsp;&nbsp;SpiFlashChipErase
<LI><a href="#[10d]">&gt;&gt;</a>&nbsp;&nbsp;&nbsp;SpiFlashWrite
<LI><a href="#[10c]">&gt;&gt;</a>&nbsp;&nbsp;&nbsp;SpiFlashRead
<LI><a href="#[111]">&gt;&gt;</a>&nbsp;&nbsp;&nbsp;SpiFlashErase
</UL>

<P><STRONG><a name="[8d]"></a>Ucs4ToGb2312</STRONG> (Thumb, 778 bytes, Stack size 0 bytes, Gb2312.o(.text))
<BR>[Address Reference Count : 1]<UL><LI> IconvData.o(.constdata)
</UL>
<P><STRONG><a name="[90]"></a>Ucs4ToWindows2512</STRONG> (Thumb, 198 bytes, Stack size 0 bytes, Windows2512.o(.text))
<BR>[Address Reference Count : 1]<UL><LI> IconvData.o(.constdata)
</UL>
<P><STRONG><a name="[8e]"></a>Ucs4ToKoi8_u</STRONG> (Thumb, 220 bytes, Stack size 0 bytes, Koi8_u.o(.text))
<BR>[Address Reference Count : 1]<UL><LI> IconvData.o(.constdata)
</UL>
<P><STRONG><a name="[8f]"></a>Ucs4ToKoi8_r</STRONG> (Thumb, 198 bytes, Stack size 0 bytes, Koi8_r.o(.text))
<BR>[Address Reference Count : 1]<UL><LI> IconvData.o(.constdata)
</UL>
<P><STRONG><a name="[91]"></a>Ucs4ToWindows1251</STRONG> (Thumb, 144 bytes, Stack size 0 bytes, Windows1251.o(.text))
<BR>[Address Reference Count : 1]<UL><LI> IconvData.o(.constdata)
</UL>
<P><STRONG><a name="[e8]"></a>calloc</STRONG> (Thumb, 40 bytes, Stack size 0 bytes, calloc.o(.text))
<BR><BR>[Calls]<UL><LI><a href="#[128]">&gt;&gt;</a>&nbsp;&nbsp;&nbsp;malloc
<LI><a href="#[114]">&gt;&gt;</a>&nbsp;&nbsp;&nbsp;__aeabi_memclr
</UL>
<BR>[Called By]<UL><LI><a href="#[e4]">&gt;&gt;</a>&nbsp;&nbsp;&nbsp;ParseDevConfig
<LI><a href="#[e9]">&gt;&gt;</a>&nbsp;&nbsp;&nbsp;EepromSettingInitial
</UL>

<P><STRONG><a name="[b8]"></a>__2printf</STRONG> (Thumb, 20 bytes, Stack size 0 bytes, noretval__2printf.o(.text))
<BR><BR>[Calls]<UL><LI><a href="#[129]">&gt;&gt;</a>&nbsp;&nbsp;&nbsp;_printf_char_file
</UL>
<BR>[Called By]<UL><LI><a href="#[127]">&gt;&gt;</a>&nbsp;&nbsp;&nbsp;SPIXferOneByte
<LI><a href="#[126]">&gt;&gt;</a>&nbsp;&nbsp;&nbsp;SPIXferBytes
<LI><a href="#[121]">&gt;&gt;</a>&nbsp;&nbsp;&nbsp;SpiFlashChipErase
<LI><a href="#[125]">&gt;&gt;</a>&nbsp;&nbsp;&nbsp;ItinerantDisplayBinary
<LI><a href="#[124]">&gt;&gt;</a>&nbsp;&nbsp;&nbsp;ItinerantDisplayAnalog
<LI><a href="#[8a]">&gt;&gt;</a>&nbsp;&nbsp;&nbsp;CommandBinCMD
<LI><a href="#[7a]">&gt;&gt;</a>&nbsp;&nbsp;&nbsp;CommandFlashErase
<LI><a href="#[88]">&gt;&gt;</a>&nbsp;&nbsp;&nbsp;CommandLs
<LI><a href="#[86]">&gt;&gt;</a>&nbsp;&nbsp;&nbsp;CommandSetRedo
<LI><a href="#[85]">&gt;&gt;</a>&nbsp;&nbsp;&nbsp;CommandSet
<LI><a href="#[87]">&gt;&gt;</a>&nbsp;&nbsp;&nbsp;CommandSetSave
<LI><a href="#[123]">&gt;&gt;</a>&nbsp;&nbsp;&nbsp;DisplayBinary
<LI><a href="#[122]">&gt;&gt;</a>&nbsp;&nbsp;&nbsp;DisplayAnalog
<LI><a href="#[79]">&gt;&gt;</a>&nbsp;&nbsp;&nbsp;CommandDownload
<LI><a href="#[89]">&gt;&gt;</a>&nbsp;&nbsp;&nbsp;CommandFpgaReboot
<LI><a href="#[11f]">&gt;&gt;</a>&nbsp;&nbsp;&nbsp;XModemFrameRecieve
<LI><a href="#[78]">&gt;&gt;</a>&nbsp;&nbsp;&nbsp;CommandWb
<LI><a href="#[77]">&gt;&gt;</a>&nbsp;&nbsp;&nbsp;CommandWw
<LI><a href="#[76]">&gt;&gt;</a>&nbsp;&nbsp;&nbsp;CommandWd
<LI><a href="#[75]">&gt;&gt;</a>&nbsp;&nbsp;&nbsp;CommandIb
<LI><a href="#[74]">&gt;&gt;</a>&nbsp;&nbsp;&nbsp;CommandIw
<LI><a href="#[73]">&gt;&gt;</a>&nbsp;&nbsp;&nbsp;CommandId
<LI><a href="#[72]">&gt;&gt;</a>&nbsp;&nbsp;&nbsp;CommandDb
<LI><a href="#[71]">&gt;&gt;</a>&nbsp;&nbsp;&nbsp;CommandDw
<LI><a href="#[70]">&gt;&gt;</a>&nbsp;&nbsp;&nbsp;CommandDd
<LI><a href="#[6f]">&gt;&gt;</a>&nbsp;&nbsp;&nbsp;CommandTime
<LI><a href="#[8c]">&gt;&gt;</a>&nbsp;&nbsp;&nbsp;CommandHelp
<LI><a href="#[11e]">&gt;&gt;</a>&nbsp;&nbsp;&nbsp;RunCommand
<LI><a href="#[119]">&gt;&gt;</a>&nbsp;&nbsp;&nbsp;ModbusAppProc
<LI><a href="#[116]">&gt;&gt;</a>&nbsp;&nbsp;&nbsp;ModbusWriteSettings
<LI><a href="#[115]">&gt;&gt;</a>&nbsp;&nbsp;&nbsp;ModusSendExceptionFrame
<LI><a href="#[10d]">&gt;&gt;</a>&nbsp;&nbsp;&nbsp;SpiFlashWrite
<LI><a href="#[10c]">&gt;&gt;</a>&nbsp;&nbsp;&nbsp;SpiFlashRead
<LI><a href="#[111]">&gt;&gt;</a>&nbsp;&nbsp;&nbsp;SpiFlashErase
<LI><a href="#[112]">&gt;&gt;</a>&nbsp;&nbsp;&nbsp;CPUAppDownload
<LI><a href="#[103]">&gt;&gt;</a>&nbsp;&nbsp;&nbsp;StorageWrite
<LI><a href="#[102]">&gt;&gt;</a>&nbsp;&nbsp;&nbsp;StorageErase
<LI><a href="#[10b]">&gt;&gt;</a>&nbsp;&nbsp;&nbsp;SetOneWriteSettingStringValue
<LI><a href="#[10a]">&gt;&gt;</a>&nbsp;&nbsp;&nbsp;SetOneWriteSettingValue
<LI><a href="#[109]">&gt;&gt;</a>&nbsp;&nbsp;&nbsp;SetSettingBufferFromSettingAddr
<LI><a href="#[108]">&gt;&gt;</a>&nbsp;&nbsp;&nbsp;SettingValueValidationCheck
<LI><a href="#[104]">&gt;&gt;</a>&nbsp;&nbsp;&nbsp;RunSettingUpdateFromWriteSetting
<LI><a href="#[ff]">&gt;&gt;</a>&nbsp;&nbsp;&nbsp;RunSettingUpdate
<LI><a href="#[fe]">&gt;&gt;</a>&nbsp;&nbsp;&nbsp;RtcWrite
<LI><a href="#[fd]">&gt;&gt;</a>&nbsp;&nbsp;&nbsp;LcdDispMemWrite
<LI><a href="#[fa]">&gt;&gt;</a>&nbsp;&nbsp;&nbsp;LcdWrCmd
<LI><a href="#[f9]">&gt;&gt;</a>&nbsp;&nbsp;&nbsp;rt_console
<LI><a href="#[f8]">&gt;&gt;</a>&nbsp;&nbsp;&nbsp;HardwareInitial
<LI><a href="#[f3]">&gt;&gt;</a>&nbsp;&nbsp;&nbsp;ModbusFrameProc
<LI><a href="#[f7]">&gt;&gt;</a>&nbsp;&nbsp;&nbsp;UARTSettingHandle
<LI><a href="#[f6]">&gt;&gt;</a>&nbsp;&nbsp;&nbsp;UARTInitial
<LI><a href="#[f4]">&gt;&gt;</a>&nbsp;&nbsp;&nbsp;NewUart
<LI><a href="#[f5]">&gt;&gt;</a>&nbsp;&nbsp;&nbsp;UARTSettingHandleLocal
<LI><a href="#[e4]">&gt;&gt;</a>&nbsp;&nbsp;&nbsp;ParseDevConfig
<LI><a href="#[d9]">&gt;&gt;</a>&nbsp;&nbsp;&nbsp;StorageReadLine
<LI><a href="#[d5]">&gt;&gt;</a>&nbsp;&nbsp;&nbsp;FpgaSlaveSerialOutput
<LI><a href="#[d0]">&gt;&gt;</a>&nbsp;&nbsp;&nbsp;DefaultCrcCal
<LI><a href="#[e6]">&gt;&gt;</a>&nbsp;&nbsp;&nbsp;Utf8ToSysEncodeInital
<LI><a href="#[e1]">&gt;&gt;</a>&nbsp;&nbsp;&nbsp;Utf8ToSysEncode
<LI><a href="#[e5]">&gt;&gt;</a>&nbsp;&nbsp;&nbsp;StorageRead
<LI><a href="#[eb]">&gt;&gt;</a>&nbsp;&nbsp;&nbsp;SettingWriteToFlash
<LI><a href="#[ea]">&gt;&gt;</a>&nbsp;&nbsp;&nbsp;SettingReadFromFlash
<LI><a href="#[e2]">&gt;&gt;</a>&nbsp;&nbsp;&nbsp;GetValueOfKeyWord
<LI><a href="#[dc]">&gt;&gt;</a>&nbsp;&nbsp;&nbsp;GetContentToSplit
<LI><a href="#[de]">&gt;&gt;</a>&nbsp;&nbsp;&nbsp;GetContentOfKeyword
<LI><a href="#[e9]">&gt;&gt;</a>&nbsp;&nbsp;&nbsp;EepromSettingInitial
<LI><a href="#[ec]">&gt;&gt;</a>&nbsp;&nbsp;&nbsp;CheckRunSettingWithFlash
<LI><a href="#[d4]">&gt;&gt;</a>&nbsp;&nbsp;&nbsp;FreeLowSpeedMem
<LI><a href="#[cf]">&gt;&gt;</a>&nbsp;&nbsp;&nbsp;SystemBaseInitial
<LI><a href="#[ce]">&gt;&gt;</a>&nbsp;&nbsp;&nbsp;MallocLowSpeedMem
<LI><a href="#[e3]">&gt;&gt;</a>&nbsp;&nbsp;&nbsp;ParseAnalogGroup
<LI><a href="#[db]">&gt;&gt;</a>&nbsp;&nbsp;&nbsp;ParseBinaryGroup
<LI><a href="#[cd]">&gt;&gt;</a>&nbsp;&nbsp;&nbsp;RtcRead
<LI><a href="#[cc]">&gt;&gt;</a>&nbsp;&nbsp;&nbsp;LcdDispText
<LI><a href="#[b9]">&gt;&gt;</a>&nbsp;&nbsp;&nbsp;AppInitial
<LI><a href="#[b7]">&gt;&gt;</a>&nbsp;&nbsp;&nbsp;NewApp
<LI><a href="#[b6]">&gt;&gt;</a>&nbsp;&nbsp;&nbsp;Startup
</UL>

<P><STRONG><a name="[cb]"></a>__2snprintf</STRONG> (Thumb, 48 bytes, Stack size 0 bytes, noretval__2snprintf.o(.text))
<BR><BR>[Calls]<UL><LI><a href="#[12b]">&gt;&gt;</a>&nbsp;&nbsp;&nbsp;_sputc
<LI><a href="#[12a]">&gt;&gt;</a>&nbsp;&nbsp;&nbsp;_printf_char_common
</UL>
<BR>[Called By]<UL><LI><a href="#[c6]">&gt;&gt;</a>&nbsp;&nbsp;&nbsp;DisplayTask1Service
</UL>

<P><STRONG><a name="[12d]"></a>_printf_pre_padding</STRONG> (Thumb, 46 bytes, Stack size 0 bytes, _printf_pad.o(.text))
<BR><BR>[Called By]<UL><LI><a href="#[144]">&gt;&gt;</a>&nbsp;&nbsp;&nbsp;_printf_fp_dec_real
<LI><a href="#[12f]">&gt;&gt;</a>&nbsp;&nbsp;&nbsp;_printf_int_common
<LI><a href="#[12c]">&gt;&gt;</a>&nbsp;&nbsp;&nbsp;_printf_str
<LI><a href="#[146]">&gt;&gt;</a>&nbsp;&nbsp;&nbsp;_printf_fp_infnan
</UL>

<P><STRONG><a name="[12e]"></a>_printf_post_padding</STRONG> (Thumb, 36 bytes, Stack size 0 bytes, _printf_pad.o(.text))
<BR><BR>[Called By]<UL><LI><a href="#[144]">&gt;&gt;</a>&nbsp;&nbsp;&nbsp;_printf_fp_dec_real
<LI><a href="#[12f]">&gt;&gt;</a>&nbsp;&nbsp;&nbsp;_printf_int_common
<LI><a href="#[12c]">&gt;&gt;</a>&nbsp;&nbsp;&nbsp;_printf_str
<LI><a href="#[146]">&gt;&gt;</a>&nbsp;&nbsp;&nbsp;_printf_fp_infnan
</UL>

<P><STRONG><a name="[12c]"></a>_printf_str</STRONG> (Thumb, 82 bytes, Stack size 0 bytes, _printf_str.o(.text))
<BR><BR>[Calls]<UL><LI><a href="#[12e]">&gt;&gt;</a>&nbsp;&nbsp;&nbsp;_printf_post_padding
<LI><a href="#[12d]">&gt;&gt;</a>&nbsp;&nbsp;&nbsp;_printf_pre_padding
</UL>
<BR>[Called By]<UL><LI><a href="#[147]">&gt;&gt;</a>&nbsp;&nbsp;&nbsp;_printf_cs_common
</UL>

<P><STRONG><a name="[9a]"></a>_printf_int_dec</STRONG> (Thumb, 102 bytes, Stack size 0 bytes, _printf_dec.o(.text))
<BR><BR>[Calls]<UL><LI><a href="#[12f]">&gt;&gt;</a>&nbsp;&nbsp;&nbsp;_printf_int_common
</UL>
<BR>[Called By]<UL><LI><a href="#[9b]">&gt;&gt;</a>&nbsp;&nbsp;&nbsp;_printf_u
<LI><a href="#[99]">&gt;&gt;</a>&nbsp;&nbsp;&nbsp;_printf_d
</UL>

<P><STRONG><a name="[9d]"></a>_printf_int_hex</STRONG> (Thumb, 88 bytes, Stack size 0 bytes, _printf_hex_int.o(.text))
<BR><BR>[Calls]<UL><LI><a href="#[12f]">&gt;&gt;</a>&nbsp;&nbsp;&nbsp;_printf_int_common
</UL>
<BR>[Called By]<UL><LI><a href="#[9c]">&gt;&gt;</a>&nbsp;&nbsp;&nbsp;_printf_x
</UL>

<P><STRONG><a name="[130]"></a>__printf</STRONG> (Thumb, 310 bytes, Stack size 0 bytes, __printf_flags_wp.o(.text))
<BR><BR>[Calls]<UL><LI><a href="#[132]">&gt;&gt;</a>&nbsp;&nbsp;&nbsp;_printf_percent
<LI><a href="#[131]">&gt;&gt;</a>&nbsp;&nbsp;&nbsp;_is_digit
</UL>
<BR>[Called By]<UL><LI><a href="#[12a]">&gt;&gt;</a>&nbsp;&nbsp;&nbsp;_printf_char_common
</UL>

<P><STRONG><a name="[e7]"></a>strtol</STRONG> (Thumb, 112 bytes, Stack size 0 bytes, strtol.o(.text))
<BR><BR>[Calls]<UL><LI><a href="#[134]">&gt;&gt;</a>&nbsp;&nbsp;&nbsp;_strtoul
<LI><a href="#[135]">&gt;&gt;</a>&nbsp;&nbsp;&nbsp;__aeabi_errno_addr
<LI><a href="#[133]">&gt;&gt;</a>&nbsp;&nbsp;&nbsp;__rt_ctype_table
</UL>
<BR>[Called By]<UL><LI><a href="#[10b]">&gt;&gt;</a>&nbsp;&nbsp;&nbsp;SetOneWriteSettingStringValue
<LI><a href="#[e4]">&gt;&gt;</a>&nbsp;&nbsp;&nbsp;ParseDevConfig
<LI><a href="#[e2]">&gt;&gt;</a>&nbsp;&nbsp;&nbsp;GetValueOfKeyWord
</UL>

<P><STRONG><a name="[105]"></a>strtoul</STRONG> (Thumb, 114 bytes, Stack size 0 bytes, strtoul.o(.text))
<BR><BR>[Calls]<UL><LI><a href="#[134]">&gt;&gt;</a>&nbsp;&nbsp;&nbsp;_strtoul
<LI><a href="#[135]">&gt;&gt;</a>&nbsp;&nbsp;&nbsp;__aeabi_errno_addr
<LI><a href="#[133]">&gt;&gt;</a>&nbsp;&nbsp;&nbsp;__rt_ctype_table
</UL>
<BR>[Called By]<UL><LI><a href="#[125]">&gt;&gt;</a>&nbsp;&nbsp;&nbsp;ItinerantDisplayBinary
<LI><a href="#[124]">&gt;&gt;</a>&nbsp;&nbsp;&nbsp;ItinerantDisplayAnalog
<LI><a href="#[7a]">&gt;&gt;</a>&nbsp;&nbsp;&nbsp;CommandFlashErase
<LI><a href="#[85]">&gt;&gt;</a>&nbsp;&nbsp;&nbsp;CommandSet
<LI><a href="#[123]">&gt;&gt;</a>&nbsp;&nbsp;&nbsp;DisplayBinary
<LI><a href="#[122]">&gt;&gt;</a>&nbsp;&nbsp;&nbsp;DisplayAnalog
<LI><a href="#[89]">&gt;&gt;</a>&nbsp;&nbsp;&nbsp;CommandFpgaReboot
<LI><a href="#[78]">&gt;&gt;</a>&nbsp;&nbsp;&nbsp;CommandWb
<LI><a href="#[77]">&gt;&gt;</a>&nbsp;&nbsp;&nbsp;CommandWw
<LI><a href="#[76]">&gt;&gt;</a>&nbsp;&nbsp;&nbsp;CommandWd
<LI><a href="#[75]">&gt;&gt;</a>&nbsp;&nbsp;&nbsp;CommandIb
<LI><a href="#[74]">&gt;&gt;</a>&nbsp;&nbsp;&nbsp;CommandIw
<LI><a href="#[73]">&gt;&gt;</a>&nbsp;&nbsp;&nbsp;CommandId
<LI><a href="#[72]">&gt;&gt;</a>&nbsp;&nbsp;&nbsp;CommandDb
<LI><a href="#[71]">&gt;&gt;</a>&nbsp;&nbsp;&nbsp;CommandDw
<LI><a href="#[70]">&gt;&gt;</a>&nbsp;&nbsp;&nbsp;CommandDd
<LI><a href="#[6f]">&gt;&gt;</a>&nbsp;&nbsp;&nbsp;CommandTime
<LI><a href="#[10b]">&gt;&gt;</a>&nbsp;&nbsp;&nbsp;SetOneWriteSettingStringValue
<LI><a href="#[e2]">&gt;&gt;</a>&nbsp;&nbsp;&nbsp;GetValueOfKeyWord
</UL>

<P><STRONG><a name="[df]"></a>strlen</STRONG> (Thumb, 62 bytes, Stack size 0 bytes, strlen.o(.text))
<BR><BR>[Called By]<UL><LI><a href="#[85]">&gt;&gt;</a>&nbsp;&nbsp;&nbsp;CommandSet
<LI><a href="#[123]">&gt;&gt;</a>&nbsp;&nbsp;&nbsp;DisplayBinary
<LI><a href="#[122]">&gt;&gt;</a>&nbsp;&nbsp;&nbsp;DisplayAnalog
<LI><a href="#[6f]">&gt;&gt;</a>&nbsp;&nbsp;&nbsp;CommandTime
<LI><a href="#[f9]">&gt;&gt;</a>&nbsp;&nbsp;&nbsp;rt_console
<LI><a href="#[e4]">&gt;&gt;</a>&nbsp;&nbsp;&nbsp;ParseDevConfig
<LI><a href="#[e6]">&gt;&gt;</a>&nbsp;&nbsp;&nbsp;Utf8ToSysEncodeInital
<LI><a href="#[e3]">&gt;&gt;</a>&nbsp;&nbsp;&nbsp;ParseAnalogGroup
<LI><a href="#[db]">&gt;&gt;</a>&nbsp;&nbsp;&nbsp;ParseBinaryGroup
</UL>

<P><STRONG><a name="[100]"></a>__aeabi_memcpy</STRONG> (Thumb, 0 bytes, Stack size 0 bytes, rt_memcpy_v6.o(.text))
<BR><BR>[Called By]<UL><LI><a href="#[137]">&gt;&gt;</a>&nbsp;&nbsp;&nbsp;__rt_memmove
<LI><a href="#[109]">&gt;&gt;</a>&nbsp;&nbsp;&nbsp;SetSettingBufferFromSettingAddr
<LI><a href="#[104]">&gt;&gt;</a>&nbsp;&nbsp;&nbsp;RunSettingUpdateFromWriteSetting
<LI><a href="#[ff]">&gt;&gt;</a>&nbsp;&nbsp;&nbsp;RunSettingUpdate
<LI><a href="#[e1]">&gt;&gt;</a>&nbsp;&nbsp;&nbsp;Utf8ToSysEncode
</UL>

<P><STRONG><a name="[136]"></a>__rt_memcpy</STRONG> (Thumb, 138 bytes, Stack size 0 bytes, rt_memcpy_v6.o(.text), UNUSED)
<BR><BR>[Calls]<UL><LI><a href="#[11a]">&gt;&gt;</a>&nbsp;&nbsp;&nbsp;__aeabi_memcpy4
</UL>

<P><STRONG><a name="[120]"></a>__aeabi_memmove</STRONG> (Thumb, 0 bytes, Stack size 0 bytes, rt_memmove_v6.o(.text))
<BR><BR>[Called By]<UL><LI><a href="#[79]">&gt;&gt;</a>&nbsp;&nbsp;&nbsp;CommandDownload
</UL>

[...]
<BR><BR>[Calls]<UL><LI><a href="#[11a]">&gt;&gt;</a>&nbsp;&nbsp;&nbsp;__aeabi_memcpy4
<LI><a href="#[b8]">&gt;&gt;</a>&nbsp;&nbsp;&nbsp;__2printf
<LI><a href="#[116]">&gt;&gt;</a>&nbsp;&nbsp;&nbsp;ModbusWriteSettings
<LI><a href="#[115]">&gt;&gt;</a>&nbsp;&nbsp;&nbsp;ModusSendExceptionFrame
<LI><a href="#[d0]">&gt;&gt;</a>&nbsp;&nbsp;&nbsp;DefaultCrcCal
</UL>
<BR>[Called By]<UL><LI><a href="#[f3]">&gt;&gt;</a>&nbsp;&nbsp;&nbsp;ModbusFrameProc
</UL>

<P><STRONG><a name="[8c]"></a>CommandHelp</STRONG> (Thumb, 40 bytes, Stack size 0 bytes, Command.o(.text))
<BR><BR>[Calls]<UL><LI><a href="#[b8]">&gt;&gt;</a>&nbsp;&nbsp;&nbsp;__2printf
</UL>
<BR>[Address Reference Count : 1]<UL><LI> Command.o(.constdata)
</UL>
<P><STRONG><a name="[6f]"></a>CommandTime</STRONG> (Thumb, 616 bytes, Stack size 0 bytes, Command.o(.text))
<BR><BR>[Calls]<UL><LI><a href="#[df]">&gt;&gt;</a>&nbsp;&nbsp;&nbsp;strlen
<LI><a href="#[105]">&gt;&gt;</a>&nbsp;&nbsp;&nbsp;strtoul
<LI><a href="#[b8]">&gt;&gt;</a>&nbsp;&nbsp;&nbsp;__2printf
<LI><a href="#[fe]">&gt;&gt;</a>&nbsp;&nbsp;&nbsp;RtcWrite
<LI><a href="#[dc]">&gt;&gt;</a>&nbsp;&nbsp;&nbsp;GetContentToSplit
<LI><a href="#[cd]">&gt;&gt;</a>&nbsp;&nbsp;&nbsp;RtcRead
</UL>
<BR>[Address Reference Count : 1]<UL><LI> Command.o(.constdata)
</UL>
<P><STRONG><a name="[70]"></a>CommandDd</STRONG> (Thumb, 670 bytes, Stack size 0 bytes, Command.o(.text))
<BR><BR>[Calls]<UL><LI><a href="#[105]">&gt;&gt;</a>&nbsp;&nbsp;&nbsp;strtoul
<LI><a href="#[b8]">&gt;&gt;</a>&nbsp;&nbsp;&nbsp;__2printf
<LI><a href="#[dc]">&gt;&gt;</a>&nbsp;&nbsp;&nbsp;GetContentToSplit
<LI><a href="#[d4]">&gt;&gt;</a>&nbsp;&nbsp;&nbsp;FreeLowSpeedMem
<LI><a href="#[ce]">&gt;&gt;</a>&nbsp;&nbsp;&nbsp;MallocLowSpeedMem
</UL>
<BR>[Called By]<UL><LI><a href="#[73]">&gt;&gt;</a>&nbsp;&nbsp;&nbsp;CommandId
</UL>
<BR>[Address Reference Count : 1]<UL><LI> Command.o(.constdata)
</UL>
<P><STRONG><a name="[71]"></a>CommandDw</STRONG> (Thumb, 222 bytes, Stack size 0 bytes, Command.o(.text))
<BR><BR>[Calls]<UL><LI><a href="#[105]">&gt;&gt;</a>&nbsp;&nbsp;&nbsp;strtoul
<LI><a href="#[b8]">&gt;&gt;</a>&nbsp;&nbsp;&nbsp;__2printf
<LI><a href="#[dc]">&gt;&gt;</a>&nbsp;&nbsp;&nbsp;GetContentToSplit
<LI><a href="#[d4]">&gt;&gt;</a>&nbsp;&nbsp;&nbsp;FreeLowSpeedMem
<LI><a href="#[ce]">&gt;&gt;</a>&nbsp;&nbsp;&nbsp;MallocLowSpeedMem
</UL>
<BR>[Called By]<UL><LI><a href="#[74]">&gt;&gt;</a>&nbsp;&nbsp;&nbsp;CommandIw
</UL>
<BR>[Address Reference Count : 1]<UL><LI> Command.o(.constdata)
</UL>
<P><STRONG><a name="[72]"></a>CommandDb</STRONG> (Thumb, 208 bytes, Stack size 0 bytes, Command.o(.text))
<BR><BR>[Calls]<UL><LI><a href="#[105]">&gt;&gt;</a>&nbsp;&nbsp;&nbsp;strtoul
<LI><a href="#[b8]">&gt;&gt;</a>&nbsp;&nbsp;&nbsp;__2printf
<LI><a href="#[dc]">&gt;&gt;</a>&nbsp;&nbsp;&nbsp;GetContentToSplit
<LI><a href="#[d4]">&gt;&gt;</a>&nbsp;&nbsp;&nbsp;FreeLowSpeedMem
<LI><a href="#[ce]">&gt;&gt;</a>&nbsp;&nbsp;&nbsp;MallocLowSpeedMem
</UL>
<BR>[Called By]<UL><LI><a href="#[75]">&gt;&gt;</a>&nbsp;&nbsp;&nbsp;CommandIb
</UL>
<BR>[Address Reference Count : 1]<UL><LI> Command.o(.constdata)
</UL>
<P><STRONG><a name="[73]"></a>CommandId</STRONG> (Thumb, 412 bytes, Stack size 0 bytes, Command.o(.text))
<BR><BR>[Calls]<UL><LI><a href="#[105]">&gt;&gt;</a>&nbsp;&nbsp;&nbsp;strtoul
<LI><a href="#[b8]">&gt;&gt;</a>&nbsp;&nbsp;&nbsp;__2printf
<LI><a href="#[70]">&gt;&gt;</a>&nbsp;&nbsp;&nbsp;CommandDd
<LI><a href="#[dc]">&gt;&gt;</a>&nbsp;&nbsp;&nbsp;GetContentToSplit
<LI><a href="#[d4]">&gt;&gt;</a>&nbsp;&nbsp;&nbsp;FreeLowSpeedMem
<LI><a href="#[ce]">&gt;&gt;</a>&nbsp;&nbsp;&nbsp;MallocLowSpeedMem
</UL>
<BR>[Address Reference Count : 1]<UL><LI> Command.o(.constdata)
</UL>
<P><STRONG><a name="[74]"></a>CommandIw</STRONG> (Thumb, 866 bytes, Stack size 0 bytes, Command.o(.text))
<BR><BR>[Calls]<UL><LI><a href="#[105]">&gt;&gt;</a>&nbsp;&nbsp;&nbsp;strtoul
<LI><a href="#[b8]">&gt;&gt;</a>&nbsp;&nbsp;&nbsp;__2printf
<LI><a href="#[71]">&gt;&gt;</a>&nbsp;&nbsp;&nbsp;CommandDw
<LI><a href="#[dc]">&gt;&gt;</a>&nbsp;&nbsp;&nbsp;GetContentToSplit
<LI><a href="#[d4]">&gt;&gt;</a>&nbsp;&nbsp;&nbsp;FreeLowSpeedMem
<LI><a href="#[ce]">&gt;&gt;</a>&nbsp;&nbsp;&nbsp;MallocLowSpeedMem
</UL>
<BR>[Address Reference Count : 1]<UL><LI> Command.o(.constdata)
</UL>
<P><STRONG><a name="[75]"></a>CommandIb</STRONG> (Thumb, 402 bytes, Stack size 0 bytes, Command.o(.text))
<BR><BR>[Calls]<UL><LI><a href="#[105]">&gt;&gt;</a>&nbsp;&nbsp;&nbsp;strtoul
<LI><a href="#[b8]">&gt;&gt;</a>&nbsp;&nbsp;&nbsp;__2printf
<LI><a href="#[72]">&gt;&gt;</a>&nbsp;&nbsp;&nbsp;CommandDb
<LI><a href="#[dc]">&gt;&gt;</a>&nbsp;&nbsp;&nbsp;GetContentToSplit
<LI><a href="#[d4]">&gt;&gt;</a>&nbsp;&nbsp;&nbsp;FreeLowSpeedMem
<LI><a href="#[ce]">&gt;&gt;</a>&nbsp;&nbsp;&nbsp;MallocLowSpeedMem
</UL>
<BR>[Address Reference Count : 1]<UL><LI> Command.o(.constdata)
</UL>
<P><STRONG><a name="[76]"></a>CommandWd</STRONG> (Thumb, 120 bytes, Stack size 0 bytes, Command.o(.text))
<BR><BR>[Calls]<UL><LI><a href="#[105]">&gt;&gt;</a>&nbsp;&nbsp;&nbsp;strtoul
<LI><a href="#[b8]">&gt;&gt;</a>&nbsp;&nbsp;&nbsp;__2printf
<LI><a href="#[dc]">&gt;&gt;</a>&nbsp;&nbsp;&nbsp;GetContentToSplit
</UL>
<BR>[Address Reference Count : 1]<UL><LI> Command.o(.constdata)
</UL>
<P><STRONG><a name="[77]"></a>CommandWw</STRONG> (Thumb, 444 bytes, Stack size 0 bytes, Command.o(.text))
<BR><BR>[Calls]<UL><LI><a href="#[105]">&gt;&gt;</a>&nbsp;&nbsp;&nbsp;strtoul
<LI><a href="#[b8]">&gt;&gt;</a>&nbsp;&nbsp;&nbsp;__2printf
<LI><a href="#[dc]">&gt;&gt;</a>&nbsp;&nbsp;&nbsp;GetContentToSplit
</UL>
<BR>[Address Reference Count : 1]<UL><LI> Command.o(.constdata)
</UL>
<P><STRONG><a name="[78]"></a>CommandWb</STRONG> (Thumb, 122 bytes, Stack size 0 bytes, Command.o(.text))
<BR><BR>[Calls]<UL><LI><a href="#[105]">&gt;&gt;</a>&nbsp;&nbsp;&nbsp;strtoul
<LI><a href="#[b8]">&gt;&gt;</a>&nbsp;&nbsp;&nbsp;__2printf
<LI><a href="#[dc]">&gt;&gt;</a>&nbsp;&nbsp;&nbsp;GetContentToSplit
</UL>
<BR>[Address Reference Count : 1]<UL><LI> Command.o(.constdata)
</UL>
<P><STRONG><a name="[11f]"></a>XModemFrameRecieve</STRONG> (Thumb, 638 bytes, Stack size 0 bytes, Command.o(.text))
<BR><BR>[Calls]<UL><LI><a href="#[b8]">&gt;&gt;</a>&nbsp;&nbsp;&nbsp;__2printf
<LI><a href="#[113]">&gt;&gt;</a>&nbsp;&nbsp;&nbsp;DebugSendByte
</UL>
<BR>[Called By]<UL><LI><a href="#[79]">&gt;&gt;</a>&nbsp;&nbsp;&nbsp;CommandDownload
</UL>

<P><STRONG><a name="[89]"></a>CommandFpgaReboot</STRONG> (Thumb, 526 bytes, Stack size 0 bytes, Command.o(.text))
<BR><BR>[Calls]<UL><LI><a href="#[105]">&gt;&gt;</a>&nbsp;&nbsp;&nbsp;strtoul
<LI><a href="#[b8]">&gt;&gt;</a>&nbsp;&nbsp;&nbsp;__2printf
<LI><a href="#[d1]">&gt;&gt;</a>&nbsp;&nbsp;&nbsp;WaitMS
<LI><a href="#[dc]">&gt;&gt;</a>&nbsp;&nbsp;&nbsp;GetContentToSplit
</UL>
<BR>[Called By]<UL><LI><a href="#[85]">&gt;&gt;</a>&nbsp;&nbsp;&nbsp;CommandSet
<LI><a href="#[8b]">&gt;&gt;</a>&nbsp;&nbsp;&nbsp;CommandReboot
<LI><a href="#[79]">&gt;&gt;</a>&nbsp;&nbsp;&nbsp;CommandDownload
</UL>
<BR>[Address Reference Count : 1]<UL><LI> Command.o(.constdata)
</UL>
<P><STRONG><a name="[79]"></a>CommandDownload</STRONG> (Thumb, 2148 bytes, Stack size 0 bytes, Command.o(.text))
<BR><BR>[Calls]<UL><LI><a href="#[120]">&gt;&gt;</a>&nbsp;&nbsp;&nbsp;__aeabi_memmove
<LI><a href="#[b8]">&gt;&gt;</a>&nbsp;&nbsp;&nbsp;__2printf
<LI><a href="#[121]">&gt;&gt;</a>&nbsp;&nbsp;&nbsp;SpiFlashChipErase
<LI><a href="#[89]">&gt;&gt;</a>&nbsp;&nbsp;&nbsp;CommandFpgaReboot
<LI><a href="#[11f]">&gt;&gt;</a>&nbsp;&nbsp;&nbsp;XModemFrameRecieve
<LI><a href="#[113]">&gt;&gt;</a>&nbsp;&nbsp;&nbsp;DebugSendByte
<LI><a href="#[112]">&gt;&gt;</a>&nbsp;&nbsp;&nbsp;CPUAppDownload
<LI><a href="#[103]">&gt;&gt;</a>&nbsp;&nbsp;&nbsp;StorageWrite
<LI><a href="#[102]">&gt;&gt;</a>&nbsp;&nbsp;&nbsp;StorageErase
<LI><a href="#[118]">&gt;&gt;</a>&nbsp;&nbsp;&nbsp;LowLevelInterruptUnlock
<LI><a href="#[117]">&gt;&gt;</a>&nbsp;&nbsp;&nbsp;LowLevelInterruptLock
<LI><a href="#[d1]">&gt;&gt;</a>&nbsp;&nbsp;&nbsp;WaitMS
<LI><a href="#[d0]">&gt;&gt;</a>&nbsp;&nbsp;&nbsp;DefaultCrcCal
<LI><a href="#[e5]">&gt;&gt;</a>&nbsp;&nbsp;&nbsp;StorageRead
<LI><a href="#[d4]">&gt;&gt;</a>&nbsp;&nbsp;&nbsp;FreeLowSpeedMem
<LI><a href="#[ce]">&gt;&gt;</a>&nbsp;&nbsp;&nbsp;MallocLowSpeedMem
</UL>
<BR>[Address Reference Count : 1]<UL><LI> Command.o(.constdata)
</UL>
<P><STRONG><a name="[122]"></a>DisplayAnalog</STRONG> (Thumb, 576 bytes, Stack size 0 bytes, Command.o(.text))
<BR><BR>[Calls]<UL><LI><a href="#[101]">&gt;&gt;</a>&nbsp;&nbsp;&nbsp;__aeabi_f2d
<LI><a href="#[dd]">&gt;&gt;</a>&nbsp;&nbsp;&nbsp;strcmp
<LI><a href="#[df]">&gt;&gt;</a>&nbsp;&nbsp;&nbsp;strlen
<LI><a href="#[105]">&gt;&gt;</a>&nbsp;&nbsp;&nbsp;strtoul
<LI><a href="#[b8]">&gt;&gt;</a>&nbsp;&nbsp;&nbsp;__2printf
<LI><a href="#[dc]">&gt;&gt;</a>&nbsp;&nbsp;&nbsp;GetContentToSplit
</UL>
<BR>[Called By]<UL><LI><a href="#[124]">&gt;&gt;</a>&nbsp;&nbsp;&nbsp;ItinerantDisplayAnalog
<LI><a href="#[7e]">&gt;&gt;</a>&nbsp;&nbsp;&nbsp;CommandDispSelfDiagnose
<LI><a href="#[7b]">&gt;&gt;</a>&nbsp;&nbsp;&nbsp;CommandDispAna
</UL>

<P><STRONG><a name="[123]"></a>DisplayBinary</STRONG> (Thumb, 976 bytes, Stack size 0 bytes, Command.o(.text))
<BR><BR>[Calls]<UL><LI><a href="#[dd]">&gt;&gt;</a>&nbsp;&nbsp;&nbsp;strcmp
<LI><a href="#[df]">&gt;&gt;</a>&nbsp;&nbsp;&nbsp;strlen
<LI><a href="#[105]">&gt;&gt;</a>&nbsp;&nbsp;&nbsp;strtoul
<LI><a href="#[b8]">&gt;&gt;</a>&nbsp;&nbsp;&nbsp;__2printf
<LI><a href="#[dc]">&gt;&gt;</a>&nbsp;&nbsp;&nbsp;GetContentToSplit
</UL>
<BR>[Called By]<UL><LI><a href="#[125]">&gt;&gt;</a>&nbsp;&nbsp;&nbsp;ItinerantDisplayBinary
<LI><a href="#[7f]">&gt;&gt;</a>&nbsp;&nbsp;&nbsp;CommandDispSelfDiagnoseBin
<LI><a href="#[7d]">&gt;&gt;</a>&nbsp;&nbsp;&nbsp;CommandDispBinOutput
<LI><a href="#[7c]">&gt;&gt;</a>&nbsp;&nbsp;&nbsp;CommandDispBinInput
</UL>

<P><STRONG><a name="[7b]"></a>CommandDispAna</STRONG> (Thumb, 6 bytes, Stack size 0 bytes, Command.o(.text))
<BR><BR>[Calls]<UL><LI><a href="#[122]">&gt;&gt;</a>&nbsp;&nbsp;&nbsp;DisplayAnalog
</UL>
<BR>[Address Reference Count : 1]<UL><LI> Command.o(.constdata)
</UL>
<P><STRONG><a name="[7c]"></a>CommandDispBinInput</STRONG> (Thumb, 6 bytes, Stack size 0 bytes, Command.o(.text))
<BR><BR>[Calls]<UL><LI><a href="#[123]">&gt;&gt;</a>&nbsp;&nbsp;&nbsp;DisplayBinary
</UL>
<BR>[Address Reference Count : 1]<UL><LI> Command.o(.constdata)
</UL>
<P><STRONG><a name="[7d]"></a>CommandDispBinOutput</STRONG> (Thumb, 6 bytes, Stack size 0 bytes, Command.o(.text))
<BR><BR>[Calls]<UL><LI><a href="#[123]">&gt;&gt;</a>&nbsp;&nbsp;&nbsp;DisplayBinary
</UL>
<BR>[Address Reference Count : 1]<UL><LI> Command.o(.constdata)
</UL>
<P><STRONG><a name="[7e]"></a>CommandDispSelfDiagnose</STRONG> (Thumb, 6 bytes, Stack size 0 bytes, Command.o(.text))
<BR><BR>[Calls]<UL><LI><a href="#[122]">&gt;&gt;</a>&nbsp;&nbsp;&nbsp;DisplayAnalog
</UL>
<BR>[Address Reference Count : 1]<UL><LI> Command.o(.constdata)
</UL>
<P><STRONG><a name="[7f]"></a>CommandDispSelfDiagnoseBin</STRONG> (Thumb, 6 bytes, Stack size 0 bytes, Command.o(.text))
<BR><BR>[Calls]<UL><LI><a href="#[123]">&gt;&gt;</a>&nbsp;&nbsp;&nbsp;DisplayBinary
</UL>
<BR>[Address Reference Count : 1]<UL><LI> Command.o(.constdata)
</UL>
<P><STRONG><a name="[80]"></a>CommandIDispAna</STRONG> (Thumb, 8 bytes, Stack size 0 bytes, Command.o(.text))
<BR><BR>[Calls]<UL><LI><a href="#[124]">&gt;&gt;</a>&nbsp;&nbsp;&nbsp;ItinerantDisplayAnalog
</UL>
<BR>[Address Reference Count : 1]<UL><LI> Command.o(.constdata)
</UL>
<P><STRONG><a name="[81]"></a>CommandIDispBinInput</STRONG> (Thumb, 8 bytes, Stack size 0 bytes, Command.o(.text))
<BR><BR>[Calls]<UL><LI><a href="#[125]">&gt;&gt;</a>&nbsp;&nbsp;&nbsp;ItinerantDisplayBinary
</UL>
<BR>[Address Reference Count : 1]<UL><LI> Command.o(.constdata)
</UL>
<P><STRONG><a name="[82]"></a>CommandIDispBinOutput</STRONG> (Thumb, 8 bytes, Stack size 0 bytes, Command.o(.text))
<BR><BR>[Calls]<UL><LI><a href="#[125]">&gt;&gt;</a>&nbsp;&nbsp;&nbsp;ItinerantDisplayBinary
</UL>
<BR>[Address Reference Count : 1]<UL><LI> Command.o(.constdata)
</UL>
<P><STRONG><a name="[83]"></a>CommandIDispSelfDiagnose</STRONG> (Thumb, 8 bytes, Stack size 0 bytes, Command.o(.text))
<BR><BR>[Calls]<UL><LI><a href="#[124]">&gt;&gt;</a>&nbsp;&nbsp;&nbsp;ItinerantDisplayAnalog
</UL>
<BR>[Address Reference Count : 1]<UL><LI> Command.o(.constdata)
</UL>
<P><STRONG><a name="[84]"></a>CommandIDispSelfDiagnoseBin</STRONG> (Thumb, 8 bytes, Stack size 0 bytes, Command.o(.text))
<BR><BR>[Calls]<UL><LI><a href="#[125]">&gt;&gt;</a>&nbsp;&nbsp;&nbsp;ItinerantDisplayBinary
</UL>
<BR>[Address Reference Count : 1]<UL><LI> Command.o(.constdata)
</UL>
<P><STRONG><a name="[8b]"></a>CommandReboot</STRONG> (Thumb, 12 bytes, Stack size 0 bytes, Command.o(.text))
<BR><BR>[Calls]<UL><LI><a href="#[89]">&gt;&gt;</a>&nbsp;&nbsp;&nbsp;CommandFpgaReboot
<LI><a href="#[ed]">&gt;&gt;</a>&nbsp;&nbsp;&nbsp;SystemReboot
</UL>
<BR>[Address Reference Count : 1]<UL><LI> Command.o(.constdata)
</UL>
<P><STRONG><a name="[87]"></a>CommandSetSave</STRONG> (Thumb, 110 bytes, Stack size 0 bytes, Command.o(.text))
<BR><BR>[Calls]<UL><LI><a href="#[b8]">&gt;&gt;</a>&nbsp;&nbsp;&nbsp;__2printf
<LI><a href="#[118]">&gt;&gt;</a>&nbsp;&nbsp;&nbsp;LowLevelInterruptUnlock
<LI><a href="#[117]">&gt;&gt;</a>&nbsp;&nbsp;&nbsp;LowLevelInterruptLock
<LI><a href="#[eb]">&gt;&gt;</a>&nbsp;&nbsp;&nbsp;SettingWriteToFlash
<LI><a href="#[ec]">&gt;&gt;</a>&nbsp;&nbsp;&nbsp;CheckRunSettingWithFlash
</UL>
<BR>[Address Reference Count : 1]<UL><LI> Command.o(.constdata)
</UL>
<P><STRONG><a name="[85]"></a>CommandSet</STRONG> (Thumb, 1746 bytes, Stack size 0 bytes, Command.o(.text))
<BR><BR>[Calls]<UL><LI><a href="#[101]">&gt;&gt;</a>&nbsp;&nbsp;&nbsp;__aeabi_f2d
<LI><a href="#[dd]">&gt;&gt;</a>&nbsp;&nbsp;&nbsp;strcmp
<LI><a href="#[df]">&gt;&gt;</a>&nbsp;&nbsp;&nbsp;strlen
<LI><a href="#[105]">&gt;&gt;</a>&nbsp;&nbsp;&nbsp;strtoul
<LI><a href="#[b8]">&gt;&gt;</a>&nbsp;&nbsp;&nbsp;__2printf
<LI><a href="#[89]">&gt;&gt;</a>&nbsp;&nbsp;&nbsp;CommandFpgaReboot
<LI><a href="#[10b]">&gt;&gt;</a>&nbsp;&nbsp;&nbsp;SetOneWriteSettingStringValue
<LI><a href="#[109]">&gt;&gt;</a>&nbsp;&nbsp;&nbsp;SetSettingBufferFromSettingAddr
<LI><a href="#[104]">&gt;&gt;</a>&nbsp;&nbsp;&nbsp;RunSettingUpdateFromWriteSetting
<LI><a href="#[118]">&gt;&gt;</a>&nbsp;&nbsp;&nbsp;LowLevelInterruptUnlock
<LI><a href="#[117]">&gt;&gt;</a>&nbsp;&nbsp;&nbsp;LowLevelInterruptLock
<LI><a href="#[eb]">&gt;&gt;</a>&nbsp;&nbsp;&nbsp;SettingWriteToFlash
<LI><a href="#[dc]">&gt;&gt;</a>&nbsp;&nbsp;&nbsp;GetContentToSplit
<LI><a href="#[ec]">&gt;&gt;</a>&nbsp;&nbsp;&nbsp;CheckRunSettingWithFlash
<LI><a href="#[ed]">&gt;&gt;</a>&nbsp;&nbsp;&nbsp;SystemReboot
</UL>
<BR>[Called By]<UL><LI><a href="#[86]">&gt;&gt;</a>&nbsp;&nbsp;&nbsp;CommandSetRedo
</UL>
<BR>[Address Reference Count : 1]<UL><LI> Command.o(.constdata)
</UL>
<P><STRONG><a name="[86]"></a>CommandSetRedo</STRONG> (Thumb, 580 bytes, Stack size 0 bytes, Command.o(.text))
<BR><BR>[Calls]<UL><LI><a href="#[b8]">&gt;&gt;</a>&nbsp;&nbsp;&nbsp;__2printf
<LI><a href="#[85]">&gt;&gt;</a>&nbsp;&nbsp;&nbsp;CommandSet
<LI><a href="#[109]">&gt;&gt;</a>&nbsp;&nbsp;&nbsp;SetSettingBufferFromSettingAddr
<LI><a href="#[104]">&gt;&gt;</a>&nbsp;&nbsp;&nbsp;RunSettingUpdateFromWriteSetting
<LI><a href="#[ea]">&gt;&gt;</a>&nbsp;&nbsp;&nbsp;SettingReadFromFlash
</UL>
<BR>[Address Reference Count : 1]<UL><LI> Command.o(.constdata)
</UL>
<P><STRONG><a name="[88]"></a>CommandLs</STRONG> (Thumb, 510 bytes, Stack size 0 bytes, Command.o(.text))
<BR><BR>[Calls]<UL><LI><a href="#[b8]">&gt;&gt;</a>&nbsp;&nbsp;&nbsp;__2printf
<LI><a href="#[d0]">&gt;&gt;</a>&nbsp;&nbsp;&nbsp;DefaultCrcCal
<LI><a href="#[e5]">&gt;&gt;</a>&nbsp;&nbsp;&nbsp;StorageRead
</UL>
<BR>[Address Reference Count : 1]<UL><LI> Command.o(.constdata)
</UL>
<P><STRONG><a name="[7a]"></a>CommandFlashErase</STRONG> (Thumb, 150 bytes, Stack size 0 bytes, Command.o(.text))
<BR><BR>[Calls]<UL><LI><a href="#[105]">&gt;&gt;</a>&nbsp;&nbsp;&nbsp;strtoul
<LI><a href="#[b8]">&gt;&gt;</a>&nbsp;&nbsp;&nbsp;__2printf
<LI><a href="#[102]">&gt;&gt;</a>&nbsp;&nbsp;&nbsp;StorageErase
<LI><a href="#[dc]">&gt;&gt;</a>&nbsp;&nbsp;&nbsp;GetContentToSplit
</UL>
<BR>[Address Reference Count : 1]<UL><LI> Command.o(.constdata)
</UL>
<P><STRONG><a name="[8a]"></a>CommandBinCMD</STRONG> (Thumb, 2406 bytes, Stack size 0 bytes, Command.o(.text))
<BR><BR>[Calls]<UL><LI><a href="#[b8]">&gt;&gt;</a>&nbsp;&nbsp;&nbsp;__2printf
<LI><a href="#[113]">&gt;&gt;</a>&nbsp;&nbsp;&nbsp;DebugSendByte
<LI><a href="#[d0]">&gt;&gt;</a>&nbsp;&nbsp;&nbsp;DefaultCrcCal
<LI><a href="#[d4]">&gt;&gt;</a>&nbsp;&nbsp;&nbsp;FreeLowSpeedMem
<LI><a href="#[ce]">&gt;&gt;</a>&nbsp;&nbsp;&nbsp;MallocLowSpeedMem
</UL>
<BR>[Address Reference Count : 1]<UL><LI> Command.o(.constdata)
</UL>
<P><STRONG><a name="[124]"></a>ItinerantDisplayAnalog</STRONG> (Thumb, 234 bytes, Stack size 0 bytes, Command.o(.text))
<BR><BR>[Calls]<UL><LI><a href="#[105]">&gt;&gt;</a>&nbsp;&nbsp;&nbsp;strtoul
<LI><a href="#[b8]">&gt;&gt;</a>&nbsp;&nbsp;&nbsp;__2printf
<LI><a href="#[122]">&gt;&gt;</a>&nbsp;&nbsp;&nbsp;DisplayAnalog
<LI><a href="#[dc]">&gt;&gt;</a>&nbsp;&nbsp;&nbsp;GetContentToSplit
</UL>
<BR>[Called By]<UL><LI><a href="#[83]">&gt;&gt;</a>&nbsp;&nbsp;&nbsp;CommandIDispSelfDiagnose
<LI><a href="#[80]">&gt;&gt;</a>&nbsp;&nbsp;&nbsp;CommandIDispAna
</UL>

<P><STRONG><a name="[125]"></a>ItinerantDisplayBinary</STRONG> (Thumb, 234 bytes, Stack size 0 bytes, Command.o(.text))
<BR><BR>[Calls]<UL><LI><a href="#[105]">&gt;&gt;</a>&nbsp;&nbsp;&nbsp;strtoul
<LI><a href="#[b8]">&gt;&gt;</a>&nbsp;&nbsp;&nbsp;__2printf
<LI><a href="#[123]">&gt;&gt;</a>&nbsp;&nbsp;&nbsp;DisplayBinary
<LI><a href="#[dc]">&gt;&gt;</a>&nbsp;&nbsp;&nbsp;GetContentToSplit
</UL>
<BR>[Called By]<UL><LI><a href="#[84]">&gt;&gt;</a>&nbsp;&nbsp;&nbsp;CommandIDispSelfDiagnoseBin
<LI><a href="#[82]">&gt;&gt;</a>&nbsp;&nbsp;&nbsp;CommandIDispBinOutput
<LI><a href="#[81]">&gt;&gt;</a>&nbsp;&nbsp;&nbsp;CommandIDispBinInput
</UL>

<P><STRONG><a name="[13e]"></a>_fp_digits</STRONG> (Thumb, 426 bytes, Stack size 0 bytes, _printf_fp_dec.o(.text))
<BR><BR>[Calls]<UL><LI><a href="#[143]">&gt;&gt;</a>&nbsp;&nbsp;&nbsp;_ll_udiv10
<LI><a href="#[142]">&gt;&gt;</a>&nbsp;&nbsp;&nbsp;_btod_emul
<LI><a href="#[141]">&gt;&gt;</a>&nbsp;&nbsp;&nbsp;_btod_ediv
<LI><a href="#[140]">&gt;&gt;</a>&nbsp;&nbsp;&nbsp;_btod_d2e
<LI><a href="#[13f]">&gt;&gt;</a>&nbsp;&nbsp;&nbsp;_btod_etento
</UL>
<BR>[Called By]<UL><LI><a href="#[144]">&gt;&gt;</a>&nbsp;&nbsp;&nbsp;_printf_fp_dec_real
</UL>

<P><STRONG><a name="[68]"></a>_printf_input_char</STRONG> (Thumb, 10 bytes, Stack size 0 bytes, _printf_char_common.o(.text))
<BR>[Address Reference Count : 1]<UL><LI> _printf_char_common.o(.text)
</UL>
<P><STRONG><a name="[149]"></a>_local_sscanf</STRONG> (Thumb, 60 bytes, Stack size 0 bytes, strtod.o(.text))
<BR><BR>[Calls]<UL><LI><a href="#[14a]">&gt;&gt;</a>&nbsp;&nbsp;&nbsp;_scanf_real
</UL>
<BR>[Called By]<UL><LI><a href="#[14b]">&gt;&gt;</a>&nbsp;&nbsp;&nbsp;__strtod_int
</UL>

<P><STRONG><a name="[156]"></a>_fp_value</STRONG> (Thumb, 504 bytes, Stack size 0 bytes, scanf_fp.o(.text))
<BR><BR>[Calls]<UL><LI><a href="#[135]">&gt;&gt;</a>&nbsp;&nbsp;&nbsp;__aeabi_errno_addr
<LI><a href="#[157]">&gt;&gt;</a>&nbsp;&nbsp;&nbsp;_btod_emuld
<LI><a href="#[158]">&gt;&gt;</a>&nbsp;&nbsp;&nbsp;_btod_edivd
<LI><a href="#[13f]">&gt;&gt;</a>&nbsp;&nbsp;&nbsp;_btod_etento
</UL>
<BR>[Called By]<UL><LI><a href="#[159]">&gt;&gt;</a>&nbsp;&nbsp;&nbsp;_scanf_really_real
</UL>
<P>
<H3>
Undefined Global Symbols
</H3><HR></body></html>
