<!doctype html public "-//w3c//dtd html 4.0 transitional//en">
<html><head>
<title>Static Call Graph - [.\build\rtthread-stm32f4xx.axf]</title></head>
<body><HR>
<H1>Static Call Graph for image .\build\rtthread-stm32f4xx.axf</H1><HR>
<BR><P>#&#060CALLGRAPH&#062# ARM Linker, 5.02 [Build 28]: Last Updated: Tue Jan 05 19:36:41 2016
<BR><P>
<H3>Maximum Stack Usage =          0 bytes + Unknown(Cycles, Untraceable Function Pointers)</H3><H3>
Call chain for Maximum Stack Depth:</H3>

<P>
<H3>
Mutually Recursive functions
</H3> <LI><a href="#[5]">NMI_Handler</a>&nbsp;&nbsp;&nbsp;&rArr;&nbsp;&nbsp;&nbsp;<a href="#[5]">NMI_Handler</a><BR>
 <LI><a href="#[6]">HardFault_Handler</a>&nbsp;&nbsp;&nbsp;&rArr;&nbsp;&nbsp;&nbsp;<a href="#[6]">HardFault_Handler</a><BR>
 <LI><a href="#[7]">MemManage_Handler</a>&nbsp;&nbsp;&nbsp;&rArr;&nbsp;&nbsp;&nbsp;<a href="#[7]">MemManage_Handler</a><BR>
 <LI><a href="#[8]">BusFault_Handler</a>&nbsp;&nbsp;&nbsp;&rArr;&nbsp;&nbsp;&nbsp;<a href="#[8]">BusFault_Handler</a><BR>
 <LI><a href="#[9]">UsageFault_Handler</a>&nbsp;&nbsp;&nbsp;&rArr;&nbsp;&nbsp;&nbsp;<a href="#[9]">UsageFault_Handler</a><BR>
 <LI><a href="#[a]">SVC_Handler</a>&nbsp;&nbsp;&nbsp;&rArr;&nbsp;&nbsp;&nbsp;<a href="#[a]">SVC_Handler</a><BR>
 <LI><a href="#[b]">DebugMon_Handler</a>&nbsp;&nbsp;&nbsp;&rArr;&nbsp;&nbsp;&nbsp;<a href="#[b]">DebugMon_Handler</a><BR>
 <LI><a href="#[c]">PendSV_Handler</a>&nbsp;&nbsp;&nbsp;&rArr;&nbsp;&nbsp;&nbsp;<a href="#[c]">PendSV_Handler</a><BR>
 <LI><a href="#[d]">SysTick_Handler</a>&nbsp;&nbsp;&nbsp;&rArr;&nbsp;&nbsp;&nbsp;<a href="#[d]">SysTick_Handler</a><BR>
 <LI><a href="#[20]">ADC_IRQHandler</a>&nbsp;&nbsp;&nbsp;&rArr;&nbsp;&nbsp;&nbsp;<a href="#[20]">ADC_IRQHandler</a><BR>
</UL>
<P>
<H3>
Function Pointers
</H3><UL>
 <LI><a href="#[20]">ADC_IRQHandler</a> from startup_stm32f4xx.o(.text) referenced from startup_stm32f4xx.o(RESET)
 <LI><a href="#[8]">BusFault_Handler</a> from startup_stm32f4xx.o(.text) referenced from startup_stm32f4xx.o(RESET)
 <LI><a href="#[22]">CAN1_RX0_IRQHandler</a> from startup_stm32f4xx.o(.text) referenced from startup_stm32f4xx.o(RESET)
 <LI><a href="#[23]">CAN1_RX1_IRQHandler</a> from startup_stm32f4xx.o(.text) referenced from startup_stm32f4xx.o(RESET)
 <LI><a href="#[24]">CAN1_SCE_IRQHandler</a> from startup_stm32f4xx.o(.text) referenced from startup_stm32f4xx.o(RESET)
 <LI><a href="#[21]">CAN1_TX_IRQHandler</a> from startup_stm32f4xx.o(.text) referenced from startup_stm32f4xx.o(RESET)
 <LI><a href="#[4e]">CAN2_RX0_IRQHandler</a> from startup_stm32f4xx.o(.text) referenced from startup_stm32f4xx.o(RESET)
 <LI><a href="#[4f]">CAN2_RX1_IRQHandler</a> from startup_stm32f4xx.o(.text) referenced from startup_stm32f4xx.o(RESET)
 <LI><a href="#[50]">CAN2_SCE_IRQHandler</a> from startup_stm32f4xx.o(.text) referenced from startup_stm32f4xx.o(RESET)
 <LI><a href="#[4d]">CAN2_TX_IRQHandler</a> from startup_stm32f4xx.o(.text) referenced from startup_stm32f4xx.o(RESET)
 <LI><a href="#[5d]">CRYP_IRQHandler</a> from startup_stm32f4xx.o(.text) referenced from startup_stm32f4xx.o(RESET)
 <LI><a href="#[84]">CommandBinCMD</a> from Command.o(.text) referenced from Command.o(.constdata)
 <LI><a href="#[6c]">CommandDb</a> from Command.o(.text) referenced from Command.o(.constdata)
 <LI><a href="#[6a]">CommandDd</a> from Command.o(.text) referenced from Command.o(.constdata)
 <LI><a href="#[75]">CommandDispAna</a> from Command.o(.text) referenced from Command.o(.constdata)
 <LI><a href="#[76]">CommandDispBinInput</a> from Command.o(.text) referenced from Command.o(.constdata)
 <LI><a href="#[77]">CommandDispBinOutput</a> from Command.o(.text) referenced from Command.o(.constdata)
 <LI><a href="#[78]">CommandDispSelfDiagnose</a> from Command.o(.text) referenced from Command.o(.constdata)
 <LI><a href="#[79]">CommandDispSelfDiagnoseBin</a> from Command.o(.text) referenced from Command.o(.constdata)
 <LI><a href="#[73]">CommandDownload</a> from Command.o(.text) referenced from Command.o(.constdata)
 <LI><a href="#[6b]">CommandDw</a> from Command.o(.text) referenced from Command.o(.constdata)
 <LI><a href="#[74]">CommandFlashErase</a> from Command.o(.text) referenced from Command.o(.constdata)
 <LI><a href="#[83]">CommandFpgaReboot</a> from Command.o(.text) referenced from Command.o(.constdata)
 <LI><a href="#[86]">CommandHelp</a> from Command.o(.text) referenced from Command.o(.constdata)
 <LI><a href="#[7a]">CommandIDispAna</a> from Command.o(.text) referenced from Command.o(.constdata)
 <LI><a href="#[7b]">CommandIDispBinInput</a> from Command.o(.text) referenced from Command.o(.constdata)
 <LI><a href="#[7c]">CommandIDispBinOutput</a> from Command.o(.text) referenced from Command.o(.constdata)
 <LI><a href="#[7d]">CommandIDispSelfDiagnose</a> from Command.o(.text) referenced from Command.o(.constdata)
 <LI><a href="#[7e]">CommandIDispSelfDiagnoseBin</a> from Command.o(.text) referenced from Command.o(.constdata)
 <LI><a href="#[6f]">CommandIb</a> from Command.o(.text) referenced from Command.o(.constdata)
 <LI><a href="#[6d]">CommandId</a> from Command.o(.text) referenced from Command.o(.constdata)
 <LI><a href="#[6e]">CommandIw</a> from Command.o(.text) referenced from Command.o(.constdata)
 <LI><a href="#[82]">CommandLs</a> from Command.o(.text) referenced from Command.o(.constdata)
 <LI><a href="#[85]">CommandReboot</a> from Command.o(.text) referenced from Command.o(.constdata)
 <LI><a href="#[7f]">CommandSet</a> from Command.o(.text) referenced from Command.o(.constdata)
 <LI><a href="#[80]">CommandSetRedo</a> from Command.o(.text) referenced from Command.o(.constdata)
 <LI><a href="#[81]">CommandSetSave</a> from Command.o(.text) referenced from Command.o(.constdata)
 <LI><a href="#[69]">CommandTime</a> from Command.o(.text) referenced from Command.o(.constdata)
 <LI><a href="#[72]">CommandWb</a> from Command.o(.text) referenced from Command.o(.constdata)
 <LI><a href="#[70]">CommandWd</a> from Command.o(.text) referenced from Command.o(.constdata)
 <LI><a href="#[71]">CommandWw</a> from Command.o(.text) referenced from Command.o(.constdata)
 <LI><a href="#[5c]">DCMI_IRQHandler</a> from startup_stm32f4xx.o(.text) referenced from startup_stm32f4xx.o(RESET)
 <LI><a href="#[19]">DMA1_Stream0_IRQHandler</a> from startup_stm32f4xx.o(.text) referenced from startup_stm32f4xx.o(RESET)
 <LI><a href="#[1a]">DMA1_Stream1_IRQHandler</a> from startup_stm32f4xx.o(.text) referenced from startup_stm32f4xx.o(RESET)
 <LI><a href="#[1b]">DMA1_Stream2_IRQHandler</a> from startup_stm32f4xx.o(.text) referenced from startup_stm32f4xx.o(RESET)
 <LI><a href="#[1c]">DMA1_Stream3_IRQHandler</a> from startup_stm32f4xx.o(.text) referenced from startup_stm32f4xx.o(RESET)
 <LI><a href="#[1d]">DMA1_Stream4_IRQHandler</a> from startup_stm32f4xx.o(.text) referenced from startup_stm32f4xx.o(RESET)
 <LI><a href="#[1e]">DMA1_Stream5_IRQHandler</a> from startup_stm32f4xx.o(.text) referenced from startup_stm32f4xx.o(RESET)
 <LI><a href="#[1f]">DMA1_Stream6_IRQHandler</a> from startup_stm32f4xx.o(.text) referenced from startup_stm32f4xx.o(RESET)
 <LI><a href="#[3d]">DMA1_Stream7_IRQHandler</a> from startup_stm32f4xx.o(.text) referenced from startup_stm32f4xx.o(RESET)
 <LI><a href="#[46]">DMA2_Stream0_IRQHandler</a> from startup_stm32f4xx.o(.text) referenced from startup_stm32f4xx.o(RESET)
 <LI><a href="#[47]">DMA2_Stream1_IRQHandler</a> from startup_stm32f4xx.o(.text) referenced from startup_stm32f4xx.o(RESET)
 <LI><a href="#[48]">DMA2_Stream2_IRQHandler</a> from startup_stm32f4xx.o(.text) referenced from startup_stm32f4xx.o(RESET)
 <LI><a href="#[49]">DMA2_Stream3_IRQHandler</a> from startup_stm32f4xx.o(.text) referenced from startup_stm32f4xx.o(RESET)
 <LI><a href="#[4a]">DMA2_Stream4_IRQHandler</a> from startup_stm32f4xx.o(.text) referenced from startup_stm32f4xx.o(RESET)
 <LI><a href="#[52]">DMA2_Stream5_IRQHandler</a> from startup_stm32f4xx.o(.text) referenced from startup_stm32f4xx.o(RESET)
 <LI><a href="#[53]">DMA2_Stream6_IRQHandler</a> from startup_stm32f4xx.o(.text) referenced from startup_stm32f4xx.o(RESET)
 <LI><a href="#[54]">DMA2_Stream7_IRQHandler</a> from TaskServices.o(.text) referenced from startup_stm32f4xx.o(RESET)
 <LI><a href="#[b]">DebugMon_Handler</a> from startup_stm32f4xx.o(.text) referenced from startup_stm32f4xx.o(RESET)
 <LI><a href="#[4b]">ETH_IRQHandler</a> from startup_stm32f4xx.o(.text) referenced from startup_stm32f4xx.o(RESET)
 <LI><a href="#[4c]">ETH_WKUP_IRQHandler</a> from startup_stm32f4xx.o(.text) referenced from startup_stm32f4xx.o(RESET)
 <LI><a href="#[14]">EXTI0_IRQHandler</a> from startup_stm32f4xx.o(.text) referenced from startup_stm32f4xx.o(RESET)
 <LI><a href="#[36]">EXTI15_10_IRQHandler</a> from startup_stm32f4xx.o(.text) referenced from startup_stm32f4xx.o(RESET)
 <LI><a href="#[15]">EXTI1_IRQHandler</a> from startup_stm32f4xx.o(.text) referenced from startup_stm32f4xx.o(RESET)
 <LI><a href="#[16]">EXTI2_IRQHandler</a> from startup_stm32f4xx.o(.text) referenced from startup_stm32f4xx.o(RESET)
 <LI><a href="#[17]">EXTI3_IRQHandler</a> from startup_stm32f4xx.o(.text) referenced from startup_stm32f4xx.o(RESET)
 <LI><a href="#[18]">EXTI4_IRQHandler</a> from startup_stm32f4xx.o(.text) referenced from startup_stm32f4xx.o(RESET)
 <LI><a href="#[25]">EXTI9_5_IRQHandler</a> from TaskServices.o(.text) referenced from startup_stm32f4xx.o(RESET)
 <LI><a href="#[12]">FLASH_IRQHandler</a> from startup_stm32f4xx.o(.text) referenced from startup_stm32f4xx.o(RESET)
 <LI><a href="#[5f]">FPU_IRQHandler</a> from startup_stm32f4xx.o(.text) referenced from startup_stm32f4xx.o(RESET)
 <LI><a href="#[3e]">FSMC_IRQHandler</a> from startup_stm32f4xx.o(.text) referenced from startup_stm32f4xx.o(RESET)
 <LI><a href="#[5e]">HASH_RNG_IRQHandler</a> from startup_stm32f4xx.o(.text) referenced from startup_stm32f4xx.o(RESET)
 <LI><a href="#[6]">HardFault_Handler</a> from startup_stm32f4xx.o(.text) referenced from startup_stm32f4xx.o(RESET)
 <LI><a href="#[2e]">I2C1_ER_IRQHandler</a> from startup_stm32f4xx.o(.text) referenced from startup_stm32f4xx.o(RESET)
 <LI><a href="#[2d]">I2C1_EV_IRQHandler</a> from startup_stm32f4xx.o(.text) referenced from startup_stm32f4xx.o(RESET)
 <LI><a href="#[30]">I2C2_ER_IRQHandler</a> from startup_stm32f4xx.o(.text) referenced from startup_stm32f4xx.o(RESET)
 <LI><a href="#[2f]">I2C2_EV_IRQHandler</a> from startup_stm32f4xx.o(.text) referenced from startup_stm32f4xx.o(RESET)
 <LI><a href="#[57]">I2C3_ER_IRQHandler</a> from startup_stm32f4xx.o(.text) referenced from startup_stm32f4xx.o(RESET)
 <LI><a href="#[56]">I2C3_EV_IRQHandler</a> from startup_stm32f4xx.o(.text) referenced from startup_stm32f4xx.o(RESET)
 <LI><a href="#[7]">MemManage_Handler</a> from startup_stm32f4xx.o(.text) referenced from startup_stm32f4xx.o(RESET)
 <LI><a href="#[5]">NMI_Handler</a> from startup_stm32f4xx.o(.text) referenced from startup_stm32f4xx.o(RESET)
 <LI><a href="#[51]">OTG_FS_IRQHandler</a> from startup_stm32f4xx.o(.text) referenced from startup_stm32f4xx.o(RESET)
 <LI><a href="#[38]">OTG_FS_WKUP_IRQHandler</a> from startup_stm32f4xx.o(.text) referenced from startup_stm32f4xx.o(RESET)
 <LI><a href="#[59]">OTG_HS_EP1_IN_IRQHandler</a> from startup_stm32f4xx.o(.text) referenced from startup_stm32f4xx.o(RESET)
 <LI><a href="#[58]">OTG_HS_EP1_OUT_IRQHandler</a> from startup_stm32f4xx.o(.text) referenced from startup_stm32f4xx.o(RESET)
 <LI><a href="#[5b]">OTG_HS_IRQHandler</a> from startup_stm32f4xx.o(.text) referenced from startup_stm32f4xx.o(RESET)
 <LI><a href="#[5a]">OTG_HS_WKUP_IRQHandler</a> from startup_stm32f4xx.o(.text) referenced from startup_stm32f4xx.o(RESET)
 <LI><a href="#[f]">PVD_IRQHandler</a> from startup_stm32f4xx.o(.text) referenced from startup_stm32f4xx.o(RESET)
 <LI><a href="#[c]">PendSV_Handler</a> from startup_stm32f4xx.o(.text) referenced from startup_stm32f4xx.o(RESET)
 <LI><a href="#[13]">RCC_IRQHandler</a> from startup_stm32f4xx.o(.text) referenced from startup_stm32f4xx.o(RESET)
 <LI><a href="#[37]">RTC_Alarm_IRQHandler</a> from startup_stm32f4xx.o(.text) referenced from startup_stm32f4xx.o(RESET)
 <LI><a href="#[11]">RTC_WKUP_IRQHandler</a> from startup_stm32f4xx.o(.text) referenced from startup_stm32f4xx.o(RESET)
 <LI><a href="#[4]">Reset_Handler</a> from startup_stm32f4xx.o(.text) referenced from startup_stm32f4xx.o(RESET)
 <LI><a href="#[3f]">SDIO_IRQHandler</a> from startup_stm32f4xx.o(.text) referenced from startup_stm32f4xx.o(RESET)
 <LI><a href="#[31]">SPI1_IRQHandler</a> from startup_stm32f4xx.o(.text) referenced from startup_stm32f4xx.o(RESET)
 <LI><a href="#[32]">SPI2_IRQHandler</a> from startup_stm32f4xx.o(.text) referenced from startup_stm32f4xx.o(RESET)
 <LI><a href="#[41]">SPI3_IRQHandler</a> from startup_stm32f4xx.o(.text) referenced from startup_stm32f4xx.o(RESET)
 <LI><a href="#[a]">SVC_Handler</a> from startup_stm32f4xx.o(.text) referenced from startup_stm32f4xx.o(RESET)
 <LI><a href="#[d]">SysTick_Handler</a> from startup_stm32f4xx.o(.text) referenced from startup_stm32f4xx.o(RESET)
 <LI><a href="#[67]">SystemInit</a> from system_stm32f4xx.o(.text) referenced from startup_stm32f4xx.o(.text)
 <LI><a href="#[10]">TAMP_STAMP_IRQHandler</a> from startup_stm32f4xx.o(.text) referenced from startup_stm32f4xx.o(RESET)
 <LI><a href="#[26]">TIM1_BRK_TIM9_IRQHandler</a> from startup_stm32f4xx.o(.text) referenced from startup_stm32f4xx.o(RESET)
 <LI><a href="#[29]">TIM1_CC_IRQHandler</a> from startup_stm32f4xx.o(.text) referenced from startup_stm32f4xx.o(RESET)
 <LI><a href="#[28]">TIM1_TRG_COM_TIM11_IRQHandler</a> from startup_stm32f4xx.o(.text) referenced from startup_stm32f4xx.o(RESET)
 <LI><a href="#[27]">TIM1_UP_TIM10_IRQHandler</a> from startup_stm32f4xx.o(.text) referenced from startup_stm32f4xx.o(RESET)
 <LI><a href="#[2a]">TIM2_IRQHandler</a> from startup_stm32f4xx.o(.text) referenced from startup_stm32f4xx.o(RESET)
 <LI><a href="#[2b]">TIM3_IRQHandler</a> from startup_stm32f4xx.o(.text) referenced from startup_stm32f4xx.o(RESET)
 <LI><a href="#[2c]">TIM4_IRQHandler</a> from startup_stm32f4xx.o(.text) referenced from startup_stm32f4xx.o(RESET)
 <LI><a href="#[40]">TIM5_IRQHandler</a> from startup_stm32f4xx.o(.text) referenced from startup_stm32f4xx.o(RESET)
 <LI><a href="#[44]">TIM6_DAC_IRQHandler</a> from startup_stm32f4xx.o(.text) referenced from startup_stm32f4xx.o(RESET)
 <LI><a href="#[45]">TIM7_IRQHandler</a> from startup_stm32f4xx.o(.text) referenced from startup_stm32f4xx.o(RESET)
 <LI><a href="#[39]">TIM8_BRK_TIM12_IRQHandler</a> from startup_stm32f4xx.o(.text) referenced from startup_stm32f4xx.o(RESET)
 <LI><a href="#[3c]">TIM8_CC_IRQHandler</a> from startup_stm32f4xx.o(.text) referenced from startup_stm32f4xx.o(RESET)
 <LI><a href="#[3b]">TIM8_TRG_COM_TIM14_IRQHandler</a> from TaskServices.o(.text) referenced from startup_stm32f4xx.o(RESET)
 <LI><a href="#[3a]">TIM8_UP_TIM13_IRQHandler</a> from startup_stm32f4xx.o(.text) referenced from startup_stm32f4xx.o(RESET)
 <LI><a href="#[42]">UART4_IRQHandler</a> from startup_stm32f4xx.o(.text) referenced from startup_stm32f4xx.o(RESET)
 <LI><a href="#[43]">UART5_IRQHandler</a> from startup_stm32f4xx.o(.text) referenced from startup_stm32f4xx.o(RESET)
 <LI><a href="#[33]">USART1_IRQHandler</a> from startup_stm32f4xx.o(.text) referenced from startup_stm32f4xx.o(RESET)
 <LI><a href="#[34]">USART2_IRQHandler</a> from startup_stm32f4xx.o(.text) referenced from startup_stm32f4xx.o(RESET)
 <LI><a href="#[35]">USART3_IRQHandler</a> from startup_stm32f4xx.o(.text) referenced from startup_stm32f4xx.o(RESET)
 <LI><a href="#[55]">USART6_IRQHandler</a> from TaskServices.o(.text) referenced from startup_stm32f4xx.o(RESET)
 <LI><a href="#[87]">Ucs4ToGb2312</a> from Gb2312.o(.text) referenced from IconvData.o(.constdata)
 <LI><a href="#[89]">Ucs4ToKoi8_r</a> from Koi8_r.o(.text) referenced from IconvData.o(.constdata)
 <LI><a href="#[88]">Ucs4ToKoi8_u</a> from Koi8_u.o(.text) referenced from IconvData.o(.constdata)
 <LI><a href="#[8b]">Ucs4ToWindows1251</a> from Windows1251.o(.text) referenced from IconvData.o(.constdata)
 <LI><a href="#[8a]">Ucs4ToWindows2512</a> from Windows2512.o(.text) referenced from IconvData.o(.constdata)
 <LI><a href="#[9]">UsageFault_Handler</a> from startup_stm32f4xx.o(.text) referenced from startup_stm32f4xx.o(RESET)
 <LI><a href="#[e]">WWDG_IRQHandler</a> from startup_stm32f4xx.o(.text) referenced from startup_stm32f4xx.o(RESET)
 <LI><a href="#[8c]">__main</a> from __main.o(!!!main) referenced from startup_stm32f4xx.o(.text)
 <LI><a href="#[61]">_get_lc_ctype</a> from lc_ctype_c.o(locale$$code) referenced from rt_ctype_table.o(.text)
 <LI><a href="#[62]">_printf_input_char</a> from _printf_char_common.o(.text) referenced from _printf_char_common.o(.text)
 <LI><a href="#[65]">_sbackspace</a> from _sgetc.o(.text) referenced from strtod.o(.text)
 <LI><a href="#[64]">_sgetc</a> from _sgetc.o(.text) referenced from strtod.o(.text)
 <LI><a href="#[60]">_snputc</a> from _snputc.o(.text) referenced from noretval__2snprintf.o(.text)
 <LI><a href="#[63]">fputc</a> from Debug.o(.text) referenced from _printf_char_file.o(.text)
 <LI><a href="#[66]">isspace</a> from isspace.o(.text) referenced from strtod.o(.text)
</UL>
<P>
<H3>
Global Symbols
</H3>
<P><STRONG><a name="[8c]"></a>__main</STRONG> (Thumb, 8 bytes, Stack size 0 bytes, __main.o(!!!main))
<BR><BR>[Calls]<UL><LI><a href="#[8e]">&gt;&gt;</a>&nbsp;&nbsp;&nbsp;__rt_entry
<LI><a href="#[8d]">&gt;&gt;</a>&nbsp;&nbsp;&nbsp;__scatterload
</UL>

<P><STRONG><a name="[8d]"></a>__scatterload</STRONG> (Thumb, 0 bytes, Stack size 0 bytes, __scatter.o(!!!scatter))
<BR><BR>[Called By]<UL><LI><a href="#[8c]">&gt;&gt;</a>&nbsp;&nbsp;&nbsp;__main
</UL>

<P><STRONG><a name="[8f]"></a>__scatterload_rt2</STRONG> (Thumb, 44 bytes, Stack size 0 bytes, __scatter.o(!!!scatter), UNUSED)
<BR><BR>[Calls]<UL><LI><a href="#[8e]">&gt;&gt;</a>&nbsp;&nbsp;&nbsp;__rt_entry
</UL>

<P><STRONG><a name="[90]"></a>__scatterload_copy</STRONG> (Thumb, 26 bytes, Stack size 0 bytes, __scatter_copy.o(!!handler_copy), UNUSED)
<BR><BR>[Calls]<UL><LI><a href="#[90]">&gt;&gt;</a>&nbsp;&nbsp;&nbsp;__scatterload_copy
</UL>
<BR>[Called By]<UL><LI><a href="#[90]">&gt;&gt;</a>&nbsp;&nbsp;&nbsp;__scatterload_copy
</UL>

<P><STRONG><a name="[91]"></a>_printf_f</STRONG> (Thumb, 0 bytes, Stack size 0 bytes, _printf_f.o(.ARM.Collect$$_printf_percent$$00000003))
<BR><BR>[Calls]<UL><LI><a href="#[92]">&gt;&gt;</a>&nbsp;&nbsp;&nbsp;_printf_fp_dec
</UL>

<P><STRONG><a name="[12b]"></a>_printf_percent</STRONG> (Thumb, 0 bytes, Stack size 0 bytes, _printf_percent.o(.ARM.Collect$$_printf_percent$$00000000))
<BR><BR>[Called By]<UL><LI><a href="#[129]">&gt;&gt;</a>&nbsp;&nbsp;&nbsp;__printf
</UL>

<P><STRONG><a name="[93]"></a>_printf_d</STRONG> (Thumb, 0 bytes, Stack size 0 bytes, _printf_d.o(.ARM.Collect$$_printf_percent$$00000009))
<BR><BR>[Calls]<UL><LI><a href="#[94]">&gt;&gt;</a>&nbsp;&nbsp;&nbsp;_printf_int_dec
</UL>

<P><STRONG><a name="[95]"></a>_printf_u</STRONG> (Thumb, 0 bytes, Stack size 0 bytes, _printf_u.o(.ARM.Collect$$_printf_percent$$0000000A))
<BR><BR>[Calls]<UL><LI><a href="#[94]">&gt;&gt;</a>&nbsp;&nbsp;&nbsp;_printf_int_dec
</UL>

<P><STRONG><a name="[96]"></a>_printf_x</STRONG> (Thumb, 0 bytes, Stack size 0 bytes, _printf_x.o(.ARM.Collect$$_printf_percent$$0000000C))
<BR><BR>[Calls]<UL><LI><a href="#[97]">&gt;&gt;</a>&nbsp;&nbsp;&nbsp;_printf_int_hex
</UL>

<P><STRONG><a name="[98]"></a>_printf_c</STRONG> (Thumb, 0 bytes, Stack size 0 bytes, _printf_c.o(.ARM.Collect$$_printf_percent$$00000013))
<BR><BR>[Calls]<UL><LI><a href="#[99]">&gt;&gt;</a>&nbsp;&nbsp;&nbsp;_printf_char
</UL>

<P><STRONG><a name="[9a]"></a>_printf_s</STRONG> (Thumb, 0 bytes, Stack size 0 bytes, _printf_s.o(.ARM.Collect$$_printf_percent$$00000014))
<BR><BR>[Calls]<UL><LI><a href="#[9b]">&gt;&gt;</a>&nbsp;&nbsp;&nbsp;_printf_string
</UL>

<P><STRONG><a name="[a6]"></a>__rt_lib_init</STRONG> (Thumb, 0 bytes, Stack size 0 bytes, libinit.o(.ARM.Collect$$libinit$$00000000))
<BR><BR>[Called By]<UL><LI><a href="#[a5]">&gt;&gt;</a>&nbsp;&nbsp;&nbsp;__rt_entry_li
</UL>

<P><STRONG><a name="[9c]"></a>__rt_lib_init_fp_1</STRONG> (Thumb, 0 bytes, Stack size 0 bytes, libinit2.o(.ARM.Collect$$libinit$$00000001))
<BR><BR>[Calls]<UL><LI><a href="#[9d]">&gt;&gt;</a>&nbsp;&nbsp;&nbsp;_fp_init
</UL>

<P><STRONG><a name="[9e]"></a>__rt_lib_init_lc_common</STRONG> (Thumb, 0 bytes, Stack size 0 bytes, libinit2.o(.ARM.Collect$$libinit$$0000000D))
<BR><BR>[Calls]<UL><LI><a href="#[9f]">&gt;&gt;</a>&nbsp;&nbsp;&nbsp;__rt_locale
</UL>

<P><STRONG><a name="[a0]"></a>__rt_lib_init_lc_ctype_2</STRONG> (Thumb, 0 bytes, Stack size 0 bytes, libinit2.o(.ARM.Collect$$libinit$$00000010))
<BR><BR>[Calls]<UL><LI><a href="#[61]">&gt;&gt;</a>&nbsp;&nbsp;&nbsp;_get_lc_ctype
</UL>

<P><STRONG><a name="[a1]"></a>__rt_lib_init_lc_numeric_2</STRONG> (Thumb, 0 bytes, Stack size 0 bytes, libinit2.o(.ARM.Collect$$libinit$$00000014))
<BR><BR>[Calls]<UL><LI><a href="#[a2]">&gt;&gt;</a>&nbsp;&nbsp;&nbsp;_get_lc_numeric
</UL>

<P><STRONG><a name="[ab]"></a>__rt_lib_shutdown</STRONG> (Thumb, 0 bytes, Stack size 0 bytes, libshutdown.o(.ARM.Collect$$libshutdown$$00000000))
<BR><BR>[Called By]<UL><LI><a href="#[aa]">&gt;&gt;</a>&nbsp;&nbsp;&nbsp;__rt_exit_ls
</UL>

<P><STRONG><a name="[8e]"></a>__rt_entry</STRONG> (Thumb, 0 bytes, Stack size 0 bytes, rtentry.o(.ARM.Collect$$rtentry$$00000000))
<BR><BR>[Called By]<UL><LI><a href="#[8c]">&gt;&gt;</a>&nbsp;&nbsp;&nbsp;__main
<LI><a href="#[8f]">&gt;&gt;</a>&nbsp;&nbsp;&nbsp;__scatterload_rt2
</UL>

<P><STRONG><a name="[a3]"></a>__rt_entry_sh</STRONG> (Thumb, 0 bytes, Stack size 0 bytes, rtentry4.o(.ARM.Collect$$rtentry$$00000004))
<BR><BR>[Calls]<UL><LI><a href="#[a4]">&gt;&gt;</a>&nbsp;&nbsp;&nbsp;__user_setup_stackheap
</UL>

<P><STRONG><a name="[a5]"></a>__rt_entry_li</STRONG> (Thumb, 0 bytes, Stack size 0 bytes, rtentry2.o(.ARM.Collect$$rtentry$$0000000A))
<BR><BR>[Calls]<UL><LI><a href="#[a6]">&gt;&gt;</a>&nbsp;&nbsp;&nbsp;__rt_lib_init
</UL>

<P><STRONG><a name="[a7]"></a>__rt_entry_main</STRONG> (Thumb, 0 bytes, Stack size 0 bytes, rtentry2.o(.ARM.Collect$$rtentry$$0000000D))
<BR><BR>[Calls]<UL><LI><a href="#[a8]">&gt;&gt;</a>&nbsp;&nbsp;&nbsp;main
<LI><a href="#[a9]">&gt;&gt;</a>&nbsp;&nbsp;&nbsp;exit
</UL>

<P><STRONG><a name="[14d]"></a>__rt_exit</STRONG> (Thumb, 0 bytes, Stack size 0 bytes, rtexit.o(.ARM.Collect$$rtexit$$00000000))
<BR><BR>[Called By]<UL><LI><a href="#[a9]">&gt;&gt;</a>&nbsp;&nbsp;&nbsp;exit
</UL>

<P><STRONG><a name="[aa]"></a>__rt_exit_ls</STRONG> (Thumb, 0 bytes, Stack size 0 bytes, rtexit2.o(.ARM.Collect$$rtexit$$00000003))
<BR><BR>[Calls]<UL><LI><a href="#[ab]">&gt;&gt;</a>&nbsp;&nbsp;&nbsp;__rt_lib_shutdown
</UL>

<P><STRONG><a name="[ac]"></a>__rt_exit_exit</STRONG> (Thumb, 0 bytes, Stack size 0 bytes, rtexit2.o(.ARM.Collect$$rtexit$$00000004))
<BR><BR>[Calls]<UL><LI><a href="#[ad]">&gt;&gt;</a>&nbsp;&nbsp;&nbsp;_sys_exit
</UL>

<P><STRONG><a name="[a8]"></a>main</STRONG> (Thumb, 16 bytes, Stack size 0 bytes, main.o(.text))
<BR><BR>[Calls]<UL><LI><a href="#[ae]">&gt;&gt;</a>&nbsp;&nbsp;&nbsp;Startup
</UL>
<BR>[Called By]<UL><LI><a href="#[a7]">&gt;&gt;</a>&nbsp;&nbsp;&nbsp;__rt_entry_main
</UL>

<P><STRONG><a name="[af]"></a>NewApp</STRONG> (Thumb, 30 bytes, Stack size 0 bytes, app.o(.text))
<BR><BR>[Calls]<UL><LI><a href="#[b1]">&gt;&gt;</a>&nbsp;&nbsp;&nbsp;__2printf
<LI><a href="#[b0]">&gt;&gt;</a>&nbsp;&nbsp;&nbsp;NewUserApp
</UL>
<BR>[Called By]<UL><LI><a href="#[ae]">&gt;&gt;</a>&nbsp;&nbsp;&nbsp;Startup
</UL>

<P><STRONG><a name="[b2]"></a>AppInitial</STRONG> (Thumb, 30 bytes, Stack size 0 bytes, app.o(.text))
<BR><BR>[Calls]<UL><LI><a href="#[b1]">&gt;&gt;</a>&nbsp;&nbsp;&nbsp;__2printf
<LI><a href="#[b3]">&gt;&gt;</a>&nbsp;&nbsp;&nbsp;UserAppInitial
</UL>
<BR>[Called By]<UL><LI><a href="#[ae]">&gt;&gt;</a>&nbsp;&nbsp;&nbsp;Startup
</UL>

<P><STRONG><a name="[10b]"></a>FLASH_Unlock</STRONG> (Thumb, 24 bytes, Stack size 0 bytes, stm32f4xx_flash.o(.text))
<BR><BR>[Called By]<UL><LI><a href="#[100]">&gt;&gt;</a>&nbsp;&nbsp;&nbsp;StorageWrite
<LI><a href="#[ff]">&gt;&gt;</a>&nbsp;&nbsp;&nbsp;StorageErase
</UL>

<P><STRONG><a name="[10d]"></a>FLASH_Lock</STRONG> (Thumb, 12 bytes, Stack size 0 bytes, stm32f4xx_flash.o(.text))
<BR><BR>[Called By]<UL><LI><a href="#[100]">&gt;&gt;</a>&nbsp;&nbsp;&nbsp;StorageWrite
<LI><a href="#[ff]">&gt;&gt;</a>&nbsp;&nbsp;&nbsp;StorageErase
</UL>

<P><STRONG><a name="[b5]"></a>FLASH_WaitForLastOperation</STRONG> (Thumb, 88 bytes, Stack size 0 bytes, stm32f4xx_flash.o(.text))
<BR><BR>[Called By]<UL><LI><a href="#[be]">&gt;&gt;</a>&nbsp;&nbsp;&nbsp;FLASH_OB_Launch
<LI><a href="#[bd]">&gt;&gt;</a>&nbsp;&nbsp;&nbsp;FLASH_OB_UserConfig
<LI><a href="#[bc]">&gt;&gt;</a>&nbsp;&nbsp;&nbsp;FLASH_OB_RDPConfig
<LI><a href="#[bb]">&gt;&gt;</a>&nbsp;&nbsp;&nbsp;FLASH_OB_WRPConfig
<LI><a href="#[ba]">&gt;&gt;</a>&nbsp;&nbsp;&nbsp;FLASH_ProgramByte
<LI><a href="#[b9]">&gt;&gt;</a>&nbsp;&nbsp;&nbsp;FLASH_ProgramHalfWord
<LI><a href="#[b8]">&gt;&gt;</a>&nbsp;&nbsp;&nbsp;FLASH_ProgramWord
<LI><a href="#[b7]">&gt;&gt;</a>&nbsp;&nbsp;&nbsp;FLASH_ProgramDoubleWord
<LI><a href="#[b6]">&gt;&gt;</a>&nbsp;&nbsp;&nbsp;FLASH_EraseAllSectors
<LI><a href="#[b4]">&gt;&gt;</a>&nbsp;&nbsp;&nbsp;FLASH_EraseSector
</UL>

<P><STRONG><a name="[b4]"></a>FLASH_EraseSector</STRONG> (Thumb, 108 bytes, Stack size 0 bytes, stm32f4xx_flash.o(.text))
<BR><BR>[Calls]<UL><LI><a href="#[b5]">&gt;&gt;</a>&nbsp;&nbsp;&nbsp;FLASH_WaitForLastOperation
</UL>
<BR>[Called By]<UL><LI><a href="#[ff]">&gt;&gt;</a>&nbsp;&nbsp;&nbsp;StorageErase
</UL>

<P><STRONG><a name="[b6]"></a>FLASH_EraseAllSectors</STRONG> (Thumb, 90 bytes, Stack size 0 bytes, stm32f4xx_flash.o(.text), UNUSED)
<BR><BR>[Calls]<UL><LI><a href="#[b5]">&gt;&gt;</a>&nbsp;&nbsp;&nbsp;FLASH_WaitForLastOperation
</UL>

<P><STRONG><a name="[b7]"></a>FLASH_ProgramDoubleWord</STRONG> (Thumb, 78 bytes, Stack size 0 bytes, stm32f4xx_flash.o(.text), UNUSED)
<BR><BR>[Calls]<UL><LI><a href="#[b5]">&gt;&gt;</a>&nbsp;&nbsp;&nbsp;FLASH_WaitForLastOperation
</UL>

<P><STRONG><a name="[b8]"></a>FLASH_ProgramWord</STRONG> (Thumb, 60 bytes, Stack size 0 bytes, stm32f4xx_flash.o(.text))
<BR><BR>[Calls]<UL><LI><a href="#[b5]">&gt;&gt;</a>&nbsp;&nbsp;&nbsp;FLASH_WaitForLastOperation
</UL>
<BR>[Called By]<UL><LI><a href="#[100]">&gt;&gt;</a>&nbsp;&nbsp;&nbsp;StorageWrite
</UL>

<P><STRONG><a name="[b9]"></a>FLASH_ProgramHalfWord</STRONG> (Thumb, 60 bytes, Stack size 0 bytes, stm32f4xx_flash.o(.text))
<BR><BR>[Calls]<UL><LI><a href="#[b5]">&gt;&gt;</a>&nbsp;&nbsp;&nbsp;FLASH_WaitForLastOperation
</UL>
<BR>[Called By]<UL><LI><a href="#[100]">&gt;&gt;</a>&nbsp;&nbsp;&nbsp;StorageWrite
</UL>

<P><STRONG><a name="[ba]"></a>FLASH_ProgramByte</STRONG> (Thumb, 56 bytes, Stack size 0 bytes, stm32f4xx_flash.o(.text))
<BR><BR>[Calls]<UL><LI><a href="#[b5]">&gt;&gt;</a>&nbsp;&nbsp;&nbsp;FLASH_WaitForLastOperation
</UL>
<BR>[Called By]<UL><LI><a href="#[100]">&gt;&gt;</a>&nbsp;&nbsp;&nbsp;StorageWrite
</UL>

<P><STRONG><a name="[bb]"></a>FLASH_OB_WRPConfig</STRONG> (Thumb, 34 bytes, Stack size 0 bytes, stm32f4xx_flash.o(.text), UNUSED)
<BR><BR>[Calls]<UL><LI><a href="#[b5]">&gt;&gt;</a>&nbsp;&nbsp;&nbsp;FLASH_WaitForLastOperation
</UL>

<P><STRONG><a name="[bc]"></a>FLASH_OB_RDPConfig</STRONG> (Thumb, 18 bytes, Stack size 0 bytes, stm32f4xx_flash.o(.text), UNUSED)
<BR><BR>[Calls]<UL><LI><a href="#[b5]">&gt;&gt;</a>&nbsp;&nbsp;&nbsp;FLASH_WaitForLastOperation
</UL>

<P><STRONG><a name="[bd]"></a>FLASH_OB_UserConfig</STRONG> (Thumb, 38 bytes, Stack size 0 bytes, stm32f4xx_flash.o(.text), UNUSED)
<BR><BR>[Calls]<UL><LI><a href="#[b5]">&gt;&gt;</a>&nbsp;&nbsp;&nbsp;FLASH_WaitForLastOperation
</UL>

<P><STRONG><a name="[be]"></a>FLASH_OB_Launch</STRONG> (Thumb, 12 bytes, Stack size 0 bytes, stm32f4xx_flash.o(.text), UNUSED)
<BR><BR>[Calls]<UL><LI><a href="#[b5]">&gt;&gt;</a>&nbsp;&nbsp;&nbsp;FLASH_WaitForLastOperation
</UL>

<P><STRONG><a name="[10c]"></a>FLASH_ClearFlag</STRONG> (Thumb, 6 bytes, Stack size 0 bytes, stm32f4xx_flash.o(.text))
<BR><BR>[Called By]<UL><LI><a href="#[100]">&gt;&gt;</a>&nbsp;&nbsp;&nbsp;StorageWrite
<LI><a href="#[ff]">&gt;&gt;</a>&nbsp;&nbsp;&nbsp;StorageErase
</UL>

<P><STRONG><a name="[b0]"></a>NewUserApp</STRONG> (Thumb, 30 bytes, Stack size 0 bytes, userapp.o(.text))
<BR><BR>[Calls]<UL><LI><a href="#[b1]">&gt;&gt;</a>&nbsp;&nbsp;&nbsp;__2printf
<LI><a href="#[bf]">&gt;&gt;</a>&nbsp;&nbsp;&nbsp;NewUart
</UL>
<BR>[Called By]<UL><LI><a href="#[af]">&gt;&gt;</a>&nbsp;&nbsp;&nbsp;NewApp
</UL>

<P><STRONG><a name="[b3]"></a>UserAppInitial</STRONG> (Thumb, 30 bytes, Stack size 0 bytes, userapp.o(.text))
<BR><BR>[Calls]<UL><LI><a href="#[b1]">&gt;&gt;</a>&nbsp;&nbsp;&nbsp;__2printf
<LI><a href="#[c0]">&gt;&gt;</a>&nbsp;&nbsp;&nbsp;UARTInitial
</UL>
<BR>[Called By]<UL><LI><a href="#[b2]">&gt;&gt;</a>&nbsp;&nbsp;&nbsp;AppInitial
</UL>

<P><STRONG><a name="[f0]"></a>FeedWatchdog</STRONG> (Thumb, 26 bytes, Stack size 0 bytes, userapp.o(.text))
<BR><BR>[Called By]<UL><LI><a href="#[3b]">&gt;&gt;</a>&nbsp;&nbsp;&nbsp;TIM8_TRG_COM_TIM14_IRQHandler
<LI><a href="#[25]">&gt;&gt;</a>&nbsp;&nbsp;&nbsp;EXTI9_5_IRQHandler
</UL>

<P><STRONG><a name="[ef]"></a>SystemReboot</STRONG> (Thumb, 12 bytes, Stack size 0 bytes, userapp.o(.text))
<BR><BR>[Called By]<UL><LI><a href="#[7f]">&gt;&gt;</a>&nbsp;&nbsp;&nbsp;CommandSet
<LI><a href="#[85]">&gt;&gt;</a>&nbsp;&nbsp;&nbsp;CommandReboot
<LI><a href="#[e7]">&gt;&gt;</a>&nbsp;&nbsp;&nbsp;ParseDevConfig
</UL>

<P><STRONG><a name="[c1]"></a>UserAppSettingHandle</STRONG> (Thumb, 30 bytes, Stack size 0 bytes, userapp.o(.text))
<BR><BR>[Calls]<UL><LI><a href="#[b1]">&gt;&gt;</a>&nbsp;&nbsp;&nbsp;__2printf
<LI><a href="#[c2]">&gt;&gt;</a>&nbsp;&nbsp;&nbsp;UARTSettingHandle
</UL>
<BR>[Called By]<UL><LI><a href="#[80]">&gt;&gt;</a>&nbsp;&nbsp;&nbsp;CommandSetRedo
<LI><a href="#[7f]">&gt;&gt;</a>&nbsp;&nbsp;&nbsp;CommandSet
<LI><a href="#[110]">&gt;&gt;</a>&nbsp;&nbsp;&nbsp;ModbusWriteSettings
</UL>

<P><STRONG><a name="[c3]"></a>UserAppTask0Service</STRONG> (Thumb, 26 bytes, Stack size 0 bytes, userapp.o(.text))
<BR><BR>[Calls]<UL><LI><a href="#[c4]">&gt;&gt;</a>&nbsp;&nbsp;&nbsp;UartTask0Service
<LI><a href="#[c5]">&gt;&gt;</a>&nbsp;&nbsp;&nbsp;DisplayTask0Service
</UL>
<BR>[Called By]<UL><LI><a href="#[25]">&gt;&gt;</a>&nbsp;&nbsp;&nbsp;EXTI9_5_IRQHandler
</UL>

<P><STRONG><a name="[c6]"></a>UserAppTask1Service</STRONG> (Thumb, 24 bytes, Stack size 0 bytes, userapp.o(.text))
<BR><BR>[Calls]<UL><LI><a href="#[c8]">&gt;&gt;</a>&nbsp;&nbsp;&nbsp;UartTask1Service
<LI><a href="#[c7]">&gt;&gt;</a>&nbsp;&nbsp;&nbsp;DisplayTask1Service
</UL>
<BR>[Called By]<UL><LI><a href="#[55]">&gt;&gt;</a>&nbsp;&nbsp;&nbsp;USART6_IRQHandler
</UL>

<P><STRONG><a name="[c5]"></a>DisplayTask0Service</STRONG> (Thumb, 166 bytes, Stack size 0 bytes, display.o(.text))
<BR><BR>[Called By]<UL><LI><a href="#[c3]">&gt;&gt;</a>&nbsp;&nbsp;&nbsp;UserAppTask0Service
</UL>

<P><STRONG><a name="[c7]"></a>DisplayTask1Service</STRONG> (Thumb, 604 bytes, Stack size 0 bytes, display.o(.text))
<BR><BR>[Calls]<UL><LI><a href="#[cc]">&gt;&gt;</a>&nbsp;&nbsp;&nbsp;__2snprintf
<LI><a href="#[ce]">&gt;&gt;</a>&nbsp;&nbsp;&nbsp;RtcRead
<LI><a href="#[cd]">&gt;&gt;</a>&nbsp;&nbsp;&nbsp;LcdDispText
<LI><a href="#[cb]">&gt;&gt;</a>&nbsp;&nbsp;&nbsp;LcdClr
<LI><a href="#[c9]">&gt;&gt;</a>&nbsp;&nbsp;&nbsp;DisplayRectangle
</UL>
<BR>[Called By]<UL><LI><a href="#[c6]">&gt;&gt;</a>&nbsp;&nbsp;&nbsp;UserAppTask1Service
</UL>

<P><STRONG><a name="[cf]"></a>MallocLowSpeedMem</STRONG> (Thumb, 168 bytes, Stack size 0 bytes, SystemBase.o(.text))
<BR><BR>[Calls]<UL><LI><a href="#[b1]">&gt;&gt;</a>&nbsp;&nbsp;&nbsp;__2printf
</UL>
<BR>[Called By]<UL><LI><a href="#[84]">&gt;&gt;</a>&nbsp;&nbsp;&nbsp;CommandBinCMD
<LI><a href="#[73]">&gt;&gt;</a>&nbsp;&nbsp;&nbsp;CommandDownload
<LI><a href="#[6f]">&gt;&gt;</a>&nbsp;&nbsp;&nbsp;CommandIb
<LI><a href="#[6e]">&gt;&gt;</a>&nbsp;&nbsp;&nbsp;CommandIw
<LI><a href="#[6d]">&gt;&gt;</a>&nbsp;&nbsp;&nbsp;CommandId
<LI><a href="#[6c]">&gt;&gt;</a>&nbsp;&nbsp;&nbsp;CommandDb
<LI><a href="#[6b]">&gt;&gt;</a>&nbsp;&nbsp;&nbsp;CommandDw
<LI><a href="#[6a]">&gt;&gt;</a>&nbsp;&nbsp;&nbsp;CommandDd
<LI><a href="#[f6]">&gt;&gt;</a>&nbsp;&nbsp;&nbsp;HmiService
<LI><a href="#[f5]">&gt;&gt;</a>&nbsp;&nbsp;&nbsp;HardwareInitial
<LI><a href="#[e7]">&gt;&gt;</a>&nbsp;&nbsp;&nbsp;ParseDevConfig
<LI><a href="#[d0]">&gt;&gt;</a>&nbsp;&nbsp;&nbsp;SystemBaseInitial
<LI><a href="#[e6]">&gt;&gt;</a>&nbsp;&nbsp;&nbsp;ParseAnalogGroup
<LI><a href="#[de]">&gt;&gt;</a>&nbsp;&nbsp;&nbsp;ParseBinaryGroup
<LI><a href="#[bf]">&gt;&gt;</a>&nbsp;&nbsp;&nbsp;NewUart
</UL>

<P><STRONG><a name="[d0]"></a>SystemBaseInitial</STRONG> (Thumb, 46 bytes, Stack size 0 bytes, SystemBase.o(.text))
<BR><BR>[Calls]<UL><LI><a href="#[b1]">&gt;&gt;</a>&nbsp;&nbsp;&nbsp;__2printf
<LI><a href="#[cf]">&gt;&gt;</a>&nbsp;&nbsp;&nbsp;MallocLowSpeedMem
</UL>
<BR>[Called By]<UL><LI><a href="#[f5]">&gt;&gt;</a>&nbsp;&nbsp;&nbsp;HardwareInitial
</UL>

<P><STRONG><a name="[d1]"></a>DefaultCrcCal</STRONG> (Thumb, 56 bytes, Stack size 0 bytes, SystemBase.o(.text))
<BR><BR>[Calls]<UL><LI><a href="#[b1]">&gt;&gt;</a>&nbsp;&nbsp;&nbsp;__2printf
</UL>
<BR>[Called By]<UL><LI><a href="#[84]">&gt;&gt;</a>&nbsp;&nbsp;&nbsp;CommandBinCMD
<LI><a href="#[82]">&gt;&gt;</a>&nbsp;&nbsp;&nbsp;CommandLs
<LI><a href="#[73]">&gt;&gt;</a>&nbsp;&nbsp;&nbsp;CommandDownload
<LI><a href="#[114]">&gt;&gt;</a>&nbsp;&nbsp;&nbsp;ModusSendExceptionFrame
<LI><a href="#[113]">&gt;&gt;</a>&nbsp;&nbsp;&nbsp;ModbusAppProc
<LI><a href="#[f3]">&gt;&gt;</a>&nbsp;&nbsp;&nbsp;ModbusFrameProc
<LI><a href="#[dd]">&gt;&gt;</a>&nbsp;&nbsp;&nbsp;CfgCrcCal
<LI><a href="#[ed]">&gt;&gt;</a>&nbsp;&nbsp;&nbsp;SettingWriteToFlash
<LI><a href="#[ec]">&gt;&gt;</a>&nbsp;&nbsp;&nbsp;SettingReadFromFlash
</UL>

<P><STRONG><a name="[db]"></a>GetTimerCurrentCnt</STRONG> (Thumb, 8 bytes, Stack size 0 bytes, SystemBase.o(.text))
<BR><BR>[Called By]<UL><LI><a href="#[54]">&gt;&gt;</a>&nbsp;&nbsp;&nbsp;DMA2_Stream7_IRQHandler
<LI><a href="#[55]">&gt;&gt;</a>&nbsp;&nbsp;&nbsp;USART6_IRQHandler
<LI><a href="#[25]">&gt;&gt;</a>&nbsp;&nbsp;&nbsp;EXTI9_5_IRQHandler
<LI><a href="#[da]">&gt;&gt;</a>&nbsp;&nbsp;&nbsp;Task0NormalDefaultServices
<LI><a href="#[c8]">&gt;&gt;</a>&nbsp;&nbsp;&nbsp;UartTask1Service
</UL>

<P><STRONG><a name="[f1]"></a>CalcTimeDiffToNow</STRONG> (Thumb, 22 bytes, Stack size 0 bytes, SystemBase.o(.text))
<BR><BR>[Called By]<UL><LI><a href="#[54]">&gt;&gt;</a>&nbsp;&nbsp;&nbsp;DMA2_Stream7_IRQHandler
<LI><a href="#[55]">&gt;&gt;</a>&nbsp;&nbsp;&nbsp;USART6_IRQHandler
<LI><a href="#[25]">&gt;&gt;</a>&nbsp;&nbsp;&nbsp;EXTI9_5_IRQHandler
<LI><a href="#[c8]">&gt;&gt;</a>&nbsp;&nbsp;&nbsp;UartTask1Service
</UL>

<P><STRONG><a name="[f8]"></a>WaitNS</STRONG> (Thumb, 38 bytes, Stack size 0 bytes, SystemBase.o(.text))
<BR><BR>[Called By]<UL><LI><a href="#[fb]">&gt;&gt;</a>&nbsp;&nbsp;&nbsp;RtcWrite
<LI><a href="#[fa]">&gt;&gt;</a>&nbsp;&nbsp;&nbsp;LcdDispMemWrite
<LI><a href="#[f7]">&gt;&gt;</a>&nbsp;&nbsp;&nbsp;LcdWrCmd
<LI><a href="#[ce]">&gt;&gt;</a>&nbsp;&nbsp;&nbsp;RtcRead
<LI><a href="#[cb]">&gt;&gt;</a>&nbsp;&nbsp;&nbsp;LcdClr
</UL>

<P><STRONG><a name="[d3]"></a>WaitUS</STRONG> (Thumb, 26 bytes, Stack size 0 bytes, SystemBase.o(.text))
<BR><BR>[Called By]<UL><LI><a href="#[117]">&gt;&gt;</a>&nbsp;&nbsp;&nbsp;DebugSendByteWithDelay
<LI><a href="#[10e]">&gt;&gt;</a>&nbsp;&nbsp;&nbsp;SpiFlashErase
<LI><a href="#[f9]">&gt;&gt;</a>&nbsp;&nbsp;&nbsp;LcdControllerInitial
<LI><a href="#[d4]">&gt;&gt;</a>&nbsp;&nbsp;&nbsp;WaitS
<LI><a href="#[d2]">&gt;&gt;</a>&nbsp;&nbsp;&nbsp;WaitMS
</UL>

<P><STRONG><a name="[d2]"></a>WaitMS</STRONG> (Thumb, 28 bytes, Stack size 0 bytes, SystemBase.o(.text))
<BR><BR>[Calls]<UL><LI><a href="#[d3]">&gt;&gt;</a>&nbsp;&nbsp;&nbsp;WaitUS
</UL>
<BR>[Called By]<UL><LI><a href="#[73]">&gt;&gt;</a>&nbsp;&nbsp;&nbsp;CommandDownload
<LI><a href="#[83]">&gt;&gt;</a>&nbsp;&nbsp;&nbsp;CommandFpgaReboot
<LI><a href="#[f9]">&gt;&gt;</a>&nbsp;&nbsp;&nbsp;LcdControllerInitial
<LI><a href="#[f4]">&gt;&gt;</a>&nbsp;&nbsp;&nbsp;UARTSettingHandleLocal
<LI><a href="#[e7]">&gt;&gt;</a>&nbsp;&nbsp;&nbsp;ParseDevConfig
</UL>

<P><STRONG><a name="[d4]"></a>WaitS</STRONG> (Thumb, 28 bytes, Stack size 0 bytes, SystemBase.o(.text), UNUSED)
<BR><BR>[Calls]<UL><LI><a href="#[d3]">&gt;&gt;</a>&nbsp;&nbsp;&nbsp;WaitUS
</UL>

<P><STRONG><a name="[d9]"></a>DelayLoop</STRONG> (Thumb, 18 bytes, Stack size 0 bytes, SystemBase.o(.text), UNUSED)
<BR><BR>[Called By]<UL><LI><a href="#[d8]">&gt;&gt;</a>&nbsp;&nbsp;&nbsp;FpgaSlaveSerialOutput
</UL>

<P><STRONG><a name="[d5]"></a>CallocLowSpeedMem</STRONG> (Thumb, 166 bytes, Stack size 0 bytes, SystemBase.o(.text))
<BR><BR>[Calls]<UL><LI><a href="#[d6]">&gt;&gt;</a>&nbsp;&nbsp;&nbsp;__aeabi_memclr
<LI><a href="#[b1]">&gt;&gt;</a>&nbsp;&nbsp;&nbsp;__2printf
</UL>
<BR>[Called By]<UL><LI><a href="#[e7]">&gt;&gt;</a>&nbsp;&nbsp;&nbsp;ParseDevConfig
<LI><a href="#[eb]">&gt;&gt;</a>&nbsp;&nbsp;&nbsp;EepromSettingInitial
</UL>

<P><STRONG><a name="[d7]"></a>FreeLowSpeedMem</STRONG> (Thumb, 60 bytes, Stack size 0 bytes, SystemBase.o(.text))
<BR><BR>[Calls]<UL><LI><a href="#[b1]">&gt;&gt;</a>&nbsp;&nbsp;&nbsp;__2printf
</UL>
<BR>[Called By]<UL><LI><a href="#[84]">&gt;&gt;</a>&nbsp;&nbsp;&nbsp;CommandBinCMD
<LI><a href="#[73]">&gt;&gt;</a>&nbsp;&nbsp;&nbsp;CommandDownload
<LI><a href="#[6f]">&gt;&gt;</a>&nbsp;&nbsp;&nbsp;CommandIb
<LI><a href="#[6e]">&gt;&gt;</a>&nbsp;&nbsp;&nbsp;CommandIw
<LI><a href="#[6d]">&gt;&gt;</a>&nbsp;&nbsp;&nbsp;CommandId
<LI><a href="#[6c]">&gt;&gt;</a>&nbsp;&nbsp;&nbsp;CommandDb
<LI><a href="#[6b]">&gt;&gt;</a>&nbsp;&nbsp;&nbsp;CommandDw
<LI><a href="#[6a]">&gt;&gt;</a>&nbsp;&nbsp;&nbsp;CommandDd
</UL>

<P><STRONG><a name="[d8]"></a>FpgaSlaveSerialOutput</STRONG> (Thumb, 690 bytes, Stack size 0 bytes, SystemBase.o(.text), UNUSED)
<BR><BR>[Calls]<UL><LI><a href="#[b1]">&gt;&gt;</a>&nbsp;&nbsp;&nbsp;__2printf
<LI><a href="#[d9]">&gt;&gt;</a>&nbsp;&nbsp;&nbsp;DelayLoop
</UL>

<P><STRONG><a name="[da]"></a>Task0NormalDefaultServices</STRONG> (Thumb, 98 bytes, Stack size 0 bytes, SystemBase.o(.text))
<BR><BR>[Calls]<UL><LI><a href="#[db]">&gt;&gt;</a>&nbsp;&nbsp;&nbsp;GetTimerCurrentCnt
</UL>
<BR>[Called By]<UL><LI><a href="#[3b]">&gt;&gt;</a>&nbsp;&nbsp;&nbsp;TIM8_TRG_COM_TIM14_IRQHandler
<LI><a href="#[25]">&gt;&gt;</a>&nbsp;&nbsp;&nbsp;EXTI9_5_IRQHandler
</UL>

<P><STRONG><a name="[dc]"></a>StorageReadLine</STRONG> (Thumb, 146 bytes, Stack size 0 bytes, SystemBase.o(.text))
<BR><BR>[Calls]<UL><LI><a href="#[b1]">&gt;&gt;</a>&nbsp;&nbsp;&nbsp;__2printf
</UL>
<BR>[Called By]<UL><LI><a href="#[e7]">&gt;&gt;</a>&nbsp;&nbsp;&nbsp;ParseDevConfig
<LI><a href="#[e6]">&gt;&gt;</a>&nbsp;&nbsp;&nbsp;ParseAnalogGroup
<LI><a href="#[de]">&gt;&gt;</a>&nbsp;&nbsp;&nbsp;ParseBinaryGroup
</UL>

<P><STRONG><a name="[dd]"></a>CfgCrcCal</STRONG> (Thumb, 8 bytes, Stack size 0 bytes, SystemBase.o(.text))
<BR><BR>[Calls]<UL><LI><a href="#[d1]">&gt;&gt;</a>&nbsp;&nbsp;&nbsp;DefaultCrcCal
</UL>
<BR>[Called By]<UL><LI><a href="#[e7]">&gt;&gt;</a>&nbsp;&nbsp;&nbsp;ParseDevConfig
</UL>

<P><STRONG><a name="[e7]"></a>ParseDevConfig</STRONG> (Thumb, 3998 bytes, Stack size 0 bytes, SystemBase.o(.text))
<BR><BR>[Calls]<UL><LI><a href="#[e0]">&gt;&gt;</a>&nbsp;&nbsp;&nbsp;strcmp
<LI><a href="#[e3]">&gt;&gt;</a>&nbsp;&nbsp;&nbsp;strncpy
<LI><a href="#[e2]">&gt;&gt;</a>&nbsp;&nbsp;&nbsp;strlen
<LI><a href="#[ea]">&gt;&gt;</a>&nbsp;&nbsp;&nbsp;strtol
<LI><a href="#[b1]">&gt;&gt;</a>&nbsp;&nbsp;&nbsp;__2printf
<LI><a href="#[dd]">&gt;&gt;</a>&nbsp;&nbsp;&nbsp;CfgCrcCal
<LI><a href="#[dc]">&gt;&gt;</a>&nbsp;&nbsp;&nbsp;StorageReadLine
<LI><a href="#[d2]">&gt;&gt;</a>&nbsp;&nbsp;&nbsp;WaitMS
<LI><a href="#[e9]">&gt;&gt;</a>&nbsp;&nbsp;&nbsp;Utf8ToSysEncodeInital
<LI><a href="#[e4]">&gt;&gt;</a>&nbsp;&nbsp;&nbsp;Utf8ToSysEncode
<LI><a href="#[e8]">&gt;&gt;</a>&nbsp;&nbsp;&nbsp;StorageRead
<LI><a href="#[ed]">&gt;&gt;</a>&nbsp;&nbsp;&nbsp;SettingWriteToFlash
<LI><a href="#[ec]">&gt;&gt;</a>&nbsp;&nbsp;&nbsp;SettingReadFromFlash
<LI><a href="#[e5]">&gt;&gt;</a>&nbsp;&nbsp;&nbsp;GetValueOfKeyWord
<LI><a href="#[df]">&gt;&gt;</a>&nbsp;&nbsp;&nbsp;GetContentToSplit
<LI><a href="#[e1]">&gt;&gt;</a>&nbsp;&nbsp;&nbsp;GetContentOfKeyword
<LI><a href="#[eb]">&gt;&gt;</a>&nbsp;&nbsp;&nbsp;EepromSettingInitial
<LI><a href="#[ee]">&gt;&gt;</a>&nbsp;&nbsp;&nbsp;CheckRunSettingWithFlash
<LI><a href="#[d5]">&gt;&gt;</a>&nbsp;&nbsp;&nbsp;CallocLowSpeedMem
<LI><a href="#[cf]">&gt;&gt;</a>&nbsp;&nbsp;&nbsp;MallocLowSpeedMem
<LI><a href="#[e6]">&gt;&gt;</a>&nbsp;&nbsp;&nbsp;ParseAnalogGroup
<LI><a href="#[de]">&gt;&gt;</a>&nbsp;&nbsp;&nbsp;ParseBinaryGroup
<LI><a href="#[ef]">&gt;&gt;</a>&nbsp;&nbsp;&nbsp;SystemReboot
</UL>
<BR>[Called By]<UL><LI><a href="#[ae]">&gt;&gt;</a>&nbsp;&nbsp;&nbsp;Startup
</UL>

<P><STRONG><a name="[25]"></a>EXTI9_5_IRQHandler</STRONG> (Thumb, 160 bytes, Stack size 0 bytes, TaskServices.o(.text))
<BR><BR>[Calls]<UL><LI><a href="#[da]">&gt;&gt;</a>&nbsp;&nbsp;&nbsp;Task0NormalDefaultServices
<LI><a href="#[f1]">&gt;&gt;</a>&nbsp;&nbsp;&nbsp;CalcTimeDiffToNow
<LI><a href="#[db]">&gt;&gt;</a>&nbsp;&nbsp;&nbsp;GetTimerCurrentCnt
<LI><a href="#[c3]">&gt;&gt;</a>&nbsp;&nbsp;&nbsp;UserAppTask0Service
<LI><a href="#[f0]">&gt;&gt;</a>&nbsp;&nbsp;&nbsp;FeedWatchdog
</UL>
<BR>[Address Reference Count : 1]<UL><LI> startup_stm32f4xx.o(RESET)
</UL>
<P><STRONG><a name="[3b]"></a>TIM8_TRG_COM_TIM14_IRQHandler</STRONG> (Thumb, 126 bytes, Stack size 0 bytes, TaskServices.o(.text))
<BR><BR>[Calls]<UL><LI><a href="#[da]">&gt;&gt;</a>&nbsp;&nbsp;&nbsp;Task0NormalDefaultServices
<LI><a href="#[c4]">&gt;&gt;</a>&nbsp;&nbsp;&nbsp;UartTask0Service
<LI><a href="#[f0]">&gt;&gt;</a>&nbsp;&nbsp;&nbsp;FeedWatchdog
</UL>
<BR>[Address Reference Count : 1]<UL><LI> startup_stm32f4xx.o(RESET)
</UL>
<P><STRONG><a name="[f2]"></a>UserAppTask2Service</STRONG> (Thumb, 2 bytes, Stack size 0 bytes, TaskServices.o(.text))
<BR><BR>[Called By]<UL><LI><a href="#[54]">&gt;&gt;</a>&nbsp;&nbsp;&nbsp;DMA2_Stream7_IRQHandler
</UL>

<P><STRONG><a name="[55]"></a>USART6_IRQHandler</STRONG> (Thumb, 56 bytes, Stack size 0 bytes, TaskServices.o(.text))
<BR><BR>[Calls]<UL><LI><a href="#[f1]">&gt;&gt;</a>&nbsp;&nbsp;&nbsp;CalcTimeDiffToNow
<LI><a href="#[db]">&gt;&gt;</a>&nbsp;&nbsp;&nbsp;GetTimerCurrentCnt
<LI><a href="#[c6]">&gt;&gt;</a>&nbsp;&nbsp;&nbsp;UserAppTask1Service
</UL>
<BR>[Address Reference Count : 1]<UL><LI> startup_stm32f4xx.o(RESET)
</UL>
<P><STRONG><a name="[54]"></a>DMA2_Stream7_IRQHandler</STRONG> (Thumb, 56 bytes, Stack size 0 bytes, TaskServices.o(.text))
<BR><BR>[Calls]<UL><LI><a href="#[f2]">&gt;&gt;</a>&nbsp;&nbsp;&nbsp;UserAppTask2Service
<LI><a href="#[f1]">&gt;&gt;</a>&nbsp;&nbsp;&nbsp;CalcTimeDiffToNow
<LI><a href="#[db]">&gt;&gt;</a>&nbsp;&nbsp;&nbsp;GetTimerCurrentCnt
</UL>
<BR>[Address Reference Count : 1]<UL><LI> startup_stm32f4xx.o(RESET)
</UL>
<P><STRONG><a name="[111]"></a>LowLevelInterruptLock</STRONG> (Thumb, 16 bytes, Stack size 0 bytes, TaskServices.o(.text))
<BR><BR>[Called By]<UL><LI><a href="#[7f]">&gt;&gt;</a>&nbsp;&nbsp;&nbsp;CommandSet
<LI><a href="#[81]">&gt;&gt;</a>&nbsp;&nbsp;&nbsp;CommandSetSave
<LI><a href="#[73]">&gt;&gt;</a>&nbsp;&nbsp;&nbsp;CommandDownload
<LI><a href="#[110]">&gt;&gt;</a>&nbsp;&nbsp;&nbsp;ModbusWriteSettings
</UL>

<P><STRONG><a name="[112]"></a>LowLevelInterruptUnlock</STRONG> (Thumb, 8 bytes, Stack size 0 bytes, TaskServices.o(.text))
<BR><BR>[Called By]<UL><LI><a href="#[7f]">&gt;&gt;</a>&nbsp;&nbsp;&nbsp;CommandSet
<LI><a href="#[81]">&gt;&gt;</a>&nbsp;&nbsp;&nbsp;CommandSetSave
<LI><a href="#[73]">&gt;&gt;</a>&nbsp;&nbsp;&nbsp;CommandDownload
<LI><a href="#[110]">&gt;&gt;</a>&nbsp;&nbsp;&nbsp;ModbusWriteSettings
</UL>

<P><STRONG><a name="[c4]"></a>UartTask0Service</STRONG> (Thumb, 326 bytes, Stack size 0 bytes, Uart.o(.text))
<BR><BR>[Called By]<UL><LI><a href="#[3b]">&gt;&gt;</a>&nbsp;&nbsp;&nbsp;TIM8_TRG_COM_TIM14_IRQHandler
<LI><a href="#[c3]">&gt;&gt;</a>&nbsp;&nbsp;&nbsp;UserAppTask0Service
</UL>

<P><STRONG><a name="[c8]"></a>UartTask1Service</STRONG> (Thumb, 890 bytes, Stack size 0 bytes, Uart.o(.text))
<BR><BR>[Calls]<UL><LI><a href="#[b1]">&gt;&gt;</a>&nbsp;&nbsp;&nbsp;__2printf
<LI><a href="#[f3]">&gt;&gt;</a>&nbsp;&nbsp;&nbsp;ModbusFrameProc
<LI><a href="#[f1]">&gt;&gt;</a>&nbsp;&nbsp;&nbsp;CalcTimeDiffToNow
<LI><a href="#[db]">&gt;&gt;</a>&nbsp;&nbsp;&nbsp;GetTimerCurrentCnt
</UL>
<BR>[Called By]<UL><LI><a href="#[c6]">&gt;&gt;</a>&nbsp;&nbsp;&nbsp;UserAppTask1Service
</UL>

<P><STRONG><a name="[bf]"></a>NewUart</STRONG> (Thumb, 260 bytes, Stack size 0 bytes, Uart.o(.text))
<BR><BR>[Calls]<UL><LI><a href="#[b1]">&gt;&gt;</a>&nbsp;&nbsp;&nbsp;__2printf
<LI><a href="#[cf]">&gt;&gt;</a>&nbsp;&nbsp;&nbsp;MallocLowSpeedMem
</UL>
<BR>[Called By]<UL><LI><a href="#[b0]">&gt;&gt;</a>&nbsp;&nbsp;&nbsp;NewUserApp
</UL>

<P><STRONG><a name="[c0]"></a>UARTInitial</STRONG> (Thumb, 1180 bytes, Stack size 0 bytes, Uart.o(.text))
<BR><BR>[Calls]<UL><LI><a href="#[b1]">&gt;&gt;</a>&nbsp;&nbsp;&nbsp;__2printf
<LI><a href="#[f4]">&gt;&gt;</a>&nbsp;&nbsp;&nbsp;UARTSettingHandleLocal
</UL>
<BR>[Called By]<UL><LI><a href="#[b3]">&gt;&gt;</a>&nbsp;&nbsp;&nbsp;UserAppInitial
</UL>

<P><STRONG><a name="[c2]"></a>UARTSettingHandle</STRONG> (Thumb, 76 bytes, Stack size 0 bytes, Uart.o(.text))
<BR><BR>[Calls]<UL><LI><a href="#[b1]">&gt;&gt;</a>&nbsp;&nbsp;&nbsp;__2printf
<LI><a href="#[f4]">&gt;&gt;</a>&nbsp;&nbsp;&nbsp;UARTSettingHandleLocal
</UL>
<BR>[Called By]<UL><LI><a href="#[c1]">&gt;&gt;</a>&nbsp;&nbsp;&nbsp;UserAppSettingHandle
</UL>

<P><STRONG><a name="[ae]"></a>Startup</STRONG> (Thumb, 226 bytes, Stack size 0 bytes, Startup.o(.text))
<BR><BR>[Calls]<UL><LI><a href="#[b1]">&gt;&gt;</a>&nbsp;&nbsp;&nbsp;__2printf
<LI><a href="#[f6]">&gt;&gt;</a>&nbsp;&nbsp;&nbsp;HmiService
<LI><a href="#[f5]">&gt;&gt;</a>&nbsp;&nbsp;&nbsp;HardwareInitial
<LI><a href="#[e7]">&gt;&gt;</a>&nbsp;&nbsp;&nbsp;ParseDevConfig
<LI><a href="#[b2]">&gt;&gt;</a>&nbsp;&nbsp;&nbsp;AppInitial
<LI><a href="#[af]">&gt;&gt;</a>&nbsp;&nbsp;&nbsp;NewApp
</UL>
<BR>[Called By]<UL><LI><a href="#[a8]">&gt;&gt;</a>&nbsp;&nbsp;&nbsp;main
</UL>

<P><STRONG><a name="[cb]"></a>LcdClr</STRONG> (Thumb, 260 bytes, Stack size 0 bytes, DisplayBasicFuncs.o(.text))
<BR><BR>[Calls]<UL><LI><a href="#[f7]">&gt;&gt;</a>&nbsp;&nbsp;&nbsp;LcdWrCmd
<LI><a href="#[f8]">&gt;&gt;</a>&nbsp;&nbsp;&nbsp;WaitNS
</UL>
<BR>[Called By]<UL><LI><a href="#[f9]">&gt;&gt;</a>&nbsp;&nbsp;&nbsp;LcdControllerInitial
<LI><a href="#[c7]">&gt;&gt;</a>&nbsp;&nbsp;&nbsp;DisplayTask1Service
</UL>

<P><STRONG><a name="[f9]"></a>LcdControllerInitial</STRONG> (Thumb, 126 bytes, Stack size 0 bytes, DisplayBasicFuncs.o(.text))
<BR><BR>[Calls]<UL><LI><a href="#[f7]">&gt;&gt;</a>&nbsp;&nbsp;&nbsp;LcdWrCmd
<LI><a href="#[d2]">&gt;&gt;</a>&nbsp;&nbsp;&nbsp;WaitMS
<LI><a href="#[d3]">&gt;&gt;</a>&nbsp;&nbsp;&nbsp;WaitUS
<LI><a href="#[cb]">&gt;&gt;</a>&nbsp;&nbsp;&nbsp;LcdClr
</UL>
<BR>[Called By]<UL><LI><a href="#[f5]">&gt;&gt;</a>&nbsp;&nbsp;&nbsp;HardwareInitial
</UL>

<P><STRONG><a name="[cd]"></a>LcdDispText</STRONG> (Thumb, 606 bytes, Stack size 0 bytes, DisplayBasicFuncs.o(.text))
<BR><BR>[Calls]<UL><LI><a href="#[b1]">&gt;&gt;</a>&nbsp;&nbsp;&nbsp;__2printf
<LI><a href="#[fa]">&gt;&gt;</a>&nbsp;&nbsp;&nbsp;LcdDispMemWrite
</UL>
<BR>[Called By]<UL><LI><a href="#[c7]">&gt;&gt;</a>&nbsp;&nbsp;&nbsp;DisplayTask1Service
</UL>

<P><STRONG><a name="[ca]"></a>LcdDispGraphics</STRONG> (Thumb, 8 bytes, Stack size 0 bytes, DisplayBasicFuncs.o(.text))
<BR><BR>[Calls]<UL><LI><a href="#[fa]">&gt;&gt;</a>&nbsp;&nbsp;&nbsp;LcdDispMemWrite
</UL>
<BR>[Called By]<UL><LI><a href="#[f5]">&gt;&gt;</a>&nbsp;&nbsp;&nbsp;HardwareInitial
<LI><a href="#[c9]">&gt;&gt;</a>&nbsp;&nbsp;&nbsp;DisplayRectangle
</UL>

<P><STRONG><a name="[ce]"></a>RtcRead</STRONG> (Thumb, 288 bytes, Stack size 0 bytes, RtcBasicFuncs.o(.text))
<BR><BR>[Calls]<UL><LI><a href="#[b1]">&gt;&gt;</a>&nbsp;&nbsp;&nbsp;__2printf
<LI><a href="#[f8]">&gt;&gt;</a>&nbsp;&nbsp;&nbsp;WaitNS
</UL>
<BR>[Called By]<UL><LI><a href="#[69]">&gt;&gt;</a>&nbsp;&nbsp;&nbsp;CommandTime
<LI><a href="#[f5]">&gt;&gt;</a>&nbsp;&nbsp;&nbsp;HardwareInitial
<LI><a href="#[c7]">&gt;&gt;</a>&nbsp;&nbsp;&nbsp;DisplayTask1Service
</UL>

<P><STRONG><a name="[fb]"></a>RtcWrite</STRONG> (Thumb, 262 bytes, Stack size 0 bytes, RtcBasicFuncs.o(.text))
<BR><BR>[Calls]<UL><LI><a href="#[b1]">&gt;&gt;</a>&nbsp;&nbsp;&nbsp;__2printf
<LI><a href="#[f8]">&gt;&gt;</a>&nbsp;&nbsp;&nbsp;WaitNS
</UL>
<BR>[Called By]<UL><LI><a href="#[69]">&gt;&gt;</a>&nbsp;&nbsp;&nbsp;CommandTime
<LI><a href="#[f5]">&gt;&gt;</a>&nbsp;&nbsp;&nbsp;HardwareInitial
</UL>

<P><STRONG><a name="[fc]"></a>RunSettingUpdate</STRONG> (Thumb, 508 bytes, Stack size 0 bytes, SettingManage.o(.text))
<BR><BR>[Calls]<UL><LI><a href="#[fe]">&gt;&gt;</a>&nbsp;&nbsp;&nbsp;__aeabi_f2d
<LI><a href="#[fd]">&gt;&gt;</a>&nbsp;&nbsp;&nbsp;__aeabi_memcpy
<LI><a href="#[b1]">&gt;&gt;</a>&nbsp;&nbsp;&nbsp;__2printf
</UL>
<BR>[Called By]<UL><LI><a href="#[101]">&gt;&gt;</a>&nbsp;&nbsp;&nbsp;RunSettingUpdateFromWriteSetting
<LI><a href="#[ed]">&gt;&gt;</a>&nbsp;&nbsp;&nbsp;SettingWriteToFlash
<LI><a href="#[ec]">&gt;&gt;</a>&nbsp;&nbsp;&nbsp;SettingReadFromFlash
<LI><a href="#[eb]">&gt;&gt;</a>&nbsp;&nbsp;&nbsp;EepromSettingInitial
</UL>

<P><STRONG><a name="[ec]"></a>SettingReadFromFlash</STRONG> (Thumb, 1036 bytes, Stack size 0 bytes, SettingManage.o(.text))
<BR><BR>[Calls]<UL><LI><a href="#[b1]">&gt;&gt;</a>&nbsp;&nbsp;&nbsp;__2printf
<LI><a href="#[100]">&gt;&gt;</a>&nbsp;&nbsp;&nbsp;StorageWrite
<LI><a href="#[ff]">&gt;&gt;</a>&nbsp;&nbsp;&nbsp;StorageErase
<LI><a href="#[fc]">&gt;&gt;</a>&nbsp;&nbsp;&nbsp;RunSettingUpdate
<LI><a href="#[d1]">&gt;&gt;</a>&nbsp;&nbsp;&nbsp;DefaultCrcCal
<LI><a href="#[e8]">&gt;&gt;</a>&nbsp;&nbsp;&nbsp;StorageRead
</UL>
<BR>[Called By]<UL><LI><a href="#[80]">&gt;&gt;</a>&nbsp;&nbsp;&nbsp;CommandSetRedo
<LI><a href="#[e7]">&gt;&gt;</a>&nbsp;&nbsp;&nbsp;ParseDevConfig
</UL>

<P><STRONG><a name="[ed]"></a>SettingWriteToFlash</STRONG> (Thumb, 334 bytes, Stack size 0 bytes, SettingManage.o(.text))
<BR><BR>[Calls]<UL><LI><a href="#[b1]">&gt;&gt;</a>&nbsp;&nbsp;&nbsp;__2printf
<LI><a href="#[100]">&gt;&gt;</a>&nbsp;&nbsp;&nbsp;StorageWrite
<LI><a href="#[ff]">&gt;&gt;</a>&nbsp;&nbsp;&nbsp;StorageErase
<LI><a href="#[fc]">&gt;&gt;</a>&nbsp;&nbsp;&nbsp;RunSettingUpdate
<LI><a href="#[d1]">&gt;&gt;</a>&nbsp;&nbsp;&nbsp;DefaultCrcCal
<LI><a href="#[e8]">&gt;&gt;</a>&nbsp;&nbsp;&nbsp;StorageRead
</UL>
<BR>[Called By]<UL><LI><a href="#[7f]">&gt;&gt;</a>&nbsp;&nbsp;&nbsp;CommandSet
<LI><a href="#[81]">&gt;&gt;</a>&nbsp;&nbsp;&nbsp;CommandSetSave
<LI><a href="#[110]">&gt;&gt;</a>&nbsp;&nbsp;&nbsp;ModbusWriteSettings
<LI><a href="#[e7]">&gt;&gt;</a>&nbsp;&nbsp;&nbsp;ParseDevConfig
</UL>

<P><STRONG><a name="[101]"></a>RunSettingUpdateFromWriteSetting</STRONG> (Thumb, 60 bytes, Stack size 0 bytes, SettingManage.o(.text))
<BR><BR>[Calls]<UL><LI><a href="#[fd]">&gt;&gt;</a>&nbsp;&nbsp;&nbsp;__aeabi_memcpy
<LI><a href="#[b1]">&gt;&gt;</a>&nbsp;&nbsp;&nbsp;__2printf
<LI><a href="#[fc]">&gt;&gt;</a>&nbsp;&nbsp;&nbsp;RunSettingUpdate
</UL>
<BR>[Called By]<UL><LI><a href="#[80]">&gt;&gt;</a>&nbsp;&nbsp;&nbsp;CommandSetRedo
<LI><a href="#[7f]">&gt;&gt;</a>&nbsp;&nbsp;&nbsp;CommandSet
<LI><a href="#[110]">&gt;&gt;</a>&nbsp;&nbsp;&nbsp;ModbusWriteSettings
</UL>

<P><STRONG><a name="[e5]"></a>GetValueOfKeyWord</STRONG> (Thumb, 310 bytes, Stack size 0 bytes, SettingManage.o(.text))
<BR><BR>[Calls]<UL><LI><a href="#[103]">&gt;&gt;</a>&nbsp;&nbsp;&nbsp;__hardfp_strtod
<LI><a href="#[104]">&gt;&gt;</a>&nbsp;&nbsp;&nbsp;__aeabi_d2f
<LI><a href="#[102]">&gt;&gt;</a>&nbsp;&nbsp;&nbsp;strtoul
<LI><a href="#[ea]">&gt;&gt;</a>&nbsp;&nbsp;&nbsp;strtol
<LI><a href="#[b1]">&gt;&gt;</a>&nbsp;&nbsp;&nbsp;__2printf
<LI><a href="#[e1]">&gt;&gt;</a>&nbsp;&nbsp;&nbsp;GetContentOfKeyword
</UL>
<BR>[Called By]<UL><LI><a href="#[e7]">&gt;&gt;</a>&nbsp;&nbsp;&nbsp;ParseDevConfig
<LI><a href="#[e6]">&gt;&gt;</a>&nbsp;&nbsp;&nbsp;ParseAnalogGroup
<LI><a href="#[de]">&gt;&gt;</a>&nbsp;&nbsp;&nbsp;ParseBinaryGroup
</UL>

<P><STRONG><a name="[eb]"></a>EepromSettingInitial</STRONG> (Thumb, 1190 bytes, Stack size 0 bytes, SettingManage.o(.text))
<BR><BR>[Calls]<UL><LI><a href="#[fe]">&gt;&gt;</a>&nbsp;&nbsp;&nbsp;__aeabi_f2d
<LI><a href="#[b1]">&gt;&gt;</a>&nbsp;&nbsp;&nbsp;__2printf
<LI><a href="#[fc]">&gt;&gt;</a>&nbsp;&nbsp;&nbsp;RunSettingUpdate
<LI><a href="#[e8]">&gt;&gt;</a>&nbsp;&nbsp;&nbsp;StorageRead
<LI><a href="#[d5]">&gt;&gt;</a>&nbsp;&nbsp;&nbsp;CallocLowSpeedMem
</UL>
<BR>[Called By]<UL><LI><a href="#[e7]">&gt;&gt;</a>&nbsp;&nbsp;&nbsp;ParseDevConfig
</UL>

<P><STRONG><a name="[105]"></a>SettingValueValidationCheck</STRONG> (Thumb, 392 bytes, Stack size 0 bytes, SettingManage.o(.text))
<BR><BR>[Calls]<UL><LI><a href="#[fe]">&gt;&gt;</a>&nbsp;&nbsp;&nbsp;__aeabi_f2d
<LI><a href="#[b1]">&gt;&gt;</a>&nbsp;&nbsp;&nbsp;__2printf
</UL>
<BR>[Called By]<UL><LI><a href="#[110]">&gt;&gt;</a>&nbsp;&nbsp;&nbsp;ModbusWriteSettings
</UL>

<P><STRONG><a name="[106]"></a>SetSettingBufferFromSettingAddr</STRONG> (Thumb, 1134 bytes, Stack size 0 bytes, SettingManage.o(.text))
<BR><BR>[Calls]<UL><LI><a href="#[fe]">&gt;&gt;</a>&nbsp;&nbsp;&nbsp;__aeabi_f2d
<LI><a href="#[fd]">&gt;&gt;</a>&nbsp;&nbsp;&nbsp;__aeabi_memcpy
<LI><a href="#[b1]">&gt;&gt;</a>&nbsp;&nbsp;&nbsp;__2printf
</UL>
<BR>[Called By]<UL><LI><a href="#[80]">&gt;&gt;</a>&nbsp;&nbsp;&nbsp;CommandSetRedo
<LI><a href="#[7f]">&gt;&gt;</a>&nbsp;&nbsp;&nbsp;CommandSet
<LI><a href="#[110]">&gt;&gt;</a>&nbsp;&nbsp;&nbsp;ModbusWriteSettings
</UL>

<P><STRONG><a name="[107]"></a>SetOneWriteSettingValue</STRONG> (Thumb, 466 bytes, Stack size 0 bytes, SettingManage.o(.text))
<BR><BR>[Calls]<UL><LI><a href="#[fe]">&gt;&gt;</a>&nbsp;&nbsp;&nbsp;__aeabi_f2d
<LI><a href="#[b1]">&gt;&gt;</a>&nbsp;&nbsp;&nbsp;__2printf
</UL>
<BR>[Called By]<UL><LI><a href="#[110]">&gt;&gt;</a>&nbsp;&nbsp;&nbsp;ModbusWriteSettings
</UL>

<P><STRONG><a name="[108]"></a>SetOneWriteSettingStringValue</STRONG> (Thumb, 662 bytes, Stack size 0 bytes, SettingManage.o(.text))
<BR><BR>[Calls]<UL><LI><a href="#[103]">&gt;&gt;</a>&nbsp;&nbsp;&nbsp;__hardfp_strtod
<LI><a href="#[fe]">&gt;&gt;</a>&nbsp;&nbsp;&nbsp;__aeabi_f2d
<LI><a href="#[104]">&gt;&gt;</a>&nbsp;&nbsp;&nbsp;__aeabi_d2f
<LI><a href="#[e0]">&gt;&gt;</a>&nbsp;&nbsp;&nbsp;strcmp
<LI><a href="#[102]">&gt;&gt;</a>&nbsp;&nbsp;&nbsp;strtoul
<LI><a href="#[ea]">&gt;&gt;</a>&nbsp;&nbsp;&nbsp;strtol
<LI><a href="#[b1]">&gt;&gt;</a>&nbsp;&nbsp;&nbsp;__2printf
</UL>
<BR>[Called By]<UL><LI><a href="#[7f]">&gt;&gt;</a>&nbsp;&nbsp;&nbsp;CommandSet
</UL>

<P><STRONG><a name="[ee]"></a>CheckRunSettingWithFlash</STRONG> (Thumb, 100 bytes, Stack size 0 bytes, SettingManage.o(.text))
<BR><BR>[Calls]<UL><LI><a href="#[b1]">&gt;&gt;</a>&nbsp;&nbsp;&nbsp;__2printf
<LI><a href="#[e8]">&gt;&gt;</a>&nbsp;&nbsp;&nbsp;StorageRead
</UL>
<BR>[Called By]<UL><LI><a href="#[7f]">&gt;&gt;</a>&nbsp;&nbsp;&nbsp;CommandSet
<LI><a href="#[81]">&gt;&gt;</a>&nbsp;&nbsp;&nbsp;CommandSetSave
<LI><a href="#[110]">&gt;&gt;</a>&nbsp;&nbsp;&nbsp;ModbusWriteSettings
<LI><a href="#[e7]">&gt;&gt;</a>&nbsp;&nbsp;&nbsp;ParseDevConfig
</UL>

<P><STRONG><a name="[e8]"></a>StorageRead</STRONG> (Thumb, 194 bytes, Stack size 0 bytes, Storage.o(.text))
<BR><BR>[Calls]<UL><LI><a href="#[b1]">&gt;&gt;</a>&nbsp;&nbsp;&nbsp;__2printf
<LI><a href="#[109]">&gt;&gt;</a>&nbsp;&nbsp;&nbsp;SpiFlashRead
</UL>
<BR>[Called By]<UL><LI><a href="#[82]">&gt;&gt;</a>&nbsp;&nbsp;&nbsp;CommandLs
<LI><a href="#[73]">&gt;&gt;</a>&nbsp;&nbsp;&nbsp;CommandDownload
<LI><a href="#[e7]">&gt;&gt;</a>&nbsp;&nbsp;&nbsp;ParseDevConfig
<LI><a href="#[ed]">&gt;&gt;</a>&nbsp;&nbsp;&nbsp;SettingWriteToFlash
<LI><a href="#[ec]">&gt;&gt;</a>&nbsp;&nbsp;&nbsp;SettingReadFromFlash
<LI><a href="#[eb]">&gt;&gt;</a>&nbsp;&nbsp;&nbsp;EepromSettingInitial
<LI><a href="#[ee]">&gt;&gt;</a>&nbsp;&nbsp;&nbsp;CheckRunSettingWithFlash
</UL>

<P><STRONG><a name="[100]"></a>StorageWrite</STRONG> (Thumb, 302 bytes, Stack size 0 bytes, Storage.o(.text))
<BR><BR>[Calls]<UL><LI><a href="#[b1]">&gt;&gt;</a>&nbsp;&nbsp;&nbsp;__2printf
<LI><a href="#[10a]">&gt;&gt;</a>&nbsp;&nbsp;&nbsp;SpiFlashWrite
<LI><a href="#[10c]">&gt;&gt;</a>&nbsp;&nbsp;&nbsp;FLASH_ClearFlag
<LI><a href="#[ba]">&gt;&gt;</a>&nbsp;&nbsp;&nbsp;FLASH_ProgramByte
<LI><a href="#[b9]">&gt;&gt;</a>&nbsp;&nbsp;&nbsp;FLASH_ProgramHalfWord
<LI><a href="#[b8]">&gt;&gt;</a>&nbsp;&nbsp;&nbsp;FLASH_ProgramWord
<LI><a href="#[10d]">&gt;&gt;</a>&nbsp;&nbsp;&nbsp;FLASH_Lock
<LI><a href="#[10b]">&gt;&gt;</a>&nbsp;&nbsp;&nbsp;FLASH_Unlock
</UL>
<BR>[Called By]<UL><LI><a href="#[73]">&gt;&gt;</a>&nbsp;&nbsp;&nbsp;CommandDownload
<LI><a href="#[ed]">&gt;&gt;</a>&nbsp;&nbsp;&nbsp;SettingWriteToFlash
<LI><a href="#[ec]">&gt;&gt;</a>&nbsp;&nbsp;&nbsp;SettingReadFromFlash
</UL>

<P><STRONG><a name="[ff]"></a>StorageErase</STRONG> (Thumb, 282 bytes, Stack size 0 bytes, Storage.o(.text))
<BR><BR>[Calls]<UL><LI><a href="#[b1]">&gt;&gt;</a>&nbsp;&nbsp;&nbsp;__2printf
<LI><a href="#[10e]">&gt;&gt;</a>&nbsp;&nbsp;&nbsp;SpiFlashErase
<LI><a href="#[10c]">&gt;&gt;</a>&nbsp;&nbsp;&nbsp;FLASH_ClearFlag
<LI><a href="#[b4]">&gt;&gt;</a>&nbsp;&nbsp;&nbsp;FLASH_EraseSector
<LI><a href="#[10d]">&gt;&gt;</a>&nbsp;&nbsp;&nbsp;FLASH_Lock
<LI><a href="#[10b]">&gt;&gt;</a>&nbsp;&nbsp;&nbsp;FLASH_Unlock
</UL>
<BR>[Called By]<UL><LI><a href="#[74]">&gt;&gt;</a>&nbsp;&nbsp;&nbsp;CommandFlashErase
<LI><a href="#[73]">&gt;&gt;</a>&nbsp;&nbsp;&nbsp;CommandDownload
<LI><a href="#[ed]">&gt;&gt;</a>&nbsp;&nbsp;&nbsp;SettingWriteToFlash
<LI><a href="#[ec]">&gt;&gt;</a>&nbsp;&nbsp;&nbsp;SettingReadFromFlash
</UL>

<P><STRONG><a name="[f5]"></a>HardwareInitial</STRONG> (Thumb, 1344 bytes, Stack size 0 bytes, Hardware.o(.text))
<BR><BR>[Calls]<UL><LI><a href="#[d6]">&gt;&gt;</a>&nbsp;&nbsp;&nbsp;__aeabi_memclr
<LI><a href="#[b1]">&gt;&gt;</a>&nbsp;&nbsp;&nbsp;__2printf
<LI><a href="#[10f]">&gt;&gt;</a>&nbsp;&nbsp;&nbsp;DebugSendByte
<LI><a href="#[fb]">&gt;&gt;</a>&nbsp;&nbsp;&nbsp;RtcWrite
<LI><a href="#[f9]">&gt;&gt;</a>&nbsp;&nbsp;&nbsp;LcdControllerInitial
<LI><a href="#[d0]">&gt;&gt;</a>&nbsp;&nbsp;&nbsp;SystemBaseInitial
<LI><a href="#[cf]">&gt;&gt;</a>&nbsp;&nbsp;&nbsp;MallocLowSpeedMem
<LI><a href="#[ce]">&gt;&gt;</a>&nbsp;&nbsp;&nbsp;RtcRead
<LI><a href="#[ca]">&gt;&gt;</a>&nbsp;&nbsp;&nbsp;LcdDispGraphics
</UL>
<BR>[Called By]<UL><LI><a href="#[ae]">&gt;&gt;</a>&nbsp;&nbsp;&nbsp;Startup
</UL>

<P><STRONG><a name="[f3]"></a>ModbusFrameProc</STRONG> (Thumb, 620 bytes, Stack size 0 bytes, Modbus.o(.text))
<BR><BR>[Calls]<UL><LI><a href="#[b1]">&gt;&gt;</a>&nbsp;&nbsp;&nbsp;__2printf
<LI><a href="#[113]">&gt;&gt;</a>&nbsp;&nbsp;&nbsp;ModbusAppProc
<LI><a href="#[d1]">&gt;&gt;</a>&nbsp;&nbsp;&nbsp;DefaultCrcCal
</UL>
<BR>[Called By]<UL><LI><a href="#[c8]">&gt;&gt;</a>&nbsp;&nbsp;&nbsp;UartTask1Service
</UL>

<P><STRONG><a name="[e9]"></a>Utf8ToSysEncodeInital</STRONG> (Thumb, 210 bytes, Stack size 0 bytes, Iconv.o(.text))
<BR><BR>[Calls]<UL><LI><a href="#[e2]">&gt;&gt;</a>&nbsp;&nbsp;&nbsp;strlen
<LI><a href="#[b1]">&gt;&gt;</a>&nbsp;&nbsp;&nbsp;__2printf
<LI><a href="#[115]">&gt;&gt;</a>&nbsp;&nbsp;&nbsp;IconvDataEncodeFuntion
<LI><a href="#[e1]">&gt;&gt;</a>&nbsp;&nbsp;&nbsp;GetContentOfKeyword
</UL>
<BR>[Called By]<UL><LI><a href="#[e7]">&gt;&gt;</a>&nbsp;&nbsp;&nbsp;ParseDevConfig
</UL>

<P><STRONG><a name="[e4]"></a>Utf8ToSysEncode</STRONG> (Thumb, 298 bytes, Stack size 0 bytes, Iconv.o(.text))
<BR><BR>[Calls]<UL><LI><a href="#[fd]">&gt;&gt;</a>&nbsp;&nbsp;&nbsp;__aeabi_memcpy
<LI><a href="#[b1]">&gt;&gt;</a>&nbsp;&nbsp;&nbsp;__2printf
<LI><a href="#[116]">&gt;&gt;</a>&nbsp;&nbsp;&nbsp;Utf8ToUcs4
</UL>
<BR>[Called By]<UL><LI><a href="#[e7]">&gt;&gt;</a>&nbsp;&nbsp;&nbsp;ParseDevConfig
<LI><a href="#[e6]">&gt;&gt;</a>&nbsp;&nbsp;&nbsp;ParseAnalogGroup
<LI><a href="#[de]">&gt;&gt;</a>&nbsp;&nbsp;&nbsp;ParseBinaryGroup
</UL>

<P><STRONG><a name="[f6]"></a>HmiService</STRONG> (Thumb, 356 bytes, Stack size 0 bytes, Hmi.o(.text))
<BR><BR>[Calls]<UL><LI><a href="#[e3]">&gt;&gt;</a>&nbsp;&nbsp;&nbsp;strncpy
<LI><a href="#[e2]">&gt;&gt;</a>&nbsp;&nbsp;&nbsp;strlen
<LI><a href="#[b1]">&gt;&gt;</a>&nbsp;&nbsp;&nbsp;__2printf
<LI><a href="#[118]">&gt;&gt;</a>&nbsp;&nbsp;&nbsp;RunCommand
<LI><a href="#[117]">&gt;&gt;</a>&nbsp;&nbsp;&nbsp;DebugSendByteWithDelay
<LI><a href="#[cf]">&gt;&gt;</a>&nbsp;&nbsp;&nbsp;MallocLowSpeedMem
</UL>
<BR>[Called By]<UL><LI><a href="#[ae]">&gt;&gt;</a>&nbsp;&nbsp;&nbsp;Startup
</UL>

<P><STRONG><a name="[df]"></a>GetContentToSplit</STRONG> (Thumb, 206 bytes, Stack size 0 bytes, ParseString.o(.text))
<BR><BR>[Calls]<UL><LI><a href="#[b1]">&gt;&gt;</a>&nbsp;&nbsp;&nbsp;__2printf
</UL>
<BR>[Called By]<UL><LI><a href="#[11f]">&gt;&gt;</a>&nbsp;&nbsp;&nbsp;ItinerantDisplayBinary
<LI><a href="#[11e]">&gt;&gt;</a>&nbsp;&nbsp;&nbsp;ItinerantDisplayAnalog
<LI><a href="#[74]">&gt;&gt;</a>&nbsp;&nbsp;&nbsp;CommandFlashErase
<LI><a href="#[7f]">&gt;&gt;</a>&nbsp;&nbsp;&nbsp;CommandSet
<LI><a href="#[11d]">&gt;&gt;</a>&nbsp;&nbsp;&nbsp;DisplayBinary
<LI><a href="#[11c]">&gt;&gt;</a>&nbsp;&nbsp;&nbsp;DisplayAnalog
<LI><a href="#[83]">&gt;&gt;</a>&nbsp;&nbsp;&nbsp;CommandFpgaReboot
<LI><a href="#[72]">&gt;&gt;</a>&nbsp;&nbsp;&nbsp;CommandWb
<LI><a href="#[71]">&gt;&gt;</a>&nbsp;&nbsp;&nbsp;CommandWw
<LI><a href="#[70]">&gt;&gt;</a>&nbsp;&nbsp;&nbsp;CommandWd
<LI><a href="#[6f]">&gt;&gt;</a>&nbsp;&nbsp;&nbsp;CommandIb
<LI><a href="#[6e]">&gt;&gt;</a>&nbsp;&nbsp;&nbsp;CommandIw
<LI><a href="#[6d]">&gt;&gt;</a>&nbsp;&nbsp;&nbsp;CommandId
<LI><a href="#[6c]">&gt;&gt;</a>&nbsp;&nbsp;&nbsp;CommandDb
<LI><a href="#[6b]">&gt;&gt;</a>&nbsp;&nbsp;&nbsp;CommandDw
<LI><a href="#[6a]">&gt;&gt;</a>&nbsp;&nbsp;&nbsp;CommandDd
<LI><a href="#[69]">&gt;&gt;</a>&nbsp;&nbsp;&nbsp;CommandTime
<LI><a href="#[118]">&gt;&gt;</a>&nbsp;&nbsp;&nbsp;RunCommand
<LI><a href="#[e7]">&gt;&gt;</a>&nbsp;&nbsp;&nbsp;ParseDevConfig
<LI><a href="#[e1]">&gt;&gt;</a>&nbsp;&nbsp;&nbsp;GetContentOfKeyword
<LI><a href="#[e6]">&gt;&gt;</a>&nbsp;&nbsp;&nbsp;ParseAnalogGroup
<LI><a href="#[de]">&gt;&gt;</a>&nbsp;&nbsp;&nbsp;ParseBinaryGroup
</UL>

<P><STRONG><a name="[e1]"></a>GetContentOfKeyword</STRONG> (Thumb, 308 bytes, Stack size 0 bytes, ParseString.o(.text))
<BR><BR>[Calls]<UL><LI><a href="#[e0]">&gt;&gt;</a>&nbsp;&nbsp;&nbsp;strcmp
<LI><a href="#[b1]">&gt;&gt;</a>&nbsp;&nbsp;&nbsp;__2printf
<LI><a href="#[df]">&gt;&gt;</a>&nbsp;&nbsp;&nbsp;GetContentToSplit
</UL>
<BR>[Called By]<UL><LI><a href="#[e7]">&gt;&gt;</a>&nbsp;&nbsp;&nbsp;ParseDevConfig
<LI><a href="#[e9]">&gt;&gt;</a>&nbsp;&nbsp;&nbsp;Utf8ToSysEncodeInital
<LI><a href="#[e5]">&gt;&gt;</a>&nbsp;&nbsp;&nbsp;GetValueOfKeyWord
<LI><a href="#[e6]">&gt;&gt;</a>&nbsp;&nbsp;&nbsp;ParseAnalogGroup
<LI><a href="#[de]">&gt;&gt;</a>&nbsp;&nbsp;&nbsp;ParseBinaryGroup
</UL>

<P><STRONG><a name="[1]"></a>ferror</STRONG> (Thumb, 4 bytes, Stack size 0 bytes, Debug.o(.text), UNUSED)

<P><STRONG><a name="[10f]"></a>DebugSendByte</STRONG> (Thumb, 20 bytes, Stack size 0 bytes, Debug.o(.text))
<BR><BR>[Called By]<UL><LI><a href="#[84]">&gt;&gt;</a>&nbsp;&nbsp;&nbsp;CommandBinCMD
<LI><a href="#[73]">&gt;&gt;</a>&nbsp;&nbsp;&nbsp;CommandDownload
<LI><a href="#[119]">&gt;&gt;</a>&nbsp;&nbsp;&nbsp;XModemFrameRecieve
<LI><a href="#[f5]">&gt;&gt;</a>&nbsp;&nbsp;&nbsp;HardwareInitial
</UL>

<P><STRONG><a name="[63]"></a>fputc</STRONG> (Thumb, 22 bytes, Stack size 0 bytes, Debug.o(.text))
<BR>[Address Reference Count : 1]<UL><LI> _printf_char_file.o(.text)
</UL>
<P><STRONG><a name="[117]"></a>DebugSendByteWithDelay</STRONG> (Thumb, 32 bytes, Stack size 0 bytes, Debug.o(.text))
<BR><BR>[Calls]<UL><LI><a href="#[d3]">&gt;&gt;</a>&nbsp;&nbsp;&nbsp;WaitUS
</UL>
<BR>[Called By]<UL><LI><a href="#[f6]">&gt;&gt;</a>&nbsp;&nbsp;&nbsp;HmiService
</UL>

<P><STRONG><a name="[118]"></a>RunCommand</STRONG> (Thumb, 136 bytes, Stack size 0 bytes, Command.o(.text))
<BR><BR>[Calls]<UL><LI><a href="#[e0]">&gt;&gt;</a>&nbsp;&nbsp;&nbsp;strcmp
<LI><a href="#[b1]">&gt;&gt;</a>&nbsp;&nbsp;&nbsp;__2printf
<LI><a href="#[df]">&gt;&gt;</a>&nbsp;&nbsp;&nbsp;GetContentToSplit
</UL>
<BR>[Called By]<UL><LI><a href="#[f6]">&gt;&gt;</a>&nbsp;&nbsp;&nbsp;HmiService
</UL>

<P><STRONG><a name="[109]"></a>SpiFlashRead</STRONG> (Thumb, 104 bytes, Stack size 0 bytes, SpiFlash.o(.text))
<BR><BR>[Calls]<UL><LI><a href="#[b1]">&gt;&gt;</a>&nbsp;&nbsp;&nbsp;__2printf
<LI><a href="#[120]">&gt;&gt;</a>&nbsp;&nbsp;&nbsp;SPIXferBytes
</UL>
<BR>[Called By]<UL><LI><a href="#[e8]">&gt;&gt;</a>&nbsp;&nbsp;&nbsp;StorageRead
</UL>

<P><STRONG><a name="[10a]"></a>SpiFlashWrite</STRONG> (Thumb, 252 bytes, Stack size 0 bytes, SpiFlash.o(.text))
<BR><BR>[Calls]<UL><LI><a href="#[b1]">&gt;&gt;</a>&nbsp;&nbsp;&nbsp;__2printf
<LI><a href="#[121]">&gt;&gt;</a>&nbsp;&nbsp;&nbsp;SPIXferOneByte
<LI><a href="#[120]">&gt;&gt;</a>&nbsp;&nbsp;&nbsp;SPIXferBytes
</UL>
<BR>[Called By]<UL><LI><a href="#[100]">&gt;&gt;</a>&nbsp;&nbsp;&nbsp;StorageWrite
</UL>

<P><STRONG><a name="[10e]"></a>SpiFlashErase</STRONG> (Thumb, 246 bytes, Stack size 0 bytes, SpiFlash.o(.text))
<BR><BR>[Calls]<UL><LI><a href="#[b1]">&gt;&gt;</a>&nbsp;&nbsp;&nbsp;__2printf
<LI><a href="#[121]">&gt;&gt;</a>&nbsp;&nbsp;&nbsp;SPIXferOneByte
<LI><a href="#[120]">&gt;&gt;</a>&nbsp;&nbsp;&nbsp;SPIXferBytes
<LI><a href="#[d3]">&gt;&gt;</a>&nbsp;&nbsp;&nbsp;WaitUS
</UL>
<BR>[Called By]<UL><LI><a href="#[ff]">&gt;&gt;</a>&nbsp;&nbsp;&nbsp;StorageErase
</UL>

<P><STRONG><a name="[11b]"></a>SpiFlashChipErase</STRONG> (Thumb, 130 bytes, Stack size 0 bytes, SpiFlash.o(.text))
<BR><BR>[Calls]<UL><LI><a href="#[b1]">&gt;&gt;</a>&nbsp;&nbsp;&nbsp;__2printf
<LI><a href="#[121]">&gt;&gt;</a>&nbsp;&nbsp;&nbsp;SPIXferOneByte
<LI><a href="#[120]">&gt;&gt;</a>&nbsp;&nbsp;&nbsp;SPIXferBytes
</UL>
<BR>[Called By]<UL><LI><a href="#[73]">&gt;&gt;</a>&nbsp;&nbsp;&nbsp;CommandDownload
</UL>

<P><STRONG><a name="[116]"></a>Utf8ToUcs4</STRONG> (Thumb, 100 bytes, Stack size 0 bytes, Utf8.o(.text))
<BR><BR>[Called By]<UL><LI><a href="#[e4]">&gt;&gt;</a>&nbsp;&nbsp;&nbsp;Utf8ToSysEncode
</UL>

<P><STRONG><a name="[115]"></a>IconvDataEncodeFuntion</STRONG> (Thumb, 68 bytes, Stack size 0 bytes, IconvData.o(.text))
<BR><BR>[Calls]<UL><LI><a href="#[e0]">&gt;&gt;</a>&nbsp;&nbsp;&nbsp;strcmp
</UL>
<BR>[Called By]<UL><LI><a href="#[e9]">&gt;&gt;</a>&nbsp;&nbsp;&nbsp;Utf8ToSysEncodeInital
</UL>

<P><STRONG><a name="[121]"></a>SPIXferOneByte</STRONG> (Thumb, 140 bytes, Stack size 0 bytes, Spi.o(.text))
<BR><BR>[Calls]<UL><LI><a href="#[b1]">&gt;&gt;</a>&nbsp;&nbsp;&nbsp;__2printf
</UL>
<BR>[Called By]<UL><LI><a href="#[11b]">&gt;&gt;</a>&nbsp;&nbsp;&nbsp;SpiFlashChipErase
<LI><a href="#[10a]">&gt;&gt;</a>&nbsp;&nbsp;&nbsp;SpiFlashWrite
<LI><a href="#[10e]">&gt;&gt;</a>&nbsp;&nbsp;&nbsp;SpiFlashErase
</UL>

<P><STRONG><a name="[120]"></a>SPIXferBytes</STRONG> (Thumb, 282 bytes, Stack size 0 bytes, Spi.o(.text))
<BR><BR>[Calls]<UL><LI><a href="#[b1]">&gt;&gt;</a>&nbsp;&nbsp;&nbsp;__2printf
</UL>
<BR>[Called By]<UL><LI><a href="#[11b]">&gt;&gt;</a>&nbsp;&nbsp;&nbsp;SpiFlashChipErase
<LI><a href="#[10a]">&gt;&gt;</a>&nbsp;&nbsp;&nbsp;SpiFlashWrite
<LI><a href="#[109]">&gt;&gt;</a>&nbsp;&nbsp;&nbsp;SpiFlashRead
<LI><a href="#[10e]">&gt;&gt;</a>&nbsp;&nbsp;&nbsp;SpiFlashErase
</UL>

<P><STRONG><a name="[87]"></a>Ucs4ToGb2312</STRONG> (Thumb, 778 bytes, Stack size 0 bytes, Gb2312.o(.text))
<BR>[Address Reference Count : 1]<UL><LI> IconvData.o(.constdata)
</UL>
<P><STRONG><a name="[8a]"></a>Ucs4ToWindows2512</STRONG> (Thumb, 198 bytes, Stack size 0 bytes, Windows2512.o(.text))
<BR>[Address Reference Count : 1]<UL><LI> IconvData.o(.constdata)
</UL>
<P><STRONG><a name="[88]"></a>Ucs4ToKoi8_u</STRONG> (Thumb, 220 bytes, Stack size 0 bytes, Koi8_u.o(.text))
<BR>[Address Reference Count : 1]<UL><LI> IconvData.o(.constdata)
</UL>
<P><STRONG><a name="[89]"></a>Ucs4ToKoi8_r</STRONG> (Thumb, 198 bytes, Stack size 0 bytes, Koi8_r.o(.text))
<BR>[Address Reference Count : 1]<UL><LI> IconvData.o(.constdata)
</UL>
<P><STRONG><a name="[8b]"></a>Ucs4ToWindows1251</STRONG> (Thumb, 144 bytes, Stack size 0 bytes, Windows1251.o(.text))
<BR>[Address Reference Count : 1]<UL><LI> IconvData.o(.constdata)
</UL>
<P><STRONG><a name="[b1]"></a>__2printf</STRONG> (Thumb, 20 bytes, Stack size 0 bytes, noretval__2printf.o(.text))
<BR><BR>[Calls]<UL><LI><a href="#[122]">&gt;&gt;</a>&nbsp;&nbsp;&nbsp;_printf_char_file
</UL>
<BR>[Called By]<UL><LI><a href="#[121]">&gt;&gt;</a>&nbsp;&nbsp;&nbsp;SPIXferOneByte
<LI><a href="#[120]">&gt;&gt;</a>&nbsp;&nbsp;&nbsp;SPIXferBytes
<LI><a href="#[11b]">&gt;&gt;</a>&nbsp;&nbsp;&nbsp;SpiFlashChipErase
<LI><a href="#[11f]">&gt;&gt;</a>&nbsp;&nbsp;&nbsp;ItinerantDisplayBinary
<LI><a href="#[11e]">&gt;&gt;</a>&nbsp;&nbsp;&nbsp;ItinerantDisplayAnalog
<LI><a href="#[84]">&gt;&gt;</a>&nbsp;&nbsp;&nbsp;CommandBinCMD
<LI><a href="#[74]">&gt;&gt;</a>&nbsp;&nbsp;&nbsp;CommandFlashErase
<LI><a href="#[82]">&gt;&gt;</a>&nbsp;&nbsp;&nbsp;CommandLs
<LI><a href="#[80]">&gt;&gt;</a>&nbsp;&nbsp;&nbsp;CommandSetRedo
<LI><a href="#[7f]">&gt;&gt;</a>&nbsp;&nbsp;&nbsp;CommandSet
<LI><a href="#[81]">&gt;&gt;</a>&nbsp;&nbsp;&nbsp;CommandSetSave
<LI><a href="#[11d]">&gt;&gt;</a>&nbsp;&nbsp;&nbsp;DisplayBinary
<LI><a href="#[11c]">&gt;&gt;</a>&nbsp;&nbsp;&nbsp;DisplayAnalog
<LI><a href="#[73]">&gt;&gt;</a>&nbsp;&nbsp;&nbsp;CommandDownload
<LI><a href="#[83]">&gt;&gt;</a>&nbsp;&nbsp;&nbsp;CommandFpgaReboot
<LI><a href="#[119]">&gt;&gt;</a>&nbsp;&nbsp;&nbsp;XModemFrameRecieve
<LI><a href="#[72]">&gt;&gt;</a>&nbsp;&nbsp;&nbsp;CommandWb
<LI><a href="#[71]">&gt;&gt;</a>&nbsp;&nbsp;&nbsp;CommandWw
<LI><a href="#[70]">&gt;&gt;</a>&nbsp;&nbsp;&nbsp;CommandWd
<LI><a href="#[6f]">&gt;&gt;</a>&nbsp;&nbsp;&nbsp;CommandIb
<LI><a href="#[6e]">&gt;&gt;</a>&nbsp;&nbsp;&nbsp;CommandIw
<LI><a href="#[6d]">&gt;&gt;</a>&nbsp;&nbsp;&nbsp;CommandId
<LI><a href="#[6c]">&gt;&gt;</a>&nbsp;&nbsp;&nbsp;CommandDb
<LI><a href="#[6b]">&gt;&gt;</a>&nbsp;&nbsp;&nbsp;CommandDw
<LI><a href="#[6a]">&gt;&gt;</a>&nbsp;&nbsp;&nbsp;CommandDd
<LI><a href="#[69]">&gt;&gt;</a>&nbsp;&nbsp;&nbsp;CommandTime
<LI><a href="#[86]">&gt;&gt;</a>&nbsp;&nbsp;&nbsp;CommandHelp
<LI><a href="#[118]">&gt;&gt;</a>&nbsp;&nbsp;&nbsp;RunCommand
<LI><a href="#[114]">&gt;&gt;</a>&nbsp;&nbsp;&nbsp;ModusSendExceptionFrame
<LI><a href="#[113]">&gt;&gt;</a>&nbsp;&nbsp;&nbsp;ModbusAppProc
<LI><a href="#[110]">&gt;&gt;</a>&nbsp;&nbsp;&nbsp;ModbusWriteSettings
<LI><a href="#[10a]">&gt;&gt;</a>&nbsp;&nbsp;&nbsp;SpiFlashWrite
<LI><a href="#[109]">&gt;&gt;</a>&nbsp;&nbsp;&nbsp;SpiFlashRead
<LI><a href="#[10e]">&gt;&gt;</a>&nbsp;&nbsp;&nbsp;SpiFlashErase
<LI><a href="#[100]">&gt;&gt;</a>&nbsp;&nbsp;&nbsp;StorageWrite
<LI><a href="#[ff]">&gt;&gt;</a>&nbsp;&nbsp;&nbsp;StorageErase
<LI><a href="#[108]">&gt;&gt;</a>&nbsp;&nbsp;&nbsp;SetOneWriteSettingStringValue
<LI><a href="#[107]">&gt;&gt;</a>&nbsp;&nbsp;&nbsp;SetOneWriteSettingValue
<LI><a href="#[106]">&gt;&gt;</a>&nbsp;&nbsp;&nbsp;SetSettingBufferFromSettingAddr
<LI><a href="#[105]">&gt;&gt;</a>&nbsp;&nbsp;&nbsp;SettingValueValidationCheck
<LI><a href="#[101]">&gt;&gt;</a>&nbsp;&nbsp;&nbsp;RunSettingUpdateFromWriteSetting
<LI><a href="#[fc]">&gt;&gt;</a>&nbsp;&nbsp;&nbsp;RunSettingUpdate
<LI><a href="#[fb]">&gt;&gt;</a>&nbsp;&nbsp;&nbsp;RtcWrite
<LI><a href="#[fa]">&gt;&gt;</a>&nbsp;&nbsp;&nbsp;LcdDispMemWrite
<LI><a href="#[f7]">&gt;&gt;</a>&nbsp;&nbsp;&nbsp;LcdWrCmd
<LI><a href="#[f6]">&gt;&gt;</a>&nbsp;&nbsp;&nbsp;HmiService
<LI><a href="#[f5]">&gt;&gt;</a>&nbsp;&nbsp;&nbsp;HardwareInitial
<LI><a href="#[f3]">&gt;&gt;</a>&nbsp;&nbsp;&nbsp;ModbusFrameProc
<LI><a href="#[f4]">&gt;&gt;</a>&nbsp;&nbsp;&nbsp;UARTSettingHandleLocal
<LI><a href="#[e7]">&gt;&gt;</a>&nbsp;&nbsp;&nbsp;ParseDevConfig
<LI><a href="#[dc]">&gt;&gt;</a>&nbsp;&nbsp;&nbsp;StorageReadLine
<LI><a href="#[d8]">&gt;&gt;</a>&nbsp;&nbsp;&nbsp;FpgaSlaveSerialOutput
<LI><a href="#[d1]">&gt;&gt;</a>&nbsp;&nbsp;&nbsp;DefaultCrcCal
<LI><a href="#[e9]">&gt;&gt;</a>&nbsp;&nbsp;&nbsp;Utf8ToSysEncodeInital
<LI><a href="#[e4]">&gt;&gt;</a>&nbsp;&nbsp;&nbsp;Utf8ToSysEncode
<LI><a href="#[e8]">&gt;&gt;</a>&nbsp;&nbsp;&nbsp;StorageRead
<LI><a href="#[ed]">&gt;&gt;</a>&nbsp;&nbsp;&nbsp;SettingWriteToFlash
<LI><a href="#[ec]">&gt;&gt;</a>&nbsp;&nbsp;&nbsp;SettingReadFromFlash
<LI><a href="#[e5]">&gt;&gt;</a>&nbsp;&nbsp;&nbsp;GetValueOfKeyWord
<LI><a href="#[df]">&gt;&gt;</a>&nbsp;&nbsp;&nbsp;GetContentToSplit
<LI><a href="#[e1]">&gt;&gt;</a>&nbsp;&nbsp;&nbsp;GetContentOfKeyword
<LI><a href="#[eb]">&gt;&gt;</a>&nbsp;&nbsp;&nbsp;EepromSettingInitial
<LI><a href="#[ee]">&gt;&gt;</a>&nbsp;&nbsp;&nbsp;CheckRunSettingWithFlash
<LI><a href="#[d7]">&gt;&gt;</a>&nbsp;&nbsp;&nbsp;FreeLowSpeedMem
<LI><a href="#[d5]">&gt;&gt;</a>&nbsp;&nbsp;&nbsp;CallocLowSpeedMem
<LI><a href="#[d0]">&gt;&gt;</a>&nbsp;&nbsp;&nbsp;SystemBaseInitial
<LI><a href="#[cf]">&gt;&gt;</a>&nbsp;&nbsp;&nbsp;MallocLowSpeedMem
<LI><a href="#[e6]">&gt;&gt;</a>&nbsp;&nbsp;&nbsp;ParseAnalogGroup
<LI><a href="#[de]">&gt;&gt;</a>&nbsp;&nbsp;&nbsp;ParseBinaryGroup
<LI><a href="#[ce]">&gt;&gt;</a>&nbsp;&nbsp;&nbsp;RtcRead
<LI><a href="#[cd]">&gt;&gt;</a>&nbsp;&nbsp;&nbsp;LcdDispText
<LI><a href="#[c8]">&gt;&gt;</a>&nbsp;&nbsp;&nbsp;UartTask1Service
<LI><a href="#[c2]">&gt;&gt;</a>&nbsp;&nbsp;&nbsp;UARTSettingHandle
<LI><a href="#[c0]">&gt;&gt;</a>&nbsp;&nbsp;&nbsp;UARTInitial
<LI><a href="#[bf]">&gt;&gt;</a>&nbsp;&nbsp;&nbsp;NewUart
<LI><a href="#[c1]">&gt;&gt;</a>&nbsp;&nbsp;&nbsp;UserAppSettingHandle
<LI><a href="#[b3]">&gt;&gt;</a>&nbsp;&nbsp;&nbsp;UserAppInitial
<LI><a href="#[b0]">&gt;&gt;</a>&nbsp;&nbsp;&nbsp;NewUserApp
<LI><a href="#[b2]">&gt;&gt;</a>&nbsp;&nbsp;&nbsp;AppInitial
<LI><a href="#[af]">&gt;&gt;</a>&nbsp;&nbsp;&nbsp;NewApp
<LI><a href="#[ae]">&gt;&gt;</a>&nbsp;&nbsp;&nbsp;Startup
</UL>

<P><STRONG><a name="[cc]"></a>__2snprintf</STRONG> (Thumb, 48 bytes, Stack size 0 bytes, noretval__2snprintf.o(.text))
<BR><BR>[Calls]<UL><LI><a href="#[124]">&gt;&gt;</a>&nbsp;&nbsp;&nbsp;_sputc
<LI><a href="#[123]">&gt;&gt;</a>&nbsp;&nbsp;&nbsp;_printf_char_common
</UL>
<BR>[Called By]<UL><LI><a href="#[c7]">&gt;&gt;</a>&nbsp;&nbsp;&nbsp;DisplayTask1Service
</UL>

<P><STRONG><a name="[126]"></a>_printf_pre_padding</STRONG> (Thumb, 46 bytes, Stack size 0 bytes, _printf_pad.o(.text))
<BR><BR>[Called By]<UL><LI><a href="#[13d]">&gt;&gt;</a>&nbsp;&nbsp;&nbsp;_printf_fp_infnan
<LI><a href="#[13b]">&gt;&gt;</a>&nbsp;&nbsp;&nbsp;_printf_fp_dec_real
<LI><a href="#[128]">&gt;&gt;</a>&nbsp;&nbsp;&nbsp;_printf_int_common
<LI><a href="#[125]">&gt;&gt;</a>&nbsp;&nbsp;&nbsp;_printf_str
</UL>

<P><STRONG><a name="[127]"></a>_printf_post_padding</STRONG> (Thumb, 36 bytes, Stack size 0 bytes, _printf_pad.o(.text))
<BR><BR>[Called By]<UL><LI><a href="#[13d]">&gt;&gt;</a>&nbsp;&nbsp;&nbsp;_printf_fp_infnan
<LI><a href="#[13b]">&gt;&gt;</a>&nbsp;&nbsp;&nbsp;_printf_fp_dec_real
<LI><a href="#[128]">&gt;&gt;</a>&nbsp;&nbsp;&nbsp;_printf_int_common
<LI><a href="#[125]">&gt;&gt;</a>&nbsp;&nbsp;&nbsp;_printf_str
</UL>

<P><STRONG><a name="[125]"></a>_printf_str</STRONG> (Thumb, 82 bytes, Stack size 0 bytes, _printf_str.o(.text))
<BR><BR>[Calls]<UL><LI><a href="#[127]">&gt;&gt;</a>&nbsp;&nbsp;&nbsp;_printf_post_padding
<LI><a href="#[126]">&gt;&gt;</a>&nbsp;&nbsp;&nbsp;_printf_pre_padding
</UL>
<BR>[Called By]<UL><LI><a href="#[13e]">&gt;&gt;</a>&nbsp;&nbsp;&nbsp;_printf_cs_common
</UL>

<P><STRONG><a name="[94]"></a>_printf_int_dec</STRONG> (Thumb, 102 bytes, Stack size 0 bytes, _printf_dec.o(.text))
<BR><BR>[Calls]<UL><LI><a href="#[128]">&gt;&gt;</a>&nbsp;&nbsp;&nbsp;_printf_int_common
</UL>
<BR>[Called By]<UL><LI><a href="#[95]">&gt;&gt;</a>&nbsp;&nbsp;&nbsp;_printf_u
<LI><a href="#[93]">&gt;&gt;</a>&nbsp;&nbsp;&nbsp;_printf_d
</UL>

<P><STRONG><a name="[97]"></a>_printf_int_hex</STRONG> (Thumb, 88 bytes, Stack size 0 bytes, _printf_hex_int.o(.text))
<BR><BR>[Calls]<UL><LI><a href="#[128]">&gt;&gt;</a>&nbsp;&nbsp;&nbsp;_printf_int_common
</UL>
<BR>[Called By]<UL><LI><a href="#[96]">&gt;&gt;</a>&nbsp;&nbsp;&nbsp;_printf_x
</UL>

<P><STRONG><a name="[129]"></a>__printf</STRONG> (Thumb, 310 bytes, Stack size 0 bytes, __printf_flags_wp.o(.text))
<BR><BR>[Calls]<UL><LI><a href="#[12b]">&gt;&gt;</a>&nbsp;&nbsp;&nbsp;_printf_percent
<LI><a href="#[12a]">&gt;&gt;</a>&nbsp;&nbsp;&nbsp;_is_digit
</UL>
<BR>[Called By]<UL><LI><a href="#[123]">&gt;&gt;</a>&nbsp;&nbsp;&nbsp;_printf_char_common
</UL>

<P><STRONG><a name="[ea]"></a>strtol</STRONG> (Thumb, 112 bytes, Stack size 0 bytes, strtol.o(.text))
<BR><BR>[Calls]<UL><LI><a href="#[12d]">&gt;&gt;</a>&nbsp;&nbsp;&nbsp;_strtoul
<LI><a href="#[12e]">&gt;&gt;</a>&nbsp;&nbsp;&nbsp;__aeabi_errno_addr
<LI><a href="#[12c]">&gt;&gt;</a>&nbsp;&nbsp;&nbsp;__rt_ctype_table
</UL>
<BR>[Called By]<UL><LI><a href="#[108]">&gt;&gt;</a>&nbsp;&nbsp;&nbsp;SetOneWriteSettingStringValue
<LI><a href="#[e7]">&gt;&gt;</a>&nbsp;&nbsp;&nbsp;ParseDevConfig
<LI><a href="#[e5]">&gt;&gt;</a>&nbsp;&nbsp;&nbsp;GetValueOfKeyWord
</UL>

<P><STRONG><a name="[102]"></a>strtoul</STRONG> (Thumb, 114 bytes, Stack size 0 bytes, strtoul.o(.text))
<BR><BR>[Calls]<UL><LI><a href="#[12d]">&gt;&gt;</a>&nbsp;&nbsp;&nbsp;_strtoul
<LI><a href="#[12e]">&gt;&gt;</a>&nbsp;&nbsp;&nbsp;__aeabi_errno_addr
<LI><a href="#[12c]">&gt;&gt;</a>&nbsp;&nbsp;&nbsp;__rt_ctype_table
</UL>
<BR>[Called By]<UL><LI><a href="#[11f]">&gt;&gt;</a>&nbsp;&nbsp;&nbsp;ItinerantDisplayBinary
<LI><a href="#[11e]">&gt;&gt;</a>&nbsp;&nbsp;&nbsp;ItinerantDisplayAnalog
<LI><a href="#[74]">&gt;&gt;</a>&nbsp;&nbsp;&nbsp;CommandFlashErase
<LI><a href="#[7f]">&gt;&gt;</a>&nbsp;&nbsp;&nbsp;CommandSet
<LI><a href="#[11d]">&gt;&gt;</a>&nbsp;&nbsp;&nbsp;DisplayBinary
<LI><a href="#[11c]">&gt;&gt;</a>&nbsp;&nbsp;&nbsp;DisplayAnalog
<LI><a href="#[83]">&gt;&gt;</a>&nbsp;&nbsp;&nbsp;CommandFpgaReboot
<LI><a href="#[72]">&gt;&gt;</a>&nbsp;&nbsp;&nbsp;CommandWb
<LI><a href="#[71]">&gt;&gt;</a>&nbsp;&nbsp;&nbsp;CommandWw
<LI><a href="#[70]">&gt;&gt;</a>&nbsp;&nbsp;&nbsp;CommandWd
<LI><a href="#[6f]">&gt;&gt;</a>&nbsp;&nbsp;&nbsp;CommandIb
<LI><a href="#[6e]">&gt;&gt;</a>&nbsp;&nbsp;&nbsp;CommandIw
<LI><a href="#[6d]">&gt;&gt;</a>&nbsp;&nbsp;&nbsp;CommandId
<LI><a href="#[6c]">&gt;&gt;</a>&nbsp;&nbsp;&nbsp;CommandDb
<LI><a href="#[6b]">&gt;&gt;</a>&nbsp;&nbsp;&nbsp;CommandDw
<LI><a href="#[6a]">&gt;&gt;</a>&nbsp;&nbsp;&nbsp;CommandDd
<LI><a href="#[69]">&gt;&gt;</a>&nbsp;&nbsp;&nbsp;CommandTime
<LI><a href="#[108]">&gt;&gt;</a>&nbsp;&nbsp;&nbsp;SetOneWriteSettingStringValue
<LI><a href="#[e5]">&gt;&gt;</a>&nbsp;&nbsp;&nbsp;GetValueOfKeyWord
</UL>

[...]
</UL>

<P><STRONG><a name="[114]"></a>ModusSendExceptionFrame</STRONG> (Thumb, 60 bytes, Stack size 0 bytes, Modbus.o(.text))
<BR><BR>[Calls]<UL><LI><a href="#[b1]">&gt;&gt;</a>&nbsp;&nbsp;&nbsp;__2printf
<LI><a href="#[d1]">&gt;&gt;</a>&nbsp;&nbsp;&nbsp;DefaultCrcCal
</UL>
<BR>[Called By]<UL><LI><a href="#[113]">&gt;&gt;</a>&nbsp;&nbsp;&nbsp;ModbusAppProc
</UL>

<P><STRONG><a name="[86]"></a>CommandHelp</STRONG> (Thumb, 40 bytes, Stack size 0 bytes, Command.o(.text))
<BR><BR>[Calls]<UL><LI><a href="#[b1]">&gt;&gt;</a>&nbsp;&nbsp;&nbsp;__2printf
</UL>
<BR>[Address Reference Count : 1]<UL><LI> Command.o(.constdata)
</UL>
<P><STRONG><a name="[69]"></a>CommandTime</STRONG> (Thumb, 616 bytes, Stack size 0 bytes, Command.o(.text))
<BR><BR>[Calls]<UL><LI><a href="#[e2]">&gt;&gt;</a>&nbsp;&nbsp;&nbsp;strlen
<LI><a href="#[102]">&gt;&gt;</a>&nbsp;&nbsp;&nbsp;strtoul
<LI><a href="#[b1]">&gt;&gt;</a>&nbsp;&nbsp;&nbsp;__2printf
<LI><a href="#[fb]">&gt;&gt;</a>&nbsp;&nbsp;&nbsp;RtcWrite
<LI><a href="#[df]">&gt;&gt;</a>&nbsp;&nbsp;&nbsp;GetContentToSplit
<LI><a href="#[ce]">&gt;&gt;</a>&nbsp;&nbsp;&nbsp;RtcRead
</UL>
<BR>[Address Reference Count : 1]<UL><LI> Command.o(.constdata)
</UL>
<P><STRONG><a name="[6a]"></a>CommandDd</STRONG> (Thumb, 670 bytes, Stack size 0 bytes, Command.o(.text))
<BR><BR>[Calls]<UL><LI><a href="#[102]">&gt;&gt;</a>&nbsp;&nbsp;&nbsp;strtoul
<LI><a href="#[b1]">&gt;&gt;</a>&nbsp;&nbsp;&nbsp;__2printf
<LI><a href="#[df]">&gt;&gt;</a>&nbsp;&nbsp;&nbsp;GetContentToSplit
<LI><a href="#[d7]">&gt;&gt;</a>&nbsp;&nbsp;&nbsp;FreeLowSpeedMem
<LI><a href="#[cf]">&gt;&gt;</a>&nbsp;&nbsp;&nbsp;MallocLowSpeedMem
</UL>
<BR>[Called By]<UL><LI><a href="#[6d]">&gt;&gt;</a>&nbsp;&nbsp;&nbsp;CommandId
</UL>
<BR>[Address Reference Count : 1]<UL><LI> Command.o(.constdata)
</UL>
<P><STRONG><a name="[6b]"></a>CommandDw</STRONG> (Thumb, 222 bytes, Stack size 0 bytes, Command.o(.text))
<BR><BR>[Calls]<UL><LI><a href="#[102]">&gt;&gt;</a>&nbsp;&nbsp;&nbsp;strtoul
<LI><a href="#[b1]">&gt;&gt;</a>&nbsp;&nbsp;&nbsp;__2printf
<LI><a href="#[df]">&gt;&gt;</a>&nbsp;&nbsp;&nbsp;GetContentToSplit
<LI><a href="#[d7]">&gt;&gt;</a>&nbsp;&nbsp;&nbsp;FreeLowSpeedMem
<LI><a href="#[cf]">&gt;&gt;</a>&nbsp;&nbsp;&nbsp;MallocLowSpeedMem
</UL>
<BR>[Called By]<UL><LI><a href="#[6e]">&gt;&gt;</a>&nbsp;&nbsp;&nbsp;CommandIw
</UL>
<BR>[Address Reference Count : 1]<UL><LI> Command.o(.constdata)
</UL>
<P><STRONG><a name="[6c]"></a>CommandDb</STRONG> (Thumb, 208 bytes, Stack size 0 bytes, Command.o(.text))
<BR><BR>[Calls]<UL><LI><a href="#[102]">&gt;&gt;</a>&nbsp;&nbsp;&nbsp;strtoul
<LI><a href="#[b1]">&gt;&gt;</a>&nbsp;&nbsp;&nbsp;__2printf
<LI><a href="#[df]">&gt;&gt;</a>&nbsp;&nbsp;&nbsp;GetContentToSplit
<LI><a href="#[d7]">&gt;&gt;</a>&nbsp;&nbsp;&nbsp;FreeLowSpeedMem
<LI><a href="#[cf]">&gt;&gt;</a>&nbsp;&nbsp;&nbsp;MallocLowSpeedMem
</UL>
<BR>[Called By]<UL><LI><a href="#[6f]">&gt;&gt;</a>&nbsp;&nbsp;&nbsp;CommandIb
</UL>
<BR>[Address Reference Count : 1]<UL><LI> Command.o(.constdata)
</UL>
<P><STRONG><a name="[6d]"></a>CommandId</STRONG> (Thumb, 412 bytes, Stack size 0 bytes, Command.o(.text))
<BR><BR>[Calls]<UL><LI><a href="#[102]">&gt;&gt;</a>&nbsp;&nbsp;&nbsp;strtoul
<LI><a href="#[b1]">&gt;&gt;</a>&nbsp;&nbsp;&nbsp;__2printf
<LI><a href="#[6a]">&gt;&gt;</a>&nbsp;&nbsp;&nbsp;CommandDd
<LI><a href="#[df]">&gt;&gt;</a>&nbsp;&nbsp;&nbsp;GetContentToSplit
<LI><a href="#[d7]">&gt;&gt;</a>&nbsp;&nbsp;&nbsp;FreeLowSpeedMem
<LI><a href="#[cf]">&gt;&gt;</a>&nbsp;&nbsp;&nbsp;MallocLowSpeedMem
</UL>
<BR>[Address Reference Count : 1]<UL><LI> Command.o(.constdata)
</UL>
<P><STRONG><a name="[6e]"></a>CommandIw</STRONG> (Thumb, 866 bytes, Stack size 0 bytes, Command.o(.text))
<BR><BR>[Calls]<UL><LI><a href="#[102]">&gt;&gt;</a>&nbsp;&nbsp;&nbsp;strtoul
<LI><a href="#[b1]">&gt;&gt;</a>&nbsp;&nbsp;&nbsp;__2printf
<LI><a href="#[6b]">&gt;&gt;</a>&nbsp;&nbsp;&nbsp;CommandDw
<LI><a href="#[df]">&gt;&gt;</a>&nbsp;&nbsp;&nbsp;GetContentToSplit
<LI><a href="#[d7]">&gt;&gt;</a>&nbsp;&nbsp;&nbsp;FreeLowSpeedMem
<LI><a href="#[cf]">&gt;&gt;</a>&nbsp;&nbsp;&nbsp;MallocLowSpeedMem
</UL>
<BR>[Address Reference Count : 1]<UL><LI> Command.o(.constdata)
</UL>
<P><STRONG><a name="[6f]"></a>CommandIb</STRONG> (Thumb, 402 bytes, Stack size 0 bytes, Command.o(.text))
<BR><BR>[Calls]<UL><LI><a href="#[102]">&gt;&gt;</a>&nbsp;&nbsp;&nbsp;strtoul
<LI><a href="#[b1]">&gt;&gt;</a>&nbsp;&nbsp;&nbsp;__2printf
<LI><a href="#[6c]">&gt;&gt;</a>&nbsp;&nbsp;&nbsp;CommandDb
<LI><a href="#[df]">&gt;&gt;</a>&nbsp;&nbsp;&nbsp;GetContentToSplit
<LI><a href="#[d7]">&gt;&gt;</a>&nbsp;&nbsp;&nbsp;FreeLowSpeedMem
<LI><a href="#[cf]">&gt;&gt;</a>&nbsp;&nbsp;&nbsp;MallocLowSpeedMem
</UL>
<BR>[Address Reference Count : 1]<UL><LI> Command.o(.constdata)
</UL>
<P><STRONG><a name="[70]"></a>CommandWd</STRONG> (Thumb, 120 bytes, Stack size 0 bytes, Command.o(.text))
<BR><BR>[Calls]<UL><LI><a href="#[102]">&gt;&gt;</a>&nbsp;&nbsp;&nbsp;strtoul
<LI><a href="#[b1]">&gt;&gt;</a>&nbsp;&nbsp;&nbsp;__2printf
<LI><a href="#[df]">&gt;&gt;</a>&nbsp;&nbsp;&nbsp;GetContentToSplit
</UL>
<BR>[Address Reference Count : 1]<UL><LI> Command.o(.constdata)
</UL>
<P><STRONG><a name="[71]"></a>CommandWw</STRONG> (Thumb, 444 bytes, Stack size 0 bytes, Command.o(.text))
<BR><BR>[Calls]<UL><LI><a href="#[102]">&gt;&gt;</a>&nbsp;&nbsp;&nbsp;strtoul
<LI><a href="#[b1]">&gt;&gt;</a>&nbsp;&nbsp;&nbsp;__2printf
<LI><a href="#[df]">&gt;&gt;</a>&nbsp;&nbsp;&nbsp;GetContentToSplit
</UL>
<BR>[Address Reference Count : 1]<UL><LI> Command.o(.constdata)
</UL>
<P><STRONG><a name="[72]"></a>CommandWb</STRONG> (Thumb, 122 bytes, Stack size 0 bytes, Command.o(.text))
<BR><BR>[Calls]<UL><LI><a href="#[102]">&gt;&gt;</a>&nbsp;&nbsp;&nbsp;strtoul
<LI><a href="#[b1]">&gt;&gt;</a>&nbsp;&nbsp;&nbsp;__2printf
<LI><a href="#[df]">&gt;&gt;</a>&nbsp;&nbsp;&nbsp;GetContentToSplit
</UL>
<BR>[Address Reference Count : 1]<UL><LI> Command.o(.constdata)
</UL>
<P><STRONG><a name="[119]"></a>XModemFrameRecieve</STRONG> (Thumb, 638 bytes, Stack size 0 bytes, Command.o(.text))
<BR><BR>[Calls]<UL><LI><a href="#[b1]">&gt;&gt;</a>&nbsp;&nbsp;&nbsp;__2printf
<LI><a href="#[10f]">&gt;&gt;</a>&nbsp;&nbsp;&nbsp;DebugSendByte
</UL>
<BR>[Called By]<UL><LI><a href="#[73]">&gt;&gt;</a>&nbsp;&nbsp;&nbsp;CommandDownload
</UL>

<P><STRONG><a name="[83]"></a>CommandFpgaReboot</STRONG> (Thumb, 526 bytes, Stack size 0 bytes, Command.o(.text))
<BR><BR>[Calls]<UL><LI><a href="#[102]">&gt;&gt;</a>&nbsp;&nbsp;&nbsp;strtoul
<LI><a href="#[b1]">&gt;&gt;</a>&nbsp;&nbsp;&nbsp;__2printf
<LI><a href="#[d2]">&gt;&gt;</a>&nbsp;&nbsp;&nbsp;WaitMS
<LI><a href="#[df]">&gt;&gt;</a>&nbsp;&nbsp;&nbsp;GetContentToSplit
</UL>
<BR>[Called By]<UL><LI><a href="#[7f]">&gt;&gt;</a>&nbsp;&nbsp;&nbsp;CommandSet
<LI><a href="#[85]">&gt;&gt;</a>&nbsp;&nbsp;&nbsp;CommandReboot
<LI><a href="#[73]">&gt;&gt;</a>&nbsp;&nbsp;&nbsp;CommandDownload
</UL>
<BR>[Address Reference Count : 1]<UL><LI> Command.o(.constdata)
</UL>
<P><STRONG><a name="[73]"></a>CommandDownload</STRONG> (Thumb, 2172 bytes, Stack size 0 bytes, Command.o(.text))
<BR><BR>[Calls]<UL><LI><a href="#[11a]">&gt;&gt;</a>&nbsp;&nbsp;&nbsp;__aeabi_memmove
<LI><a href="#[fd]">&gt;&gt;</a>&nbsp;&nbsp;&nbsp;__aeabi_memcpy
<LI><a href="#[b1]">&gt;&gt;</a>&nbsp;&nbsp;&nbsp;__2printf
<LI><a href="#[11b]">&gt;&gt;</a>&nbsp;&nbsp;&nbsp;SpiFlashChipErase
<LI><a href="#[83]">&gt;&gt;</a>&nbsp;&nbsp;&nbsp;CommandFpgaReboot
<LI><a href="#[119]">&gt;&gt;</a>&nbsp;&nbsp;&nbsp;XModemFrameRecieve
<LI><a href="#[10f]">&gt;&gt;</a>&nbsp;&nbsp;&nbsp;DebugSendByte
<LI><a href="#[100]">&gt;&gt;</a>&nbsp;&nbsp;&nbsp;StorageWrite
<LI><a href="#[ff]">&gt;&gt;</a>&nbsp;&nbsp;&nbsp;StorageErase
<LI><a href="#[112]">&gt;&gt;</a>&nbsp;&nbsp;&nbsp;LowLevelInterruptUnlock
<LI><a href="#[111]">&gt;&gt;</a>&nbsp;&nbsp;&nbsp;LowLevelInterruptLock
<LI><a href="#[d2]">&gt;&gt;</a>&nbsp;&nbsp;&nbsp;WaitMS
<LI><a href="#[d1]">&gt;&gt;</a>&nbsp;&nbsp;&nbsp;DefaultCrcCal
<LI><a href="#[e8]">&gt;&gt;</a>&nbsp;&nbsp;&nbsp;StorageRead
<LI><a href="#[d7]">&gt;&gt;</a>&nbsp;&nbsp;&nbsp;FreeLowSpeedMem
<LI><a href="#[cf]">&gt;&gt;</a>&nbsp;&nbsp;&nbsp;MallocLowSpeedMem
</UL>
<BR>[Address Reference Count : 1]<UL><LI> Command.o(.constdata)
</UL>
<P><STRONG><a name="[11c]"></a>DisplayAnalog</STRONG> (Thumb, 596 bytes, Stack size 0 bytes, Command.o(.text))
<BR><BR>[Calls]<UL><LI><a href="#[fe]">&gt;&gt;</a>&nbsp;&nbsp;&nbsp;__aeabi_f2d
<LI><a href="#[e0]">&gt;&gt;</a>&nbsp;&nbsp;&nbsp;strcmp
<LI><a href="#[e2]">&gt;&gt;</a>&nbsp;&nbsp;&nbsp;strlen
<LI><a href="#[102]">&gt;&gt;</a>&nbsp;&nbsp;&nbsp;strtoul
<LI><a href="#[b1]">&gt;&gt;</a>&nbsp;&nbsp;&nbsp;__2printf
<LI><a href="#[df]">&gt;&gt;</a>&nbsp;&nbsp;&nbsp;GetContentToSplit
</UL>
<BR>[Called By]<UL><LI><a href="#[11e]">&gt;&gt;</a>&nbsp;&nbsp;&nbsp;ItinerantDisplayAnalog
<LI><a href="#[78]">&gt;&gt;</a>&nbsp;&nbsp;&nbsp;CommandDispSelfDiagnose
<LI><a href="#[75]">&gt;&gt;</a>&nbsp;&nbsp;&nbsp;CommandDispAna
</UL>

<P><STRONG><a name="[11d]"></a>DisplayBinary</STRONG> (Thumb, 1002 bytes, Stack size 0 bytes, Command.o(.text))
<BR><BR>[Calls]<UL><LI><a href="#[e0]">&gt;&gt;</a>&nbsp;&nbsp;&nbsp;strcmp
<LI><a href="#[e2]">&gt;&gt;</a>&nbsp;&nbsp;&nbsp;strlen
<LI><a href="#[102]">&gt;&gt;</a>&nbsp;&nbsp;&nbsp;strtoul
<LI><a href="#[b1]">&gt;&gt;</a>&nbsp;&nbsp;&nbsp;__2printf
<LI><a href="#[df]">&gt;&gt;</a>&nbsp;&nbsp;&nbsp;GetContentToSplit
</UL>
<BR>[Called By]<UL><LI><a href="#[11f]">&gt;&gt;</a>&nbsp;&nbsp;&nbsp;ItinerantDisplayBinary
<LI><a href="#[79]">&gt;&gt;</a>&nbsp;&nbsp;&nbsp;CommandDispSelfDiagnoseBin
<LI><a href="#[77]">&gt;&gt;</a>&nbsp;&nbsp;&nbsp;CommandDispBinOutput
<LI><a href="#[76]">&gt;&gt;</a>&nbsp;&nbsp;&nbsp;CommandDispBinInput
</UL>

<P><STRONG><a name="[75]"></a>CommandDispAna</STRONG> (Thumb, 6 bytes, Stack size 0 bytes, Command.o(.text))
<BR><BR>[Calls]<UL><LI><a href="#[11c]">&gt;&gt;</a>&nbsp;&nbsp;&nbsp;DisplayAnalog
</UL>
<BR>[Address Reference Count : 1]<UL><LI> Command.o(.constdata)
</UL>
<P><STRONG><a name="[76]"></a>CommandDispBinInput</STRONG> (Thumb, 6 bytes, Stack size 0 bytes, Command.o(.text))
<BR><BR>[Calls]<UL><LI><a href="#[11d]">&gt;&gt;</a>&nbsp;&nbsp;&nbsp;DisplayBinary
</UL>
<BR>[Address Reference Count : 1]<UL><LI> Command.o(.constdata)
</UL>
<P><STRONG><a name="[77]"></a>CommandDispBinOutput</STRONG> (Thumb, 6 bytes, Stack size 0 bytes, Command.o(.text))
<BR><BR>[Calls]<UL><LI><a href="#[11d]">&gt;&gt;</a>&nbsp;&nbsp;&nbsp;DisplayBinary
</UL>
<BR>[Address Reference Count : 1]<UL><LI> Command.o(.constdata)
</UL>
<P><STRONG><a name="[78]"></a>CommandDispSelfDiagnose</STRONG> (Thumb, 6 bytes, Stack size 0 bytes, Command.o(.text))
<BR><BR>[Calls]<UL><LI><a href="#[11c]">&gt;&gt;</a>&nbsp;&nbsp;&nbsp;DisplayAnalog
</UL>
<BR>[Address Reference Count : 1]<UL><LI> Command.o(.constdata)
</UL>
<P><STRONG><a name="[79]"></a>CommandDispSelfDiagnoseBin</STRONG> (Thumb, 6 bytes, Stack size 0 bytes, Command.o(.text))
<BR><BR>[Calls]<UL><LI><a href="#[11d]">&gt;&gt;</a>&nbsp;&nbsp;&nbsp;DisplayBinary
</UL>
<BR>[Address Reference Count : 1]<UL><LI> Command.o(.constdata)
</UL>
<P><STRONG><a name="[7a]"></a>CommandIDispAna</STRONG> (Thumb, 8 bytes, Stack size 0 bytes, Command.o(.text))
<BR><BR>[Calls]<UL><LI><a href="#[11e]">&gt;&gt;</a>&nbsp;&nbsp;&nbsp;ItinerantDisplayAnalog
</UL>
<BR>[Address Reference Count : 1]<UL><LI> Command.o(.constdata)
</UL>
<P><STRONG><a name="[7b]"></a>CommandIDispBinInput</STRONG> (Thumb, 8 bytes, Stack size 0 bytes, Command.o(.text))
<BR><BR>[Calls]<UL><LI><a href="#[11f]">&gt;&gt;</a>&nbsp;&nbsp;&nbsp;ItinerantDisplayBinary
</UL>
<BR>[Address Reference Count : 1]<UL><LI> Command.o(.constdata)
</UL>
<P><STRONG><a name="[7c]"></a>CommandIDispBinOutput</STRONG> (Thumb, 8 bytes, Stack size 0 bytes, Command.o(.text))
<BR><BR>[Calls]<UL><LI><a href="#[11f]">&gt;&gt;</a>&nbsp;&nbsp;&nbsp;ItinerantDisplayBinary
</UL>
<BR>[Address Reference Count : 1]<UL><LI> Command.o(.constdata)
</UL>
<P><STRONG><a name="[7d]"></a>CommandIDispSelfDiagnose</STRONG> (Thumb, 8 bytes, Stack size 0 bytes, Command.o(.text))
<BR><BR>[Calls]<UL><LI><a href="#[11e]">&gt;&gt;</a>&nbsp;&nbsp;&nbsp;ItinerantDisplayAnalog
</UL>
<BR>[Address Reference Count : 1]<UL><LI> Command.o(.constdata)
</UL>
<P><STRONG><a name="[7e]"></a>CommandIDispSelfDiagnoseBin</STRONG> (Thumb, 8 bytes, Stack size 0 bytes, Command.o(.text))
<BR><BR>[Calls]<UL><LI><a href="#[11f]">&gt;&gt;</a>&nbsp;&nbsp;&nbsp;ItinerantDisplayBinary
</UL>
<BR>[Address Reference Count : 1]<UL><LI> Command.o(.constdata)
</UL>
<P><STRONG><a name="[85]"></a>CommandReboot</STRONG> (Thumb, 12 bytes, Stack size 0 bytes, Command.o(.text))
<BR><BR>[Calls]<UL><LI><a href="#[83]">&gt;&gt;</a>&nbsp;&nbsp;&nbsp;CommandFpgaReboot
<LI><a href="#[ef]">&gt;&gt;</a>&nbsp;&nbsp;&nbsp;SystemReboot
</UL>
<BR>[Address Reference Count : 1]<UL><LI> Command.o(.constdata)
</UL>
<P><STRONG><a name="[81]"></a>CommandSetSave</STRONG> (Thumb, 110 bytes, Stack size 0 bytes, Command.o(.text))
<BR><BR>[Calls]<UL><LI><a href="#[b1]">&gt;&gt;</a>&nbsp;&nbsp;&nbsp;__2printf
<LI><a href="#[112]">&gt;&gt;</a>&nbsp;&nbsp;&nbsp;LowLevelInterruptUnlock
<LI><a href="#[111]">&gt;&gt;</a>&nbsp;&nbsp;&nbsp;LowLevelInterruptLock
<LI><a href="#[ed]">&gt;&gt;</a>&nbsp;&nbsp;&nbsp;SettingWriteToFlash
<LI><a href="#[ee]">&gt;&gt;</a>&nbsp;&nbsp;&nbsp;CheckRunSettingWithFlash
</UL>
<BR>[Address Reference Count : 1]<UL><LI> Command.o(.constdata)
</UL>
<P><STRONG><a name="[7f]"></a>CommandSet</STRONG> (Thumb, 1748 bytes, Stack size 0 bytes, Command.o(.text))
<BR><BR>[Calls]<UL><LI><a href="#[fe]">&gt;&gt;</a>&nbsp;&nbsp;&nbsp;__aeabi_f2d
<LI><a href="#[e0]">&gt;&gt;</a>&nbsp;&nbsp;&nbsp;strcmp
<LI><a href="#[e2]">&gt;&gt;</a>&nbsp;&nbsp;&nbsp;strlen
<LI><a href="#[102]">&gt;&gt;</a>&nbsp;&nbsp;&nbsp;strtoul
<LI><a href="#[b1]">&gt;&gt;</a>&nbsp;&nbsp;&nbsp;__2printf
<LI><a href="#[83]">&gt;&gt;</a>&nbsp;&nbsp;&nbsp;CommandFpgaReboot
<LI><a href="#[108]">&gt;&gt;</a>&nbsp;&nbsp;&nbsp;SetOneWriteSettingStringValue
<LI><a href="#[106]">&gt;&gt;</a>&nbsp;&nbsp;&nbsp;SetSettingBufferFromSettingAddr
<LI><a href="#[101]">&gt;&gt;</a>&nbsp;&nbsp;&nbsp;RunSettingUpdateFromWriteSetting
<LI><a href="#[112]">&gt;&gt;</a>&nbsp;&nbsp;&nbsp;LowLevelInterruptUnlock
<LI><a href="#[111]">&gt;&gt;</a>&nbsp;&nbsp;&nbsp;LowLevelInterruptLock
<LI><a href="#[ed]">&gt;&gt;</a>&nbsp;&nbsp;&nbsp;SettingWriteToFlash
<LI><a href="#[df]">&gt;&gt;</a>&nbsp;&nbsp;&nbsp;GetContentToSplit
<LI><a href="#[ee]">&gt;&gt;</a>&nbsp;&nbsp;&nbsp;CheckRunSettingWithFlash
<LI><a href="#[c1]">&gt;&gt;</a>&nbsp;&nbsp;&nbsp;UserAppSettingHandle
<LI><a href="#[ef]">&gt;&gt;</a>&nbsp;&nbsp;&nbsp;SystemReboot
</UL>
<BR>[Called By]<UL><LI><a href="#[80]">&gt;&gt;</a>&nbsp;&nbsp;&nbsp;CommandSetRedo
</UL>
<BR>[Address Reference Count : 1]<UL><LI> Command.o(.constdata)
</UL>
<P><STRONG><a name="[80]"></a>CommandSetRedo</STRONG> (Thumb, 580 bytes, Stack size 0 bytes, Command.o(.text))
<BR><BR>[Calls]<UL><LI><a href="#[b1]">&gt;&gt;</a>&nbsp;&nbsp;&nbsp;__2printf
<LI><a href="#[7f]">&gt;&gt;</a>&nbsp;&nbsp;&nbsp;CommandSet
<LI><a href="#[106]">&gt;&gt;</a>&nbsp;&nbsp;&nbsp;SetSettingBufferFromSettingAddr
<LI><a href="#[101]">&gt;&gt;</a>&nbsp;&nbsp;&nbsp;RunSettingUpdateFromWriteSetting
<LI><a href="#[ec]">&gt;&gt;</a>&nbsp;&nbsp;&nbsp;SettingReadFromFlash
<LI><a href="#[c1]">&gt;&gt;</a>&nbsp;&nbsp;&nbsp;UserAppSettingHandle
</UL>
<BR>[Address Reference Count : 1]<UL><LI> Command.o(.constdata)
</UL>
<P><STRONG><a name="[82]"></a>CommandLs</STRONG> (Thumb, 510 bytes, Stack size 0 bytes, Command.o(.text))
<BR><BR>[Calls]<UL><LI><a href="#[b1]">&gt;&gt;</a>&nbsp;&nbsp;&nbsp;__2printf
<LI><a href="#[d1]">&gt;&gt;</a>&nbsp;&nbsp;&nbsp;DefaultCrcCal
<LI><a href="#[e8]">&gt;&gt;</a>&nbsp;&nbsp;&nbsp;StorageRead
</UL>
<BR>[Address Reference Count : 1]<UL><LI> Command.o(.constdata)
</UL>
<P><STRONG><a name="[74]"></a>CommandFlashErase</STRONG> (Thumb, 150 bytes, Stack size 0 bytes, Command.o(.text))
<BR><BR>[Calls]<UL><LI><a href="#[102]">&gt;&gt;</a>&nbsp;&nbsp;&nbsp;strtoul
<LI><a href="#[b1]">&gt;&gt;</a>&nbsp;&nbsp;&nbsp;__2printf
<LI><a href="#[ff]">&gt;&gt;</a>&nbsp;&nbsp;&nbsp;StorageErase
<LI><a href="#[df]">&gt;&gt;</a>&nbsp;&nbsp;&nbsp;GetContentToSplit
</UL>
<BR>[Address Reference Count : 1]<UL><LI> Command.o(.constdata)
</UL>
<P><STRONG><a name="[84]"></a>CommandBinCMD</STRONG> (Thumb, 2422 bytes, Stack size 0 bytes, Command.o(.text))
<BR><BR>[Calls]<UL><LI><a href="#[b1]">&gt;&gt;</a>&nbsp;&nbsp;&nbsp;__2printf
<LI><a href="#[10f]">&gt;&gt;</a>&nbsp;&nbsp;&nbsp;DebugSendByte
<LI><a href="#[d1]">&gt;&gt;</a>&nbsp;&nbsp;&nbsp;DefaultCrcCal
<LI><a href="#[d7]">&gt;&gt;</a>&nbsp;&nbsp;&nbsp;FreeLowSpeedMem
<LI><a href="#[cf]">&gt;&gt;</a>&nbsp;&nbsp;&nbsp;MallocLowSpeedMem
</UL>
<BR>[Address Reference Count : 1]<UL><LI> Command.o(.constdata)
</UL>
<P><STRONG><a name="[11e]"></a>ItinerantDisplayAnalog</STRONG> (Thumb, 234 bytes, Stack size 0 bytes, Command.o(.text))
<BR><BR>[Calls]<UL><LI><a href="#[102]">&gt;&gt;</a>&nbsp;&nbsp;&nbsp;strtoul
<LI><a href="#[b1]">&gt;&gt;</a>&nbsp;&nbsp;&nbsp;__2printf
<LI><a href="#[11c]">&gt;&gt;</a>&nbsp;&nbsp;&nbsp;DisplayAnalog
<LI><a href="#[df]">&gt;&gt;</a>&nbsp;&nbsp;&nbsp;GetContentToSplit
</UL>
<BR>[Called By]<UL><LI><a href="#[7d]">&gt;&gt;</a>&nbsp;&nbsp;&nbsp;CommandIDispSelfDiagnose
<LI><a href="#[7a]">&gt;&gt;</a>&nbsp;&nbsp;&nbsp;CommandIDispAna
</UL>

<P><STRONG><a name="[11f]"></a>ItinerantDisplayBinary</STRONG> (Thumb, 234 bytes, Stack size 0 bytes, Command.o(.text))
<BR><BR>[Calls]<UL><LI><a href="#[102]">&gt;&gt;</a>&nbsp;&nbsp;&nbsp;strtoul
<LI><a href="#[b1]">&gt;&gt;</a>&nbsp;&nbsp;&nbsp;__2printf
<LI><a href="#[11d]">&gt;&gt;</a>&nbsp;&nbsp;&nbsp;DisplayBinary
<LI><a href="#[df]">&gt;&gt;</a>&nbsp;&nbsp;&nbsp;GetContentToSplit
</UL>
<BR>[Called By]<UL><LI><a href="#[7e]">&gt;&gt;</a>&nbsp;&nbsp;&nbsp;CommandIDispSelfDiagnoseBin
<LI><a href="#[7c]">&gt;&gt;</a>&nbsp;&nbsp;&nbsp;CommandIDispBinOutput
<LI><a href="#[7b]">&gt;&gt;</a>&nbsp;&nbsp;&nbsp;CommandIDispBinInput
</UL>

<P><STRONG><a name="[135]"></a>_fp_digits</STRONG> (Thumb, 426 bytes, Stack size 0 bytes, _printf_fp_dec.o(.text))
<BR><BR>[Calls]<UL><LI><a href="#[139]">&gt;&gt;</a>&nbsp;&nbsp;&nbsp;_btod_emul
<LI><a href="#[138]">&gt;&gt;</a>&nbsp;&nbsp;&nbsp;_btod_ediv
<LI><a href="#[137]">&gt;&gt;</a>&nbsp;&nbsp;&nbsp;_btod_d2e
<LI><a href="#[136]">&gt;&gt;</a>&nbsp;&nbsp;&nbsp;_btod_etento
<LI><a href="#[13a]">&gt;&gt;</a>&nbsp;&nbsp;&nbsp;_ll_udiv10
</UL>
<BR>[Called By]<UL><LI><a href="#[13b]">&gt;&gt;</a>&nbsp;&nbsp;&nbsp;_printf_fp_dec_real
</UL>

<P><STRONG><a name="[62]"></a>_printf_input_char</STRONG> (Thumb, 10 bytes, Stack size 0 bytes, _printf_char_common.o(.text))
<BR>[Address Reference Count : 1]<UL><LI> _printf_char_common.o(.text)
</UL>
<P><STRONG><a name="[140]"></a>_local_sscanf</STRONG> (Thumb, 60 bytes, Stack size 0 bytes, strtod.o(.text))
<BR><BR>[Calls]<UL><LI><a href="#[141]">&gt;&gt;</a>&nbsp;&nbsp;&nbsp;_scanf_real
</UL>
<BR>[Called By]<UL><LI><a href="#[142]">&gt;&gt;</a>&nbsp;&nbsp;&nbsp;__strtod_int
</UL>

<P><STRONG><a name="[146]"></a>_fp_value</STRONG> (Thumb, 504 bytes, Stack size 0 bytes, scanf_fp.o(.text))
<BR><BR>[Calls]<UL><LI><a href="#[147]">&gt;&gt;</a>&nbsp;&nbsp;&nbsp;_btod_emuld
<LI><a href="#[148]">&gt;&gt;</a>&nbsp;&nbsp;&nbsp;_btod_edivd
<LI><a href="#[136]">&gt;&gt;</a>&nbsp;&nbsp;&nbsp;_btod_etento
<LI><a href="#[12e]">&gt;&gt;</a>&nbsp;&nbsp;&nbsp;__aeabi_errno_addr
</UL>
<BR>[Called By]<UL><LI><a href="#[149]">&gt;&gt;</a>&nbsp;&nbsp;&nbsp;_scanf_really_real
</UL>
<P>
<H3>
Undefined Global Symbols
</H3><HR></body></html>
