<html>
<body>
<pre>
<h1>µVision Build Log</h1>
<h2>Project:</h2>
C:\home\Github\STM32F407DemoProjectV2.0\project.uvproj
Project File Date:  06/15/2016

<h2>Output:</h2>
Rebuild target 'rt-thread_stm32f4xx'
compiling main.c...
compiling Setting.c...
compiling SignalOut.c...
compiling App.c...
compiling stm32f4xx_flash.c...
compiling UserApp.c...
compiling Display.c...
compiling UartApp.c...
compiling SystemStartLogo.c...
applications\SystemStartLogo.c(605): warning:  #1-D: last line of file ends without a newline
linking...
Program Size: Code=64832 RO-data=327676 RW-data=236 ZI-data=24964  
FromELF: creating hex file...
User command #1: fromelf --bin .\build\rtthread-stm32f4xx.axf --output rtthread.bin
User command #2: .\AppBin.bat
".\build\rtthread-stm32f4xx.axf" - 0 Error(s), 1 Warning(s).
Rebuild target 'rt-thread_stm32f4xx'
compiling main.c...
compiling Setting.c...
compiling SignalOut.c...
compiling App.c...
compiling stm32f4xx_flash.c...
compiling UserApp.c...
compiling Display.c...
compiling UartApp.c...
compiling SystemStartLogo.c...
linking...
Program Size: Code=64832 RO-data=327676 RW-data=236 ZI-data=24964  
FromELF: creating hex file...
User command #1: fromelf --bin .\build\rtthread-stm32f4xx.axf --output rtthread.bin
User command #2: .\AppBin.bat
".\build\rtthread-stm32f4xx.axf" - 0 Error(s), 0 Warning(s).
