ARM Linker, 5.02 [Build 28] [MDK-ARM Standard]

==============================================================================

Section Cross References

    main.o(.text) refers to Startup.o(.text) for Startup
    setting.o(.constdata) refers to setting.o(.conststring) for .conststring
    setting.o(.constdata) refers to Uart.o(.bss) for uart2
    setting.o(.constdata) refers to userapp.o(.data) for measure_delay
    setting.o(.constdata) refers to dataprocess.o(.data) for saw_temperature_use_freq_amp
    setting.o(.constdata) refers to dataprocess.o(.bss) for antenna
    signalout.o(.constdata) refers to signalout.o(.conststring) for .conststring
    signalout.o(.constdata) refers to dataprocess.o(.bss) for antenna
    signalout.o(.constdata) refers to signalout.o(.conststring) for .conststring
    signalout.o(.constdata) refers to TaskServices.o(.data) for system_running_status_disp
    signalout.o(.constdata) refers to Uart.o(.data) for uart2_max_run_time
    signalout.o(.constdata) refers to dataprocess.o(.bss) for antenna
    signalout.o(.constdata) refers to signalout.o(.conststring) for .conststring
    signalout.o(.constdata) refers to TaskServices.o(.data) for task0_max_run_time
    signalout.o(.constdata) refers to signalout.o(.conststring) for .conststring
    signalout.o(.constdata) refers to TaskServices.o(.data) for task0_max_run_time
    signalout.o(.constdata) refers to signalout.o(.conststring) for .conststring
    signalout.o(.constdata) refers to TaskServices.o(.data) for task0_max_run_time
    app.o(.text) refers to userapp.o(.text) for NewUserApp
    app.o(.text) refers to noretval__2printf.o(.text) for __2printf
    dataprocess.o(.text) refers to dataprocess.o(.data) for .data
    dataprocess.o(.text) refers to dataprocess.o(.bss) for .bss
    dataprocess.o(.text) refers to dataprocess.o(.constdata) for .constdata
    dataprocess.o(.text) refers to rt_memcpy_w.o(.text) for __aeabi_memcpy4
    dataprocess.o(.text) refers to userapp.o(.data) for measure_delay
    userapp.o(.text) refers to _printf_percent.o(.ARM.Collect$$_printf_percent$$00000000) for _printf_percent
    userapp.o(.text) refers to _printf_d.o(.ARM.Collect$$_printf_percent$$00000009) for _printf_d
    userapp.o(.text) refers to _printf_u.o(.ARM.Collect$$_printf_percent$$0000000A) for _printf_u
    userapp.o(.text) refers to _printf_dec.o(.text) for _printf_int_dec
    userapp.o(.text) refers to _printf_pad.o(.text) for _printf_pre_padding
    userapp.o(.text) refers to Uart.o(.text) for NewUart
    userapp.o(.text) refers to noretval__2printf.o(.text) for __2printf
    userapp.o(.text) refers to Storage.o(.text) for StorageRead
    userapp.o(.text) refers to SystemBase.o(.text) for DefaultCrcCal
    userapp.o(.text) refers to rt_memcpy_v6.o(.text) for __aeabi_memcpy
    userapp.o(.text) refers to TaskServices.o(.text) for LowLevelInterruptLock
    userapp.o(.text) refers to dataprocess.o(.bss) for antenna
    userapp.o(.text) refers to dataprocess.o(.data) for saw_freq_tab_index
    userapp.o(.text) refers to userapp.o(.data) for .data
    userapp.o(.text) refers to userapp.o(.bss) for .bss
    userapp.o(.text) refers to userapp.o(.constdata) for .constdata
    userapp.o(.text) refers to SystemBase.o(.data) for system_running_status
    userapp.o(.text) refers to dataprocess.o(.text) for DataProcess
    userapp.o(.text) refers to Display.o(.text) for DisplayTask0Service
    userapp.o(.text) refers to TaskServices.o(.data) for task1_service_request_no
    SystemBase.o(.text) refers to _printf_percent.o(.ARM.Collect$$_printf_percent$$00000000) for _printf_percent
    SystemBase.o(.text) refers to _printf_u.o(.ARM.Collect$$_printf_percent$$0000000A) for _printf_u
    SystemBase.o(.text) refers to _printf_dec.o(.text) for _printf_int_dec
    SystemBase.o(.text) refers to _printf_d.o(.ARM.Collect$$_printf_percent$$00000009) for _printf_d
    SystemBase.o(.text) refers to _printf_s.o(.ARM.Collect$$_printf_percent$$00000014) for _printf_s
    SystemBase.o(.text) refers to _printf_str.o(.text) for _printf_str
    SystemBase.o(.text) refers to noretval__2printf.o(.text) for __2printf
    SystemBase.o(.text) refers to SystemBase.o(.constdata) for .constdata
    SystemBase.o(.text) refers to SystemBase.o(.data) for .data
    SystemBase.o(.text) refers to TaskServices.o(.data) for cpu_poweron_initial_flag
    SystemBase.o(.text) refers to ParseString.o(.text) for GetContentToSplit
    SystemBase.o(.text) refers to strcmpv7m.o(.text) for strcmp
    SystemBase.o(.text) refers to strlen.o(.text) for strlen
    SystemBase.o(.text) refers to h1_alloc.o(.text) for malloc
    SystemBase.o(.text) refers to strncpy.o(.text) for strncpy
    SystemBase.o(.text) refers to Iconv.o(.text) for Utf8ToSysEncode
    SystemBase.o(.text) refers to SettingManage.o(.text) for GetValueOfKeyWord
    SystemBase.o(.text) refers to SystemBase.o(.bss) for .bss
[...]
    _initio                                   - Undefined Weak Reference
    _mutex_acquire                            - Undefined Weak Reference
    _mutex_free                               - Undefined Weak Reference
    _mutex_release                            - Undefined Weak Reference
    _printf_mbtowc                            - Undefined Weak Reference
    _printf_truncate_signed                   - Undefined Weak Reference
    _printf_truncate_unsigned                 - Undefined Weak Reference
    _rand_init                                - Undefined Weak Reference
    _signal_finish                            - Undefined Weak Reference
    _signal_init                              - Undefined Weak Reference
    _terminateio                              - Undefined Weak Reference
    __Vectors_Size                           0x00000188   Number         0  startup_stm32f4xx.o ABSOLUTE
    __Vectors                                0x08020000   Data           4  startup_stm32f4xx.o(RESET)
    __Vectors_End                            0x08020188   Data           0  startup_stm32f4xx.o(RESET)
    __main                                   0x08020189   Thumb Code     8  __main.o(!!!main)
    __scatterload                            0x08020191   Thumb Code     0  __scatter.o(!!!scatter)
    __scatterload_rt2                        0x08020191   Thumb Code    44  __scatter.o(!!!scatter)
    __scatterload_rt2_thumb_only             0x08020191   Thumb Code     0  __scatter.o(!!!scatter)
    __scatterload_null                       0x0802019f   Thumb Code     0  __scatter.o(!!!scatter)
    __scatterload_copy                       0x080201c5   Thumb Code    26  __scatter_copy.o(!!handler_copy)
    __scatterload_zeroinit                   0x080201e1   Thumb Code    28  __scatter_zi.o(!!handler_zi)
    _printf_f                                0x080201fd   Thumb Code     0  _printf_f.o(.ARM.Collect$$_printf_percent$$00000003)
    _printf_percent                          0x080201fd   Thumb Code     0  _printf_percent.o(.ARM.Collect$$_printf_percent$$00000000)
    _printf_d                                0x08020203   Thumb Code     0  _printf_d.o(.ARM.Collect$$_printf_percent$$00000009)
    _printf_u                                0x08020209   Thumb Code     0  _printf_u.o(.ARM.Collect$$_printf_percent$$0000000A)
    _printf_x                                0x0802020f   Thumb Code     0  _printf_x.o(.ARM.Collect$$_printf_percent$$0000000C)
    _printf_c                                0x08020215   Thumb Code     0  _printf_c.o(.ARM.Collect$$_printf_percent$$00000013)
    _printf_s                                0x0802021b   Thumb Code     0  _printf_s.o(.ARM.Collect$$_printf_percent$$00000014)
    _printf_percent_end                      0x08020221   Thumb Code     0  _printf_percent_end.o(.ARM.Collect$$_printf_percent$$00000017)
    __rt_lib_init                            0x08020225   Thumb Code     0  libinit.o(.ARM.Collect$$libinit$$00000000)
    __rt_lib_init_fp_1                       0x08020227   Thumb Code     0  libinit2.o(.ARM.Collect$$libinit$$00000001)
    __rt_lib_init_heap_2                     0x0802022b   Thumb Code     0  libinit2.o(.ARM.Collect$$libinit$$00000003)
    __rt_lib_init_heap_1                     0x08020233   Thumb Code     0  libinit2.o(.ARM.Collect$$libinit$$00000008)
    __rt_lib_init_lc_common                  0x08020233   Thumb Code     0  libinit2.o(.ARM.Collect$$libinit$$0000000D)
    __rt_lib_init_rand_1                     0x08020233   Thumb Code     0  libinit2.o(.ARM.Collect$$libinit$$0000000C)
    __rt_lib_init_user_alloc_1               0x08020233   Thumb Code     0  libinit2.o(.ARM.Collect$$libinit$$0000000A)
    __rt_lib_init_lc_collate_1               0x08020239   Thumb Code     0  libinit2.o(.ARM.Collect$$libinit$$0000000F)
    __rt_lib_init_lc_ctype_2                 0x08020239   Thumb Code     0  libinit2.o(.ARM.Collect$$libinit$$00000010)
    __rt_lib_init_lc_ctype_1                 0x08020245   Thumb Code     0  libinit2.o(.ARM.Collect$$libinit$$00000011)
    __rt_lib_init_lc_monetary_1              0x08020245   Thumb Code     0  libinit2.o(.ARM.Collect$$libinit$$00000013)
    __rt_lib_init_lc_numeric_2               0x08020245   Thumb Code     0  libinit2.o(.ARM.Collect$$libinit$$00000014)
    __rt_lib_init_alloca_1                   0x0802024f   Thumb Code     0  libinit2.o(.ARM.Collect$$libinit$$0000002C)
    __rt_lib_init_argv_1                     0x0802024f   Thumb Code     0  libinit2.o(.ARM.Collect$$libinit$$0000002A)
    __rt_lib_init_atexit_1                   0x0802024f   Thumb Code     0  libinit2.o(.ARM.Collect$$libinit$$00000019)
    __rt_lib_init_clock_1                    0x0802024f   Thumb Code     0  libinit2.o(.ARM.Collect$$libinit$$0000001F)
    __rt_lib_init_cpp_1                      0x0802024f   Thumb Code     0  libinit2.o(.ARM.Collect$$libinit$$00000030)
    __rt_lib_init_exceptions_1               0x0802024f   Thumb Code     0  libinit2.o(.ARM.Collect$$libinit$$0000002E)
    __rt_lib_init_fp_trap_1                  0x0802024f   Thumb Code     0  libinit2.o(.ARM.Collect$$libinit$$0000001D)
    __rt_lib_init_getenv_1                   0x0802024f   Thumb Code     0  libinit2.o(.ARM.Collect$$libinit$$00000021)
    __rt_lib_init_lc_numeric_1               0x0802024f   Thumb Code     0  libinit2.o(.ARM.Collect$$libinit$$00000015)
    __rt_lib_init_lc_time_1                  0x0802024f   Thumb Code     0  libinit2.o(.ARM.Collect$$libinit$$00000017)
    __rt_lib_init_return                     0x0802024f   Thumb Code     0  libinit2.o(.ARM.Collect$$libinit$$00000031)
    __rt_lib_init_signal_1                   0x0802024f   Thumb Code     0  libinit2.o(.ARM.Collect$$libinit$$0000001B)
    __rt_lib_init_stdio_1                    0x0802024f   Thumb Code     0  libinit2.o(.ARM.Collect$$libinit$$00000023)
    __rt_lib_shutdown                        0x08020251   Thumb Code     0  libshutdown.o(.ARM.Collect$$libshutdown$$00000000)
    __rt_lib_shutdown_fp_trap_1              0x08020253   Thumb Code     0  libshutdown2.o(.ARM.Collect$$libshutdown$$00000006)
    __rt_lib_shutdown_heap_1                 0x08020253   Thumb Code     0  libshutdown2.o(.ARM.Collect$$libshutdown$$0000000E)
    __rt_lib_shutdown_return                 0x08020253   Thumb Code     0  libshutdown2.o(.ARM.Collect$$libshutdown$$0000000F)
    __rt_lib_shutdown_signal_1               0x08020253   Thumb Code     0  libshutdown2.o(.ARM.Collect$$libshutdown$$00000009)
    __rt_lib_shutdown_stdio_1                0x08020253   Thumb Code     0  libshutdown2.o(.ARM.Collect$$libshutdown$$00000003)
    __rt_lib_shutdown_user_alloc_1           0x08020253   Thumb Code     0  libshutdown2.o(.ARM.Collect$$libshutdown$$0000000B)
    __rt_entry                               0x08020255   Thumb Code     0  rtentry.o(.ARM.Collect$$rtentry$$00000000)
    __rt_entry_presh_1                       0x08020255   Thumb Code     0  rtentry2.o(.ARM.Collect$$rtentry$$00000002)
    __rt_entry_sh                            0x08020255   Thumb Code     0  rtentry4.o(.ARM.Collect$$rtentry$$00000004)
    __rt_entry_li                            0x0802025b   Thumb Code     0  rtentry2.o(.ARM.Collect$$rtentry$$0000000A)
    __rt_entry_postsh_1                      0x0802025b   Thumb Code     0  rtentry2.o(.ARM.Collect$$rtentry$$00000009)
    __rt_entry_main                          0x0802025f   Thumb Code     0  rtentry2.o(.ARM.Collect$$rtentry$$0000000D)
    __rt_entry_postli_1                      0x0802025f   Thumb Code     0  rtentry2.o(.ARM.Collect$$rtentry$$0000000C)
    __rt_exit                                0x08020267   Thumb Code     0  rtexit.o(.ARM.Collect$$rtexit$$00000000)
    __rt_exit_ls                             0x08020269   Thumb Code     0  rtexit2.o(.ARM.Collect$$rtexit$$00000003)
    __rt_exit_prels_1                        0x08020269   Thumb Code     0  rtexit2.o(.ARM.Collect$$rtexit$$00000002)
    __rt_exit_exit                           0x0802026d   Thumb Code     0  rtexit2.o(.ARM.Collect$$rtexit$$00000004)
    _maybe_terminate_alloc                   0x08020275   Thumb Code     0  maybetermalloc1.o(.emb_text)
    main                                     0x08020275   Thumb Code    16  main.o(.text)
    NewApp                                   0x08020285   Thumb Code    30  app.o(.text)
    AppInitial                               0x080202a3   Thumb Code    30  app.o(.text)
    DataProcess                              0x0802143f   Thumb Code   700  dataprocess.o(.text)
    NewUserApp                               0x08021829   Thumb Code   468  userapp.o(.text)
    UserAppInitial                           0x080219fd   Thumb Code   796  userapp.o(.text)
    FeedWatchdog                             0x08021d19   Thumb Code    26  userapp.o(.text)
    SystemReboot                             0x08021d33   Thumb Code    12  userapp.o(.text)
    UserAppSettingHandle                     0x08021d3f   Thumb Code   568  userapp.o(.text)
    UpdateUserRunningSetting                 0x08021f77   Thumb Code     2  userapp.o(.text)
    UserAppTask0Service                      0x08021f79   Thumb Code   390  userapp.o(.text)
    UserAppTask1Service                      0x080220ff   Thumb Code   410  userapp.o(.text)
    DefaultCrcCal                            0x0802236d   Thumb Code    58  SystemBase.o(.text)
    GetTimerCurrentCnt                       0x080223a7   Thumb Code     8  SystemBase.o(.text)
    CalcTimeDiffToNow                        0x080223af   Thumb Code    22  SystemBase.o(.text)
    DiffCal                                  0x080223c5   Thumb Code     4  SystemBase.o(.text)
    WaitNS                                   0x080223c9   Thumb Code    38  SystemBase.o(.text)
    WaitUS                                   0x080223ef   Thumb Code    26  SystemBase.o(.text)
    WaitMS                                   0x08022409   Thumb Code    28  SystemBase.o(.text)
    WaitS                                    0x08022425   Thumb Code    28  SystemBase.o(.text)
    DelayLoop                                0x08022441   Thumb Code    18  SystemBase.o(.text)
    FpgaSlaveSerialOutput                    0x08022453   Thumb Code   480  SystemBase.o(.text)
    Task0NormalDefaultServices               0x08022633   Thumb Code    98  SystemBase.o(.text)
    StorageReadLine                          0x08022695   Thumb Code   146  SystemBase.o(.text)
    CfgCrcCal                                0x08022727   Thumb Code     8  SystemBase.o(.text)
    ParseDevConfig                           0x08023013   Thumb Code  3782  SystemBase.o(.text)
    EXTI9_5_IRQHandler                       0x080240fd   Thumb Code   160  TaskServices.o(.text)
    TIM8_TRG_COM_TIM14_IRQHandler            0x0802419d   Thumb Code   126  TaskServices.o(.text)
    UserAppTask2Service                      0x0802421d   Thumb Code     2  TaskServices.o(.text)
    USART6_IRQHandler                        0x0802421f   Thumb Code    56  TaskServices.o(.text)
    DMA2_Stream7_IRQHandler                  0x08024257   Thumb Code    56  TaskServices.o(.text)
    LowLevelInterruptLock                    0x0802428f   Thumb Code    16  TaskServices.o(.text)
    LowLevelInterruptUnlock                  0x0802429f   Thumb Code     8  TaskServices.o(.text)
    UartTask0Service                         0x080242c5   Thumb Code   326  Uart.o(.text)
    UartTask1Service                         0x0802440b   Thumb Code   832  Uart.o(.text)
    NewUart                                  0x0802474b   Thumb Code    70  Uart.o(.text)
    UARTInitial                              0x08024851   Thumb Code  1062  Uart.o(.text)
    UARTSettingHandle                        0x08024c77   Thumb Code    76  Uart.o(.text)
    Startup                                  0x08024d59   Thumb Code   226  Startup.o(.text)
    DisplayTask0Service                      0x08024f81   Thumb Code   166  Display.o(.text)
    DisplayTask1Service                      0x08025221   Thumb Code  1198  Display.o(.text)
    RunSettingUpdate                         0x08025779   Thumb Code   508  SettingManage.o(.text)
    SettingReadFromFlash                     0x08025975   Thumb Code  1036  SettingManage.o(.text)
    SettingWriteToFlash                      0x08025d81   Thumb Code   334  SettingManage.o(.text)
    RunSettingUpdateFromWriteSetting         0x08025ecf   Thumb Code    60  SettingManage.o(.text)
    GetValueOfKeyWord                        0x08025f0b   Thumb Code   310  SettingManage.o(.text)
    EepromSettingInitial                     0x08026041   Thumb Code  1178  SettingManage.o(.text)
    SettingValueValidationCheck              0x080264db   Thumb Code   390  SettingManage.o(.text)
    SetSettingBufferFromSettingAddr          0x08026661   Thumb Code  1116  SettingManage.o(.text)
    SetOneWriteSettingValue                  0x08026abd   Thumb Code   466  SettingManage.o(.text)
    SetOneWriteSettingStringValue            0x08026c8f   Thumb Code   662  SettingManage.o(.text)
    CheckRunSettingWithFlash                 0x08026f25   Thumb Code   100  SettingManage.o(.text)
    HardwareInitial                          0x08027031   Thumb Code  1300  Hardware.o(.text)
    ModbusFrameProc                          0x080282b5   Thumb Code   664  Modbus.o(.text)
    LcdClr                                   0x080285dd   Thumb Code   260  DisplayBasicFuncs.o(.text)
    LcdControllerInitial                     0x080286e1   Thumb Code   126  DisplayBasicFuncs.o(.text)
    LcdDispText                              0x0802884b   Thumb Code   606  DisplayBasicFuncs.o(.text)
    LcdDispGraphics                          0x08028aa9   Thumb Code     8  DisplayBasicFuncs.o(.text)
    RtcRead                                  0x08028ad5   Thumb Code   288  RtcBasicFuncs.o(.text)
    RtcWrite                                 0x08028bf5   Thumb Code   262  RtcBasicFuncs.o(.text)
    Utf8ToSysEncodeInital                    0x08028d79   Thumb Code   210  Iconv.o(.text)
    Utf8ToSysEncode                          0x08028e4b   Thumb Code   298  Iconv.o(.text)
    SpiFlashRead                             0x080290cd   Thumb Code   104  SpiFlash.o(.text)
    SpiFlashWrite                            0x08029135   Thumb Code   252  SpiFlash.o(.text)
    SpiFlashErase                            0x08029231   Thumb Code   246  SpiFlash.o(.text)
    SpiFlashChipErase                        0x08029327   Thumb Code   130  SpiFlash.o(.text)
    rt_console                               0x080294a5   Thumb Code   292  Hmi.o(.text)
    GetContentToSplit                        0x080295fd   Thumb Code   206  ParseString.o(.text)
    GetContentOfKeyword                      0x080296cb   Thumb Code   308  ParseString.o(.text)
    rt_send_byte                             0x08029835   Thumb Code    20  Debug.o(.text)
    DebugSendByte                            0x08029849   Thumb Code    20  Debug.o(.text)
    DebugSendByteWithDelay                   0x0802985d   Thumb Code    32  Debug.o(.text)
    RunCommand                               0x080298a9   Thumb Code   136  Command.o(.text)
    SPIXferOneByte                           0x0802d341   Thumb Code   140  Spi.o(.text)
    SPIXferBytes                             0x0802d3cd   Thumb Code   282  Spi.o(.text)
    Utf8ToUcs4                               0x0802d52d   Thumb Code   100  Utf8.o(.text)
    IconvDataEncodeFuntion                   0x0802d591   Thumb Code    68  IconvData.o(.text)
    Ucs4ToGb2312                             0x0802d5d9   Thumb Code   778  Gb2312.o(.text)
    Ucs4ToWindows2512                        0x0802d98d   Thumb Code   198  Windows2512.o(.text)
    Ucs4ToKoi8_u                             0x0802da59   Thumb Code   220  Koi8_u.o(.text)
    Ucs4ToKoi8_r                             0x0802db3d   Thumb Code   198  Koi8_r.o(.text)
    Ucs4ToWindows1251                        0x0802dc0d   Thumb Code   144  Windows1251.o(.text)
    calloc                                   0x0802dca9   Thumb Code    40  calloc.o(.text)
    malloc                                   0x0802dcd1   Thumb Code    94  h1_alloc.o(.text)
    free                                     0x0802dd2f   Thumb Code    78  h1_free.o(.text)
    __2printf                                0x0802dd7d   Thumb Code    20  noretval__2printf.o(.text)
    __2snprintf                              0x0802dd95   Thumb Code    48  noretval__2snprintf.o(.text)
    _printf_pre_padding                      0x0802ddc9   Thumb Code    46  _printf_pad.o(.text)
    _printf_post_padding                     0x0802ddf7   Thumb Code    36  _printf_pad.o(.text)
    _printf_str                              0x0802de1b   Thumb Code    82  _printf_str.o(.text)
    _printf_int_dec                          0x0802de6d   Thumb Code   102  _printf_dec.o(.text)
    _printf_int_hex                          0x0802dee5   Thumb Code    88  _printf_hex_int.o(.text)
    _printf_longlong_hex                     0x0802dee5   Thumb Code     0  _printf_hex_int.o(.text)
    __printf                                 0x0802df41   Thumb Code   390  __printf_flags_ss_wp.o(.text)
    strtol                                   0x0802e0cd   Thumb Code   112  strtol.o(.text)
    strtoul                                  0x0802e13d   Thumb Code   114  strtoul.o(.text)
    strlen                                   0x0802e1af   Thumb Code    62  strlen.o(.text)
    __aeabi_memcpy                           0x0802e1ed   Thumb Code     0  rt_memcpy_v6.o(.text)
    __rt_memcpy                              0x0802e1ed   Thumb Code   138  rt_memcpy_v6.o(.text)
    _memcpy_lastbytes                        0x0802e253   Thumb Code     0  rt_memcpy_v6.o(.text)
    __aeabi_memcpy4                          0x0802e277   Thumb Code     0  rt_memcpy_w.o(.text)
    __aeabi_memcpy8                          0x0802e277   Thumb Code     0  rt_memcpy_w.o(.text)
    __rt_memcpy_w                            0x0802e277   Thumb Code   100  rt_memcpy_w.o(.text)
    _memcpy_lastbytes_aligned                0x0802e2bf   Thumb Code     0  rt_memcpy_w.o(.text)
    __aeabi_memclr                           0x0802e2db   Thumb Code     0  rt_memclr.o(.text)
    __rt_memclr                              0x0802e2db   Thumb Code    68  rt_memclr.o(.text)
    _memset                                  0x0802e2df   Thumb Code     0  rt_memclr.o(.text)
    strncpy                                  0x0802e31f   Thumb Code    86  strncpy.o(.text)
    strcmp                                   0x0802e375   Thumb Code   128  strcmpv7m.o(.text)
    ferror                                   0x0802e3f5   Thumb Code     4  sstream.o(.text)
    fputc                                    0x0802e3f9   Thumb Code     6  sstream.o(.text)
    __rt_ctype_table                         0x0802e401   Thumb Code    16  rt_ctype_table.o(.text)
    __rt_heap_descriptor                     0x0802e411   Thumb Code     8  rt_heap_descriptor_intlibspace.o(.text)
    __aeabi_errno_addr                       0x0802e419   Thumb Code     8  rt_errno_addr_intlibspace.o(.text)
    __errno$intlibspace                      0x0802e419   Thumb Code     0  rt_errno_addr_intlibspace.o(.text)
    __rt_errno_addr$intlibspace              0x0802e419   Thumb Code     0  rt_errno_addr_intlibspace.o(.text)
    __use_no_heap                            0x0802e421   Thumb Code     2  hguard.o(.text)
    __heap$guard                             0x0802e423   Thumb Code     2  hguard.o(.text)
    _terminate_user_alloc                    0x0802e425   Thumb Code     2  init_alloc.o(.text)
    _init_user_alloc                         0x0802e427   Thumb Code     2  init_alloc.o(.text)
    __Heap_Full                              0x0802e429   Thumb Code    34  init_alloc.o(.text)
    __Heap_Broken                            0x0802e44b   Thumb Code     6  init_alloc.o(.text)
    _init_alloc                              0x0802e451   Thumb Code    94  init_alloc.o(.text)
    __Heap_Initialize                        0x0802e4af   Thumb Code    10  h1_init.o(.text)
    __Heap_DescSize                          0x0802e4b9   Thumb Code     4  h1_init.o(.text)
    _printf_int_common                       0x0802e4bd   Thumb Code   184  _printf_intcommon.o(.text)
    __lib_sel_fp_printf                      0x0802e575   Thumb Code     2  _printf_fp_dec.o(.text)
    _printf_fp_dec_real                      0x0802e721   Thumb Code   628  _printf_fp_dec.o(.text)
    _printf_char_common                      0x0802e99f   Thumb Code    32  _printf_char_common.o(.text)
    _sputc                                   0x0802e9c5   Thumb Code    10  _sputc.o(.text)
    _snputc                                  0x0802e9cf   Thumb Code    16  _snputc.o(.text)
    _printf_cs_common                        0x0802e9df   Thumb Code    20  _printf_char.o(.text)
    _printf_char                             0x0802e9f3   Thumb Code    16  _printf_char.o(.text)
    _printf_string                           0x0802ea03   Thumb Code     8  _printf_char.o(.text)
    _printf_char_file                        0x0802ea0d   Thumb Code    32  _printf_char_file.o(.text)
    _strtoul                                 0x0802ea31   Thumb Code   158  _strtoul.o(.text)
    __strtod_int                             0x0802eb0d   Thumb Code    88  strtod.o(.text)
    __aeabi_memclr4                          0x0802eb71   Thumb Code     0  rt_memclr_w.o(.text)
    __aeabi_memclr8                          0x0802eb71   Thumb Code     0  rt_memclr_w.o(.text)
    __rt_memclr_w                            0x0802eb71   Thumb Code    78  rt_memclr_w.o(.text)
    _memset_w                                0x0802eb75   Thumb Code     0  rt_memclr_w.o(.text)
    __user_libspace                          0x0802ebc1   Thumb Code     8  libspace.o(.text)
    __user_perproc_libspace                  0x0802ebc1   Thumb Code     0  libspace.o(.text)
    __user_perthread_libspace                0x0802ebc1   Thumb Code     0  libspace.o(.text)
    __rt_locale                              0x0802ebc9   Thumb Code     8  rt_locale_intlibspace.o(.text)
    __Heap_ProvideMemory                     0x0802ebd1   Thumb Code    52  h1_extend.o(.text)
    _ll_udiv10                               0x0802ec05   Thumb Code   138  lludiv10.o(.text)
    isspace                                  0x0802ec8f   Thumb Code    18  isspace.o(.text)
    _printf_fp_infnan                        0x0802eca1   Thumb Code   112  _printf_fp_infnan.o(.text)
    _chval                                   0x0802ed21   Thumb Code    28  _chval.o(.text)
    _sgetc                                   0x0802ed3d   Thumb Code    30  _sgetc.o(.text)
    _sbackspace                              0x0802ed5b   Thumb Code    34  _sgetc.o(.text)
    _btod_etento                             0x0802ed7d   Thumb Code   222  bigflt0.o(.text)
    __rt_SIGRTMEM                            0x0802ee61   Thumb Code    14  defsig_rtmem_outer.o(.text)
    __rt_heap_escrow                         0x0802ee71   Thumb Code    22  heapauxa.o(.text)
    __rt_heap_expand                         0x0802ee87   Thumb Code    52  heapauxa.o(.text)
    __I$use$semihosting                      0x0802eec1   Thumb Code     0  use_no_semi.o(.text)
    __use_no_semihosting_swi                 0x0802eec1   Thumb Code     2  use_no_semi.o(.text)
    __semihosting_library_function           0x0802eec3   Thumb Code     0  indicate_semi.o(.text)
    __user_setup_stackheap                   0x0802eec3   Thumb Code    74  sys_stackheap_outer.o(.text)
    _scanf_really_real                       0x0802f105   Thumb Code   672  scanf_fp.o(.text)
    exit                                     0x0802f3b1   Thumb Code    12  exit.o(.text)
    __sig_exit                               0x0802f3bd   Thumb Code    10  defsig_exit.o(.text)
    __rt_SIGRTMEM_inner                      0x0802f3c9   Thumb Code    22  defsig_rtmem_inner.o(.text)
    Reset_Handler                            0x0802f419   Thumb Code     8  startup_stm32f4xx.o(.text)
    NMI_Handler                              0x0802f421   Thumb Code     2  startup_stm32f4xx.o(.text)
    HardFault_Handler                        0x0802f423   Thumb Code     2  startup_stm32f4xx.o(.text)
    MemManage_Handler                        0x0802f425   Thumb Code     2  startup_stm32f4xx.o(.text)
    BusFault_Handler                         0x0802f427   Thumb Code     2  startup_stm32f4xx.o(.text)
    UsageFault_Handler                       0x0802f429   Thumb Code     2  startup_stm32f4xx.o(.text)
    SVC_Handler                              0x0802f42b   Thumb Code     2  startup_stm32f4xx.o(.text)
    DebugMon_Handler                         0x0802f42d   Thumb Code     2  startup_stm32f4xx.o(.text)
    PendSV_Handler                           0x0802f42f   Thumb Code     2  startup_stm32f4xx.o(.text)
    SysTick_Handler                          0x0802f431   Thumb Code     2  startup_stm32f4xx.o(.text)
    ADC_IRQHandler                           0x0802f433   Thumb Code     0  startup_stm32f4xx.o(.text)
    CAN1_RX0_IRQHandler                      0x0802f433   Thumb Code     0  startup_stm32f4xx.o(.text)
    CAN1_RX1_IRQHandler                      0x0802f433   Thumb Code     0  startup_stm32f4xx.o(.text)
    CAN1_SCE_IRQHandler                      0x0802f433   Thumb Code     0  startup_stm32f4xx.o(.text)
    CAN1_TX_IRQHandler                       0x0802f433   Thumb Code     0  startup_stm32f4xx.o(.text)
    CAN2_RX0_IRQHandler                      0x0802f433   Thumb Code     0  startup_stm32f4xx.o(.text)
    CAN2_RX1_IRQHandler                      0x0802f433   Thumb Code     0  startup_stm32f4xx.o(.text)
    CAN2_SCE_IRQHandler                      0x0802f433   Thumb Code     0  startup_stm32f4xx.o(.text)
    CAN2_TX_IRQHandler                       0x0802f433   Thumb Code     0  startup_stm32f4xx.o(.text)
    CRYP_IRQHandler                          0x0802f433   Thumb Code     0  startup_stm32f4xx.o(.text)
    DCMI_IRQHandler                          0x0802f433   Thumb Code     0  startup_stm32f4xx.o(.text)
    DMA1_Stream0_IRQHandler                  0x0802f433   Thumb Code     0  startup_stm32f4xx.o(.text)
    DMA1_Stream1_IRQHandler                  0x0802f433   Thumb Code     0  startup_stm32f4xx.o(.text)
    DMA1_Stream2_IRQHandler                  0x0802f433   Thumb Code     0  startup_stm32f4xx.o(.text)
    DMA1_Stream3_IRQHandler                  0x0802f433   Thumb Code     0  startup_stm32f4xx.o(.text)
    DMA1_Stream4_IRQHandler                  0x0802f433   Thumb Code     0  startup_stm32f4xx.o(.text)
    DMA1_Stream5_IRQHandler                  0x0802f433   Thumb Code     0  startup_stm32f4xx.o(.text)
    DMA1_Stream6_IRQHandler                  0x0802f433   Thumb Code     0  startup_stm32f4xx.o(.text)
    DMA1_Stream7_IRQHandler                  0x0802f433   Thumb Code     0  startup_stm32f4xx.o(.text)
    DMA2_Stream0_IRQHandler                  0x0802f433   Thumb Code     0  startup_stm32f4xx.o(.text)
    DMA2_Stream1_IRQHandler                  0x0802f433   Thumb Code     0  startup_stm32f4xx.o(.text)
    DMA2_Stream2_IRQHandler                  0x0802f433   Thumb Code     0  startup_stm32f4xx.o(.text)
    DMA2_Stream3_IRQHandler                  0x0802f433   Thumb Code     0  startup_stm32f4xx.o(.text)
    DMA2_Stream4_IRQHandler                  0x0802f433   Thumb Code     0  startup_stm32f4xx.o(.text)
    DMA2_Stream5_IRQHandler                  0x0802f433   Thumb Code     0  startup_stm32f4xx.o(.text)
    DMA2_Stream6_IRQHandler                  0x0802f433   Thumb Code     0  startup_stm32f4xx.o(.text)
    ETH_IRQHandler                           0x0802f433   Thumb Code     0  startup_stm32f4xx.o(.text)
    ETH_WKUP_IRQHandler                      0x0802f433   Thumb Code     0  startup_stm32f4xx.o(.text)
    EXTI0_IRQHandler                         0x0802f433   Thumb Code     0  startup_stm32f4xx.o(.text)
    EXTI15_10_IRQHandler                     0x0802f433   Thumb Code     0  startup_stm32f4xx.o(.text)
    EXTI1_IRQHandler                         0x0802f433   Thumb Code     0  startup_stm32f4xx.o(.text)
    EXTI2_IRQHandler                         0x0802f433   Thumb Code     0  startup_stm32f4xx.o(.text)
    EXTI3_IRQHandler                         0x0802f433   Thumb Code     0  startup_stm32f4xx.o(.text)
    EXTI4_IRQHandler                         0x0802f433   Thumb Code     0  startup_stm32f4xx.o(.text)
    FLASH_IRQHandler                         0x0802f433   Thumb Code     0  startup_stm32f4xx.o(.text)
    FPU_IRQHandler                           0x0802f433   Thumb Code     0  startup_stm32f4xx.o(.text)
    FSMC_IRQHandler                          0x0802f433   Thumb Code     0  startup_stm32f4xx.o(.text)
    HASH_RNG_IRQHandler                      0x0802f433   Thumb Code     0  startup_stm32f4xx.o(.text)
    I2C1_ER_IRQHandler                       0x0802f433   Thumb Code     0  startup_stm32f4xx.o(.text)
    I2C1_EV_IRQHandler                       0x0802f433   Thumb Code     0  startup_stm32f4xx.o(.text)
    I2C2_ER_IRQHandler                       0x0802f433   Thumb Code     0  startup_stm32f4xx.o(.text)
    I2C2_EV_IRQHandler                       0x0802f433   Thumb Code     0  startup_stm32f4xx.o(.text)
    I2C3_ER_IRQHandler                       0x0802f433   Thumb Code     0  startup_stm32f4xx.o(.text)
    I2C3_EV_IRQHandler                       0x0802f433   Thumb Code     0  startup_stm32f4xx.o(.text)
    OTG_FS_IRQHandler                        0x0802f433   Thumb Code     0  startup_stm32f4xx.o(.text)
    OTG_FS_WKUP_IRQHandler                   0x0802f433   Thumb Code     0  startup_stm32f4xx.o(.text)
    OTG_HS_EP1_IN_IRQHandler                 0x0802f433   Thumb Code     0  startup_stm32f4xx.o(.text)
    OTG_HS_EP1_OUT_IRQHandler                0x0802f433   Thumb Code     0  startup_stm32f4xx.o(.text)
    OTG_HS_IRQHandler                        0x0802f433   Thumb Code     0  startup_stm32f4xx.o(.text)
    OTG_HS_WKUP_IRQHandler                   0x0802f433   Thumb Code     0  startup_stm32f4xx.o(.text)
    PVD_IRQHandler                           0x0802f433   Thumb Code     0  startup_stm32f4xx.o(.text)
    RCC_IRQHandler                           0x0802f433   Thumb Code     0  startup_stm32f4xx.o(.text)
    RTC_Alarm_IRQHandler                     0x0802f433   Thumb Code     0  startup_stm32f4xx.o(.text)
    RTC_WKUP_IRQHandler                      0x0802f433   Thumb Code     0  startup_stm32f4xx.o(.text)
    SDIO_IRQHandler                          0x0802f433   Thumb Code     0  startup_stm32f4xx.o(.text)
    SPI1_IRQHandler                          0x0802f433   Thumb Code     0  startup_stm32f4xx.o(.text)
    SPI2_IRQHandler                          0x0802f433   Thumb Code     0  startup_stm32f4xx.o(.text)
    SPI3_IRQHandler                          0x0802f433   Thumb Code     0  startup_stm32f4xx.o(.text)
    TAMP_STAMP_IRQHandler                    0x0802f433   Thumb Code     0  startup_stm32f4xx.o(.text)
    TIM1_BRK_TIM9_IRQHandler                 0x0802f433   Thumb Code     0  startup_stm32f4xx.o(.text)
    TIM1_CC_IRQHandler                       0x0802f433   Thumb Code     0  startup_stm32f4xx.o(.text)
    TIM1_TRG_COM_TIM11_IRQHandler            0x0802f433   Thumb Code     0  startup_stm32f4xx.o(.text)
    TIM1_UP_TIM10_IRQHandler                 0x0802f433   Thumb Code     0  startup_stm32f4xx.o(.text)
    TIM2_IRQHandler                          0x0802f433   Thumb Code     0  startup_stm32f4xx.o(.text)
    TIM3_IRQHandler                          0x0802f433   Thumb Code     0  startup_stm32f4xx.o(.text)
    TIM4_IRQHandler                          0x0802f433   Thumb Code     0  startup_stm32f4xx.o(.text)
    TIM5_IRQHandler                          0x0802f433   Thumb Code     0  startup_stm32f4xx.o(.text)
    TIM6_DAC_IRQHandler                      0x0802f433   Thumb Code     0  startup_stm32f4xx.o(.text)
    TIM7_IRQHandler                          0x0802f433   Thumb Code     0  startup_stm32f4xx.o(.text)
    TIM8_BRK_TIM12_IRQHandler                0x0802f433   Thumb Code     0  startup_stm32f4xx.o(.text)
    TIM8_CC_IRQHandler                       0x0802f433   Thumb Code     0  startup_stm32f4xx.o(.text)
    TIM8_UP_TIM13_IRQHandler                 0x0802f433   Thumb Code     0  startup_stm32f4xx.o(.text)
    UART4_IRQHandler                         0x0802f433   Thumb Code     0  startup_stm32f4xx.o(.text)
    UART5_IRQHandler                         0x0802f433   Thumb Code     0  startup_stm32f4xx.o(.text)
    USART1_IRQHandler                        0x0802f433   Thumb Code     0  startup_stm32f4xx.o(.text)
    USART2_IRQHandler                        0x0802f433   Thumb Code     0  startup_stm32f4xx.o(.text)
    USART3_IRQHandler                        0x0802f433   Thumb Code     0  startup_stm32f4xx.o(.text)
    WWDG_IRQHandler                          0x0802f433   Thumb Code     0  startup_stm32f4xx.o(.text)
    __user_initial_stackheap                 0x0802f435   Thumb Code     0  startup_stm32f4xx.o(.text)
    _sys_exit                                0x0802f459   Thumb Code     8  sys_exit.o(.text)
    __default_signal_display                 0x0802f465   Thumb Code    50  defsig_general.o(.text)
    SystemInit                               0x0802f499   Thumb Code   198  system_stm32f4xx.o(.text)
    SystemCoreClockUpdate                    0x0802f55f   Thumb Code   112  system_stm32f4xx.o(.text)
    _ttywrch                                 0x0802f60d   Thumb Code    14  sys_wrch.o(.text)
    __read_errno                             0x0802f61b   Thumb Code    10  _rserrno.o(.text)
    __set_errno                              0x0802f625   Thumb Code    12  _rserrno.o(.text)
    _scanf_really_hex_real                   0x0802f631   Thumb Code   776  scanf_hexfp.o(.text)
    _scanf_really_infnan                     0x0802f945   Thumb Code   298  scanf_infnan.o(.text)
    __aeabi_llsl                             0x0802fa81   Thumb Code     0  llshl.o(.text)
    _ll_shift_l                              0x0802fa81   Thumb Code    38  llshl.o(.text)
    _btod_d2e                                0x0802faa7   Thumb Code    62  btod.o(CL$$btod_d2e)
    _d2e_denorm_low                          0x0802fae5   Thumb Code    70  btod.o(CL$$btod_d2e_denorm_low)
    _d2e_norm_op1                            0x0802fb2b   Thumb Code    96  btod.o(CL$$btod_d2e_norm_op1)
    __btod_div_common                        0x0802fb8b   Thumb Code   696  btod.o(CL$$btod_div_common)
    _e2d                                     0x0802fec5   Thumb Code    80  btod.o(CL$$btod_e2d)
    _e2e                                     0x0802ff19   Thumb Code   198  btod.o(CL$$btod_e2e)
    _btod_ediv                               0x0802ffdf   Thumb Code    40  btod.o(CL$$btod_ediv)
    _btod_edivd                              0x08030007   Thumb Code    40  btod.o(CL$$btod_edivd)
    _btod_emul                               0x0803002f   Thumb Code    40  btod.o(CL$$btod_emul)
    _btod_emuld                              0x08030057   Thumb Code    40  btod.o(CL$$btod_emuld)
    __btod_mult_common                       0x0803007f   Thumb Code   580  btod.o(CL$$btod_mult_common)
    Long Thumb to Thumb Veneer to StorageRead 0x080302c3   Thumb Code    10  anon$$obj.o(Veneer$$Code)
    Long Thumb to Thumb Veneer to StorageErase 0x080302cd   Thumb Code    10  anon$$obj.o(Veneer$$Code)
    Long Thumb to Thumb Veneer to StorageWrite 0x080302d7   Thumb Code    10  anon$$obj.o(Veneer$$Code)
    Long Thumb to Thumb Veneer to CPUAppDownload 0x080302e1   Thumb Code    10  anon$$obj.o(Veneer$$Code)
    __ARM_fpclassify                         0x080302eb   Thumb Code    48  fpclassify.o(i.__ARM_fpclassify)
    __hardfp_ldexp                           0x08030321   Thumb Code   216  ldexp.o(i.__hardfp_ldexp)
    __hardfp_strtod                          0x08030409   Thumb Code    30  strtod.o(i.__hardfp_strtod)
    __mathlib_dbl_underflow                  0x08030431   Thumb Code    24  dunder.o(i.__mathlib_dbl_underflow)
    __mathlib_narrow                         0x08030451   Thumb Code   166  narrow.o(i.__mathlib_narrow)
    __support_ldexp                          0x08030509   Thumb Code    20  ldexp.o(i.__support_ldexp)
    _is_digit                                0x0803051d   Thumb Code    14  __printf_wp.o(i._is_digit)
    frexp                                    0x08030531   Thumb Code   134  frexp.o(i.frexp)
    _get_lc_ctype                            0x080305cd   Thumb Code    44  lc_ctype_c.o(locale$$code)
    _get_lc_numeric                          0x080305f9   Thumb Code    44  lc_numeric_c.o(locale$$code)
    __aeabi_d2f                              0x08030625   Thumb Code     0  d2f.o(x$fpl$d2f)
    _d2f                                     0x08030625   Thumb Code    98  d2f.o(x$fpl$d2f)
    __fpl_dcheck_NaN1                        0x08030689   Thumb Code    10  dcheck1.o(x$fpl$dcheck1)
    __fpl_dcmp_Inf                           0x08030699   Thumb Code    24  dcmpi.o(x$fpl$dcmpinf)
    __aeabi_cdcmpeq                          0x080306b1   Thumb Code     0  deqf.o(x$fpl$deqf)
    _dcmpeq                                  0x080306b1   Thumb Code   120  deqf.o(x$fpl$deqf)
    __aeabi_cdcmple                          0x08030729   Thumb Code     0  dleqf.o(x$fpl$dleqf)
    _dcmple                                  0x08030729   Thumb Code   120  dleqf.o(x$fpl$dleqf)
    __fpl_dcmple_InfNaN                      0x0803078b   Thumb Code     0  dleqf.o(x$fpl$dleqf)
    __aeabi_dmul                             0x080307a1   Thumb Code     0  dmul.o(x$fpl$dmul)
    _dmul                                    0x080307a1   Thumb Code   332  dmul.o(x$fpl$dmul)
    __fpl_dnaninf                            0x080308f5   Thumb Code   156  dnaninf.o(x$fpl$dnaninf)
    __fpl_dretinf                            0x08030991   Thumb Code    12  dretinf.o(x$fpl$dretinf)
    __aeabi_cdrcmple                         0x0803099d   Thumb Code     0  drleqf.o(x$fpl$drleqf)
    _drcmple                                 0x0803099d   Thumb Code   108  drleqf.o(x$fpl$drleqf)
    __aeabi_f2d                              0x08030a09   Thumb Code     0  f2d.o(x$fpl$f2d)
    _f2d                                     0x08030a09   Thumb Code    86  f2d.o(x$fpl$f2d)
    __fpl_fnaninf                            0x08030a5f   Thumb Code   140  fnaninf.o(x$fpl$fnaninf)
    _fp_init                                 0x08030aeb   Thumb Code    10  fpinit.o(x$fpl$fpinit)
    __fplib_config_fpu_vfp                   0x08030af3   Thumb Code     0  fpinit.o(x$fpl$fpinit)
    __fplib_config_pureend_doubles           0x08030af3   Thumb Code     0  fpinit.o(x$fpl$fpinit)
    __fpl_fretinf                            0x08030af5   Thumb Code    10  fretinf.o(x$fpl$fretinf)
    _printf_fp_dec                           0x08030aff   Thumb Code     4  printf1.o(x$fpl$printf1)
    __fpl_return_NaN                         0x08030b03   Thumb Code   100  retnan.o(x$fpl$retnan)
    __ARM_scalbn                             0x08030b67   Thumb Code    92  scalbn.o(x$fpl$scalbn)
    _scanf_real                              0x08030bc3   Thumb Code     4  scanf1.o(x$fpl$scanf1)
    _scanf_hex_real                          0x08030bc7   Thumb Code     4  scanf2.o(x$fpl$scanf2)
    _scanf_infnan                            0x08030bcb   Thumb Code     4  scanf2.o(x$fpl$scanf2)
    __fpl_cmpreturn                          0x08030bcf   Thumb Code    48  trapv.o(x$fpl$trapveneer)
    __I$use$fp                               0x08030bfe   Number         0  usenofp.o(x$fpl$usenofp)
    setting_system_define                    0x08030c00   Data        3900  setting.o(.constdata)
    setting_system_define_num                0x08031b3c   Data           4  setting.o(.constdata)
    analog_define                            0x08031b40   Data        2160  signalout.o(.constdata)
    self_diagnose_define                     0x080323b0   Data         996  signalout.o(.constdata)
    self_diagnose_bin_define                 0x08032794   Data          12  signalout.o(.constdata)
    bin_input_define                         0x080327a0   Data          12  signalout.o(.constdata)
    bin_output_define                        0x080327ac   Data          12  signalout.o(.constdata)
    analog_define_num                        0x080327b8   Data           4  signalout.o(.constdata)
    self_diagnose_define_num                 0x080327bc   Data           4  signalout.o(.constdata)
    self_diagnose_bin_define_num             0x080327c0   Data           4  signalout.o(.constdata)
    bin_input_define_num                     0x080327c4   Data           4  signalout.o(.constdata)
    bin_output_define_num                    0x080327c8   Data           4  signalout.o(.constdata)
    fft_amp_bottom_line                      0x080327cc   Data        1344  dataprocess.o(.constdata)
    const_default_crc_tab                    0x08032e2c   Data         512  SystemBase.o(.constdata)
    logo_smartsaw                            0x08033320   Data        9600  Hardware.o(.constdata)
    Region$$Table$$Base                      0x080857a4   Number         0  anon$$obj.o(Region$$Table)
    Region$$Table$$Limit                     0x080857d4   Number         0  anon$$obj.o(Region$$Table)
    __aeabi_HUGE_VAL                         0x080857d4   Data           0  fpconst.o(c$$dinf)
    __aeabi_HUGE_VALL                        0x080857d4   Data           0  fpconst.o(c$$dinf)
    __aeabi_INFINITY                         0x080857d4   Data           0  fpconst.o(c$$dinf)
    __dInf                                   0x080857d4   Data           0  fpconst.o(c$$dinf)
    __huge_val                               0x080857d4   Data           0  fpconst.o(c$$dinf)
    __ctype                                  0x080857e9   Data           0  lc_ctype_c.o(locale$$data)
    FLASH_SetLatency                         0x20000001   Thumb Code     6  stm32f4xx_flash.o(.text)
    FLASH_PrefetchBufferCmd                  0x20000007   Thumb Code    20  stm32f4xx_flash.o(.text)
    FLASH_InstructionCacheCmd                0x2000001b   Thumb Code    20  stm32f4xx_flash.o(.text)
    FLASH_DataCacheCmd                       0x2000002f   Thumb Code    20  stm32f4xx_flash.o(.text)
    FLASH_InstructionCacheReset              0x20000043   Thumb Code    12  stm32f4xx_flash.o(.text)
    FLASH_DataCacheReset                     0x2000004f   Thumb Code    12  stm32f4xx_flash.o(.text)
    FLASH_Unlock                             0x2000005b   Thumb Code    24  stm32f4xx_flash.o(.text)
    FLASH_Lock                               0x20000073   Thumb Code    12  stm32f4xx_flash.o(.text)
    FLASH_GetStatus                          0x2000007f   Thumb Code    52  stm32f4xx_flash.o(.text)
    FLASH_WaitForLastOperation               0x200000b3   Thumb Code    88  stm32f4xx_flash.o(.text)
    FLASH_EraseSector                        0x2000010b   Thumb Code   108  stm32f4xx_flash.o(.text)
    FLASH_EraseAllSectors                    0x20000177   Thumb Code    90  stm32f4xx_flash.o(.text)
    FLASH_ProgramDoubleWord                  0x200001d1   Thumb Code    78  stm32f4xx_flash.o(.text)
    FLASH_ProgramWord                        0x2000021f   Thumb Code    60  stm32f4xx_flash.o(.text)
    FLASH_ProgramHalfWord                    0x2000025b   Thumb Code    60  stm32f4xx_flash.o(.text)
    FLASH_ProgramByte                        0x20000297   Thumb Code    56  stm32f4xx_flash.o(.text)
    FLASH_OB_Unlock                          0x200002cf   Thumb Code    24  stm32f4xx_flash.o(.text)
    FLASH_OB_Lock                            0x200002e7   Thumb Code    12  stm32f4xx_flash.o(.text)
    FLASH_OB_WRPConfig                       0x200002f3   Thumb Code    34  stm32f4xx_flash.o(.text)
    FLASH_OB_RDPConfig                       0x20000315   Thumb Code    18  stm32f4xx_flash.o(.text)
    FLASH_OB_UserConfig                      0x20000327   Thumb Code    38  stm32f4xx_flash.o(.text)
    FLASH_OB_BORConfig                       0x2000034d   Thumb Code    18  stm32f4xx_flash.o(.text)
    FLASH_OB_Launch                          0x2000035f   Thumb Code    12  stm32f4xx_flash.o(.text)
    FLASH_OB_GetUser                         0x2000036b   Thumb Code    10  stm32f4xx_flash.o(.text)
    FLASH_OB_GetWRP                          0x20000375   Thumb Code     6  stm32f4xx_flash.o(.text)
    FLASH_OB_GetRDP                          0x2000037b   Thumb Code    14  stm32f4xx_flash.o(.text)
    FLASH_OB_GetBOR                          0x20000389   Thumb Code    10  stm32f4xx_flash.o(.text)
    FLASH_ITConfig                           0x20000393   Thumb Code    18  stm32f4xx_flash.o(.text)
    FLASH_GetFlagStatus                      0x200003a5   Thumb Code    16  stm32f4xx_flash.o(.text)
    FLASH_ClearFlag                          0x200003b5   Thumb Code     6  stm32f4xx_flash.o(.text)
    StorageRead                              0x200003ed   Thumb Code   194  Storage.o(.text)
    StorageWrite                             0x200004af   Thumb Code   500  Storage.o(.text)
    StorageErase                             0x200006a3   Thumb Code   704  Storage.o(.text)
    CPUAppDownload                           0x20000963   Thumb Code   298  Storage.o(.text)
    Long Thumb to Thumb Veneer to SpiFlashRead 0x20000b11   Thumb Code    10  anon$$obj.o(Veneer$$Code)
    Long Thumb to Thumb Veneer to __2printf  0x20000b1b   Thumb Code    10  anon$$obj.o(Veneer$$Code)
    Long Thumb to Thumb Veneer to SpiFlashWrite 0x20000b25   Thumb Code    10  anon$$obj.o(Veneer$$Code)
    Long Thumb to Thumb Veneer to SpiFlashErase 0x20000b2f   Thumb Code    10  anon$$obj.o(Veneer$$Code)
    device_offline                           0x20000cc8   Data           1  dataprocess.o(.data)
    saw_temperature_use_freq_amp             0x20000cc9   Data           1  dataprocess.o(.data)
    fft_amp_filter_enable                    0x20000cca   Data           1  dataprocess.o(.data)
    saw_auto_tx_attenuator_min               0x20000ccb   Data           1  dataprocess.o(.data)
    saw_delay_time_from_tx_to_rx             0x20000cce   Data           2  dataprocess.o(.data)
    global_calibrate_parameters_update       0x20000cd0   Data           2  dataprocess.o(.data)
    saw_freq_tab_index                       0x20000cd2   Data           2  dataprocess.o(.data)
    fft_test_index                           0x20000cd4   Data           4  dataprocess.o(.data)
    fft_test_disable                         0x20000cd8   Data           4  dataprocess.o(.data)
    saw_send_hold_time                       0x20000cdc   Data           4  dataprocess.o(.data)
    measure_delay_count                      0x20000ce0   Data           4  dataprocess.o(.data)
    saw_control                              0x20000cec   Data           8  dataprocess.o(.data)
    measure_delay                            0x20000d00   Data           4  userapp.o(.data)
    system_running_status                    0x20000d0c   Data           1  SystemBase.o(.data)
    system_ms_count                          0x20000d10   Data           4  SystemBase.o(.data)
    system_s_count                           0x20000d14   Data           4  SystemBase.o(.data)
    sys_cfg                                  0x20000d20   Data           8  SystemBase.o(.data)
    cpu_poweron_initial_flag                 0x20000d28   Data           1  TaskServices.o(.data)
    task1_service_request_no                 0x20000d2c   Data           1  TaskServices.o(.data)
    task2_service_request_no                 0x20000d2d   Data           1  TaskServices.o(.data)
    system_running_status_disp               0x20000d2e   Data           1  TaskServices.o(.data)
    task1_interrupt_count                    0x20000d32   Data           2  TaskServices.o(.data)
    task2_interrupt_count                    0x20000d34   Data           2  TaskServices.o(.data)
    system_s_count_disp                      0x20000d38   Data           4  TaskServices.o(.data)
    task0_max_run_time                       0x20000d3c   Data           4  TaskServices.o(.data)
    task1_max_run_time                       0x20000d40   Data           4  TaskServices.o(.data)
    task2_run_time                           0x20000d44   Data           4  TaskServices.o(.data)
    task0_run_time                           0x20000d48   Data           4  TaskServices.o(.data)
    task1_run_time                           0x20000d4c   Data           4  TaskServices.o(.data)
    task2_max_run_time                       0x20000d50   Data           4  TaskServices.o(.data)
    uart2_max_run_time                       0x20000d58   Data           4  Uart.o(.data)
    uart2_run_time                           0x20000d5c   Data           4  Uart.o(.data)
    uart4_max_run_time                       0x20000d60   Data           4  Uart.o(.data)
    uart4_run_time                           0x20000d64   Data           4  Uart.o(.data)
    analog_group                             0x20000d7c   Data           8  SingalOutManage.o(.data)
    self_diagnose_group                      0x20000d84   Data           8  SingalOutManage.o(.data)
    self_diagnose_bin_group                  0x20000d8c   Data           8  SingalOutManage.o(.data)
    bin_input_group                          0x20000d94   Data           8  SingalOutManage.o(.data)
    bin_output_group                         0x20000d9c   Data           8  SingalOutManage.o(.data)
    encode_type_str                          0x20000da8   Data          12  Iconv.o(.data)
    debug_rx_buffer_rd_ptr                   0x20000db4   Data           2  Hmi.o(.data)
    debug_rx_buffer_wr_ptr                   0x20000db6   Data           2  Hmi.o(.data)
    __stdout                                 0x20000dbc   Data           4  sstream.o(.data)
    SystemCoreClock                          0x20000dc4   Data           4  system_stm32f4xx.o(.data)
    AHBPrescTable                            0x20000dc8   Data          16  system_stm32f4xx.o(.data)
    antenna                                  0x20000dd8   Data        3672  dataprocess.o(.bss)
    buffer_public                            0x2000abb4   Data        1024  SystemBase.o(.bss)
    uart2                                    0x2000afb4   Data        1600  Uart.o(.bss)
    uart4                                    0x2000b5f4   Data        1600  Uart.o(.bss)
    setting_system                           0x2000bc44   Data          36  SettingManage.o(.bss)
    debug_rx_buffer                          0x2000bc68   Data         512  Hmi.o(.bss)
    __libspace_start                         0x2000ca6c   Data          96  libspace.o(.bss)
    __temporary_stack_top$libspace           0x2000cacc   Data           0  libspace.o(.bss)



==============================================================================

Memory Map of the image

  Image Entry point : 0x08020189

  Load Region LR_IROM1 (Base: 0x08020000, Size: 0x000666e0, Max: 0x000c0000, ABSOLUTE)

    Execution Region ER_IROM1 (Base: 0x08020000, Size: 0x00065908, Max: 0x000c0000, ABSOLUTE)

    Base Addr    Size         Type   Attr      Idx    E Section Name        Object

    0x08020000   0x00000188   Data   RO          381    RESET               Debug.lib(startup_stm32f4xx.o)
    0x08020188   0x00000008   Code   RO          190  * !!!main             c_w.l(__main.o)
    0x08020190   0x00000034   Code   RO          467    !!!scatter          c_w.l(__scatter.o)
    0x080201c4   0x0000001a   Code   RO          468    !!handler_copy      c_w.l(__scatter_copy.o)
    0x080201de   0x00000002   PAD
    0x080201e0   0x0000001c   Code   RO          469    !!handler_zi        c_w.l(__scatter_zi.o)
    0x080201fc   0x00000000   Code   RO          181    .ARM.Collect$$_printf_percent$$00000000  c_w.l(_printf_percent.o)
    0x080201fc   0x00000006   Code   RO          180    .ARM.Collect$$_printf_percent$$00000003  c_w.l(_printf_f.o)
    0x08020202   0x00000006   Code   RO          178    .ARM.Collect$$_printf_percent$$00000009  c_w.l(_printf_d.o)
    0x08020208   0x00000006   Code   RO          179    .ARM.Collect$$_printf_percent$$0000000A  c_w.l(_printf_u.o)
    0x0802020e   0x00000006   Code   RO          177    .ARM.Collect$$_printf_percent$$0000000C  c_w.l(_printf_x.o)
    0x08020214   0x00000006   Code   RO          175    .ARM.Collect$$_printf_percent$$00000013  c_w.l(_printf_c.o)
    0x0802021a   0x00000006   Code   RO          176    .ARM.Collect$$_printf_percent$$00000014  c_w.l(_printf_s.o)
    0x08020220   0x00000004   Code   RO          226    .ARM.Collect$$_printf_percent$$00000017  c_w.l(_printf_percent_end.o)
    0x08020224   0x00000002   Code   RO          378    .ARM.Collect$$libinit$$00000000  c_w.l(libinit.o)
    0x08020226   0x00000004   Code   RO          231    .ARM.Collect$$libinit$$00000001  c_w.l(libinit2.o)
    0x0802022a   0x00000008   Code   RO          233    .ARM.Collect$$libinit$$00000003  c_w.l(libinit2.o)
    0x08020232   0x00000000   Code   RO          235    .ARM.Collect$$libinit$$00000008  c_w.l(libinit2.o)
    0x08020232   0x00000000   Code   RO          237    .ARM.Collect$$libinit$$0000000A  c_w.l(libinit2.o)
    0x08020232   0x00000000   Code   RO          239    .ARM.Collect$$libinit$$0000000C  c_w.l(libinit2.o)
    0x08020232   0x00000006   Code   RO          240    .ARM.Collect$$libinit$$0000000D  c_w.l(libinit2.o)
    0x08020238   0x00000000   Code   RO          242    .ARM.Collect$$libinit$$0000000F  c_w.l(libinit2.o)
    0x08020238   0x0000000c   Code   RO          243    .ARM.Collect$$libinit$$00000010  c_w.l(libinit2.o)
    0x08020244   0x00000000   Code   RO          244    .ARM.Collect$$libinit$$00000011  c_w.l(libinit2.o)
    0x08020244   0x00000000   Code   RO          246    .ARM.Collect$$libinit$$00000013  c_w.l(libinit2.o)
    0x08020244   0x0000000a   Code   RO          247    .ARM.Collect$$libinit$$00000014  c_w.l(libinit2.o)
    0x0802024e   0x00000000   Code   RO          248    .ARM.Collect$$libinit$$00000015  c_w.l(libinit2.o)
    0x0802024e   0x00000000   Code   RO          250    .ARM.Collect$$libinit$$00000017  c_w.l(libinit2.o)
    0x0802024e   0x00000000   Code   RO          252    .ARM.Collect$$libinit$$00000019  c_w.l(libinit2.o)
    0x0802024e   0x00000000   Code   RO          254    .ARM.Collect$$libinit$$0000001B  c_w.l(libinit2.o)
    0x0802024e   0x00000000   Code   RO          256    .ARM.Collect$$libinit$$0000001D  c_w.l(libinit2.o)
    0x0802024e   0x00000000   Code   RO          258    .ARM.Collect$$libinit$$0000001F  c_w.l(libinit2.o)
    0x0802024e   0x00000000   Code   RO          260    .ARM.Collect$$libinit$$00000021  c_w.l(libinit2.o)
    0x0802024e   0x00000000   Code   RO          262    .ARM.Collect$$libinit$$00000023  c_w.l(libinit2.o)
    0x0802024e   0x00000000   Code   RO          266    .ARM.Collect$$libinit$$0000002A  c_w.l(libinit2.o)
    0x0802024e   0x00000000   Code   RO          268    .ARM.Collect$$libinit$$0000002C  c_w.l(libinit2.o)
    0x0802024e   0x00000000   Code   RO          270    .ARM.Collect$$libinit$$0000002E  c_w.l(libinit2.o)
    0x0802024e   0x00000000   Code   RO          272    .ARM.Collect$$libinit$$00000030  c_w.l(libinit2.o)
    0x0802024e   0x00000002   Code   RO          273    .ARM.Collect$$libinit$$00000031  c_w.l(libinit2.o)
    0x08020250   0x00000002   Code   RO          447    .ARM.Collect$$libshutdown$$00000000  c_w.l(libshutdown.o)
    0x08020252   0x00000000   Code   RO          393    .ARM.Collect$$libshutdown$$00000003  c_w.l(libshutdown2.o)
    0x08020252   0x00000000   Code   RO          396    .ARM.Collect$$libshutdown$$00000006  c_w.l(libshutdown2.o)
    0x08020252   0x00000000   Code   RO          399    .ARM.Collect$$libshutdown$$00000009  c_w.l(libshutdown2.o)
    0x08020252   0x00000000   Code   RO          401    .ARM.Collect$$libshutdown$$0000000B  c_w.l(libshutdown2.o)
    0x08020252   0x00000000   Code   RO          404    .ARM.Collect$$libshutdown$$0000000E  c_w.l(libshutdown2.o)
    0x08020252   0x00000002   Code   RO          405    .ARM.Collect$$libshutdown$$0000000F  c_w.l(libshutdown2.o)
    0x08020254   0x00000000   Code   RO          201    .ARM.Collect$$rtentry$$00000000  c_w.l(rtentry.o)
    0x08020254   0x00000000   Code   RO          283    .ARM.Collect$$rtentry$$00000002  c_w.l(rtentry2.o)
    0x08020254   0x00000006   Code   RO          295    .ARM.Collect$$rtentry$$00000004  c_w.l(rtentry4.o)
    0x0802025a   0x00000000   Code   RO          285    .ARM.Collect$$rtentry$$00000009  c_w.l(rtentry2.o)
    0x0802025a   0x00000004   Code   RO          286    .ARM.Collect$$rtentry$$0000000A  c_w.l(rtentry2.o)
    0x0802025e   0x00000000   Code   RO          288    .ARM.Collect$$rtentry$$0000000C  c_w.l(rtentry2.o)
    0x0802025e   0x00000008   Code   RO          289    .ARM.Collect$$rtentry$$0000000D  c_w.l(rtentry2.o)
    0x08020266   0x00000002   Code   RO          384    .ARM.Collect$$rtexit$$00000000  c_w.l(rtexit.o)
    0x08020268   0x00000000   Code   RO          422    .ARM.Collect$$rtexit$$00000002  c_w.l(rtexit2.o)
    0x08020268   0x00000004   Code   RO          423    .ARM.Collect$$rtexit$$00000003  c_w.l(rtexit2.o)
    0x0802026c   0x00000006   Code   RO          424    .ARM.Collect$$rtexit$$00000004  c_w.l(rtexit2.o)
    0x08020272   0x00000002   PAD
    0x08020274   0x00000000   Code   RO          301    .emb_text           c_w.l(maybetermalloc1.o)
    0x08020274   0x00000010   Code   RO            1    .text               main.o
    0x08020284   0x000000b8   Code   RO           20    .text               app.o
    0x0802033c   0x000014ec   Code   RO           24    .text               dataprocess.o
    0x08021828   0x00000b44   Code   RO           28    .text               userapp.o
    0x0802236c   0x00001d90   Code   RO           32    .text               SystemCommon.lib(SystemBase.o)
    0x080240fc   0x000001c8   Code   RO           38    .text               UserApp.lib(TaskServices.o)
    0x080242c4   0x00000a94   Code   RO           46    .text               UserApp.lib(Uart.o)
    0x08024d58   0x00000228   Code   RO           52    .text               UserApp.lib(Startup.o)
    0x08024f80   0x000007f8   Code   RO           54    .text               UserApp.lib(Display.o)
    0x08025778   0x000018b8   Code   RO           57    .text               SystemCommon.lib(SettingManage.o)
    0x08027030   0x00000524   Code   RO           68    .text               UserApp.lib(Hardware.o)
    0x08027554   0x00000ff8   Code   RO           70    .text               UserApp.lib(Modbus.o)
    0x0802854c   0x00000588   Code   RO           71    .text               UserApp.lib(DisplayBasicFuncs.o)
    0x08028ad4   0x000002a4   Code   RO           73    .text               UserApp.lib(RtcBasicFuncs.o)
    0x08028d78   0x00000354   Code   RO           74    .text               Debug.lib(Iconv.o)
    0x080290cc   0x000003d8   Code   RO           78    .text               Debug.lib(SpiFlash.o)
    0x080294a4   0x00000158   Code   RO           79    .text               sstream.L(Hmi.o)
    0x080295fc   0x00000238   Code   RO           82    .text               sstream.L(ParseString.o)
    0x08029834   0x0000004c   Code   RO           83    .text               Debug.lib(Debug.o)
    0x08029880   0x00003ac0   Code   RO           84    .text               Debug.lib(Command.o)
    0x0802d340   0x000001ec   Code   RO           90    .text               Debug.lib(Spi.o)
    0x0802d52c   0x00000064   Code   RO           91    .text               IconvData.lib(Utf8.o)
    0x0802d590   0x00000048   Code   RO           92    .text               IconvData.lib(IconvData.o)
    0x0802d5d8   0x000003b4   Code   RO           95    .text               IconvData.lib(Gb2312.o)
    0x0802d98c   0x000000cc   Code   RO           97    .text               IconvData.lib(Windows2512.o)
    0x0802da58   0x000000e4   Code   RO           99    .text               IconvData.lib(Koi8_u.o)
    0x0802db3c   0x000000d0   Code   RO          101    .text               IconvData.lib(Koi8_r.o)
    0x0802dc0c   0x0000009c   Code   RO          103    .text               IconvData.lib(Windows1251.o)
    0x0802dca8   0x00000028   Code   RO          109    .text               c_w.l(calloc.o)
    0x0802dcd0   0x0000005e   Code   RO          110    .text               c_w.l(h1_alloc.o)
    0x0802dd2e   0x0000004e   Code   RO          111    .text               c_w.l(h1_free.o)
    0x0802dd7c   0x00000018   Code   RO          142    .text               c_w.l(noretval__2printf.o)
    0x0802dd94   0x00000034   Code   RO          143    .text               c_w.l(noretval__2snprintf.o)
    0x0802ddc8   0x00000052   Code   RO          145    .text               c_w.l(_printf_pad.o)
    0x0802de1a   0x00000052   Code   RO          146    .text               c_w.l(_printf_str.o)
    0x0802de6c   0x00000078   Code   RO          147    .text               c_w.l(_printf_dec.o)
    0x0802dee4   0x0000005c   Code   RO          150    .text               c_w.l(_printf_hex_int.o)
    0x0802df40   0x0000018c   Code   RO          173    .text               c_w.l(__printf_flags_ss_wp.o)
    0x0802e0cc   0x00000070   Code   RO          182    .text               c_w.l(strtol.o)
    0x0802e13c   0x00000072   Code   RO          183    .text               c_w.l(strtoul.o)
    0x0802e1ae   0x0000003e   Code   RO          184    .text               c_w.l(strlen.o)
    0x0802e1ec   0x0000008a   Code   RO          185    .text               c_w.l(rt_memcpy_v6.o)
    0x0802e276   0x00000064   Code   RO          186    .text               c_w.l(rt_memcpy_w.o)
    0x0802e2da   0x00000044   Code   RO          187    .text               c_w.l(rt_memclr.o)
    0x0802e31e   0x00000056   Code   RO          188    .text               c_w.l(strncpy.o)
    0x0802e374   0x00000080   Code   RO          189    .text               c_w.l(strcmpv7m.o)
    0x0802e3f4   0x0000000a   Code   RO          198    .text               sstream.L(sstream.o)
    0x0802e3fe   0x00000002   PAD
    0x0802e400   0x00000010   Code   RO          202    .text               c_w.l(rt_ctype_table.o)
    0x0802e410   0x00000008   Code   RO          205    .text               c_w.l(rt_heap_descriptor_intlibspace.o)
    0x0802e418   0x00000008   Code   RO          208    .text               c_w.l(rt_errno_addr_intlibspace.o)
    0x0802e420   0x00000004   Code   RO          209    .text               c_w.l(hguard.o)
    0x0802e424   0x0000008a   Code   RO          210    .text               c_w.l(init_alloc.o)
    0x0802e4ae   0x0000000e   Code   RO          212    .text               c_w.l(h1_init.o)
    0x0802e4bc   0x000000b8   Code   RO          219    .text               c_w.l(_printf_intcommon.o)
    0x0802e574   0x00000420   Code   RO          220    .text               c_w.l(_printf_fp_dec.o)
    0x0802e994   0x00000030   Code   RO          221    .text               c_w.l(_printf_char_common.o)
    0x0802e9c4   0x0000000a   Code   RO          222    .text               c_w.l(_sputc.o)
    0x0802e9ce   0x00000010   Code   RO          223    .text               c_w.l(_snputc.o)
    0x0802e9de   0x0000002c   Code   RO          224    .text               c_w.l(_printf_char.o)
    0x0802ea0a   0x00000002   PAD
    0x0802ea0c   0x00000024   Code   RO          225    .text               c_w.l(_printf_char_file.o)
    0x0802ea30   0x0000009e   Code   RO          227    .text               c_w.l(_strtoul.o)
    0x0802eace   0x00000002   PAD
    0x0802ead0   0x000000a0   Code   RO          228    .text               c_w.l(strtod.o)
    0x0802eb70   0x0000004e   Code   RO          229    .text               c_w.l(rt_memclr_w.o)
    0x0802ebbe   0x00000002   PAD
    0x0802ebc0   0x00000008   Code   RO          280    .text               c_w.l(libspace.o)
    0x0802ebc8   0x00000008   Code   RO          299    .text               c_w.l(rt_locale_intlibspace.o)
    0x0802ebd0   0x00000034   Code   RO          303    .text               c_w.l(h1_extend.o)
    0x0802ec04   0x0000008a   Code   RO          305    .text               c_w.l(lludiv10.o)
    0x0802ec8e   0x00000012   Code   RO          306    .text               c_w.l(isspace.o)
    0x0802eca0   0x00000080   Code   RO          307    .text               c_w.l(_printf_fp_infnan.o)
    0x0802ed20   0x0000001c   Code   RO          309    .text               c_w.l(_chval.o)
    0x0802ed3c   0x00000040   Code   RO          310    .text               c_w.l(_sgetc.o)
    0x0802ed7c   0x000000e4   Code   RO          311    .text               c_w.l(bigflt0.o)
    0x0802ee60   0x0000000e   Code   RO          338    .text               c_w.l(defsig_rtmem_outer.o)
    0x0802ee6e   0x00000002   PAD
    0x0802ee70   0x00000050   Code   RO          340    .text               c_w.l(heapauxa.o)
    0x0802eec0   0x00000002   Code   RO          348    .text               c_w.l(use_no_semi.o)
    0x0802eec2   0x00000000   Code   RO          349    .text               c_w.l(indicate_semi.o)
    0x0802eec2   0x0000004a   Code   RO          350    .text               c_w.l(sys_stackheap_outer.o)
    0x0802ef0c   0x000004a4   Code   RO          360    .text               c_w.l(scanf_fp.o)
    0x0802f3b0   0x0000000c   Code   RO          370    .text               c_w.l(exit.o)
    0x0802f3bc   0x0000000a   Code   RO          371    .text               c_w.l(defsig_exit.o)
    0x0802f3c6   0x00000002   PAD
    0x0802f3c8   0x00000050   Code   RO          372    .text               c_w.l(defsig_rtmem_inner.o)
    0x0802f418   0x00000040   Code   RO          382    .text               Debug.lib(startup_stm32f4xx.o)
    0x0802f458   0x0000000c   Code   RO          383    .text               c_w.l(sys_exit.o)
    0x0802f464   0x00000032   Code   RO          390    .text               c_w.l(defsig_general.o)
    0x0802f496   0x00000002   PAD
    0x0802f498   0x00000174   Code   RO          418    .text               Debug.lib(system_stm32f4xx.o)
    0x0802f60c   0x0000000e   Code   RO          420    .text               c_w.l(sys_wrch.o)
    0x0802f61a   0x00000016   Code   RO          428    .text               c_w.l(_rserrno.o)
    0x0802f630   0x00000314   Code   RO          429    .text               c_w.l(scanf_hexfp.o)
    0x0802f944   0x0000013c   Code   RO          430    .text               c_w.l(scanf_infnan.o)
    0x0802fa80   0x00000026   Code   RO          437    .text               c_w.l(llshl.o)
    0x0802faa6   0x0000003e   Code   RO          313    CL$$btod_d2e        c_w.l(btod.o)
    0x0802fae4   0x00000046   Code   RO          315    CL$$btod_d2e_denorm_low  c_w.l(btod.o)
    0x0802fb2a   0x00000060   Code   RO          314    CL$$btod_d2e_norm_op1  c_w.l(btod.o)
    0x0802fb8a   0x00000338   Code   RO          323    CL$$btod_div_common  c_w.l(btod.o)
    0x0802fec2   0x00000002   PAD
    0x0802fec4   0x00000054   Code   RO          321    CL$$btod_e2d        c_w.l(btod.o)
    0x0802ff18   0x000000c6   Code   RO          320    CL$$btod_e2e        c_w.l(btod.o)
    0x0802ffde   0x00000028   Code   RO          317    CL$$btod_ediv       c_w.l(btod.o)
    0x08030006   0x00000028   Code   RO          319    CL$$btod_edivd      c_w.l(btod.o)
    0x0803002e   0x00000028   Code   RO          316    CL$$btod_emul       c_w.l(btod.o)
    0x08030056   0x00000028   Code   RO          318    CL$$btod_emuld      c_w.l(btod.o)
    0x0803007e   0x00000244   Code   RO          322    CL$$btod_mult_common  c_w.l(btod.o)
    0x080302c2   0x0000000a   Ven    RO          470    Veneer$$Code        anon$$obj.o
    0x080302cc   0x0000000a   Ven    RO          471    Veneer$$Code        anon$$obj.o
    0x080302d6   0x0000000a   Ven    RO          472    Veneer$$Code        anon$$obj.o
    0x080302e0   0x0000000a   Ven    RO          473    Veneer$$Code        anon$$obj.o
    0x080302ea   0x00000030   Code   RO          347    i.__ARM_fpclassify  m_wm.l(fpclassify.o)
    0x0803031a   0x00000006   PAD
    0x08030320   0x000000e8   Code   RO          451    i.__hardfp_ldexp    m_wm.l(ldexp.o)
    0x08030408   0x00000028   Code   RO          194    i.__hardfp_strtod   m_wm.l(strtod.o)
    0x08030430   0x00000020   Code   RO          460    i.__mathlib_dbl_underflow  m_wm.l(dunder.o)
    0x08030450   0x000000b8   Code   RO          413    i.__mathlib_narrow  m_wm.l(narrow.o)
    0x08030508   0x00000014   Code   RO          453    i.__support_ldexp   m_wm.l(ldexp.o)
    0x0803051c   0x0000000e   Code   RO          169    i._is_digit         c_w.l(__printf_wp.o)
    0x0803052a   0x00000006   PAD
    0x08030530   0x0000009c   Code   RO          436    i.frexp             m_wm.l(frexp.o)
    0x080305cc   0x0000002c   Code   RO          331    locale$$code        c_w.l(lc_ctype_c.o)
    0x080305f8   0x0000002c   Code   RO          333    locale$$code        c_w.l(lc_numeric_c.o)
    0x08030624   0x00000062   Code   RO          191    x$fpl$d2f           fz_wm.l(d2f.o)
    0x08030686   0x00000002   PAD
    0x08030688   0x00000010   Code   RO          462    x$fpl$dcheck1       fz_wm.l(dcheck1.o)
    0x08030698   0x00000018   Code   RO          448    x$fpl$dcmpinf       fz_wm.l(dcmpi.o)
    0x080306b0   0x00000078   Code   RO          432    x$fpl$deqf          fz_wm.l(deqf.o)
    0x08030728   0x00000078   Code   RO          449    x$fpl$dleqf         fz_wm.l(dleqf.o)
    0x080307a0   0x00000154   Code   RO          450    x$fpl$dmul          fz_wm.l(dmul.o)
    0x080308f4   0x0000009c   Code   RO          274    x$fpl$dnaninf       fz_wm.l(dnaninf.o)
    0x08030990   0x0000000c   Code   RO          275    x$fpl$dretinf       fz_wm.l(dretinf.o)
    0x0803099c   0x0000006c   Code   RO          433    x$fpl$drleqf        fz_wm.l(drleqf.o)
    0x08030a08   0x00000056   Code   RO          192    x$fpl$f2d           fz_wm.l(f2d.o)
    0x08030a5e   0x0000008c   Code   RO          276    x$fpl$fnaninf       fz_wm.l(fnaninf.o)
    0x08030aea   0x0000000a   Code   RO          344    x$fpl$fpinit        fz_wm.l(fpinit.o)
    0x08030af4   0x0000000a   Code   RO          277    x$fpl$fretinf       fz_wm.l(fretinf.o)
    0x08030afe   0x00000004   Code   RO          193    x$fpl$printf1       fz_wm.l(printf1.o)
    0x08030b02   0x00000064   Code   RO          463    x$fpl$retnan        fz_wm.l(retnan.o)
    0x08030b66   0x0000005c   Code   RO          459    x$fpl$scalbn        fz_wm.l(scalbn.o)
    0x08030bc2   0x00000004   Code   RO          346    x$fpl$scanf1        fz_wm.l(scanf1.o)
    0x08030bc6   0x00000008   Code   RO          409    x$fpl$scanf2        fz_wm.l(scanf2.o)
    0x08030bce   0x00000030   Code   RO          464    x$fpl$trapveneer    fz_wm.l(trapv.o)
    0x08030bfe   0x00000000   Code   RO          278    x$fpl$usenofp       fz_wm.l(usenofp.o)
    0x08030bfe   0x00000002   PAD
    0x08030c00   0x00000f3c   Data   RO            2    .constdata          setting.o
    0x08031b3c   0x00000004   Data   RO            3    .constdata          setting.o
    0x08031b40   0x00000870   Data   RO            5    .constdata          signalout.o
    0x080323b0   0x000003e4   Data   RO            6    .constdata          signalout.o
    0x08032794   0x0000000c   Data   RO            7    .constdata          signalout.o
    0x080327a0   0x0000000c   Data   RO            8    .constdata          signalout.o
    0x080327ac   0x0000000c   Data   RO            9    .constdata          signalout.o
    0x080327b8   0x00000004   Data   RO           10    .constdata          signalout.o
    0x080327bc   0x00000004   Data   RO           11    .constdata          signalout.o
    0x080327c0   0x00000004   Data   RO           12    .constdata          signalout.o
    0x080327c4   0x00000004   Data   RO           13    .constdata          signalout.o
    0x080327c8   0x00000004   Data   RO           14    .constdata          signalout.o
    0x080327cc   0x00000540   Data   RO           26    .constdata          dataprocess.o
    0x08032d0c   0x0000011e   Data   RO           30    .constdata          userapp.o
    0x08032e2a   0x00000002   PAD
    0x08032e2c   0x0000028e   Data   RO           34    .constdata          SystemCommon.lib(SystemBase.o)
    0x080330ba   0x00000020   Data   RO           48    .constdata          UserApp.lib(Uart.o)
    0x080330da   0x00000002   PAD
    0x080330dc   0x00000050   Data   RO           53    .constdata          UserApp.lib(Startup.o)
    0x0803312c   0x000001ef   Data   RO           59    .constdata          SystemCommon.lib(SettingManage.o)
    0x0803331b   0x00002585   Data   RO           69    .constdata          UserApp.lib(Hardware.o)
    0x080358a0   0x0004045d   Data   RO           72    .constdata          UserApp.lib(DisplayBasicFuncs.o)
    0x08075cfd   0x00000011   Data   RO           75    .constdata          Debug.lib(Iconv.o)
    0x08075d0e   0x00000002   PAD
    0x08075d10   0x00000a02   Data   RO           86    .constdata          Debug.lib(Command.o)
    0x08076712   0x00000002   PAD
    0x08076714   0x00000030   Data   RO           93    .constdata          IconvData.lib(IconvData.o)
    0x08076744   0x0000ac2e   Data   RO           96    .constdata          IconvData.lib(Gb2312.o)
    0x08081372   0x00000028   Data   RO           98    .constdata          IconvData.lib(Windows2512.o)
    0x0808139a   0x000000f8   Data   RO          100    .constdata          IconvData.lib(Koi8_u.o)
    0x08081492   0x000000f2   Data   RO          102    .constdata          IconvData.lib(Koi8_r.o)
    0x08081584   0x000000a3   Data   RO          104    .constdata          IconvData.lib(Windows1251.o)
    0x08081627   0x00000028   Data   RO          151    .constdata          c_w.l(_printf_hex_int.o)
    0x0808164f   0x00000011   Data   RO          174    .constdata          c_w.l(__printf_flags_ss_wp.o)
    0x08081660   0x00000094   Data   RO          312    .constdata          c_w.l(bigflt0.o)
    0x080816f4   0x00002690   Data   RO            4    .conststring        setting.o
    0x08083d84   0x000014f4   Data   RO           15    .conststring        signalout.o
    0x08085278   0x000000cc   Data   RO           16    .conststring        signalout.o
    0x08085344   0x00000006   Data   RO           17    .conststring        signalout.o
    0x0808534a   0x00000009   Data   RO           35    .conststring        SystemCommon.lib(SystemBase.o)
    0x08085353   0x00000006   Data   RO           76    .conststring        Debug.lib(Iconv.o)
    0x08085359   0x00000417   Data   RO           89    .conststring        Debug.lib(Command.o)
    0x08085770   0x00000032   Data   RO           94    .conststring        IconvData.lib(IconvData.o)
    0x080857a2   0x00000002   PAD
    0x080857a4   0x00000030   Data   RO          465    Region$$Table       anon$$obj.o
    0x080857d4   0x00000008   Data   RO          406    c$$dinf             fz_wm.l(fpconst.o)
    0x080857dc   0x00000110   Data   RO          330    locale$$data        c_w.l(lc_ctype_c.o)
    0x080858ec   0x0000001c   Data   RO          332    locale$$data        c_w.l(lc_numeric_c.o)


    Execution Region ISRAM (Base: 0x20000000, Size: 0x0001ead0, Max: 0x00020000, ABSOLUTE)

    Base Addr    Size         Type   Attr      Idx    E Section Name        Object

    0x20000000   0x000003ec   Code   RO           23    .text               stm32f4xx_flash.o
    0x200003ec   0x00000724   Code   RO           43    .text               UserApp.lib(Storage.o)
    0x20000b10   0x0000000a   Ven    RO          474    Veneer$$Code        anon$$obj.o
    0x20000b1a   0x0000000a   Ven    RO          475    Veneer$$Code        anon$$obj.o
    0x20000b24   0x0000000a   Ven    RO          476    Veneer$$Code        anon$$obj.o
    0x20000b2e   0x0000000a   Ven    RO          477    Veneer$$Code        anon$$obj.o
    0x20000b38   0x00000190   Data   RO           44    .constdata          UserApp.lib(Storage.o)
    0x20000cc8   0x0000002c   Data   RW           27    .data               dataprocess.o
    0x20000cf4   0x00000018   Data   RW           31    .data               userapp.o
    0x20000d0c   0x00000001   Data   RW           36    .data               SystemCommon.lib(SystemBase.o)
    0x20000d0d   0x00000003   PAD
    0x20000d10   0x00000018   Data   RW           37    .data               SystemCommon.lib(SystemBase.o)
    0x20000d28   0x00000001   Data   RW           39    .data               UserApp.lib(TaskServices.o)
    0x20000d29   0x00000003   PAD
    0x20000d2c   0x00000028   Data   RW           40    .data               UserApp.lib(TaskServices.o)
    0x20000d54   0x00000002   Data   RW           45    .data               UserApp.lib(Storage.o)
    0x20000d56   0x00000002   PAD
    0x20000d58   0x00000010   Data   RW           49    .data               UserApp.lib(Uart.o)
    0x20000d68   0x00000010   Data   RW           56    .data               UserApp.lib(Display.o)
    0x20000d78   0x00000001   Data   RW           60    .data               SystemCommon.lib(SettingManage.o)
    0x20000d79   0x00000003   PAD
    0x20000d7c   0x00000008   Data   RW           61    .data               SystemCommon.lib(SingalOutManage.o)
    0x20000d84   0x00000008   Data   RW           62    .data               SystemCommon.lib(SingalOutManage.o)
    0x20000d8c   0x00000008   Data   RW           63    .data               SystemCommon.lib(SingalOutManage.o)
    0x20000d94   0x00000008   Data   RW           64    .data               SystemCommon.lib(SingalOutManage.o)
    0x20000d9c   0x00000008   Data   RW           65    .data               SystemCommon.lib(SingalOutManage.o)
    0x20000da4   0x00000010   Data   RW           77    .data               Debug.lib(Iconv.o)
    0x20000db4   0x00000008   Data   RW           81    .data               sstream.L(Hmi.o)
    0x20000dbc   0x00000004   Data   RW          199    .data               sstream.L(sstream.o)
    0x20000dc0   0x00000004   Data   RW          341    .data               c_w.l(heapauxa.o)
    0x20000dc4   0x00000014   Data   RW          419    .data               Debug.lib(system_stm32f4xx.o)
    0x20000dd8   0x00009740   Zero   RW           25    .bss                dataprocess.o
    0x2000a518   0x0000069c   Zero   RW           29    .bss                userapp.o
    0x2000abb4   0x00000400   Zero   RW           33    .bss                SystemCommon.lib(SystemBase.o)
    0x2000afb4   0x00000c80   Zero   RW           47    .bss                UserApp.lib(Uart.o)
    0x2000bc34   0x00000010   Zero   RW           55    .bss                UserApp.lib(Display.o)
    0x2000bc44   0x00000024   Zero   RW           58    .bss                SystemCommon.lib(SettingManage.o)
    0x2000bc68   0x00000600   Zero   RW           80    .bss                sstream.L(Hmi.o)
    0x2000c268   0x00000802   Zero   RW           85    .bss                Debug.lib(Command.o)
    0x2000ca6a   0x00000002   PAD
    0x2000ca6c   0x00000060   Zero   RW          281    .bss                c_w.l(libspace.o)
    0x2000cacc   0x00000004   PAD
    0x2000cad0   0x00010000   Zero   RW          380    HEAP                Debug.lib(startup_stm32f4xx.o)
    0x2001cad0   0x00002000   Zero   RW          379    STACK               Debug.lib(startup_stm32f4xx.o)


==============================================================================

Image component sizes


      Code (inc. data)   RO Data    RW Data    ZI Data      Debug   Object Name

       184        124          0          0          0          0   app.o
      5356        198       1344         44      38720          0   dataprocess.o
        16          0          0          0          0          0   main.o
         0          0      13776          0          0          0   setting.o
         0          0       8786          0          0          0   signalout.o
      1004         50          0          0          0          0   stm32f4xx_flash.o
      2884        600        286         24       1692          0   userapp.o

    ----------------------------------------------------------------------
      9524        972      24242         68      40412          0   Object Totals
        80          0         48          0          0          0   (incl. Generated)
         0          0          2          0          0          0   (incl. Padding)

    ----------------------------------------------------------------------

      Code (inc. data)   RO Data    RW Data    ZI Data      Debug   Library Member Name

     15040       4156       3609          0       2050          0   Command.o
        76          4          0          0          0          0   Debug.o
       852        344         23         16          0          0   Iconv.o
       492         70          0          0          0          0   Spi.o
       984        252          0          0          0          0   SpiFlash.o
        64         26        392          0      73728          0   startup_stm32f4xx.o
       372         62          0         20          0          0   system_stm32f4xx.o
       948        170      44078          0          0          0   Gb2312.o
        72          4         98          0          0          0   IconvData.o
       208         10        242          0          0          0   Koi8_r.o
       228          8        248          0          0          0   Koi8_u.o
       100          0          0          0          0          0   Utf8.o
       156         12        163          0          0          0   Windows1251.o
       204          6         40          0          0          0   Windows2512.o
      6328       1778        495          1         36          0   SettingManage.o
         0          0          0         40          0          0   SingalOutManage.o
      7568       3062        663         25       1024          0   SystemBase.o
      2040        294          0         16         16          0   Display.o
      1416        164     263261          0          0          0   DisplayBasicFuncs.o
      1316        160       9605          0          0          0   Hardware.o
      4088        564          0          0          0          0   Modbus.o
       676        126          0          0          0          0   RtcBasicFuncs.o
       552        326         80          0          0          0   Startup.o
      1828        398        400          2          0          0   Storage.o
       456         30          0         41          0          0   TaskServices.o
      2708        498         32         16       3200          0   Uart.o
         8          0          0          0          0          0   __main.o
       396          6         17          0          0          0   __printf_flags_ss_wp.o
        14          0          0          0          0          0   __printf_wp.o
        52          8          0          0          0          0   __scatter.o
        26          0          0          0          0          0   __scatter_copy.o
        28          0          0          0          0          0   __scatter_zi.o
        28          0          0          0          0          0   _chval.o
         6          0          0          0          0          0   _printf_c.o
        44          0          0          0          0          0   _printf_char.o
        48          6          0          0          0          0   _printf_char_common.o
        36          4          0          0          0          0   _printf_char_file.o
         6          0          0          0          0          0   _printf_d.o
       120         18          0          0          0          0   _printf_dec.o
         6          0          0          0          0          0   _printf_f.o
      1056          0          0          0          0          0   _printf_fp_dec.o
       128         16          0          0          0          0   _printf_fp_infnan.o
        92          4         40          0          0          0   _printf_hex_int.o
       184          0          0          0          0          0   _printf_intcommon.o
        82          0          0          0          0          0   _printf_pad.o
         0          0          0          0          0          0   _printf_percent.o
         4          0          0          0          0          0   _printf_percent_end.o
         6          0          0          0          0          0   _printf_s.o
        82          0          0          0          0          0   _printf_str.o
         6          0          0          0          0          0   _printf_u.o
         6          0          0          0          0          0   _printf_x.o
        22          0          0          0          0          0   _rserrno.o
        64          0          0          0          0          0   _sgetc.o
        16          0          0          0          0          0   _snputc.o
        10          0          0          0          0          0   _sputc.o
       158          0          0          0          0          0   _strtoul.o
       228          6        148          0          0          0   bigflt0.o
      2074        132          0          0          0          0   btod.o
        40          0          0          0          0          0   calloc.o
        10          0          0          0          0          0   defsig_exit.o
        50          0          0          0          0          0   defsig_general.o
        80         58          0          0          0          0   defsig_rtmem_inner.o
        14          0          0          0          0          0   defsig_rtmem_outer.o
        12          0          0          0          0          0   exit.o
        94          0          0          0          0          0   h1_alloc.o
        52          0          0          0          0          0   h1_extend.o
        78          0          0          0          0          0   h1_free.o
        14          0          0          0          0          0   h1_init.o
        80          6          0          4          0          0   heapauxa.o
         4          0          0          0          0          0   hguard.o
         0          0          0          0          0          0   indicate_semi.o
       138          0          0          0          0          0   init_alloc.o
        18          0          0          0          0          0   isspace.o
        44         10        272          0          0          0   lc_ctype_c.o
        44         10         28          0          0          0   lc_numeric_c.o
         2          0          0          0          0          0   libinit.o
        42          0          0          0          0          0   libinit2.o
         2          0          0          0          0          0   libshutdown.o
         2          0          0          0          0          0   libshutdown2.o
         8          4          0          0         96          0   libspace.o
        38          0          0          0          0          0   llshl.o
       138          0          0          0          0          0   lludiv10.o
         0          0          0          0          0          0   maybetermalloc1.o
        24          4          0          0          0          0   noretval__2printf.o
        52          4          0          0          0          0   noretval__2snprintf.o
        16          4          0          0          0          0   rt_ctype_table.o
         8          4          0          0          0          0   rt_errno_addr_intlibspace.o
         8          4          0          0          0          0   rt_heap_descriptor_intlibspace.o
         8          4          0          0          0          0   rt_locale_intlibspace.o
        68          0          0          0          0          0   rt_memclr.o
        78          0          0          0          0          0   rt_memclr_w.o
       138          0          0          0          0          0   rt_memcpy_v6.o
       100          0          0          0          0          0   rt_memcpy_w.o
         0          0          0          0          0          0   rtentry.o
        12          0          0          0          0          0   rtentry2.o
         6          0          0          0          0          0   rtentry4.o
         2          0          0          0          0          0   rtexit.o
        10          0          0          0          0          0   rtexit2.o
      1188         12          0          0          0          0   scanf_fp.o
       788         12          0          0          0          0   scanf_hexfp.o
       316         18          0          0          0          0   scanf_infnan.o
       128          0          0          0          0          0   strcmpv7m.o
        62          0          0          0          0          0   strlen.o
        86          0          0          0          0          0   strncpy.o
       160         12          0          0          0          0   strtod.o
       112          0          0          0          0          0   strtol.o
       114          0          0          0          0          0   strtoul.o
        12          4          0          0          0          0   sys_exit.o
        74          0          0          0          0          0   sys_stackheap_outer.o
        14          0          0          0          0          0   sys_wrch.o
         2          0          0          0          0          0   use_no_semi.o
        98          4          0          0          0          0   d2f.o
        16          4          0          0          0          0   dcheck1.o
        24          0          0          0          0          0   dcmpi.o
       120          4          0          0          0          0   deqf.o
       120          4          0          0          0          0   dleqf.o
       340         12          0          0          0          0   dmul.o
       156          4          0          0          0          0   dnaninf.o
        12          0          0          0          0          0   dretinf.o
       108          0          0          0          0          0   drleqf.o
        86          4          0          0          0          0   f2d.o
       140          4          0          0          0          0   fnaninf.o
         0          0          8          0          0          0   fpconst.o
        10          0          0          0          0          0   fpinit.o
        10          0          0          0          0          0   fretinf.o
         4          0          0          0          0          0   printf1.o
       100          0          0          0          0          0   retnan.o
        92          0          0          0          0          0   scalbn.o
         4          0          0          0          0          0   scanf1.o
         8          0          0          0          0          0   scanf2.o
        48          0          0          0          0          0   trapv.o
         0          0          0          0          0          0   usenofp.o
        32          8          0          0          0          0   dunder.o
        48          0          0          0          0          0   fpclassify.o
       156         22          0          0          0          0   frexp.o
       252         16          0          0          0          0   ldexp.o
       184         18          0          0          0          0   narrow.o
        40         10          0          0          0          0   strtod.o
       344         52          0          8       1536          0   Hmi.o
       568         54          0          0          0          0   ParseString.o
        10          0          0          4          0          0   sstream.o

    ----------------------------------------------------------------------
     61564      13116     323950        204      81692          0   Library Totals
        36          2          8         11          6          0   (incl. Padding)

    ----------------------------------------------------------------------

      Code (inc. data)   RO Data    RW Data    ZI Data      Debug   Library Name

     17880       4914       4024         36      75778          0   Debug.lib
      1916        210      44869          0          0          0   IconvData.lib
     13896       4840       1158         66       1060          0   SystemCommon.lib
     15080       2560     273378         75       3216          0   UserApp.lib
      9626        370        505          4         96          0   c_w.l
      1496         40          8          0          0          0   fz_wm.l
       712         74          0          0          0          0   m_wm.l
       922        106          0         12       1536          0   sstream.L

    ----------------------------------------------------------------------
     61564      13116     323950        204      81692          0   Library Totals

    ----------------------------------------------------------------------

==============================================================================


      Code (inc. data)   RO Data    RW Data    ZI Data      Debug   

     71088      14088     348192        272     122104          0   Grand Totals
     71088      14088     348192        272     122104          0   ELF Image Totals
     71088      14088     348192        272          0          0   ROM Totals

==============================================================================

    Total RO  Size (Code + RO Data)               419280 ( 409.45kB)
    Total RW  Size (RW Data + ZI Data)            122376 ( 119.51kB)
    Total ROM Size (Code + RO Data + RW Data)     419552 ( 409.72kB)

==============================================================================

