ARM Linker, 5.02 [Build 28] [MDK-ARM Standard]

==============================================================================

Section Cross References

    main.o(.text) refers to Startup.o(.text) for Startup
    setting.o(.constdata) refers to setting.o(.conststring) for .conststring
    setting.o(.constdata) refers to Uart.o(.bss) for uart2
    signalout.o(.constdata) refers to signalout.o(.conststring) for .conststring
    signalout.o(.constdata) refers to TaskServices.o(.data) for task0_max_run_time
    signalout.o(.constdata) refers to signalout.o(.conststring) for .conststring
    signalout.o(.constdata) refers to TaskServices.o(.data) for system_running_status_disp
    signalout.o(.constdata) refers to Uart.o(.data) for uart2_max_run_time
    signalout.o(.constdata) refers to signalout.o(.conststring) for .conststring
    signalout.o(.constdata) refers to TaskServices.o(.data) for task0_max_run_time
    signalout.o(.constdata) refers to signalout.o(.conststring) for .conststring
    signalout.o(.constdata) refers to TaskServices.o(.data) for task0_max_run_time
    signalout.o(.constdata) refers to signalout.o(.conststring) for .conststring
    signalout.o(.constdata) refers to TaskServices.o(.data) for task0_max_run_time
    app.o(.text) refers to userapp.o(.text) for NewUserApp
    app.o(.text) refers to noretval__2printf.o(.text) for __2printf
    userapp.o(.text) refers to Uart.o(.text) for NewUart
    userapp.o(.text) refers to noretval__2printf.o(.text) for __2printf
    userapp.o(.text) refers to display.o(.text) for DisplayTask0Service
    userapp.o(.text) refers to userapp.o(.data) for .data
    userapp.o(.text) refers to SystemBase.o(.data) for system_running_status
    display.o(.text) refers to _printf_percent.o(.ARM.Collect$$_printf_percent$$00000000) for _printf_percent
    display.o(.text) refers to _printf_c.o(.ARM.Collect$$_printf_percent$$00000013) for _printf_c
    display.o(.text) refers to _printf_str.o(.text) for _printf_str
    display.o(.text) refers to _printf_pad.o(.text) for _printf_pre_padding
    display.o(.text) refers to _printf_x.o(.ARM.Collect$$_printf_percent$$0000000C) for _printf_x
    display.o(.text) refers to _printf_hex_int.o(.text) for _printf_longlong_hex
    display.o(.text) refers to DisplayBasicFuncs.o(.text) for LcdDispGraphics
    display.o(.text) refers to noretval__2snprintf.o(.text) for __2snprintf
    display.o(.text) refers to SystemBase.o(.data) for system_running_status
    display.o(.text) refers to display.o(.data) for .data
    display.o(.text) refers to TaskServices.o(.data) for task1_service_request_no
    display.o(.text) refers to display.o(.bss) for .bss
    display.o(.text) refers to Uart.o(.bss) for uart4
    display.o(.text) refers to SystemBase.o(.data) for sys_cfg
    display.o(.text) refers to RtcBasicFuncs.o(.text) for RtcRead
    SystemBase.o(.text) refers to _printf_pad.o(.text) for _printf_pre_padding
    SystemBase.o(.text) refers to _printf_percent.o(.ARM.Collect$$_printf_percent$$00000000) for _printf_percent
    SystemBase.o(.text) refers to _printf_x.o(.ARM.Collect$$_printf_percent$$0000000C) for _printf_x
    SystemBase.o(.text) refers to _printf_hex_int.o(.text) for _printf_longlong_hex
    SystemBase.o(.text) refers to _printf_u.o(.ARM.Collect$$_printf_percent$$0000000A) for _printf_u
    SystemBase.o(.text) refers to _printf_dec.o(.text) for _printf_int_dec
    SystemBase.o(.text) refers to _printf_d.o(.ARM.Collect$$_printf_percent$$00000009) for _printf_d
    SystemBase.o(.text) refers to _printf_s.o(.ARM.Collect$$_printf_percent$$00000014) for _printf_s
    SystemBase.o(.text) refers to _printf_str.o(.text) for _printf_str
    SystemBase.o(.text) refers to noretval__2printf.o(.text) for __2printf
    SystemBase.o(.text) refers to rt_memclr.o(.text) for __aeabi_memclr
    SystemBase.o(.text) refers to SystemBase.o(.data) for .data
    SystemBase.o(.text) refers to SystemBase.o(.constdata) for .constdata
    SystemBase.o(.text) refers to ParseString.o(.text) for GetContentToSplit
    SystemBase.o(.text) refers to strcmpv7m.o(.text) for strcmp
    SystemBase.o(.text) refers to strlen.o(.text) for strlen
    SystemBase.o(.text) refers to strncpy.o(.text) for strncpy
    SystemBase.o(.text) refers to Iconv.o(.text) for Utf8ToSysEncode
    SystemBase.o(.text) refers to TaskServices.o(.data) for cpu_poweron_initial_flag
    SystemBase.o(.text) refers to Iconv.o(.data) for encode_type_str
    SystemBase.o(.text) refers to SettingManage.o(.text) for GetValueOfKeyWord
    SystemBase.o(.text) refers to Storage.o(.text) for StorageRead
    SystemBase.o(.text) refers to strtol.o(.text) for strtol
    SystemBase.o(.text) refers to setting.o(.constdata) for setting_system_define_num
    SystemBase.o(.text) refers to setting.o(.constdata) for setting_system_define
    SystemBase.o(.text) refers to SettingManage.o(.bss) for setting_system
[...]
    locale$$data                             0x0807efac   Section       28  lc_numeric_c.o(locale$$data)
    __lcctype_c_end                          0x0807efac   Data           0  lc_ctype_c.o(locale$$data)
    __lcnum_c_name                           0x0807efb0   Data           2  lc_numeric_c.o(locale$$data)
    __lcnum_c_start                          0x0807efb8   Data           0  lc_numeric_c.o(locale$$data)
    __lcnum_c_point                          0x0807efc4   Data           0  lc_numeric_c.o(locale$$data)
    __lcnum_c_thousands                      0x0807efc6   Data           0  lc_numeric_c.o(locale$$data)
    __lcnum_c_grouping                       0x0807efc7   Data           0  lc_numeric_c.o(locale$$data)
    __lcnum_c_end                            0x0807efc8   Data           0  lc_numeric_c.o(locale$$data)
    .data                                    0x20000000   Section        2  userapp.o(.data)
    setting_change_flag                      0x20000000   Data           1  userapp.o(.data)
    feed_watchdog_count                      0x20000001   Data           1  userapp.o(.data)
    .data                                    0x20000004   Section       16  display.o(.data)
    display_run_first_time_finish            0x20000004   Data           1  display.o(.data)
    display_flash_toggle                     0x20000005   Data           1  display.o(.data)
    display_iterant_count                    0x20000008   Data           4  display.o(.data)
    display_scroll_count                     0x2000000c   Data           4  display.o(.data)
    display_flash_count                      0x20000010   Data           4  display.o(.data)
    .data                                    0x20000014   Section        1  SystemBase.o(.data)
    .data                                    0x20000018   Section       36  SystemBase.o(.data)
    system_timer_last_value                  0x20000024   Data           4  SystemBase.o(.data)
    system_ms_last_value                     0x20000028   Data           4  SystemBase.o(.data)
    low_speed_mem_start_addr                 0x2000002c   Data           4  SystemBase.o(.data)
    low_speed_mem_end_addr                   0x20000030   Data           4  SystemBase.o(.data)
    .data                                    0x2000003c   Section        1  TaskServices.o(.data)
    .data                                    0x20000040   Section       40  TaskServices.o(.data)
    task1_interrupt_lock                     0x20000043   Data           1  TaskServices.o(.data)
    task2_interrupt_lock                     0x20000044   Data           1  TaskServices.o(.data)
    low_level_interrupt_disable              0x20000045   Data           1  TaskServices.o(.data)
    .data                                    0x20000068   Section       16  Uart.o(.data)
    .data                                    0x20000078   Section        1  SettingManage.o(.data)
    setting_op_flag                          0x20000078   Data           1  SettingManage.o(.data)
    .data                                    0x2000007c   Section        8  SingalOutManage.o(.data)
    .data                                    0x20000084   Section        8  SingalOutManage.o(.data)
    .data                                    0x2000008c   Section        8  SingalOutManage.o(.data)
    .data                                    0x20000094   Section        8  SingalOutManage.o(.data)
    .data                                    0x2000009c   Section        8  SingalOutManage.o(.data)
    .data                                    0x200000a4   Section        2  Storage.o(.data)
    flash_op_flag                            0x200000a4   Data           1  Storage.o(.data)
    feed_watchdog_count_local                0x200000a5   Data           1  Storage.o(.data)
    .data                                    0x200000a8   Section       16  Iconv.o(.data)
    Ucs4Encode                               0x200000a8   Data           4  Iconv.o(.data)
    .data                                    0x200000b8   Section       20  Hmi.o(.data)
    command_length                           0x200000c0   Data           4  Hmi.o(.data)
    command_buffer_history                   0x200000c4   Data           4  Hmi.o(.data)
    command_buffer                           0x200000c8   Data           4  Hmi.o(.data)
    .data                                    0x200000cc   Section        4  Debug.o(.data)
    .data                                    0x200000d0   Section       20  system_stm32f4xx.o(.data)
    .bss                                     0x200000e4   Section       16  display.o(.bss)
    leds                                     0x200000e4   Data          16  display.o(.bss)
    .bss                                     0x200000f4   Section      160  Uart.o(.bss)
    .bss                                     0x20000194   Section       36  SettingManage.o(.bss)
    .bss                                     0x200001b8   Section       96  libspace.o(.bss)
    HEAP                                     0x20000218   Section    16384  startup_stm32f4xx.o(HEAP)
    Heap_Mem                                 0x20000218   Data       16384  startup_stm32f4xx.o(HEAP)
    STACK                                    0x20004218   Section     8192  startup_stm32f4xx.o(STACK)
    Stack_Mem                                0x20004218   Data        8192  startup_stm32f4xx.o(STACK)
    __initial_sp                             0x20006218   Data           0  startup_stm32f4xx.o(STACK)

    Global Symbols

    Symbol Name                              Value     Ov Type        Size  Object(Section)

    BuildAttributes$$THM_ISAv4$E$P$D$K$B$S$7EM$VFPi3$EXTD16$VFPS$VFMA$PE$A:L22UL41UL21$X:L11$S22US41US21$IEEE1$IW$USESV6$~STKCKD$USESV7$~SHL$OTIME$ROPI$IEEEX$EBA8$UX$STANDARDLIB$REQ8$PRES8$EABIv2 0x00000000   Number         0  anon$$obj.o ABSOLUTE
    __ARM_use_no_argv                        0x00000000   Number         0  main.o ABSOLUTE
    _printf_flags                            0x00000000   Number         0  printf_stubs.o ABSOLUTE
    _printf_return_value                     0x00000000   Number         0  printf_stubs.o ABSOLUTE
    _printf_sizespec                         0x00000000   Number         0  printf_stubs.o ABSOLUTE
    _printf_widthprec                        0x00000000   Number         0  printf_stubs.o ABSOLUTE
    __ARM_exceptions_init                     - Undefined Weak Reference
    __alloca_initialize                       - Undefined Weak Reference
    __cpp_initialize__aeabi_                  - Undefined Weak Reference
    __cxa_finalize                            - Undefined Weak Reference
    __sigvec_lookup                           - Undefined Weak Reference
    _atexit_init                              - Undefined Weak Reference
    _call_atexit_fns                          - Undefined Weak Reference
    _clock_init                               - Undefined Weak Reference
    _fp_trap_init                             - Undefined Weak Reference
    _fp_trap_shutdown                         - Undefined Weak Reference
    _get_lc_collate                           - Undefined Weak Reference
    _get_lc_monetary                          - Undefined Weak Reference
    _get_lc_time                              - Undefined Weak Reference
    _getenv_init                              - Undefined Weak Reference
    _handle_redirection                       - Undefined Weak Reference
    _init_alloc                               - Undefined Weak Reference
    _init_user_alloc                          - Undefined Weak Reference
    _initio                                   - Undefined Weak Reference
    _printf_mbtowc                            - Undefined Weak Reference
    _printf_truncate_signed                   - Undefined Weak Reference
    _printf_truncate_unsigned                 - Undefined Weak Reference
    _rand_init                                - Undefined Weak Reference
    _signal_finish                            - Undefined Weak Reference
    _signal_init                              - Undefined Weak Reference
    _terminate_alloc                          - Undefined Weak Reference
    _terminate_user_alloc                     - Undefined Weak Reference
    _terminateio                              - Undefined Weak Reference
    __Vectors_Size                           0x00000188   Number         0  startup_stm32f4xx.o ABSOLUTE
    __Vectors                                0x08020000   Data           4  startup_stm32f4xx.o(RESET)
    __Vectors_End                            0x08020188   Data           0  startup_stm32f4xx.o(RESET)
    __main                                   0x08020189   Thumb Code     8  __main.o(!!!main)
    __scatterload                            0x08020191   Thumb Code     0  __scatter.o(!!!scatter)
    __scatterload_rt2                        0x08020191   Thumb Code    44  __scatter.o(!!!scatter)
    __scatterload_rt2_thumb_only             0x08020191   Thumb Code     0  __scatter.o(!!!scatter)
    __scatterload_null                       0x0802019f   Thumb Code     0  __scatter.o(!!!scatter)
    __scatterload_copy                       0x080201c5   Thumb Code    26  __scatter_copy.o(!!handler_copy)
    __scatterload_zeroinit                   0x080201e1   Thumb Code    28  __scatter_zi.o(!!handler_zi)
    _printf_f                                0x080201fd   Thumb Code     0  _printf_f.o(.ARM.Collect$$_printf_percent$$00000003)
    _printf_percent                          0x080201fd   Thumb Code     0  _printf_percent.o(.ARM.Collect$$_printf_percent$$00000000)
    _printf_d                                0x08020203   Thumb Code     0  _printf_d.o(.ARM.Collect$$_printf_percent$$00000009)
    _printf_u                                0x08020209   Thumb Code     0  _printf_u.o(.ARM.Collect$$_printf_percent$$0000000A)
    _printf_x                                0x0802020f   Thumb Code     0  _printf_x.o(.ARM.Collect$$_printf_percent$$0000000C)
    _printf_c                                0x08020215   Thumb Code     0  _printf_c.o(.ARM.Collect$$_printf_percent$$00000013)
    _printf_s                                0x0802021b   Thumb Code     0  _printf_s.o(.ARM.Collect$$_printf_percent$$00000014)
    _printf_percent_end                      0x08020221   Thumb Code     0  _printf_percent_end.o(.ARM.Collect$$_printf_percent$$00000017)
    __rt_lib_init                            0x08020225   Thumb Code     0  libinit.o(.ARM.Collect$$libinit$$00000000)
    __rt_lib_init_fp_1                       0x08020227   Thumb Code     0  libinit2.o(.ARM.Collect$$libinit$$00000001)
    __rt_lib_init_heap_1                     0x0802022b   Thumb Code     0  libinit2.o(.ARM.Collect$$libinit$$00000008)
    __rt_lib_init_lc_common                  0x0802022b   Thumb Code     0  libinit2.o(.ARM.Collect$$libinit$$0000000D)
    __rt_lib_init_rand_1                     0x0802022b   Thumb Code     0  libinit2.o(.ARM.Collect$$libinit$$0000000C)
    __rt_lib_init_user_alloc_1               0x0802022b   Thumb Code     0  libinit2.o(.ARM.Collect$$libinit$$0000000A)
    __rt_lib_init_lc_collate_1               0x08020231   Thumb Code     0  libinit2.o(.ARM.Collect$$libinit$$0000000F)
    __rt_lib_init_lc_ctype_2                 0x08020231   Thumb Code     0  libinit2.o(.ARM.Collect$$libinit$$00000010)
    __rt_lib_init_lc_ctype_1                 0x0802023d   Thumb Code     0  libinit2.o(.ARM.Collect$$libinit$$00000011)
    __rt_lib_init_lc_monetary_1              0x0802023d   Thumb Code     0  libinit2.o(.ARM.Collect$$libinit$$00000013)
    __rt_lib_init_lc_numeric_2               0x0802023d   Thumb Code     0  libinit2.o(.ARM.Collect$$libinit$$00000014)
    __rt_lib_init_alloca_1                   0x08020247   Thumb Code     0  libinit2.o(.ARM.Collect$$libinit$$0000002C)
    __rt_lib_init_argv_1                     0x08020247   Thumb Code     0  libinit2.o(.ARM.Collect$$libinit$$0000002A)
    __rt_lib_init_atexit_1                   0x08020247   Thumb Code     0  libinit2.o(.ARM.Collect$$libinit$$00000019)
    __rt_lib_init_clock_1                    0x08020247   Thumb Code     0  libinit2.o(.ARM.Collect$$libinit$$0000001F)
    __rt_lib_init_cpp_1                      0x08020247   Thumb Code     0  libinit2.o(.ARM.Collect$$libinit$$00000030)
    __rt_lib_init_exceptions_1               0x08020247   Thumb Code     0  libinit2.o(.ARM.Collect$$libinit$$0000002E)
    __rt_lib_init_fp_trap_1                  0x08020247   Thumb Code     0  libinit2.o(.ARM.Collect$$libinit$$0000001D)
    __rt_lib_init_getenv_1                   0x08020247   Thumb Code     0  libinit2.o(.ARM.Collect$$libinit$$00000021)
    __rt_lib_init_lc_numeric_1               0x08020247   Thumb Code     0  libinit2.o(.ARM.Collect$$libinit$$00000015)
    __rt_lib_init_lc_time_1                  0x08020247   Thumb Code     0  libinit2.o(.ARM.Collect$$libinit$$00000017)
    __rt_lib_init_return                     0x08020247   Thumb Code     0  libinit2.o(.ARM.Collect$$libinit$$00000031)
    __rt_lib_init_signal_1                   0x08020247   Thumb Code     0  libinit2.o(.ARM.Collect$$libinit$$0000001B)
    __rt_lib_init_stdio_1                    0x08020247   Thumb Code     0  libinit2.o(.ARM.Collect$$libinit$$00000023)
    __rt_lib_shutdown                        0x08020249   Thumb Code     0  libshutdown.o(.ARM.Collect$$libshutdown$$00000000)
    __rt_lib_shutdown_fp_trap_1              0x0802024b   Thumb Code     0  libshutdown2.o(.ARM.Collect$$libshutdown$$00000006)
    __rt_lib_shutdown_heap_1                 0x0802024b   Thumb Code     0  libshutdown2.o(.ARM.Collect$$libshutdown$$0000000E)
    __rt_lib_shutdown_return                 0x0802024b   Thumb Code     0  libshutdown2.o(.ARM.Collect$$libshutdown$$0000000F)
    __rt_lib_shutdown_signal_1               0x0802024b   Thumb Code     0  libshutdown2.o(.ARM.Collect$$libshutdown$$00000009)
    __rt_lib_shutdown_stdio_1                0x0802024b   Thumb Code     0  libshutdown2.o(.ARM.Collect$$libshutdown$$00000003)
    __rt_lib_shutdown_user_alloc_1           0x0802024b   Thumb Code     0  libshutdown2.o(.ARM.Collect$$libshutdown$$0000000B)
    __rt_entry                               0x0802024d   Thumb Code     0  rtentry.o(.ARM.Collect$$rtentry$$00000000)
    __rt_entry_presh_1                       0x0802024d   Thumb Code     0  rtentry2.o(.ARM.Collect$$rtentry$$00000002)
    __rt_entry_sh                            0x0802024d   Thumb Code     0  rtentry4.o(.ARM.Collect$$rtentry$$00000004)
    __rt_entry_li                            0x08020253   Thumb Code     0  rtentry2.o(.ARM.Collect$$rtentry$$0000000A)
    __rt_entry_postsh_1                      0x08020253   Thumb Code     0  rtentry2.o(.ARM.Collect$$rtentry$$00000009)
    __rt_entry_main                          0x08020257   Thumb Code     0  rtentry2.o(.ARM.Collect$$rtentry$$0000000D)
    __rt_entry_postli_1                      0x08020257   Thumb Code     0  rtentry2.o(.ARM.Collect$$rtentry$$0000000C)
    __rt_exit                                0x0802025f   Thumb Code     0  rtexit.o(.ARM.Collect$$rtexit$$00000000)
    __rt_exit_ls                             0x08020261   Thumb Code     0  rtexit2.o(.ARM.Collect$$rtexit$$00000003)
    __rt_exit_prels_1                        0x08020261   Thumb Code     0  rtexit2.o(.ARM.Collect$$rtexit$$00000002)
    __rt_exit_exit                           0x08020265   Thumb Code     0  rtexit2.o(.ARM.Collect$$rtexit$$00000004)
    main                                     0x0802026b   Thumb Code    16  main.o(.text)
    NewApp                                   0x0802027d   Thumb Code    30  app.o(.text)
    AppInitial                               0x0802029b   Thumb Code    30  app.o(.text)
    FLASH_SetLatency                         0x08020335   Thumb Code     6  stm32f4xx_flash.o(.text)
    FLASH_PrefetchBufferCmd                  0x0802033b   Thumb Code    20  stm32f4xx_flash.o(.text)
    FLASH_InstructionCacheCmd                0x0802034f   Thumb Code    20  stm32f4xx_flash.o(.text)
    FLASH_DataCacheCmd                       0x08020363   Thumb Code    20  stm32f4xx_flash.o(.text)
    FLASH_InstructionCacheReset              0x08020377   Thumb Code    12  stm32f4xx_flash.o(.text)
    FLASH_DataCacheReset                     0x08020383   Thumb Code    12  stm32f4xx_flash.o(.text)
    FLASH_Unlock                             0x0802038f   Thumb Code    24  stm32f4xx_flash.o(.text)
    FLASH_Lock                               0x080203a7   Thumb Code    12  stm32f4xx_flash.o(.text)
    FLASH_GetStatus                          0x080203b3   Thumb Code    52  stm32f4xx_flash.o(.text)
    FLASH_WaitForLastOperation               0x080203e7   Thumb Code    88  stm32f4xx_flash.o(.text)
    FLASH_EraseSector                        0x0802043f   Thumb Code   108  stm32f4xx_flash.o(.text)
    FLASH_EraseAllSectors                    0x080204ab   Thumb Code    90  stm32f4xx_flash.o(.text)
    FLASH_ProgramDoubleWord                  0x08020505   Thumb Code    78  stm32f4xx_flash.o(.text)
    FLASH_ProgramWord                        0x08020553   Thumb Code    60  stm32f4xx_flash.o(.text)
    FLASH_ProgramHalfWord                    0x0802058f   Thumb Code    60  stm32f4xx_flash.o(.text)
    FLASH_ProgramByte                        0x080205cb   Thumb Code    56  stm32f4xx_flash.o(.text)
    FLASH_OB_Unlock                          0x08020603   Thumb Code    24  stm32f4xx_flash.o(.text)
    FLASH_OB_Lock                            0x0802061b   Thumb Code    12  stm32f4xx_flash.o(.text)
    FLASH_OB_WRPConfig                       0x08020627   Thumb Code    34  stm32f4xx_flash.o(.text)
    FLASH_OB_RDPConfig                       0x08020649   Thumb Code    18  stm32f4xx_flash.o(.text)
    FLASH_OB_UserConfig                      0x0802065b   Thumb Code    38  stm32f4xx_flash.o(.text)
    FLASH_OB_BORConfig                       0x08020681   Thumb Code    18  stm32f4xx_flash.o(.text)
    FLASH_OB_Launch                          0x08020693   Thumb Code    12  stm32f4xx_flash.o(.text)
    FLASH_OB_GetUser                         0x0802069f   Thumb Code    10  stm32f4xx_flash.o(.text)
    FLASH_OB_GetWRP                          0x080206a9   Thumb Code     6  stm32f4xx_flash.o(.text)
    FLASH_OB_GetRDP                          0x080206af   Thumb Code    14  stm32f4xx_flash.o(.text)
    FLASH_OB_GetBOR                          0x080206bd   Thumb Code    10  stm32f4xx_flash.o(.text)
    FLASH_ITConfig                           0x080206c7   Thumb Code    18  stm32f4xx_flash.o(.text)
    FLASH_GetFlagStatus                      0x080206d9   Thumb Code    16  stm32f4xx_flash.o(.text)
    FLASH_ClearFlag                          0x080206e9   Thumb Code     6  stm32f4xx_flash.o(.text)
    NewUserApp                               0x08020721   Thumb Code    30  userapp.o(.text)
    UserAppInitial                           0x0802073f   Thumb Code    30  userapp.o(.text)
    FeedWatchdog                             0x0802075d   Thumb Code    26  userapp.o(.text)
    SystemReboot                             0x08020777   Thumb Code    12  userapp.o(.text)
    UserAppSettingHandle                     0x08020783   Thumb Code    30  userapp.o(.text)
    UpdateUserRunningSetting                 0x080207a1   Thumb Code     2  userapp.o(.text)
    UserAppTask0Service                      0x080207a3   Thumb Code    26  userapp.o(.text)
    UserAppTask1Service                      0x080207bd   Thumb Code    24  userapp.o(.text)
    DisplayTask0Service                      0x0802086d   Thumb Code   166  display.o(.text)
    DisplayTask1Service                      0x08020b0d   Thumb Code   604  display.o(.text)
    MallocLowSpeedMem                        0x08020db5   Thumb Code   168  SystemBase.o(.text)
    MallocLowSpeedMemInitial                 0x08020e5d   Thumb Code    40  SystemBase.o(.text)
    SystemBaseInitial                        0x08020e85   Thumb Code    46  SystemBase.o(.text)
    DefaultCrcCal                            0x08020eb3   Thumb Code    56  SystemBase.o(.text)
    GetTimerCurrentCnt                       0x08020eeb   Thumb Code     8  SystemBase.o(.text)
    CalcTimeDiffToNow                        0x08020ef3   Thumb Code    22  SystemBase.o(.text)
    DiffCal                                  0x08020f09   Thumb Code     4  SystemBase.o(.text)
    WaitNS                                   0x08020f0d   Thumb Code    38  SystemBase.o(.text)
    WaitUS                                   0x08020f33   Thumb Code    26  SystemBase.o(.text)
    WaitMS                                   0x08020f4d   Thumb Code    28  SystemBase.o(.text)
    WaitS                                    0x08020f69   Thumb Code    28  SystemBase.o(.text)
    DelayLoop                                0x08020f85   Thumb Code    18  SystemBase.o(.text)
    CallocLowSpeedMem                        0x08020f97   Thumb Code   166  SystemBase.o(.text)
    FreeLowSpeedMem                          0x0802103d   Thumb Code    60  SystemBase.o(.text)
    FpgaSlaveSerialOutput                    0x08021079   Thumb Code   690  SystemBase.o(.text)
    Task0NormalDefaultServices               0x0802132b   Thumb Code    98  SystemBase.o(.text)
    StorageReadLine                          0x0802138d   Thumb Code   146  SystemBase.o(.text)
    CfgCrcCal                                0x0802141f   Thumb Code     8  SystemBase.o(.text)
    ParseDevConfig                           0x08021ba7   Thumb Code  3998  SystemBase.o(.text)
    EXTI9_5_IRQHandler                       0x08022d75   Thumb Code   160  TaskServices.o(.text)
    TIM8_TRG_COM_TIM14_IRQHandler            0x08022e15   Thumb Code   126  TaskServices.o(.text)
    UserAppTask2Service                      0x08022e95   Thumb Code     2  TaskServices.o(.text)
    USART6_IRQHandler                        0x08022e97   Thumb Code    56  TaskServices.o(.text)
    DMA2_Stream7_IRQHandler                  0x08022ecf   Thumb Code    56  TaskServices.o(.text)
    LowLevelInterruptLock                    0x08022f07   Thumb Code    16  TaskServices.o(.text)
    LowLevelInterruptUnlock                  0x08022f17   Thumb Code     8  TaskServices.o(.text)
    UartTask0Service                         0x08022f3d   Thumb Code   326  Uart.o(.text)
    UartTask1Service                         0x08023083   Thumb Code   890  Uart.o(.text)
    NewUart                                  0x080233fd   Thumb Code   260  Uart.o(.text)
    UARTInitial                              0x080235c3   Thumb Code  1180  Uart.o(.text)
    UARTSettingHandle                        0x08023a5f   Thumb Code    76  Uart.o(.text)
    Startup                                  0x08023bb5   Thumb Code   226  Startup.o(.text)
    LcdClr                                   0x08023e6d   Thumb Code   260  DisplayBasicFuncs.o(.text)
    LcdControllerInitial                     0x08023f71   Thumb Code   126  DisplayBasicFuncs.o(.text)
    LcdDispText                              0x080240db   Thumb Code   606  DisplayBasicFuncs.o(.text)
    LcdDispGraphics                          0x08024339   Thumb Code     8  DisplayBasicFuncs.o(.text)
    RtcRead                                  0x08024365   Thumb Code   288  RtcBasicFuncs.o(.text)
    RtcWrite                                 0x08024485   Thumb Code   262  RtcBasicFuncs.o(.text)
    RunSettingUpdate                         0x08024609   Thumb Code   508  SettingManage.o(.text)
    SettingReadFromFlash                     0x08024805   Thumb Code  1036  SettingManage.o(.text)
    SettingWriteToFlash                      0x08024c11   Thumb Code   334  SettingManage.o(.text)
    RunSettingUpdateFromWriteSetting         0x08024d5f   Thumb Code    60  SettingManage.o(.text)
    GetValueOfKeyWord                        0x08024d9b   Thumb Code   310  SettingManage.o(.text)
    EepromSettingInitial                     0x08024ed1   Thumb Code  1190  SettingManage.o(.text)
    SettingValueValidationCheck              0x08025377   Thumb Code   392  SettingManage.o(.text)
    SetSettingBufferFromSettingAddr          0x080254ff   Thumb Code  1134  SettingManage.o(.text)
    SetOneWriteSettingValue                  0x0802596d   Thumb Code   466  SettingManage.o(.text)
    SetOneWriteSettingStringValue            0x08025b3f   Thumb Code   662  SettingManage.o(.text)
    CheckRunSettingWithFlash                 0x08025dd5   Thumb Code   100  SettingManage.o(.text)
    StorageRead                              0x08025ee1   Thumb Code   194  Storage.o(.text)
    StorageWrite                             0x08025fa3   Thumb Code   500  Storage.o(.text)
    StorageErase                             0x08026197   Thumb Code   704  Storage.o(.text)
    CPUAppDownload                           0x08026457   Thumb Code   298  Storage.o(.text)
    HardwareInitial                          0x08026605   Thumb Code  1344  Hardware.o(.text)
    ModbusFrameProc                          0x080278ef   Thumb Code   620  Modbus.o(.text)
    Utf8ToSysEncodeInital                    0x08027b99   Thumb Code   210  Iconv.o(.text)
    Utf8ToSysEncode                          0x08027c6b   Thumb Code   298  Iconv.o(.text)
    HmiService                               0x08027eed   Thumb Code   356  Hmi.o(.text)
    GetContentToSplit                        0x080280d9   Thumb Code   206  ParseString.o(.text)
    GetContentOfKeyword                      0x080281a7   Thumb Code   308  ParseString.o(.text)
    ferror                                   0x08028311   Thumb Code     4  Debug.o(.text)
    DebugSendByte                            0x08028315   Thumb Code    20  Debug.o(.text)
    fputc                                    0x08028329   Thumb Code    22  Debug.o(.text)
    DebugSendByteWithDelay                   0x0802833f   Thumb Code    32  Debug.o(.text)
    RunCommand                               0x0802838d   Thumb Code   136  Command.o(.text)
    SpiFlashRead                             0x0802bf75   Thumb Code   104  SpiFlash.o(.text)
    SpiFlashWrite                            0x0802bfdd   Thumb Code   252  SpiFlash.o(.text)
    SpiFlashErase                            0x0802c0d9   Thumb Code   246  SpiFlash.o(.text)
    SpiFlashChipErase                        0x0802c1cf   Thumb Code   130  SpiFlash.o(.text)
    Utf8ToUcs4                               0x0802c34d   Thumb Code   100  Utf8.o(.text)
    IconvDataEncodeFuntion                   0x0802c3b1   Thumb Code    68  IconvData.o(.text)
    SPIXferOneByte                           0x0802c3f9   Thumb Code   140  Spi.o(.text)
    SPIXferBytes                             0x0802c485   Thumb Code   282  Spi.o(.text)
    Ucs4ToGb2312                             0x0802c5e5   Thumb Code   778  Gb2312.o(.text)
    Ucs4ToWindows2512                        0x0802c999   Thumb Code   198  Windows2512.o(.text)
    Ucs4ToKoi8_u                             0x0802ca65   Thumb Code   220  Koi8_u.o(.text)
    Ucs4ToKoi8_r                             0x0802cb49   Thumb Code   198  Koi8_r.o(.text)
    Ucs4ToWindows1251                        0x0802cc19   Thumb Code   144  Windows1251.o(.text)
    __2printf                                0x0802ccb5   Thumb Code    20  noretval__2printf.o(.text)
    __2snprintf                              0x0802cccd   Thumb Code    48  noretval__2snprintf.o(.text)
    _printf_pre_padding                      0x0802cd01   Thumb Code    46  _printf_pad.o(.text)
    _printf_post_padding                     0x0802cd2f   Thumb Code    36  _printf_pad.o(.text)
    _printf_str                              0x0802cd53   Thumb Code    82  _printf_str.o(.text)
    _printf_int_dec                          0x0802cda5   Thumb Code   102  _printf_dec.o(.text)
    _printf_int_hex                          0x0802ce1d   Thumb Code    88  _printf_hex_int.o(.text)
    _printf_longlong_hex                     0x0802ce1d   Thumb Code     0  _printf_hex_int.o(.text)
    __printf                                 0x0802ce79   Thumb Code   310  __printf_flags_wp.o(.text)
    strtol                                   0x0802cfb5   Thumb Code   112  strtol.o(.text)
    strtoul                                  0x0802d025   Thumb Code   114  strtoul.o(.text)
    strlen                                   0x0802d097   Thumb Code    62  strlen.o(.text)
    __aeabi_memcpy                           0x0802d0d5   Thumb Code     0  rt_memcpy_v6.o(.text)
    __rt_memcpy                              0x0802d0d5   Thumb Code   138  rt_memcpy_v6.o(.text)
    _memcpy_lastbytes                        0x0802d13b   Thumb Code     0  rt_memcpy_v6.o(.text)
    __aeabi_memmove                          0x0802d15f   Thumb Code     0  rt_memmove_v6.o(.text)
    __rt_memmove                             0x0802d15f   Thumb Code   132  rt_memmove_v6.o(.text)
    __memmove_lastfew                        0x0802d1bf   Thumb Code     0  rt_memmove_v6.o(.text)
    __aeabi_memclr                           0x0802d1e3   Thumb Code     0  rt_memclr.o(.text)
    __rt_memclr                              0x0802d1e3   Thumb Code    68  rt_memclr.o(.text)
    _memset                                  0x0802d1e7   Thumb Code     0  rt_memclr.o(.text)
    strncpy                                  0x0802d227   Thumb Code    86  strncpy.o(.text)
    strcmp                                   0x0802d27d   Thumb Code   128  strcmpv7m.o(.text)
    __rt_ctype_table                         0x0802d2fd   Thumb Code    16  rt_ctype_table.o(.text)
    __aeabi_errno_addr                       0x0802d30d   Thumb Code     8  rt_errno_addr_intlibspace.o(.text)
    __errno$intlibspace                      0x0802d30d   Thumb Code     0  rt_errno_addr_intlibspace.o(.text)
    __rt_errno_addr$intlibspace              0x0802d30d   Thumb Code     0  rt_errno_addr_intlibspace.o(.text)
    _printf_int_common                       0x0802d315   Thumb Code   184  _printf_intcommon.o(.text)
    __lib_sel_fp_printf                      0x0802d3cd   Thumb Code     2  _printf_fp_dec.o(.text)
    _printf_fp_dec_real                      0x0802d579   Thumb Code   628  _printf_fp_dec.o(.text)
    _printf_char_common                      0x0802d7f7   Thumb Code    32  _printf_char_common.o(.text)
    _sputc                                   0x0802d81d   Thumb Code    10  _sputc.o(.text)
    _snputc                                  0x0802d827   Thumb Code    16  _snputc.o(.text)
    _printf_cs_common                        0x0802d837   Thumb Code    20  _printf_char.o(.text)
    _printf_char                             0x0802d84b   Thumb Code    16  _printf_char.o(.text)
    _printf_string                           0x0802d85b   Thumb Code     8  _printf_char.o(.text)
    _printf_char_file                        0x0802d865   Thumb Code    32  _printf_char_file.o(.text)
    _strtoul                                 0x0802d889   Thumb Code   158  _strtoul.o(.text)
    __strtod_int                             0x0802d965   Thumb Code    88  strtod.o(.text)
    __aeabi_memcpy4                          0x0802d9c9   Thumb Code     0  rt_memcpy_w.o(.text)
    __aeabi_memcpy8                          0x0802d9c9   Thumb Code     0  rt_memcpy_w.o(.text)
    __rt_memcpy_w                            0x0802d9c9   Thumb Code   100  rt_memcpy_w.o(.text)
    _memcpy_lastbytes_aligned                0x0802da11   Thumb Code     0  rt_memcpy_w.o(.text)
    __aeabi_memmove4                         0x0802da2d   Thumb Code     0  rt_memmove_w.o(.text)
    __aeabi_memmove8                         0x0802da2d   Thumb Code     0  rt_memmove_w.o(.text)
    __rt_memmove_w                           0x0802da2d   Thumb Code   122  rt_memmove_w.o(.text)
    __memmove_aligned                        0x0802da53   Thumb Code     0  rt_memmove_w.o(.text)
    __memmove_lastfew_aligned                0x0802da8b   Thumb Code     0  rt_memmove_w.o(.text)
    __aeabi_memclr4                          0x0802daa7   Thumb Code     0  rt_memclr_w.o(.text)
    __aeabi_memclr8                          0x0802daa7   Thumb Code     0  rt_memclr_w.o(.text)
    __rt_memclr_w                            0x0802daa7   Thumb Code    78  rt_memclr_w.o(.text)
    _memset_w                                0x0802daab   Thumb Code     0  rt_memclr_w.o(.text)
    __user_libspace                          0x0802daf5   Thumb Code     8  libspace.o(.text)
    __user_perproc_libspace                  0x0802daf5   Thumb Code     0  libspace.o(.text)
    __user_perthread_libspace                0x0802daf5   Thumb Code     0  libspace.o(.text)
    __rt_locale                              0x0802dafd   Thumb Code     8  rt_locale_intlibspace.o(.text)
    _ll_udiv10                               0x0802db05   Thumb Code   138  lludiv10.o(.text)
    isspace                                  0x0802db8f   Thumb Code    18  isspace.o(.text)
    _printf_fp_infnan                        0x0802dba1   Thumb Code   112  _printf_fp_infnan.o(.text)
    _chval                                   0x0802dc21   Thumb Code    28  _chval.o(.text)
    _sgetc                                   0x0802dc3d   Thumb Code    30  _sgetc.o(.text)
    _sbackspace                              0x0802dc5b   Thumb Code    34  _sgetc.o(.text)
    _btod_etento                             0x0802dc7d   Thumb Code   222  bigflt0.o(.text)
    __user_setup_stackheap                   0x0802dd61   Thumb Code    74  sys_stackheap_outer.o(.text)
    _scanf_really_real                       0x0802dfa5   Thumb Code   672  scanf_fp.o(.text)
    exit                                     0x0802e251   Thumb Code    12  exit.o(.text)
    Reset_Handler                            0x0802e25d   Thumb Code     8  startup_stm32f4xx.o(.text)
    NMI_Handler                              0x0802e265   Thumb Code     2  startup_stm32f4xx.o(.text)
    HardFault_Handler                        0x0802e267   Thumb Code     2  startup_stm32f4xx.o(.text)
    MemManage_Handler                        0x0802e269   Thumb Code     2  startup_stm32f4xx.o(.text)
    BusFault_Handler                         0x0802e26b   Thumb Code     2  startup_stm32f4xx.o(.text)
    UsageFault_Handler                       0x0802e26d   Thumb Code     2  startup_stm32f4xx.o(.text)
    SVC_Handler                              0x0802e26f   Thumb Code     2  startup_stm32f4xx.o(.text)
    DebugMon_Handler                         0x0802e271   Thumb Code     2  startup_stm32f4xx.o(.text)
    PendSV_Handler                           0x0802e273   Thumb Code     2  startup_stm32f4xx.o(.text)
    SysTick_Handler                          0x0802e275   Thumb Code     2  startup_stm32f4xx.o(.text)
    ADC_IRQHandler                           0x0802e277   Thumb Code     0  startup_stm32f4xx.o(.text)
    CAN1_RX0_IRQHandler                      0x0802e277   Thumb Code     0  startup_stm32f4xx.o(.text)
    CAN1_RX1_IRQHandler                      0x0802e277   Thumb Code     0  startup_stm32f4xx.o(.text)
    CAN1_SCE_IRQHandler                      0x0802e277   Thumb Code     0  startup_stm32f4xx.o(.text)
    CAN1_TX_IRQHandler                       0x0802e277   Thumb Code     0  startup_stm32f4xx.o(.text)
    CAN2_RX0_IRQHandler                      0x0802e277   Thumb Code     0  startup_stm32f4xx.o(.text)
    CAN2_RX1_IRQHandler                      0x0802e277   Thumb Code     0  startup_stm32f4xx.o(.text)
    CAN2_SCE_IRQHandler                      0x0802e277   Thumb Code     0  startup_stm32f4xx.o(.text)
    CAN2_TX_IRQHandler                       0x0802e277   Thumb Code     0  startup_stm32f4xx.o(.text)
    CRYP_IRQHandler                          0x0802e277   Thumb Code     0  startup_stm32f4xx.o(.text)
    DCMI_IRQHandler                          0x0802e277   Thumb Code     0  startup_stm32f4xx.o(.text)
    DMA1_Stream0_IRQHandler                  0x0802e277   Thumb Code     0  startup_stm32f4xx.o(.text)
    DMA1_Stream1_IRQHandler                  0x0802e277   Thumb Code     0  startup_stm32f4xx.o(.text)
    DMA1_Stream2_IRQHandler                  0x0802e277   Thumb Code     0  startup_stm32f4xx.o(.text)
    DMA1_Stream3_IRQHandler                  0x0802e277   Thumb Code     0  startup_stm32f4xx.o(.text)
    DMA1_Stream4_IRQHandler                  0x0802e277   Thumb Code     0  startup_stm32f4xx.o(.text)
    DMA1_Stream5_IRQHandler                  0x0802e277   Thumb Code     0  startup_stm32f4xx.o(.text)
    DMA1_Stream6_IRQHandler                  0x0802e277   Thumb Code     0  startup_stm32f4xx.o(.text)
    DMA1_Stream7_IRQHandler                  0x0802e277   Thumb Code     0  startup_stm32f4xx.o(.text)
    DMA2_Stream0_IRQHandler                  0x0802e277   Thumb Code     0  startup_stm32f4xx.o(.text)
    DMA2_Stream1_IRQHandler                  0x0802e277   Thumb Code     0  startup_stm32f4xx.o(.text)
    DMA2_Stream2_IRQHandler                  0x0802e277   Thumb Code     0  startup_stm32f4xx.o(.text)
    DMA2_Stream3_IRQHandler                  0x0802e277   Thumb Code     0  startup_stm32f4xx.o(.text)
    DMA2_Stream4_IRQHandler                  0x0802e277   Thumb Code     0  startup_stm32f4xx.o(.text)
    DMA2_Stream5_IRQHandler                  0x0802e277   Thumb Code     0  startup_stm32f4xx.o(.text)
    DMA2_Stream6_IRQHandler                  0x0802e277   Thumb Code     0  startup_stm32f4xx.o(.text)
    ETH_IRQHandler                           0x0802e277   Thumb Code     0  startup_stm32f4xx.o(.text)
    ETH_WKUP_IRQHandler                      0x0802e277   Thumb Code     0  startup_stm32f4xx.o(.text)
    EXTI0_IRQHandler                         0x0802e277   Thumb Code     0  startup_stm32f4xx.o(.text)
    EXTI15_10_IRQHandler                     0x0802e277   Thumb Code     0  startup_stm32f4xx.o(.text)
    EXTI1_IRQHandler                         0x0802e277   Thumb Code     0  startup_stm32f4xx.o(.text)
    EXTI2_IRQHandler                         0x0802e277   Thumb Code     0  startup_stm32f4xx.o(.text)
    EXTI3_IRQHandler                         0x0802e277   Thumb Code     0  startup_stm32f4xx.o(.text)
    EXTI4_IRQHandler                         0x0802e277   Thumb Code     0  startup_stm32f4xx.o(.text)
    FLASH_IRQHandler                         0x0802e277   Thumb Code     0  startup_stm32f4xx.o(.text)
    FPU_IRQHandler                           0x0802e277   Thumb Code     0  startup_stm32f4xx.o(.text)
    FSMC_IRQHandler                          0x0802e277   Thumb Code     0  startup_stm32f4xx.o(.text)
    HASH_RNG_IRQHandler                      0x0802e277   Thumb Code     0  startup_stm32f4xx.o(.text)
    I2C1_ER_IRQHandler                       0x0802e277   Thumb Code     0  startup_stm32f4xx.o(.text)
    I2C1_EV_IRQHandler                       0x0802e277   Thumb Code     0  startup_stm32f4xx.o(.text)
    I2C2_ER_IRQHandler                       0x0802e277   Thumb Code     0  startup_stm32f4xx.o(.text)
    I2C2_EV_IRQHandler                       0x0802e277   Thumb Code     0  startup_stm32f4xx.o(.text)
    I2C3_ER_IRQHandler                       0x0802e277   Thumb Code     0  startup_stm32f4xx.o(.text)
    I2C3_EV_IRQHandler                       0x0802e277   Thumb Code     0  startup_stm32f4xx.o(.text)
    OTG_FS_IRQHandler                        0x0802e277   Thumb Code     0  startup_stm32f4xx.o(.text)
    OTG_FS_WKUP_IRQHandler                   0x0802e277   Thumb Code     0  startup_stm32f4xx.o(.text)
    OTG_HS_EP1_IN_IRQHandler                 0x0802e277   Thumb Code     0  startup_stm32f4xx.o(.text)
    OTG_HS_EP1_OUT_IRQHandler                0x0802e277   Thumb Code     0  startup_stm32f4xx.o(.text)
    OTG_HS_IRQHandler                        0x0802e277   Thumb Code     0  startup_stm32f4xx.o(.text)
    OTG_HS_WKUP_IRQHandler                   0x0802e277   Thumb Code     0  startup_stm32f4xx.o(.text)
    PVD_IRQHandler                           0x0802e277   Thumb Code     0  startup_stm32f4xx.o(.text)
    RCC_IRQHandler                           0x0802e277   Thumb Code     0  startup_stm32f4xx.o(.text)
    RTC_Alarm_IRQHandler                     0x0802e277   Thumb Code     0  startup_stm32f4xx.o(.text)
    RTC_WKUP_IRQHandler                      0x0802e277   Thumb Code     0  startup_stm32f4xx.o(.text)
    SDIO_IRQHandler                          0x0802e277   Thumb Code     0  startup_stm32f4xx.o(.text)
    SPI1_IRQHandler                          0x0802e277   Thumb Code     0  startup_stm32f4xx.o(.text)
    SPI2_IRQHandler                          0x0802e277   Thumb Code     0  startup_stm32f4xx.o(.text)
    SPI3_IRQHandler                          0x0802e277   Thumb Code     0  startup_stm32f4xx.o(.text)
    TAMP_STAMP_IRQHandler                    0x0802e277   Thumb Code     0  startup_stm32f4xx.o(.text)
    TIM1_BRK_TIM9_IRQHandler                 0x0802e277   Thumb Code     0  startup_stm32f4xx.o(.text)
    TIM1_CC_IRQHandler                       0x0802e277   Thumb Code     0  startup_stm32f4xx.o(.text)
    TIM1_TRG_COM_TIM11_IRQHandler            0x0802e277   Thumb Code     0  startup_stm32f4xx.o(.text)
    TIM1_UP_TIM10_IRQHandler                 0x0802e277   Thumb Code     0  startup_stm32f4xx.o(.text)
    TIM2_IRQHandler                          0x0802e277   Thumb Code     0  startup_stm32f4xx.o(.text)
    TIM3_IRQHandler                          0x0802e277   Thumb Code     0  startup_stm32f4xx.o(.text)
    TIM4_IRQHandler                          0x0802e277   Thumb Code     0  startup_stm32f4xx.o(.text)
    TIM5_IRQHandler                          0x0802e277   Thumb Code     0  startup_stm32f4xx.o(.text)
    TIM6_DAC_IRQHandler                      0x0802e277   Thumb Code     0  startup_stm32f4xx.o(.text)
    TIM7_IRQHandler                          0x0802e277   Thumb Code     0  startup_stm32f4xx.o(.text)
    TIM8_BRK_TIM12_IRQHandler                0x0802e277   Thumb Code     0  startup_stm32f4xx.o(.text)
    TIM8_CC_IRQHandler                       0x0802e277   Thumb Code     0  startup_stm32f4xx.o(.text)
    TIM8_UP_TIM13_IRQHandler                 0x0802e277   Thumb Code     0  startup_stm32f4xx.o(.text)
    UART4_IRQHandler                         0x0802e277   Thumb Code     0  startup_stm32f4xx.o(.text)
    UART5_IRQHandler                         0x0802e277   Thumb Code     0  startup_stm32f4xx.o(.text)
    USART1_IRQHandler                        0x0802e277   Thumb Code     0  startup_stm32f4xx.o(.text)
    USART2_IRQHandler                        0x0802e277   Thumb Code     0  startup_stm32f4xx.o(.text)
    USART3_IRQHandler                        0x0802e277   Thumb Code     0  startup_stm32f4xx.o(.text)
    WWDG_IRQHandler                          0x0802e277   Thumb Code     0  startup_stm32f4xx.o(.text)
    __user_initial_stackheap                 0x0802e279   Thumb Code     0  startup_stm32f4xx.o(.text)
    SystemInit                               0x0802e29d   Thumb Code   352  system_stm32f4xx.o(.text)
    SystemCoreClockUpdate                    0x0802e3fd   Thumb Code   112  system_stm32f4xx.o(.text)
    __read_errno                             0x0802e509   Thumb Code    10  _rserrno.o(.text)
    __set_errno                              0x0802e513   Thumb Code    12  _rserrno.o(.text)
    _scanf_really_hex_real                   0x0802e521   Thumb Code   776  scanf_hexfp.o(.text)
    _scanf_really_infnan                     0x0802e835   Thumb Code   298  scanf_infnan.o(.text)
    __use_two_region_memory                  0x0802e971   Thumb Code     2  heapauxi.o(.text)
    __rt_heap_escrow$2region                 0x0802e973   Thumb Code     2  heapauxi.o(.text)
    __rt_heap_expand$2region                 0x0802e975   Thumb Code     2  heapauxi.o(.text)
    _sys_exit                                0x0802e979   Thumb Code     8  sys_exit.o(.text)
    __aeabi_llsl                             0x0802e985   Thumb Code     0  llshl.o(.text)
    _ll_shift_l                              0x0802e985   Thumb Code    38  llshl.o(.text)
    __I$use$semihosting                      0x0802e9ab   Thumb Code     0  use_no_semi.o(.text)
    __use_no_semihosting_swi                 0x0802e9ab   Thumb Code     2  use_no_semi.o(.text)
    __semihosting_library_function           0x0802e9ad   Thumb Code     0  indicate_semi.o(.text)
    _btod_d2e                                0x0802e9ad   Thumb Code    62  btod.o(CL$$btod_d2e)
    _d2e_denorm_low                          0x0802e9eb   Thumb Code    70  btod.o(CL$$btod_d2e_denorm_low)
    _d2e_norm_op1                            0x0802ea31   Thumb Code    96  btod.o(CL$$btod_d2e_norm_op1)
    __btod_div_common                        0x0802ea91   Thumb Code   696  btod.o(CL$$btod_div_common)
    _e2d                                     0x0802edc9   Thumb Code    80  btod.o(CL$$btod_e2d)
    _e2e                                     0x0802ee1d   Thumb Code   198  btod.o(CL$$btod_e2e)
    _btod_ediv                               0x0802eee3   Thumb Code    40  btod.o(CL$$btod_ediv)
    _btod_edivd                              0x0802ef0b   Thumb Code    40  btod.o(CL$$btod_edivd)
    _btod_emul                               0x0802ef33   Thumb Code    40  btod.o(CL$$btod_emul)
    _btod_emuld                              0x0802ef5b   Thumb Code    40  btod.o(CL$$btod_emuld)
    __btod_mult_common                       0x0802ef83   Thumb Code   580  btod.o(CL$$btod_mult_common)
    __ARM_fpclassify                         0x0802f1c7   Thumb Code    48  fpclassify.o(i.__ARM_fpclassify)
    __hardfp_ldexp                           0x0802f1f9   Thumb Code   216  ldexp.o(i.__hardfp_ldexp)
    __hardfp_strtod                          0x0802f2e1   Thumb Code    30  strtod.o(i.__hardfp_strtod)
    __mathlib_dbl_underflow                  0x0802f309   Thumb Code    24  dunder.o(i.__mathlib_dbl_underflow)
    __mathlib_narrow                         0x0802f329   Thumb Code   166  narrow.o(i.__mathlib_narrow)
    __support_ldexp                          0x0802f3e1   Thumb Code    20  ldexp.o(i.__support_ldexp)
    _is_digit                                0x0802f3f5   Thumb Code    14  __printf_wp.o(i._is_digit)
    frexp                                    0x0802f409   Thumb Code   134  frexp.o(i.frexp)
    _get_lc_ctype                            0x0802f4a5   Thumb Code    44  lc_ctype_c.o(locale$$code)
    _get_lc_numeric                          0x0802f4d1   Thumb Code    44  lc_numeric_c.o(locale$$code)
    __aeabi_d2f                              0x0802f4fd   Thumb Code     0  d2f.o(x$fpl$d2f)
    _d2f                                     0x0802f4fd   Thumb Code    98  d2f.o(x$fpl$d2f)
    __fpl_dcheck_NaN1                        0x0802f561   Thumb Code    10  dcheck1.o(x$fpl$dcheck1)
    __fpl_dcmp_Inf                           0x0802f571   Thumb Code    24  dcmpi.o(x$fpl$dcmpinf)
    __aeabi_cdcmpeq                          0x0802f589   Thumb Code     0  deqf.o(x$fpl$deqf)
    _dcmpeq                                  0x0802f589   Thumb Code   120  deqf.o(x$fpl$deqf)
    __aeabi_cdcmple                          0x0802f601   Thumb Code     0  dleqf.o(x$fpl$dleqf)
    _dcmple                                  0x0802f601   Thumb Code   120  dleqf.o(x$fpl$dleqf)
    __fpl_dcmple_InfNaN                      0x0802f663   Thumb Code     0  dleqf.o(x$fpl$dleqf)
    __aeabi_dmul                             0x0802f679   Thumb Code     0  dmul.o(x$fpl$dmul)
    _dmul                                    0x0802f679   Thumb Code   332  dmul.o(x$fpl$dmul)
    __fpl_dnaninf                            0x0802f7cd   Thumb Code   156  dnaninf.o(x$fpl$dnaninf)
    __fpl_dretinf                            0x0802f869   Thumb Code    12  dretinf.o(x$fpl$dretinf)
    __aeabi_cdrcmple                         0x0802f875   Thumb Code     0  drleqf.o(x$fpl$drleqf)
    _drcmple                                 0x0802f875   Thumb Code   108  drleqf.o(x$fpl$drleqf)
    __aeabi_f2d                              0x0802f8e1   Thumb Code     0  f2d.o(x$fpl$f2d)
    _f2d                                     0x0802f8e1   Thumb Code    86  f2d.o(x$fpl$f2d)
    __fpl_fnaninf                            0x0802f937   Thumb Code   140  fnaninf.o(x$fpl$fnaninf)
    _fp_init                                 0x0802f9c3   Thumb Code    10  fpinit.o(x$fpl$fpinit)
    __fplib_config_fpu_vfp                   0x0802f9cb   Thumb Code     0  fpinit.o(x$fpl$fpinit)
    __fplib_config_pureend_doubles           0x0802f9cb   Thumb Code     0  fpinit.o(x$fpl$fpinit)
    __fpl_fretinf                            0x0802f9cd   Thumb Code    10  fretinf.o(x$fpl$fretinf)
    _printf_fp_dec                           0x0802f9d7   Thumb Code     4  printf1.o(x$fpl$printf1)
    __fpl_return_NaN                         0x0802f9db   Thumb Code   100  retnan.o(x$fpl$retnan)
    __ARM_scalbn                             0x0802fa3f   Thumb Code    92  scalbn.o(x$fpl$scalbn)
    _scanf_real                              0x0802fa9b   Thumb Code     4  scanf1.o(x$fpl$scanf1)
    _scanf_hex_real                          0x0802fa9f   Thumb Code     4  scanf2.o(x$fpl$scanf2)
    _scanf_infnan                            0x0802faa3   Thumb Code     4  scanf2.o(x$fpl$scanf2)
    __fpl_cmpreturn                          0x0802faa7   Thumb Code    48  trapv.o(x$fpl$trapveneer)
    __I$use$fp                               0x0802fad6   Number         0  usenofp.o(x$fpl$usenofp)
    setting_system_define                    0x0802fad8   Data         168  setting.o(.constdata)
    setting_system_define_num                0x0802fb80   Data           4  setting.o(.constdata)
    analog_define                            0x0802fb84   Data          12  signalout.o(.constdata)
    self_diagnose_define                     0x0802fb90   Data         132  signalout.o(.constdata)
    self_diagnose_bin_define                 0x0802fc14   Data          12  signalout.o(.constdata)
    bin_input_define                         0x0802fc20   Data          12  signalout.o(.constdata)
    bin_output_define                        0x0802fc2c   Data          12  signalout.o(.constdata)
    analog_define_num                        0x0802fc38   Data           4  signalout.o(.constdata)
    self_diagnose_define_num                 0x0802fc3c   Data           4  signalout.o(.constdata)
    self_diagnose_bin_define_num             0x0802fc40   Data           4  signalout.o(.constdata)
    bin_input_define_num                     0x0802fc44   Data           4  signalout.o(.constdata)
    bin_output_define_num                    0x0802fc48   Data           4  signalout.o(.constdata)
    const_default_crc_tab                    0x0802fc4c   Data         512  SystemBase.o(.constdata)
    logo_smartsaw                            0x080708e9   Data        9600  Hardware.o(.constdata)
    Region$$Table$$Base                      0x0807ee74   Number         0  anon$$obj.o(Region$$Table)
    Region$$Table$$Limit                     0x0807ee94   Number         0  anon$$obj.o(Region$$Table)
    __aeabi_HUGE_VAL                         0x0807ee94   Data           0  fpconst.o(c$$dinf)
    __aeabi_HUGE_VALL                        0x0807ee94   Data           0  fpconst.o(c$$dinf)
    __aeabi_INFINITY                         0x0807ee94   Data           0  fpconst.o(c$$dinf)
    __dInf                                   0x0807ee94   Data           0  fpconst.o(c$$dinf)
    __huge_val                               0x0807ee94   Data           0  fpconst.o(c$$dinf)
    __ctype                                  0x0807eea9   Data           0  lc_ctype_c.o(locale$$data)
    system_running_status                    0x20000014   Data           1  SystemBase.o(.data)
    system_ms_count                          0x20000018   Data           4  SystemBase.o(.data)
    system_s_count                           0x2000001c   Data           4  SystemBase.o(.data)
    buffer_public                            0x20000020   Data           4  SystemBase.o(.data)
    sys_cfg                                  0x20000034   Data           8  SystemBase.o(.data)
    cpu_poweron_initial_flag                 0x2000003c   Data           1  TaskServices.o(.data)
    task1_service_request_no                 0x20000040   Data           1  TaskServices.o(.data)
    task2_service_request_no                 0x20000041   Data           1  TaskServices.o(.data)
    system_running_status_disp               0x20000042   Data           1  TaskServices.o(.data)
    task1_interrupt_count                    0x20000046   Data           2  TaskServices.o(.data)
    task2_interrupt_count                    0x20000048   Data           2  TaskServices.o(.data)
    system_s_count_disp                      0x2000004c   Data           4  TaskServices.o(.data)
    task0_max_run_time                       0x20000050   Data           4  TaskServices.o(.data)
    task1_max_run_time                       0x20000054   Data           4  TaskServices.o(.data)
    task2_run_time                           0x20000058   Data           4  TaskServices.o(.data)
    task0_run_time                           0x2000005c   Data           4  TaskServices.o(.data)
    task1_run_time                           0x20000060   Data           4  TaskServices.o(.data)
    task2_max_run_time                       0x20000064   Data           4  TaskServices.o(.data)
    uart2_max_run_time                       0x20000068   Data           4  Uart.o(.data)
    uart2_run_time                           0x2000006c   Data           4  Uart.o(.data)
    uart4_max_run_time                       0x20000070   Data           4  Uart.o(.data)
    uart4_run_time                           0x20000074   Data           4  Uart.o(.data)
    analog_group                             0x2000007c   Data           8  SingalOutManage.o(.data)
    self_diagnose_group                      0x20000084   Data           8  SingalOutManage.o(.data)
    self_diagnose_bin_group                  0x2000008c   Data           8  SingalOutManage.o(.data)
    bin_input_group                          0x20000094   Data           8  SingalOutManage.o(.data)
    bin_output_group                         0x2000009c   Data           8  SingalOutManage.o(.data)
    encode_type_str                          0x200000ac   Data          12  Iconv.o(.data)
    debug_rx_buffer_rd_ptr                   0x200000b8   Data           2  Hmi.o(.data)
    debug_rx_buffer_wr_ptr                   0x200000ba   Data           2  Hmi.o(.data)
    debug_rx_buffer                          0x200000bc   Data           4  Hmi.o(.data)
    __stdout                                 0x200000cc   Data           4  Debug.o(.data)
    SystemCoreClock                          0x200000d0   Data           4  system_stm32f4xx.o(.data)
    AHBPrescTable                            0x200000d4   Data          16  system_stm32f4xx.o(.data)
    uart2                                    0x200000f4   Data          80  Uart.o(.bss)
    uart4                                    0x20000144   Data          80  Uart.o(.bss)
    setting_system                           0x20000194   Data          36  SettingManage.o(.bss)
    __libspace_start                         0x200001b8   Data          96  libspace.o(.bss)
    __temporary_stack_top$libspace           0x20000218   Data           0  libspace.o(.bss)



==============================================================================

Memory Map of the image

  Image Entry point : 0x08020189

  Load Region LR_IROM1 (Base: 0x08020000, Size: 0x0005f0ac, Max: 0x000a0000, ABSOLUTE)

    Execution Region ER_IROM1 (Base: 0x08020000, Size: 0x0005efc8, Max: 0x000a0000, ABSOLUTE)

    Base Addr    Size         Type   Attr      Idx    E Section Name        Object

    0x08020000   0x00000188   Data   RO          303    RESET               Debug.lib(startup_stm32f4xx.o)
    0x08020188   0x00000008   Code   RO          149  * !!!main             c_w.l(__main.o)
    0x08020190   0x00000034   Code   RO          401    !!!scatter          c_w.l(__scatter.o)
    0x080201c4   0x0000001a   Code   RO          402    !!handler_copy      c_w.l(__scatter_copy.o)
    0x080201de   0x00000002   PAD
    0x080201e0   0x0000001c   Code   RO          403    !!handler_zi        c_w.l(__scatter_zi.o)
    0x080201fc   0x00000000   Code   RO          140    .ARM.Collect$$_printf_percent$$00000000  c_w.l(_printf_percent.o)
    0x080201fc   0x00000006   Code   RO          139    .ARM.Collect$$_printf_percent$$00000003  c_w.l(_printf_f.o)
    0x08020202   0x00000006   Code   RO          137    .ARM.Collect$$_printf_percent$$00000009  c_w.l(_printf_d.o)
    0x08020208   0x00000006   Code   RO          138    .ARM.Collect$$_printf_percent$$0000000A  c_w.l(_printf_u.o)
    0x0802020e   0x00000006   Code   RO          136    .ARM.Collect$$_printf_percent$$0000000C  c_w.l(_printf_x.o)
    0x08020214   0x00000006   Code   RO          134    .ARM.Collect$$_printf_percent$$00000013  c_w.l(_printf_c.o)
    0x0802021a   0x00000006   Code   RO          135    .ARM.Collect$$_printf_percent$$00000014  c_w.l(_printf_s.o)
    0x08020220   0x00000004   Code   RO          168    .ARM.Collect$$_printf_percent$$00000017  c_w.l(_printf_percent_end.o)
    0x08020224   0x00000002   Code   RO          257    .ARM.Collect$$libinit$$00000000  c_w.l(libinit.o)
    0x08020226   0x00000004   Code   RO          258    .ARM.Collect$$libinit$$00000001  c_w.l(libinit2.o)
    0x0802022a   0x00000000   Code   RO          262    .ARM.Collect$$libinit$$00000008  c_w.l(libinit2.o)
    0x0802022a   0x00000000   Code   RO          264    .ARM.Collect$$libinit$$0000000A  c_w.l(libinit2.o)
    0x0802022a   0x00000000   Code   RO          266    .ARM.Collect$$libinit$$0000000C  c_w.l(libinit2.o)
    0x0802022a   0x00000006   Code   RO          267    .ARM.Collect$$libinit$$0000000D  c_w.l(libinit2.o)
    0x08020230   0x00000000   Code   RO          269    .ARM.Collect$$libinit$$0000000F  c_w.l(libinit2.o)
    0x08020230   0x0000000c   Code   RO          270    .ARM.Collect$$libinit$$00000010  c_w.l(libinit2.o)
    0x0802023c   0x00000000   Code   RO          271    .ARM.Collect$$libinit$$00000011  c_w.l(libinit2.o)
    0x0802023c   0x00000000   Code   RO          273    .ARM.Collect$$libinit$$00000013  c_w.l(libinit2.o)
    0x0802023c   0x0000000a   Code   RO          274    .ARM.Collect$$libinit$$00000014  c_w.l(libinit2.o)
    0x08020246   0x00000000   Code   RO          275    .ARM.Collect$$libinit$$00000015  c_w.l(libinit2.o)
    0x08020246   0x00000000   Code   RO          277    .ARM.Collect$$libinit$$00000017  c_w.l(libinit2.o)
    0x08020246   0x00000000   Code   RO          279    .ARM.Collect$$libinit$$00000019  c_w.l(libinit2.o)
    0x08020246   0x00000000   Code   RO          281    .ARM.Collect$$libinit$$0000001B  c_w.l(libinit2.o)
    0x08020246   0x00000000   Code   RO          283    .ARM.Collect$$libinit$$0000001D  c_w.l(libinit2.o)
    0x08020246   0x00000000   Code   RO          285    .ARM.Collect$$libinit$$0000001F  c_w.l(libinit2.o)
    0x08020246   0x00000000   Code   RO          287    .ARM.Collect$$libinit$$00000021  c_w.l(libinit2.o)
    0x08020246   0x00000000   Code   RO          289    .ARM.Collect$$libinit$$00000023  c_w.l(libinit2.o)
    0x08020246   0x00000000   Code   RO          293    .ARM.Collect$$libinit$$0000002A  c_w.l(libinit2.o)
    0x08020246   0x00000000   Code   RO          295    .ARM.Collect$$libinit$$0000002C  c_w.l(libinit2.o)
    0x08020246   0x00000000   Code   RO          297    .ARM.Collect$$libinit$$0000002E  c_w.l(libinit2.o)
    0x08020246   0x00000000   Code   RO          299    .ARM.Collect$$libinit$$00000030  c_w.l(libinit2.o)
    0x08020246   0x00000002   Code   RO          300    .ARM.Collect$$libinit$$00000031  c_w.l(libinit2.o)
    0x08020248   0x00000002   Code   RO          349    .ARM.Collect$$libshutdown$$00000000  c_w.l(libshutdown.o)
    0x0802024a   0x00000000   Code   RO          368    .ARM.Collect$$libshutdown$$00000003  c_w.l(libshutdown2.o)
    0x0802024a   0x00000000   Code   RO          371    .ARM.Collect$$libshutdown$$00000006  c_w.l(libshutdown2.o)
    0x0802024a   0x00000000   Code   RO          374    .ARM.Collect$$libshutdown$$00000009  c_w.l(libshutdown2.o)
    0x0802024a   0x00000000   Code   RO          376    .ARM.Collect$$libshutdown$$0000000B  c_w.l(libshutdown2.o)
    0x0802024a   0x00000000   Code   RO          379    .ARM.Collect$$libshutdown$$0000000E  c_w.l(libshutdown2.o)
    0x0802024a   0x00000002   Code   RO          380    .ARM.Collect$$libshutdown$$0000000F  c_w.l(libshutdown2.o)
    0x0802024c   0x00000000   Code   RO          156    .ARM.Collect$$rtentry$$00000000  c_w.l(rtentry.o)
    0x0802024c   0x00000000   Code   RO          182    .ARM.Collect$$rtentry$$00000002  c_w.l(rtentry2.o)
    0x0802024c   0x00000006   Code   RO          194    .ARM.Collect$$rtentry$$00000004  c_w.l(rtentry4.o)
    0x08020252   0x00000000   Code   RO          184    .ARM.Collect$$rtentry$$00000009  c_w.l(rtentry2.o)
    0x08020252   0x00000004   Code   RO          185    .ARM.Collect$$rtentry$$0000000A  c_w.l(rtentry2.o)
    0x08020256   0x00000000   Code   RO          187    .ARM.Collect$$rtentry$$0000000C  c_w.l(rtentry2.o)
    0x08020256   0x00000008   Code   RO          188    .ARM.Collect$$rtentry$$0000000D  c_w.l(rtentry2.o)
    0x0802025e   0x00000002   Code   RO          305    .ARM.Collect$$rtexit$$00000000  c_w.l(rtexit.o)
    0x08020260   0x00000000   Code   RO          325    .ARM.Collect$$rtexit$$00000002  c_w.l(rtexit2.o)
    0x08020260   0x00000004   Code   RO          326    .ARM.Collect$$rtexit$$00000003  c_w.l(rtexit2.o)
    0x08020264   0x00000006   Code   RO          327    .ARM.Collect$$rtexit$$00000004  c_w.l(rtexit2.o)
    0x0802026a   0x00000010   Code   RO            1    .text               main.o
    0x0802027a   0x00000002   PAD
    0x0802027c   0x000000b8   Code   RO           20    .text               app.o
    0x08020334   0x000003ec   Code   RO           23    .text               stm32f4xx_flash.o
    0x08020720   0x0000014c   Code   RO           24    .text               userapp.o
    0x0802086c   0x00000548   Code   RO           26    .text               display.o
    0x08020db4   0x00001fc0   Code   RO           29    .text               SystemCommon.lib(SystemBase.o)
    0x08022d74   0x000001c8   Code   RO           34    .text               UserApp.lib(TaskServices.o)
    0x08022f3c   0x00000c78   Code   RO           37    .text               UserApp.lib(Uart.o)
    0x08023bb4   0x00000228   Code   RO           43    .text               UserApp.lib(Startup.o)
    0x08023ddc   0x00000588   Code   RO           45    .text               UserApp.lib(DisplayBasicFuncs.o)
    0x08024364   0x000002a4   Code   RO           47    .text               UserApp.lib(RtcBasicFuncs.o)
    0x08024608   0x000018d8   Code   RO           48    .text               SystemCommon.lib(SettingManage.o)
    0x08025ee0   0x00000724   Code   RO           59    .text               UserApp.lib(Storage.o)
    0x08026604   0x00000598   Code   RO           64    .text               UserApp.lib(Hardware.o)
    0x08026b9c   0x00000ffa   Code   RO           66    .text               UserApp.lib(Modbus.o)
    0x08027b96   0x00000002   PAD
    0x08027b98   0x00000354   Code   RO           67    .text               Debug.lib(Iconv.o)
    0x08027eec   0x000001ec   Code   RO           71    .text               sstream.L(Hmi.o)
    0x080280d8   0x00000238   Code   RO           73    .text               sstream.L(ParseString.o)
    0x08028310   0x00000054   Code   RO           74    .text               Debug.lib(Debug.o)
    0x08028364   0x00003c10   Code   RO           76    .text               Debug.lib(Command.o)
    0x0802bf74   0x000003d8   Code   RO           81    .text               Debug.lib(SpiFlash.o)
    0x0802c34c   0x00000064   Code   RO           82    .text               IconvData.lib(Utf8.o)
    0x0802c3b0   0x00000048   Code   RO           83    .text               IconvData.lib(IconvData.o)
    0x0802c3f8   0x000001ec   Code   RO           86    .text               Debug.lib(Spi.o)
    0x0802c5e4   0x000003b4   Code   RO           87    .text               IconvData.lib(Gb2312.o)
    0x0802c998   0x000000cc   Code   RO           89    .text               IconvData.lib(Windows2512.o)
    0x0802ca64   0x000000e4   Code   RO           91    .text               IconvData.lib(Koi8_u.o)
    0x0802cb48   0x000000d0   Code   RO           93    .text               IconvData.lib(Koi8_r.o)
    0x0802cc18   0x0000009c   Code   RO           95    .text               IconvData.lib(Windows1251.o)
    0x0802ccb4   0x00000018   Code   RO          101    .text               c_w.l(noretval__2printf.o)
    0x0802cccc   0x00000034   Code   RO          102    .text               c_w.l(noretval__2snprintf.o)
    0x0802cd00   0x00000052   Code   RO          104    .text               c_w.l(_printf_pad.o)
    0x0802cd52   0x00000052   Code   RO          105    .text               c_w.l(_printf_str.o)
    0x0802cda4   0x00000078   Code   RO          106    .text               c_w.l(_printf_dec.o)
    0x0802ce1c   0x0000005c   Code   RO          109    .text               c_w.l(_printf_hex_int.o)
    0x0802ce78   0x0000013c   Code   RO          129    .text               c_w.l(__printf_flags_wp.o)
    0x0802cfb4   0x00000070   Code   RO          141    .text               c_w.l(strtol.o)
    0x0802d024   0x00000072   Code   RO          142    .text               c_w.l(strtoul.o)
    0x0802d096   0x0000003e   Code   RO          143    .text               c_w.l(strlen.o)
    0x0802d0d4   0x0000008a   Code   RO          144    .text               c_w.l(rt_memcpy_v6.o)
    0x0802d15e   0x00000084   Code   RO          145    .text               c_w.l(rt_memmove_v6.o)
    0x0802d1e2   0x00000044   Code   RO          146    .text               c_w.l(rt_memclr.o)
    0x0802d226   0x00000056   Code   RO          147    .text               c_w.l(strncpy.o)
    0x0802d27c   0x00000080   Code   RO          148    .text               c_w.l(strcmpv7m.o)
    0x0802d2fc   0x00000010   Code   RO          157    .text               c_w.l(rt_ctype_table.o)
    0x0802d30c   0x00000008   Code   RO          160    .text               c_w.l(rt_errno_addr_intlibspace.o)
    0x0802d314   0x000000b8   Code   RO          161    .text               c_w.l(_printf_intcommon.o)
    0x0802d3cc   0x00000420   Code   RO          162    .text               c_w.l(_printf_fp_dec.o)
    0x0802d7ec   0x00000030   Code   RO          163    .text               c_w.l(_printf_char_common.o)
    0x0802d81c   0x0000000a   Code   RO          164    .text               c_w.l(_sputc.o)
    0x0802d826   0x00000010   Code   RO          165    .text               c_w.l(_snputc.o)
    0x0802d836   0x0000002c   Code   RO          166    .text               c_w.l(_printf_char.o)
    0x0802d862   0x00000002   PAD
    0x0802d864   0x00000024   Code   RO          167    .text               c_w.l(_printf_char_file.o)
    0x0802d888   0x0000009e   Code   RO          169    .text               c_w.l(_strtoul.o)
    0x0802d926   0x00000002   PAD
    0x0802d928   0x000000a0   Code   RO          170    .text               c_w.l(strtod.o)
    0x0802d9c8   0x00000064   Code   RO          171    .text               c_w.l(rt_memcpy_w.o)
    0x0802da2c   0x0000007a   Code   RO          172    .text               c_w.l(rt_memmove_w.o)
    0x0802daa6   0x0000004e   Code   RO          173    .text               c_w.l(rt_memclr_w.o)
    0x0802daf4   0x00000008   Code   RO          179    .text               c_w.l(libspace.o)
    0x0802dafc   0x00000008   Code   RO          198    .text               c_w.l(rt_locale_intlibspace.o)
    0x0802db04   0x0000008a   Code   RO          199    .text               c_w.l(lludiv10.o)
    0x0802db8e   0x00000012   Code   RO          200    .text               c_w.l(isspace.o)
    0x0802dba0   0x00000080   Code   RO          201    .text               c_w.l(_printf_fp_infnan.o)
    0x0802dc20   0x0000001c   Code   RO          203    .text               c_w.l(_chval.o)
    0x0802dc3c   0x00000040   Code   RO          204    .text               c_w.l(_sgetc.o)
    0x0802dc7c   0x000000e4   Code   RO          205    .text               c_w.l(bigflt0.o)
    0x0802dd60   0x0000004a   Code   RO          235    .text               c_w.l(sys_stackheap_outer.o)
    0x0802ddaa   0x00000002   PAD
    0x0802ddac   0x000004a4   Code   RO          243    .text               c_w.l(scanf_fp.o)
    0x0802e250   0x0000000c   Code   RO          253    .text               c_w.l(exit.o)
    0x0802e25c   0x00000040   Code   RO          304    .text               Debug.lib(startup_stm32f4xx.o)
    0x0802e29c   0x0000026c   Code   RO          322    .text               Debug.lib(system_stm32f4xx.o)
    0x0802e508   0x00000016   Code   RO          331    .text               c_w.l(_rserrno.o)
    0x0802e51e   0x00000002   PAD
    0x0802e520   0x00000314   Code   RO          332    .text               c_w.l(scanf_hexfp.o)
    0x0802e834   0x0000013c   Code   RO          333    .text               c_w.l(scanf_infnan.o)
    0x0802e970   0x00000006   Code   RO          334    .text               c_w.l(heapauxi.o)
    0x0802e976   0x00000002   PAD
    0x0802e978   0x0000000c   Code   RO          343    .text               c_w.l(sys_exit.o)
    0x0802e984   0x00000026   Code   RO          345    .text               c_w.l(llshl.o)
    0x0802e9aa   0x00000002   Code   RO          361    .text               c_w.l(use_no_semi.o)
    0x0802e9ac   0x00000000   Code   RO          362    .text               c_w.l(indicate_semi.o)
    0x0802e9ac   0x0000003e   Code   RO          207    CL$$btod_d2e        c_w.l(btod.o)
    0x0802e9ea   0x00000046   Code   RO          209    CL$$btod_d2e_denorm_low  c_w.l(btod.o)
    0x0802ea30   0x00000060   Code   RO          208    CL$$btod_d2e_norm_op1  c_w.l(btod.o)
    0x0802ea90   0x00000338   Code   RO          217    CL$$btod_div_common  c_w.l(btod.o)
    0x0802edc8   0x00000054   Code   RO          215    CL$$btod_e2d        c_w.l(btod.o)
    0x0802ee1c   0x000000c6   Code   RO          214    CL$$btod_e2e        c_w.l(btod.o)
    0x0802eee2   0x00000028   Code   RO          211    CL$$btod_ediv       c_w.l(btod.o)
    0x0802ef0a   0x00000028   Code   RO          213    CL$$btod_edivd      c_w.l(btod.o)
    0x0802ef32   0x00000028   Code   RO          210    CL$$btod_emul       c_w.l(btod.o)
    0x0802ef5a   0x00000028   Code   RO          212    CL$$btod_emuld      c_w.l(btod.o)
    0x0802ef82   0x00000244   Code   RO          216    CL$$btod_mult_common  c_w.l(btod.o)
    0x0802f1c6   0x00000030   Code   RO          234    i.__ARM_fpclassify  m_wm.l(fpclassify.o)
    0x0802f1f6   0x00000002   PAD
    0x0802f1f8   0x000000e8   Code   RO          353    i.__hardfp_ldexp    m_wm.l(ldexp.o)
    0x0802f2e0   0x00000028   Code   RO          153    i.__hardfp_strtod   m_wm.l(strtod.o)
    0x0802f308   0x00000020   Code   RO          382    i.__mathlib_dbl_underflow  m_wm.l(dunder.o)
    0x0802f328   0x000000b8   Code   RO          317    i.__mathlib_narrow  m_wm.l(narrow.o)
    0x0802f3e0   0x00000014   Code   RO          355    i.__support_ldexp   m_wm.l(ldexp.o)
    0x0802f3f4   0x0000000e   Code   RO          128    i._is_digit         c_w.l(__printf_wp.o)
    0x0802f402   0x00000006   PAD
    0x0802f408   0x0000009c   Code   RO          341    i.frexp             m_wm.l(frexp.o)
    0x0802f4a4   0x0000002c   Code   RO          225    locale$$code        c_w.l(lc_ctype_c.o)
    0x0802f4d0   0x0000002c   Code   RO          227    locale$$code        c_w.l(lc_numeric_c.o)
    0x0802f4fc   0x00000062   Code   RO          150    x$fpl$d2f           fz_wm.l(d2f.o)
    0x0802f55e   0x00000002   PAD
    0x0802f560   0x00000010   Code   RO          386    x$fpl$dcheck1       fz_wm.l(dcheck1.o)
    0x0802f570   0x00000018   Code   RO          350    x$fpl$dcmpinf       fz_wm.l(dcmpi.o)
    0x0802f588   0x00000078   Code   RO          337    x$fpl$deqf          fz_wm.l(deqf.o)
    0x0802f600   0x00000078   Code   RO          351    x$fpl$dleqf         fz_wm.l(dleqf.o)
    0x0802f678   0x00000154   Code   RO          352    x$fpl$dmul          fz_wm.l(dmul.o)
    0x0802f7cc   0x0000009c   Code   RO          174    x$fpl$dnaninf       fz_wm.l(dnaninf.o)
    0x0802f868   0x0000000c   Code   RO          175    x$fpl$dretinf       fz_wm.l(dretinf.o)
    0x0802f874   0x0000006c   Code   RO          338    x$fpl$drleqf        fz_wm.l(drleqf.o)
    0x0802f8e0   0x00000056   Code   RO          151    x$fpl$f2d           fz_wm.l(f2d.o)
    0x0802f936   0x0000008c   Code   RO          176    x$fpl$fnaninf       fz_wm.l(fnaninf.o)
    0x0802f9c2   0x0000000a   Code   RO          312    x$fpl$fpinit        fz_wm.l(fpinit.o)
    0x0802f9cc   0x0000000a   Code   RO          177    x$fpl$fretinf       fz_wm.l(fretinf.o)
    0x0802f9d6   0x00000004   Code   RO          152    x$fpl$printf1       fz_wm.l(printf1.o)
    0x0802f9da   0x00000064   Code   RO          389    x$fpl$retnan        fz_wm.l(retnan.o)
    0x0802fa3e   0x0000005c   Code   RO          381    x$fpl$scalbn        fz_wm.l(scalbn.o)
    0x0802fa9a   0x00000004   Code   RO          233    x$fpl$scanf1        fz_wm.l(scanf1.o)
    0x0802fa9e   0x00000008   Code   RO          313    x$fpl$scanf2        fz_wm.l(scanf2.o)
    0x0802faa6   0x00000030   Code   RO          398    x$fpl$trapveneer    fz_wm.l(trapv.o)
    0x0802fad6   0x00000000   Code   RO          178    x$fpl$usenofp       fz_wm.l(usenofp.o)
    0x0802fad6   0x00000002   PAD
    0x0802fad8   0x000000a8   Data   RO            2    .constdata          setting.o
    0x0802fb80   0x00000004   Data   RO            3    .constdata          setting.o
    0x0802fb84   0x0000000c   Data   RO            5    .constdata          signalout.o
    0x0802fb90   0x00000084   Data   RO            6    .constdata          signalout.o
    0x0802fc14   0x0000000c   Data   RO            7    .constdata          signalout.o
    0x0802fc20   0x0000000c   Data   RO            8    .constdata          signalout.o
    0x0802fc2c   0x0000000c   Data   RO            9    .constdata          signalout.o
    0x0802fc38   0x00000004   Data   RO           10    .constdata          signalout.o
    0x0802fc3c   0x00000004   Data   RO           11    .constdata          signalout.o
    0x0802fc40   0x00000004   Data   RO           12    .constdata          signalout.o
    0x0802fc44   0x00000004   Data   RO           13    .constdata          signalout.o
    0x0802fc48   0x00000004   Data   RO           14    .constdata          signalout.o
    0x0802fc4c   0x00000446   Data   RO           30    .constdata          SystemCommon.lib(SystemBase.o)
    0x08030092   0x00000020   Data   RO           39    .constdata          UserApp.lib(Uart.o)
    0x080300b2   0x00000002   PAD
    0x080300b4   0x00000050   Data   RO           44    .constdata          UserApp.lib(Startup.o)
    0x08030104   0x0004045d   Data   RO           46    .constdata          UserApp.lib(DisplayBasicFuncs.o)
    0x08070561   0x00000003   PAD
    0x08070564   0x000001ef   Data   RO           50    .constdata          SystemCommon.lib(SettingManage.o)
    0x08070753   0x00000001   PAD
    0x08070754   0x00000190   Data   RO           60    .constdata          UserApp.lib(Storage.o)
    0x080708e4   0x00002585   Data   RO           65    .constdata          UserApp.lib(Hardware.o)
    0x08072e69   0x00000011   Data   RO           68    .constdata          Debug.lib(Iconv.o)
    0x08072e7a   0x00000002   PAD
    0x08072e7c   0x00000a02   Data   RO           77    .constdata          Debug.lib(Command.o)
    0x0807387e   0x00000002   PAD
    0x08073880   0x00000030   Data   RO           84    .constdata          IconvData.lib(IconvData.o)
    0x080738b0   0x0000ac2e   Data   RO           88    .constdata          IconvData.lib(Gb2312.o)
    0x0807e4de   0x00000028   Data   RO           90    .constdata          IconvData.lib(Windows2512.o)
    0x0807e506   0x000000f8   Data   RO           92    .constdata          IconvData.lib(Koi8_u.o)
    0x0807e5fe   0x000000f2   Data   RO           94    .constdata          IconvData.lib(Koi8_r.o)
    0x0807e6f0   0x000000a3   Data   RO           96    .constdata          IconvData.lib(Windows1251.o)
    0x0807e793   0x00000028   Data   RO          110    .constdata          c_w.l(_printf_hex_int.o)
    0x0807e7bb   0x00000011   Data   RO          130    .constdata          c_w.l(__printf_flags_wp.o)
    0x0807e7cc   0x00000094   Data   RO          206    .constdata          c_w.l(bigflt0.o)
    0x0807e860   0x000000ea   Data   RO            4    .conststring        setting.o
    0x0807e94a   0x00000006   Data   RO           15    .conststring        signalout.o
    0x0807e950   0x000000cc   Data   RO           16    .conststring        signalout.o
    0x0807ea1c   0x00000009   Data   RO           31    .conststring        SystemCommon.lib(SystemBase.o)
    0x0807ea25   0x00000006   Data   RO           69    .conststring        Debug.lib(Iconv.o)
    0x0807ea2b   0x00000417   Data   RO           80    .conststring        Debug.lib(Command.o)
    0x0807ee42   0x00000032   Data   RO           85    .conststring        IconvData.lib(IconvData.o)
    0x0807ee74   0x00000020   Data   RO          399    Region$$Table       anon$$obj.o
    0x0807ee94   0x00000008   Data   RO          309    c$$dinf             fz_wm.l(fpconst.o)
    0x0807ee9c   0x00000110   Data   RO          224    locale$$data        c_w.l(lc_ctype_c.o)
    0x0807efac   0x0000001c   Data   RO          226    locale$$data        c_w.l(lc_numeric_c.o)


    Execution Region RW_IRAM1 (Base: 0x20000000, Size: 0x00006218, Max: 0x00020000, ABSOLUTE)

    Base Addr    Size         Type   Attr      Idx    E Section Name        Object

    0x20000000   0x00000002   Data   RW           25    .data               userapp.o
    0x20000002   0x00000002   PAD
    0x20000004   0x00000010   Data   RW           28    .data               display.o
    0x20000014   0x00000001   Data   RW           32    .data               SystemCommon.lib(SystemBase.o)
    0x20000015   0x00000003   PAD
    0x20000018   0x00000024   Data   RW           33    .data               SystemCommon.lib(SystemBase.o)
    0x2000003c   0x00000001   Data   RW           35    .data               UserApp.lib(TaskServices.o)
    0x2000003d   0x00000003   PAD
    0x20000040   0x00000028   Data   RW           36    .data               UserApp.lib(TaskServices.o)
    0x20000068   0x00000010   Data   RW           40    .data               UserApp.lib(Uart.o)
    0x20000078   0x00000001   Data   RW           51    .data               SystemCommon.lib(SettingManage.o)
    0x20000079   0x00000003   PAD
    0x2000007c   0x00000008   Data   RW           52    .data               SystemCommon.lib(SingalOutManage.o)
    0x20000084   0x00000008   Data   RW           53    .data               SystemCommon.lib(SingalOutManage.o)
    0x2000008c   0x00000008   Data   RW           54    .data               SystemCommon.lib(SingalOutManage.o)
    0x20000094   0x00000008   Data   RW           55    .data               SystemCommon.lib(SingalOutManage.o)
    0x2000009c   0x00000008   Data   RW           56    .data               SystemCommon.lib(SingalOutManage.o)
    0x200000a4   0x00000002   Data   RW           61    .data               UserApp.lib(Storage.o)
    0x200000a6   0x00000002   PAD
    0x200000a8   0x00000010   Data   RW           70    .data               Debug.lib(Iconv.o)
    0x200000b8   0x00000014   Data   RW           72    .data               sstream.L(Hmi.o)
    0x200000cc   0x00000004   Data   RW           75    .data               Debug.lib(Debug.o)
    0x200000d0   0x00000014   Data   RW          323    .data               Debug.lib(system_stm32f4xx.o)
    0x200000e4   0x00000010   Zero   RW           27    .bss                display.o
    0x200000f4   0x000000a0   Zero   RW           38    .bss                UserApp.lib(Uart.o)
    0x20000194   0x00000024   Zero   RW           49    .bss                SystemCommon.lib(SettingManage.o)
    0x200001b8   0x00000060   Zero   RW          180    .bss                c_w.l(libspace.o)
    0x20000218   0x00004000   Zero   RW          302    HEAP                Debug.lib(startup_stm32f4xx.o)
    0x20004218   0x00002000   Zero   RW          301    STACK               Debug.lib(startup_stm32f4xx.o)


==============================================================================

Image component sizes


      Code (inc. data)   RO Data    RW Data    ZI Data      Debug   Object Name

       184        124          0          0          0          0   app.o
      1352        200          0         16         16          0   display.o
        16          0          0          0          0          0   main.o
         0          0        406          0          0          0   setting.o
         0          0        410          0          0          0   signalout.o
      1004         50          0          0          0          0   stm32f4xx_flash.o
       332        152          0          2          0          0   userapp.o

    ----------------------------------------------------------------------
      2890        526        848         20         16          0   Object Totals
         0          0         32          0          0          0   (incl. Generated)
         2          0          0          2          0          0   (incl. Padding)

    ----------------------------------------------------------------------

      Code (inc. data)   RO Data    RW Data    ZI Data      Debug   Library Member Name

     15376       4276       3609          0          0          0   Command.o
        84          6          0          4          0          0   Debug.o
       852        344         23         16          0          0   Iconv.o
       492         70          0          0          0          0   Spi.o
       984        252          0          0          0          0   SpiFlash.o
        64         26        392          0      24576          0   startup_stm32f4xx.o
       620        156          0         20          0          0   system_stm32f4xx.o
       948        170      44078          0          0          0   Gb2312.o
        72          4         98          0          0          0   IconvData.o
       208         10        242          0          0          0   Koi8_r.o
       228          8        248          0          0          0   Koi8_u.o
       100          0          0          0          0          0   Utf8.o
       156         12        163          0          0          0   Windows1251.o
       204          6         40          0          0          0   Windows2512.o
      6360       1808        495          1         36          0   SettingManage.o
         0          0          0         40          0          0   SingalOutManage.o
      8128       3142       1103         37          0          0   SystemBase.o
      1416        164     263261          0          0          0   DisplayBasicFuncs.o
      1432        228       9605          0          0          0   Hardware.o
      4090        564          0          0          0          0   Modbus.o
       676        126          0          0          0          0   RtcBasicFuncs.o
       552        326         80          0          0          0   Startup.o
      1828        398        400          2          0          0   Storage.o
       456         30          0         41          0          0   TaskServices.o
      3192        768         32         16        160          0   Uart.o
         8          0          0          0          0          0   __main.o
       316          6         17          0          0          0   __printf_flags_wp.o
        14          0          0          0          0          0   __printf_wp.o
        52          8          0          0          0          0   __scatter.o
        26          0          0          0          0          0   __scatter_copy.o
        28          0          0          0          0          0   __scatter_zi.o
        28          0          0          0          0          0   _chval.o
         6          0          0          0          0          0   _printf_c.o
        44          0          0          0          0          0   _printf_char.o
        48          6          0          0          0          0   _printf_char_common.o
        36          4          0          0          0          0   _printf_char_file.o
         6          0          0          0          0          0   _printf_d.o
       120         18          0          0          0          0   _printf_dec.o
         6          0          0          0          0          0   _printf_f.o
      1056          0          0          0          0          0   _printf_fp_dec.o
       128         16          0          0          0          0   _printf_fp_infnan.o
        92          4         40          0          0          0   _printf_hex_int.o
       184          0          0          0          0          0   _printf_intcommon.o
        82          0          0          0          0          0   _printf_pad.o
         0          0          0          0          0          0   _printf_percent.o
         4          0          0          0          0          0   _printf_percent_end.o
         6          0          0          0          0          0   _printf_s.o
        82          0          0          0          0          0   _printf_str.o
         6          0          0          0          0          0   _printf_u.o
         6          0          0          0          0          0   _printf_x.o
        22          0          0          0          0          0   _rserrno.o
        64          0          0          0          0          0   _sgetc.o
        16          0          0          0          0          0   _snputc.o
        10          0          0          0          0          0   _sputc.o
       158          0          0          0          0          0   _strtoul.o
       228          6        148          0          0          0   bigflt0.o
      2074        132          0          0          0          0   btod.o
        12          0          0          0          0          0   exit.o
         6          0          0          0          0          0   heapauxi.o
         0          0          0          0          0          0   indicate_semi.o
        18          0          0          0          0          0   isspace.o
        44         10        272          0          0          0   lc_ctype_c.o
        44         10         28          0          0          0   lc_numeric_c.o
         2          0          0          0          0          0   libinit.o
        34          0          0          0          0          0   libinit2.o
         2          0          0          0          0          0   libshutdown.o
         2          0          0          0          0          0   libshutdown2.o
         8          4          0          0         96          0   libspace.o
        38          0          0          0          0          0   llshl.o
       138          0          0          0          0          0   lludiv10.o
        24          4          0          0          0          0   noretval__2printf.o
        52          4          0          0          0          0   noretval__2snprintf.o
        16          4          0          0          0          0   rt_ctype_table.o
         8          4          0          0          0          0   rt_errno_addr_intlibspace.o
         8          4          0          0          0          0   rt_locale_intlibspace.o
        68          0          0          0          0          0   rt_memclr.o
        78          0          0          0          0          0   rt_memclr_w.o
       138          0          0          0          0          0   rt_memcpy_v6.o
       100          0          0          0          0          0   rt_memcpy_w.o
       132          0          0          0          0          0   rt_memmove_v6.o
       122          0          0          0          0          0   rt_memmove_w.o
         0          0          0          0          0          0   rtentry.o
        12          0          0          0          0          0   rtentry2.o
         6          0          0          0          0          0   rtentry4.o
         2          0          0          0          0          0   rtexit.o
        10          0          0          0          0          0   rtexit2.o
      1188         12          0          0          0          0   scanf_fp.o
       788         12          0          0          0          0   scanf_hexfp.o
       316         18          0          0          0          0   scanf_infnan.o
       128          0          0          0          0          0   strcmpv7m.o
        62          0          0          0          0          0   strlen.o
        86          0          0          0          0          0   strncpy.o
       160         12          0          0          0          0   strtod.o
       112          0          0          0          0          0   strtol.o
       114          0          0          0          0          0   strtoul.o
        12          4          0          0          0          0   sys_exit.o
        74          0          0          0          0          0   sys_stackheap_outer.o
         2          0          0          0          0          0   use_no_semi.o
        98          4          0          0          0          0   d2f.o
        16          4          0          0          0          0   dcheck1.o
        24          0          0          0          0          0   dcmpi.o
       120          4          0          0          0          0   deqf.o
       120          4          0          0          0          0   dleqf.o
       340         12          0          0          0          0   dmul.o
       156          4          0          0          0          0   dnaninf.o
        12          0          0          0          0          0   dretinf.o
       108          0          0          0          0          0   drleqf.o
        86          4          0          0          0          0   f2d.o
       140          4          0          0          0          0   fnaninf.o
         0          0          8          0          0          0   fpconst.o
        10          0          0          0          0          0   fpinit.o
        10          0          0          0          0          0   fretinf.o
         4          0          0          0          0          0   printf1.o
       100          0          0          0          0          0   retnan.o
        92          0          0          0          0          0   scalbn.o
         4          0          0          0          0          0   scanf1.o
         8          0          0          0          0          0   scanf2.o
        48          0          0          0          0          0   trapv.o
         0          0          0          0          0          0   usenofp.o
        32          8          0          0          0          0   dunder.o
        48          0          0          0          0          0   fpclassify.o
       156         22          0          0          0          0   frexp.o
       252         16          0          0          0          0   ldexp.o
       184         18          0          0          0          0   narrow.o
        40         10          0          0          0          0   strtod.o
       492        136          0         20          0          0   Hmi.o
       568         54          0          0          0          0   ParseString.o

    ----------------------------------------------------------------------
     60934      13500     324392        208      24868          0   Library Totals
        26          0         10         11          0          0   (incl. Padding)

    ----------------------------------------------------------------------

      Code (inc. data)   RO Data    RW Data    ZI Data      Debug   Library Name

     18472       5130       4024         40      24576          0   Debug.lib
      1916        210      44869          0          0          0   IconvData.lib
     14488       4950       1598         78         36          0   SystemCommon.lib
     13642       2604     273378         59        160          0   UserApp.lib
      9122        302        505          0         96          0   c_w.l
      1496         40          8          0          0          0   fz_wm.l
       712         74          0          0          0          0   m_wm.l
      1060        190          0         20          0          0   sstream.L

    ----------------------------------------------------------------------
     60934      13500     324392        208      24868          0   Library Totals

    ----------------------------------------------------------------------

==============================================================================


      Code (inc. data)   RO Data    RW Data    ZI Data      Debug   

     63824      14026     325240        228      24884          0   Grand Totals
     63824      14026     325240        228      24884          0   ELF Image Totals
     63824      14026     325240        228          0          0   ROM Totals

==============================================================================

    Total RO  Size (Code + RO Data)               389064 ( 379.95kB)
    Total RW  Size (RW Data + ZI Data)             25112 (  24.52kB)
    Total ROM Size (Code + RO Data + RW Data)     389292 ( 380.17kB)

==============================================================================

