ARM Linker, 5.02 [Build 28] [MDK-ARM Standard]

==============================================================================

Section Cross References

    main.o(.text) refers to Startup.o(.text) for Startup
    setting.o(.constdata) refers to setting.o(.conststring) for .conststring
    setting.o(.constdata) refers to Uart.o(.bss) for uart2
    signalout.o(.constdata) refers to signalout.o(.conststring) for .conststring
    signalout.o(.constdata) refers to TaskServices.o(.data) for task0_max_run_time
    signalout.o(.constdata) refers to signalout.o(.conststring) for .conststring
    signalout.o(.constdata) refers to TaskServices.o(.data) for system_running_status_disp
    signalout.o(.constdata) refers to Uart.o(.data) for uart2_max_run_time
    signalout.o(.constdata) refers to signalout.o(.conststring) for .conststring
    signalout.o(.constdata) refers to TaskServices.o(.data) for task0_max_run_time
    signalout.o(.constdata) refers to signalout.o(.conststring) for .conststring
    signalout.o(.constdata) refers to TaskServices.o(.data) for task0_max_run_time
    signalout.o(.constdata) refers to signalout.o(.conststring) for .conststring
    signalout.o(.constdata) refers to TaskServices.o(.data) for task0_max_run_time
    app.o(.text) refers to noretval__2printf.o(.text) for __2printf
    userapp.o(.text) refers to display.o(.text) for DisplayTask1Service
    userapp.o(.text) refers to Uart.o(.text) for UartTask1Service
    userapp.o(.text) refers to userapp.o(.data) for .data
    userapp.o(.text) refers to SystemBase.o(.data) for system_running_status
    display.o(.text) refers to _printf_percent.o(.ARM.Collect$$_printf_percent$$00000000) for _printf_percent
    display.o(.text) refers to _printf_c.o(.ARM.Collect$$_printf_percent$$00000013) for _printf_c
    display.o(.text) refers to _printf_str.o(.text) for _printf_str
    display.o(.text) refers to _printf_pad.o(.text) for _printf_pre_padding
    display.o(.text) refers to _printf_x.o(.ARM.Collect$$_printf_percent$$0000000C) for _printf_x
    display.o(.text) refers to _printf_hex_int.o(.text) for _printf_longlong_hex
    display.o(.text) refers to DisplayBasicFuncs.o(.text) for LcdDispGraphics
    display.o(.text) refers to noretval__2snprintf.o(.text) for __2snprintf
    display.o(.text) refers to SystemBase.o(.data) for system_running_status
    display.o(.text) refers to display.o(.data) for .data
    display.o(.text) refers to TaskServices.o(.data) for task1_service_request_no
    display.o(.text) refers to display.o(.bss) for .bss
    display.o(.text) refers to Uart.o(.bss) for uart4
    display.o(.text) refers to SystemBase.o(.data) for sys_cfg
    display.o(.text) refers to RtcBasicFuncs.o(.text) for RtcRead
    SystemBase.o(.text) refers to _printf_percent.o(.ARM.Collect$$_printf_percent$$00000000) for _printf_percent
    SystemBase.o(.text) refers to _printf_u.o(.ARM.Collect$$_printf_percent$$0000000A) for _printf_u
    SystemBase.o(.text) refers to _printf_dec.o(.text) for _printf_int_dec
    SystemBase.o(.text) refers to _printf_d.o(.ARM.Collect$$_printf_percent$$00000009) for _printf_d
    SystemBase.o(.text) refers to _printf_s.o(.ARM.Collect$$_printf_percent$$00000014) for _printf_s
    SystemBase.o(.text) refers to _printf_str.o(.text) for _printf_str
    SystemBase.o(.text) refers to noretval__2printf.o(.text) for __2printf
    SystemBase.o(.text) refers to SystemBase.o(.constdata) for .constdata
    SystemBase.o(.text) refers to SystemBase.o(.data) for .data
    SystemBase.o(.text) refers to TaskServices.o(.data) for cpu_poweron_initial_flag
    SystemBase.o(.text) refers to ParseString.o(.text) for GetContentToSplit
    SystemBase.o(.text) refers to strcmpv7m.o(.text) for strcmp
    SystemBase.o(.text) refers to strlen.o(.text) for strlen
    SystemBase.o(.text) refers to h1_alloc.o(.text) for malloc
    SystemBase.o(.text) refers to strncpy.o(.text) for strncpy
    SystemBase.o(.text) refers to Iconv.o(.text) for Utf8ToSysEncode
    SystemBase.o(.text) refers to SettingManage.o(.text) for GetValueOfKeyWord
    SystemBase.o(.text) refers to SystemBase.o(.bss) for .bss
    SystemBase.o(.text) refers to Iconv.o(.data) for encode_type_str
    SystemBase.o(.text) refers to Storage.o(.text) for StorageRead
    SystemBase.o(.text) refers to strtol.o(.text) for strtol
    SystemBase.o(.text) refers to calloc.o(.text) for calloc
    SystemBase.o(.text) refers to setting.o(.constdata) for setting_system_define_num
    SystemBase.o(.text) refers to setting.o(.constdata) for setting_system_define
    SystemBase.o(.text) refers to SettingManage.o(.bss) for setting_system
    SystemBase.o(.text) refers to userapp.o(.text) for SystemReboot
    SystemBase.o(.text) refers to SingalOutManage.o(.data) for analog_group
    SystemBase.o(.text) refers to signalout.o(.constdata) for analog_define_num
    SystemBase.o(.text) refers to signalout.o(.constdata) for analog_define
[...]
    .bss                                     0x680000d0   Section       16  display.o(.bss)
    leds                                     0x680000d0   Data          16  display.o(.bss)
    .bss                                     0x680000e0   Section     1024  SystemBase.o(.bss)
    .bss                                     0x680004e0   Section     3200  Uart.o(.bss)
    .bss                                     0x68001160   Section       36  SettingManage.o(.bss)
    .bss                                     0x68001184   Section     1536  Hmi.o(.bss)
    command_buffer_history                   0x68001384   Data         512  Hmi.o(.bss)
    command_buffer                           0x68001584   Data         512  Hmi.o(.bss)
    .bss                                     0x68001784   Section    264194  Command.o(.bss)
    public_tx_buffer                         0x68041784   Data        2050  Command.o(.bss)
    .bss                                     0x68041f88   Section       96  libspace.o(.bss)
    HEAP                                     0x68041fe8   Section    524288  startup_stm32f4xx.o(HEAP)
    Heap_Mem                                 0x68041fe8   Data       524288  startup_stm32f4xx.o(HEAP)
    STACK                                    0x680c1fe8   Section     8192  startup_stm32f4xx.o(STACK)
    Stack_Mem                                0x680c1fe8   Data        8192  startup_stm32f4xx.o(STACK)
    __initial_sp                             0x680c3fe8   Data           0  startup_stm32f4xx.o(STACK)

    Global Symbols

    Symbol Name                              Value     Ov Type        Size  Object(Section)

    BuildAttributes$$THM_ISAv4$E$P$D$K$B$S$7EM$VFPi3$EXTD16$VFPS$VFMA$PE$A:L22UL41UL21$X:L11$S22US41US21$IEEE1$IW$USESV6$~STKCKD$USESV7$~SHL$OTIME$ROPI$IEEEX$EBA8$UX$STANDARDLIB$REQ8$EABIv2 0x00000000   Number         0  anon$$obj.o ABSOLUTE
    __ARM_use_no_argv                        0x00000000   Number         0  main.o ABSOLUTE
    _printf_flags                            0x00000000   Number         0  printf_stubs.o ABSOLUTE
    _printf_return_value                     0x00000000   Number         0  printf_stubs.o ABSOLUTE
    _printf_sizespec                         0x00000000   Number         0  printf_stubs.o ABSOLUTE
    _printf_widthprec                        0x00000000   Number         0  printf_stubs.o ABSOLUTE
    __ARM_exceptions_init                     - Undefined Weak Reference
    __alloca_initialize                       - Undefined Weak Reference
    __cpp_initialize__aeabi_                  - Undefined Weak Reference
    __cxa_finalize                            - Undefined Weak Reference
    __sigvec_lookup                           - Undefined Weak Reference
    __user_heap_extent                        - Undefined Weak Reference
    _atexit_init                              - Undefined Weak Reference
    _call_atexit_fns                          - Undefined Weak Reference
    _clock_init                               - Undefined Weak Reference
    _fp_trap_init                             - Undefined Weak Reference
    _fp_trap_shutdown                         - Undefined Weak Reference
    _get_lc_collate                           - Undefined Weak Reference
    _get_lc_monetary                          - Undefined Weak Reference
    _get_lc_time                              - Undefined Weak Reference
    _getenv_init                              - Undefined Weak Reference
    _handle_redirection                       - Undefined Weak Reference
    _initio                                   - Undefined Weak Reference
    _mutex_acquire                            - Undefined Weak Reference
    _mutex_free                               - Undefined Weak Reference
    _mutex_release                            - Undefined Weak Reference
    _printf_mbtowc                            - Undefined Weak Reference
    _printf_truncate_signed                   - Undefined Weak Reference
    _printf_truncate_unsigned                 - Undefined Weak Reference
    _rand_init                                - Undefined Weak Reference
    _signal_finish                            - Undefined Weak Reference
    _signal_init                              - Undefined Weak Reference
    _terminateio                              - Undefined Weak Reference
    __Vectors_Size                           0x00000188   Number         0  startup_stm32f4xx.o ABSOLUTE
    __Vectors                                0x08020000   Data           4  startup_stm32f4xx.o(RESET)
    __Vectors_End                            0x08020188   Data           0  startup_stm32f4xx.o(RESET)
    __main                                   0x08020189   Thumb Code     8  __main.o(!!!main)
    __scatterload                            0x08020191   Thumb Code     0  __scatter.o(!!!scatter)
    __scatterload_rt2                        0x08020191   Thumb Code    44  __scatter.o(!!!scatter)
    __scatterload_rt2_thumb_only             0x08020191   Thumb Code     0  __scatter.o(!!!scatter)
    __scatterload_null                       0x0802019f   Thumb Code     0  __scatter.o(!!!scatter)
    __scatterload_copy                       0x080201c5   Thumb Code    26  __scatter_copy.o(!!handler_copy)
    __scatterload_zeroinit                   0x080201e1   Thumb Code    28  __scatter_zi.o(!!handler_zi)
    _printf_f                                0x080201fd   Thumb Code     0  _printf_f.o(.ARM.Collect$$_printf_percent$$00000003)
    _printf_percent                          0x080201fd   Thumb Code     0  _printf_percent.o(.ARM.Collect$$_printf_percent$$00000000)
    _printf_d                                0x08020203   Thumb Code     0  _printf_d.o(.ARM.Collect$$_printf_percent$$00000009)
    _printf_u                                0x08020209   Thumb Code     0  _printf_u.o(.ARM.Collect$$_printf_percent$$0000000A)
    _printf_x                                0x0802020f   Thumb Code     0  _printf_x.o(.ARM.Collect$$_printf_percent$$0000000C)
    _printf_c                                0x08020215   Thumb Code     0  _printf_c.o(.ARM.Collect$$_printf_percent$$00000013)
    _printf_s                                0x0802021b   Thumb Code     0  _printf_s.o(.ARM.Collect$$_printf_percent$$00000014)
    _printf_percent_end                      0x08020221   Thumb Code     0  _printf_percent_end.o(.ARM.Collect$$_printf_percent$$00000017)
    __rt_lib_init                            0x08020225   Thumb Code     0  libinit.o(.ARM.Collect$$libinit$$00000000)
    __rt_lib_init_fp_1                       0x08020227   Thumb Code     0  libinit2.o(.ARM.Collect$$libinit$$00000001)
    __rt_lib_init_heap_2                     0x0802022b   Thumb Code     0  libinit2.o(.ARM.Collect$$libinit$$00000003)
    __rt_lib_init_heap_1                     0x08020233   Thumb Code     0  libinit2.o(.ARM.Collect$$libinit$$00000008)
    __rt_lib_init_lc_common                  0x08020233   Thumb Code     0  libinit2.o(.ARM.Collect$$libinit$$0000000D)
    __rt_lib_init_rand_1                     0x08020233   Thumb Code     0  libinit2.o(.ARM.Collect$$libinit$$0000000C)
    __rt_lib_init_user_alloc_1               0x08020233   Thumb Code     0  libinit2.o(.ARM.Collect$$libinit$$0000000A)
    __rt_lib_init_lc_collate_1               0x08020239   Thumb Code     0  libinit2.o(.ARM.Collect$$libinit$$0000000F)
    __rt_lib_init_lc_ctype_2                 0x08020239   Thumb Code     0  libinit2.o(.ARM.Collect$$libinit$$00000010)
    __rt_lib_init_lc_ctype_1                 0x08020245   Thumb Code     0  libinit2.o(.ARM.Collect$$libinit$$00000011)
    __rt_lib_init_lc_monetary_1              0x08020245   Thumb Code     0  libinit2.o(.ARM.Collect$$libinit$$00000013)
    __rt_lib_init_lc_numeric_2               0x08020245   Thumb Code     0  libinit2.o(.ARM.Collect$$libinit$$00000014)
    __rt_lib_init_alloca_1                   0x0802024f   Thumb Code     0  libinit2.o(.ARM.Collect$$libinit$$0000002C)
    __rt_lib_init_argv_1                     0x0802024f   Thumb Code     0  libinit2.o(.ARM.Collect$$libinit$$0000002A)
    __rt_lib_init_atexit_1                   0x0802024f   Thumb Code     0  libinit2.o(.ARM.Collect$$libinit$$00000019)
    __rt_lib_init_clock_1                    0x0802024f   Thumb Code     0  libinit2.o(.ARM.Collect$$libinit$$0000001F)
    __rt_lib_init_cpp_1                      0x0802024f   Thumb Code     0  libinit2.o(.ARM.Collect$$libinit$$00000030)
    __rt_lib_init_exceptions_1               0x0802024f   Thumb Code     0  libinit2.o(.ARM.Collect$$libinit$$0000002E)
    __rt_lib_init_fp_trap_1                  0x0802024f   Thumb Code     0  libinit2.o(.ARM.Collect$$libinit$$0000001D)
    __rt_lib_init_getenv_1                   0x0802024f   Thumb Code     0  libinit2.o(.ARM.Collect$$libinit$$00000021)
    __rt_lib_init_lc_numeric_1               0x0802024f   Thumb Code     0  libinit2.o(.ARM.Collect$$libinit$$00000015)
    __rt_lib_init_lc_time_1                  0x0802024f   Thumb Code     0  libinit2.o(.ARM.Collect$$libinit$$00000017)
    __rt_lib_init_return                     0x0802024f   Thumb Code     0  libinit2.o(.ARM.Collect$$libinit$$00000031)
    __rt_lib_init_signal_1                   0x0802024f   Thumb Code     0  libinit2.o(.ARM.Collect$$libinit$$0000001B)
    __rt_lib_init_stdio_1                    0x0802024f   Thumb Code     0  libinit2.o(.ARM.Collect$$libinit$$00000023)
    __rt_lib_shutdown                        0x08020251   Thumb Code     0  libshutdown.o(.ARM.Collect$$libshutdown$$00000000)
    __rt_lib_shutdown_fp_trap_1              0x08020253   Thumb Code     0  libshutdown2.o(.ARM.Collect$$libshutdown$$00000006)
    __rt_lib_shutdown_heap_1                 0x08020253   Thumb Code     0  libshutdown2.o(.ARM.Collect$$libshutdown$$0000000E)
    __rt_lib_shutdown_return                 0x08020253   Thumb Code     0  libshutdown2.o(.ARM.Collect$$libshutdown$$0000000F)
    __rt_lib_shutdown_signal_1               0x08020253   Thumb Code     0  libshutdown2.o(.ARM.Collect$$libshutdown$$00000009)
    __rt_lib_shutdown_stdio_1                0x08020253   Thumb Code     0  libshutdown2.o(.ARM.Collect$$libshutdown$$00000003)
    __rt_lib_shutdown_user_alloc_1           0x08020253   Thumb Code     0  libshutdown2.o(.ARM.Collect$$libshutdown$$0000000B)
    __rt_entry                               0x08020255   Thumb Code     0  rtentry.o(.ARM.Collect$$rtentry$$00000000)
    __rt_entry_presh_1                       0x08020255   Thumb Code     0  rtentry2.o(.ARM.Collect$$rtentry$$00000002)
    __rt_entry_sh                            0x08020255   Thumb Code     0  rtentry4.o(.ARM.Collect$$rtentry$$00000004)
    __rt_entry_li                            0x0802025b   Thumb Code     0  rtentry2.o(.ARM.Collect$$rtentry$$0000000A)
    __rt_entry_postsh_1                      0x0802025b   Thumb Code     0  rtentry2.o(.ARM.Collect$$rtentry$$00000009)
    __rt_entry_main                          0x0802025f   Thumb Code     0  rtentry2.o(.ARM.Collect$$rtentry$$0000000D)
    __rt_entry_postli_1                      0x0802025f   Thumb Code     0  rtentry2.o(.ARM.Collect$$rtentry$$0000000C)
    __rt_exit                                0x08020267   Thumb Code     0  rtexit.o(.ARM.Collect$$rtexit$$00000000)
    __rt_exit_ls                             0x08020269   Thumb Code     0  rtexit2.o(.ARM.Collect$$rtexit$$00000003)
    __rt_exit_prels_1                        0x08020269   Thumb Code     0  rtexit2.o(.ARM.Collect$$rtexit$$00000002)
    __rt_exit_exit                           0x0802026d   Thumb Code     0  rtexit2.o(.ARM.Collect$$rtexit$$00000004)
    _maybe_terminate_alloc                   0x08020275   Thumb Code     0  maybetermalloc1.o(.emb_text)
    main                                     0x08020275   Thumb Code    16  main.o(.text)
    NewApp                                   0x08020285   Thumb Code    30  app.o(.text)
    AppInitial                               0x080202a3   Thumb Code    30  app.o(.text)
    FLASH_SetLatency                         0x0802033d   Thumb Code     6  stm32f4xx_flash.o(.text)
    FLASH_PrefetchBufferCmd                  0x08020343   Thumb Code    20  stm32f4xx_flash.o(.text)
    FLASH_InstructionCacheCmd                0x08020357   Thumb Code    20  stm32f4xx_flash.o(.text)
    FLASH_DataCacheCmd                       0x0802036b   Thumb Code    20  stm32f4xx_flash.o(.text)
    FLASH_InstructionCacheReset              0x0802037f   Thumb Code    12  stm32f4xx_flash.o(.text)
    FLASH_DataCacheReset                     0x0802038b   Thumb Code    12  stm32f4xx_flash.o(.text)
    FLASH_Unlock                             0x08020397   Thumb Code    24  stm32f4xx_flash.o(.text)
    FLASH_Lock                               0x080203af   Thumb Code    12  stm32f4xx_flash.o(.text)
    FLASH_GetStatus                          0x080203bb   Thumb Code    52  stm32f4xx_flash.o(.text)
    FLASH_WaitForLastOperation               0x080203ef   Thumb Code    88  stm32f4xx_flash.o(.text)
    FLASH_EraseSector                        0x08020447   Thumb Code   108  stm32f4xx_flash.o(.text)
    FLASH_EraseAllSectors                    0x080204b3   Thumb Code    90  stm32f4xx_flash.o(.text)
    FLASH_ProgramDoubleWord                  0x0802050d   Thumb Code    78  stm32f4xx_flash.o(.text)
    FLASH_ProgramWord                        0x0802055b   Thumb Code    60  stm32f4xx_flash.o(.text)
    FLASH_ProgramHalfWord                    0x08020597   Thumb Code    60  stm32f4xx_flash.o(.text)
    FLASH_ProgramByte                        0x080205d3   Thumb Code    56  stm32f4xx_flash.o(.text)
    FLASH_OB_Unlock                          0x0802060b   Thumb Code    24  stm32f4xx_flash.o(.text)
    FLASH_OB_Lock                            0x08020623   Thumb Code    12  stm32f4xx_flash.o(.text)
    FLASH_OB_WRPConfig                       0x0802062f   Thumb Code    34  stm32f4xx_flash.o(.text)
    FLASH_OB_RDPConfig                       0x08020651   Thumb Code    18  stm32f4xx_flash.o(.text)
    FLASH_OB_UserConfig                      0x08020663   Thumb Code    38  stm32f4xx_flash.o(.text)
    FLASH_OB_BORConfig                       0x08020689   Thumb Code    18  stm32f4xx_flash.o(.text)
    FLASH_OB_Launch                          0x0802069b   Thumb Code    12  stm32f4xx_flash.o(.text)
    FLASH_OB_GetUser                         0x080206a7   Thumb Code    10  stm32f4xx_flash.o(.text)
    FLASH_OB_GetWRP                          0x080206b1   Thumb Code     6  stm32f4xx_flash.o(.text)
    FLASH_OB_GetRDP                          0x080206b7   Thumb Code    14  stm32f4xx_flash.o(.text)
    FLASH_OB_GetBOR                          0x080206c5   Thumb Code    10  stm32f4xx_flash.o(.text)
    FLASH_ITConfig                           0x080206cf   Thumb Code    18  stm32f4xx_flash.o(.text)
    FLASH_GetFlagStatus                      0x080206e1   Thumb Code    16  stm32f4xx_flash.o(.text)
    FLASH_ClearFlag                          0x080206f1   Thumb Code     6  stm32f4xx_flash.o(.text)
    NewUserApp                               0x08020729   Thumb Code     4  userapp.o(.text)
    UserAppInitial                           0x0802072d   Thumb Code     4  userapp.o(.text)
    FeedWatchdog                             0x08020731   Thumb Code    26  userapp.o(.text)
    SystemReboot                             0x0802074b   Thumb Code    12  userapp.o(.text)
    UserAppSettingHandle                     0x08020757   Thumb Code     4  userapp.o(.text)
    UpdateUserRunningSetting                 0x0802075b   Thumb Code     2  userapp.o(.text)
    UserAppTask0Service                      0x0802075d   Thumb Code     2  userapp.o(.text)
    UserAppTask1Service                      0x0802075f   Thumb Code    24  userapp.o(.text)
    DisplayTask0Service                      0x08020785   Thumb Code   166  display.o(.text)
    DisplayTask1Service                      0x08020a25   Thumb Code   604  display.o(.text)
    DefaultCrcCal                            0x08020ccd   Thumb Code    58  SystemBase.o(.text)
    GetTimerCurrentCnt                       0x08020d07   Thumb Code     8  SystemBase.o(.text)
    CalcTimeDiffToNow                        0x08020d0f   Thumb Code    22  SystemBase.o(.text)
    DiffCal                                  0x08020d25   Thumb Code     4  SystemBase.o(.text)
    WaitNS                                   0x08020d29   Thumb Code    38  SystemBase.o(.text)
    WaitUS                                   0x08020d4f   Thumb Code    26  SystemBase.o(.text)
    WaitMS                                   0x08020d69   Thumb Code    28  SystemBase.o(.text)
    WaitS                                    0x08020d85   Thumb Code    28  SystemBase.o(.text)
    DelayLoop                                0x08020da1   Thumb Code    18  SystemBase.o(.text)
    FpgaSlaveSerialOutput                    0x08020db3   Thumb Code   480  SystemBase.o(.text)
    Task0NormalDefaultServices               0x08020f93   Thumb Code    98  SystemBase.o(.text)
    StorageReadLine                          0x08020ff5   Thumb Code   146  SystemBase.o(.text)
    CfgCrcCal                                0x08021087   Thumb Code     8  SystemBase.o(.text)
    ParseDevConfig                           0x08021943   Thumb Code  3746  SystemBase.o(.text)
    EXTI9_5_IRQHandler                       0x080229f5   Thumb Code   160  TaskServices.o(.text)
    TIM8_TRG_COM_TIM14_IRQHandler            0x08022a95   Thumb Code   126  TaskServices.o(.text)
    UserAppTask2Service                      0x08022b15   Thumb Code     2  TaskServices.o(.text)
    USART6_IRQHandler                        0x08022b17   Thumb Code    56  TaskServices.o(.text)
    DMA2_Stream7_IRQHandler                  0x08022b4f   Thumb Code    56  TaskServices.o(.text)
    LowLevelInterruptLock                    0x08022b87   Thumb Code    16  TaskServices.o(.text)
    LowLevelInterruptUnlock                  0x08022b97   Thumb Code     8  TaskServices.o(.text)
    UartTask0Service                         0x08022bbd   Thumb Code   326  Uart.o(.text)
    UartTask1Service                         0x08022d03   Thumb Code   832  Uart.o(.text)
    NewUart                                  0x08023043   Thumb Code    70  Uart.o(.text)
    UARTInitial                              0x08023149   Thumb Code  1062  Uart.o(.text)
    UARTSettingHandle                        0x0802356f   Thumb Code    76  Uart.o(.text)
    Startup                                  0x08023651   Thumb Code   226  Startup.o(.text)
    LcdClr                                   0x08023909   Thumb Code   260  DisplayBasicFuncs.o(.text)
    LcdControllerInitial                     0x08023a0d   Thumb Code   126  DisplayBasicFuncs.o(.text)
    LcdDispText                              0x08023b77   Thumb Code   606  DisplayBasicFuncs.o(.text)
    LcdDispGraphics                          0x08023dd5   Thumb Code     8  DisplayBasicFuncs.o(.text)
    RtcRead                                  0x08023e01   Thumb Code   288  RtcBasicFuncs.o(.text)
    RtcWrite                                 0x08023f21   Thumb Code   262  RtcBasicFuncs.o(.text)
    RunSettingUpdate                         0x080240a5   Thumb Code   508  SettingManage.o(.text)
    SettingReadFromFlash                     0x080242a1   Thumb Code  1036  SettingManage.o(.text)
    SettingWriteToFlash                      0x080246ad   Thumb Code   334  SettingManage.o(.text)
    RunSettingUpdateFromWriteSetting         0x080247fb   Thumb Code    60  SettingManage.o(.text)
    GetValueOfKeyWord                        0x08024837   Thumb Code   310  SettingManage.o(.text)
    EepromSettingInitial                     0x0802496d   Thumb Code  1178  SettingManage.o(.text)
    SettingValueValidationCheck              0x08024e07   Thumb Code   390  SettingManage.o(.text)
    SetSettingBufferFromSettingAddr          0x08024f8d   Thumb Code  1116  SettingManage.o(.text)
    SetOneWriteSettingValue                  0x080253e9   Thumb Code   466  SettingManage.o(.text)
    SetOneWriteSettingStringValue            0x080255bb   Thumb Code   662  SettingManage.o(.text)
    CheckRunSettingWithFlash                 0x08025851   Thumb Code   100  SettingManage.o(.text)
    StorageRead                              0x0802595d   Thumb Code   194  Storage.o(.text)
    StorageWrite                             0x08025a1f   Thumb Code   500  Storage.o(.text)
    StorageErase                             0x08025c13   Thumb Code   704  Storage.o(.text)
    CPUAppDownload                           0x08025ed3   Thumb Code   298  Storage.o(.text)
    HardwareInitial                          0x08026081   Thumb Code  1300  Hardware.o(.text)
    ModbusFrameProc                          0x08027305   Thumb Code   664  Modbus.o(.text)
    Utf8ToSysEncodeInital                    0x0802759d   Thumb Code   210  Iconv.o(.text)
    Utf8ToSysEncode                          0x0802766f   Thumb Code   298  Iconv.o(.text)
    rt_console                               0x080278f1   Thumb Code   292  Hmi.o(.text)
    GetContentToSplit                        0x08027a49   Thumb Code   206  ParseString.o(.text)
    GetContentOfKeyword                      0x08027b17   Thumb Code   308  ParseString.o(.text)
    rt_send_byte                             0x08027c81   Thumb Code    20  Debug.o(.text)
    DebugSendByte                            0x08027c95   Thumb Code    20  Debug.o(.text)
    DebugSendByteWithDelay                   0x08027ca9   Thumb Code    32  Debug.o(.text)
    RunCommand                               0x08027cf5   Thumb Code   136  Command.o(.text)
    SpiFlashRead                             0x0802b7a9   Thumb Code   104  SpiFlash.o(.text)
    SpiFlashWrite                            0x0802b811   Thumb Code   252  SpiFlash.o(.text)
    SpiFlashErase                            0x0802b90d   Thumb Code   246  SpiFlash.o(.text)
    SpiFlashChipErase                        0x0802ba03   Thumb Code   130  SpiFlash.o(.text)
    Utf8ToUcs4                               0x0802bb81   Thumb Code   100  Utf8.o(.text)
    IconvDataEncodeFuntion                   0x0802bbe5   Thumb Code    68  IconvData.o(.text)
    SPIXferOneByte                           0x0802bc2d   Thumb Code   140  Spi.o(.text)
    SPIXferBytes                             0x0802bcb9   Thumb Code   282  Spi.o(.text)
    Ucs4ToGb2312                             0x0802be19   Thumb Code   778  Gb2312.o(.text)
    Ucs4ToWindows2512                        0x0802c1cd   Thumb Code   198  Windows2512.o(.text)
    Ucs4ToKoi8_u                             0x0802c299   Thumb Code   220  Koi8_u.o(.text)
    Ucs4ToKoi8_r                             0x0802c37d   Thumb Code   198  Koi8_r.o(.text)
    Ucs4ToWindows1251                        0x0802c44d   Thumb Code   144  Windows1251.o(.text)
    calloc                                   0x0802c4e9   Thumb Code    40  calloc.o(.text)
    malloc                                   0x0802c511   Thumb Code    94  h1_alloc.o(.text)
    free                                     0x0802c56f   Thumb Code    78  h1_free.o(.text)
    __2printf                                0x0802c5bd   Thumb Code    20  noretval__2printf.o(.text)
    __2snprintf                              0x0802c5d5   Thumb Code    48  noretval__2snprintf.o(.text)
    _printf_pre_padding                      0x0802c609   Thumb Code    46  _printf_pad.o(.text)
    _printf_post_padding                     0x0802c637   Thumb Code    36  _printf_pad.o(.text)
    _printf_str                              0x0802c65b   Thumb Code    82  _printf_str.o(.text)
    _printf_int_dec                          0x0802c6ad   Thumb Code   102  _printf_dec.o(.text)
    _printf_int_hex                          0x0802c725   Thumb Code    88  _printf_hex_int.o(.text)
    _printf_longlong_hex                     0x0802c725   Thumb Code     0  _printf_hex_int.o(.text)
    __printf                                 0x0802c781   Thumb Code   310  __printf_flags_wp.o(.text)
    strtol                                   0x0802c8bd   Thumb Code   112  strtol.o(.text)
    strtoul                                  0x0802c92d   Thumb Code   114  strtoul.o(.text)
    strlen                                   0x0802c99f   Thumb Code    62  strlen.o(.text)
    __aeabi_memcpy                           0x0802c9dd   Thumb Code     0  rt_memcpy_v6.o(.text)
    __rt_memcpy                              0x0802c9dd   Thumb Code   138  rt_memcpy_v6.o(.text)
    _memcpy_lastbytes                        0x0802ca43   Thumb Code     0  rt_memcpy_v6.o(.text)
    __aeabi_memcpy4                          0x0802ca67   Thumb Code     0  rt_memcpy_w.o(.text)
    __aeabi_memcpy8                          0x0802ca67   Thumb Code     0  rt_memcpy_w.o(.text)
    __rt_memcpy_w                            0x0802ca67   Thumb Code   100  rt_memcpy_w.o(.text)
    _memcpy_lastbytes_aligned                0x0802caaf   Thumb Code     0  rt_memcpy_w.o(.text)
    __aeabi_memclr                           0x0802cacb   Thumb Code     0  rt_memclr.o(.text)
    __rt_memclr                              0x0802cacb   Thumb Code    68  rt_memclr.o(.text)
    _memset                                  0x0802cacf   Thumb Code     0  rt_memclr.o(.text)
    strncpy                                  0x0802cb0f   Thumb Code    86  strncpy.o(.text)
    strcmp                                   0x0802cb65   Thumb Code   128  strcmpv7m.o(.text)
    ferror                                   0x0802cbe5   Thumb Code     4  sstream.o(.text)
    fputc                                    0x0802cbe9   Thumb Code     6  sstream.o(.text)
    __rt_ctype_table                         0x0802cbf1   Thumb Code    16  rt_ctype_table.o(.text)
    __rt_heap_descriptor                     0x0802cc01   Thumb Code     8  rt_heap_descriptor_intlibspace.o(.text)
    __aeabi_errno_addr                       0x0802cc09   Thumb Code     8  rt_errno_addr_intlibspace.o(.text)
    __errno$intlibspace                      0x0802cc09   Thumb Code     0  rt_errno_addr_intlibspace.o(.text)
    __rt_errno_addr$intlibspace              0x0802cc09   Thumb Code     0  rt_errno_addr_intlibspace.o(.text)
    __use_no_heap                            0x0802cc11   Thumb Code     2  hguard.o(.text)
    __heap$guard                             0x0802cc13   Thumb Code     2  hguard.o(.text)
    _terminate_user_alloc                    0x0802cc15   Thumb Code     2  init_alloc.o(.text)
    _init_user_alloc                         0x0802cc17   Thumb Code     2  init_alloc.o(.text)
    __Heap_Full                              0x0802cc19   Thumb Code    34  init_alloc.o(.text)
    __Heap_Broken                            0x0802cc3b   Thumb Code     6  init_alloc.o(.text)
    _init_alloc                              0x0802cc41   Thumb Code    94  init_alloc.o(.text)
    __Heap_Initialize                        0x0802cc9f   Thumb Code    10  h1_init.o(.text)
    __Heap_DescSize                          0x0802cca9   Thumb Code     4  h1_init.o(.text)
    _printf_int_common                       0x0802ccad   Thumb Code   184  _printf_intcommon.o(.text)
    __lib_sel_fp_printf                      0x0802cd65   Thumb Code     2  _printf_fp_dec.o(.text)
    _printf_fp_dec_real                      0x0802cf11   Thumb Code   628  _printf_fp_dec.o(.text)
    _printf_char_common                      0x0802d18f   Thumb Code    32  _printf_char_common.o(.text)
    _sputc                                   0x0802d1b5   Thumb Code    10  _sputc.o(.text)
    _snputc                                  0x0802d1bf   Thumb Code    16  _snputc.o(.text)
    _printf_cs_common                        0x0802d1cf   Thumb Code    20  _printf_char.o(.text)
    _printf_char                             0x0802d1e3   Thumb Code    16  _printf_char.o(.text)
    _printf_string                           0x0802d1f3   Thumb Code     8  _printf_char.o(.text)
    _printf_char_file                        0x0802d1fd   Thumb Code    32  _printf_char_file.o(.text)
    _strtoul                                 0x0802d221   Thumb Code   158  _strtoul.o(.text)
    __strtod_int                             0x0802d2fd   Thumb Code    88  strtod.o(.text)
    __aeabi_memclr4                          0x0802d361   Thumb Code     0  rt_memclr_w.o(.text)
    __aeabi_memclr8                          0x0802d361   Thumb Code     0  rt_memclr_w.o(.text)
    __rt_memclr_w                            0x0802d361   Thumb Code    78  rt_memclr_w.o(.text)
    _memset_w                                0x0802d365   Thumb Code     0  rt_memclr_w.o(.text)
    __user_libspace                          0x0802d3b1   Thumb Code     8  libspace.o(.text)
    __user_perproc_libspace                  0x0802d3b1   Thumb Code     0  libspace.o(.text)
    __user_perthread_libspace                0x0802d3b1   Thumb Code     0  libspace.o(.text)
    __rt_locale                              0x0802d3b9   Thumb Code     8  rt_locale_intlibspace.o(.text)
    __Heap_ProvideMemory                     0x0802d3c1   Thumb Code    52  h1_extend.o(.text)
    _ll_udiv10                               0x0802d3f5   Thumb Code   138  lludiv10.o(.text)
    isspace                                  0x0802d47f   Thumb Code    18  isspace.o(.text)
    _printf_fp_infnan                        0x0802d491   Thumb Code   112  _printf_fp_infnan.o(.text)
    _chval                                   0x0802d511   Thumb Code    28  _chval.o(.text)
    _sgetc                                   0x0802d52d   Thumb Code    30  _sgetc.o(.text)
    _sbackspace                              0x0802d54b   Thumb Code    34  _sgetc.o(.text)
    _btod_etento                             0x0802d56d   Thumb Code   222  bigflt0.o(.text)
    __rt_SIGRTMEM                            0x0802d651   Thumb Code    14  defsig_rtmem_outer.o(.text)
    __rt_heap_escrow                         0x0802d661   Thumb Code    22  heapauxa.o(.text)
    __rt_heap_expand                         0x0802d677   Thumb Code    52  heapauxa.o(.text)
    __I$use$semihosting                      0x0802d6b1   Thumb Code     0  use_no_semi.o(.text)
    __use_no_semihosting_swi                 0x0802d6b1   Thumb Code     2  use_no_semi.o(.text)
    __semihosting_library_function           0x0802d6b3   Thumb Code     0  indicate_semi.o(.text)
    __user_setup_stackheap                   0x0802d6b3   Thumb Code    74  sys_stackheap_outer.o(.text)
    _scanf_really_real                       0x0802d8f5   Thumb Code   672  scanf_fp.o(.text)
    exit                                     0x0802dba1   Thumb Code    12  exit.o(.text)
    __sig_exit                               0x0802dbad   Thumb Code    10  defsig_exit.o(.text)
    __rt_SIGRTMEM_inner                      0x0802dbb9   Thumb Code    22  defsig_rtmem_inner.o(.text)
    Reset_Handler                            0x0802dc09   Thumb Code     8  startup_stm32f4xx.o(.text)
    NMI_Handler                              0x0802dc11   Thumb Code     2  startup_stm32f4xx.o(.text)
    HardFault_Handler                        0x0802dc13   Thumb Code     2  startup_stm32f4xx.o(.text)
    MemManage_Handler                        0x0802dc15   Thumb Code     2  startup_stm32f4xx.o(.text)
    BusFault_Handler                         0x0802dc17   Thumb Code     2  startup_stm32f4xx.o(.text)
    UsageFault_Handler                       0x0802dc19   Thumb Code     2  startup_stm32f4xx.o(.text)
    SVC_Handler                              0x0802dc1b   Thumb Code     2  startup_stm32f4xx.o(.text)
    DebugMon_Handler                         0x0802dc1d   Thumb Code     2  startup_stm32f4xx.o(.text)
    PendSV_Handler                           0x0802dc1f   Thumb Code     2  startup_stm32f4xx.o(.text)
    SysTick_Handler                          0x0802dc21   Thumb Code     2  startup_stm32f4xx.o(.text)
    ADC_IRQHandler                           0x0802dc23   Thumb Code     0  startup_stm32f4xx.o(.text)
    CAN1_RX0_IRQHandler                      0x0802dc23   Thumb Code     0  startup_stm32f4xx.o(.text)
    CAN1_RX1_IRQHandler                      0x0802dc23   Thumb Code     0  startup_stm32f4xx.o(.text)
    CAN1_SCE_IRQHandler                      0x0802dc23   Thumb Code     0  startup_stm32f4xx.o(.text)
    CAN1_TX_IRQHandler                       0x0802dc23   Thumb Code     0  startup_stm32f4xx.o(.text)
    CAN2_RX0_IRQHandler                      0x0802dc23   Thumb Code     0  startup_stm32f4xx.o(.text)
    CAN2_RX1_IRQHandler                      0x0802dc23   Thumb Code     0  startup_stm32f4xx.o(.text)
    CAN2_SCE_IRQHandler                      0x0802dc23   Thumb Code     0  startup_stm32f4xx.o(.text)
    CAN2_TX_IRQHandler                       0x0802dc23   Thumb Code     0  startup_stm32f4xx.o(.text)
    CRYP_IRQHandler                          0x0802dc23   Thumb Code     0  startup_stm32f4xx.o(.text)
    DCMI_IRQHandler                          0x0802dc23   Thumb Code     0  startup_stm32f4xx.o(.text)
    DMA1_Stream0_IRQHandler                  0x0802dc23   Thumb Code     0  startup_stm32f4xx.o(.text)
    DMA1_Stream1_IRQHandler                  0x0802dc23   Thumb Code     0  startup_stm32f4xx.o(.text)
    DMA1_Stream2_IRQHandler                  0x0802dc23   Thumb Code     0  startup_stm32f4xx.o(.text)
    DMA1_Stream3_IRQHandler                  0x0802dc23   Thumb Code     0  startup_stm32f4xx.o(.text)
    DMA1_Stream4_IRQHandler                  0x0802dc23   Thumb Code     0  startup_stm32f4xx.o(.text)
    DMA1_Stream5_IRQHandler                  0x0802dc23   Thumb Code     0  startup_stm32f4xx.o(.text)
    DMA1_Stream6_IRQHandler                  0x0802dc23   Thumb Code     0  startup_stm32f4xx.o(.text)
    DMA1_Stream7_IRQHandler                  0x0802dc23   Thumb Code     0  startup_stm32f4xx.o(.text)
    DMA2_Stream0_IRQHandler                  0x0802dc23   Thumb Code     0  startup_stm32f4xx.o(.text)
    DMA2_Stream1_IRQHandler                  0x0802dc23   Thumb Code     0  startup_stm32f4xx.o(.text)
    DMA2_Stream2_IRQHandler                  0x0802dc23   Thumb Code     0  startup_stm32f4xx.o(.text)
    DMA2_Stream3_IRQHandler                  0x0802dc23   Thumb Code     0  startup_stm32f4xx.o(.text)
    DMA2_Stream4_IRQHandler                  0x0802dc23   Thumb Code     0  startup_stm32f4xx.o(.text)
    DMA2_Stream5_IRQHandler                  0x0802dc23   Thumb Code     0  startup_stm32f4xx.o(.text)
    DMA2_Stream6_IRQHandler                  0x0802dc23   Thumb Code     0  startup_stm32f4xx.o(.text)
    ETH_IRQHandler                           0x0802dc23   Thumb Code     0  startup_stm32f4xx.o(.text)
    ETH_WKUP_IRQHandler                      0x0802dc23   Thumb Code     0  startup_stm32f4xx.o(.text)
    EXTI0_IRQHandler                         0x0802dc23   Thumb Code     0  startup_stm32f4xx.o(.text)
    EXTI15_10_IRQHandler                     0x0802dc23   Thumb Code     0  startup_stm32f4xx.o(.text)
    EXTI1_IRQHandler                         0x0802dc23   Thumb Code     0  startup_stm32f4xx.o(.text)
    EXTI2_IRQHandler                         0x0802dc23   Thumb Code     0  startup_stm32f4xx.o(.text)
    EXTI3_IRQHandler                         0x0802dc23   Thumb Code     0  startup_stm32f4xx.o(.text)
    EXTI4_IRQHandler                         0x0802dc23   Thumb Code     0  startup_stm32f4xx.o(.text)
    FLASH_IRQHandler                         0x0802dc23   Thumb Code     0  startup_stm32f4xx.o(.text)
    FPU_IRQHandler                           0x0802dc23   Thumb Code     0  startup_stm32f4xx.o(.text)
    FSMC_IRQHandler                          0x0802dc23   Thumb Code     0  startup_stm32f4xx.o(.text)
    HASH_RNG_IRQHandler                      0x0802dc23   Thumb Code     0  startup_stm32f4xx.o(.text)
    I2C1_ER_IRQHandler                       0x0802dc23   Thumb Code     0  startup_stm32f4xx.o(.text)
    I2C1_EV_IRQHandler                       0x0802dc23   Thumb Code     0  startup_stm32f4xx.o(.text)
    I2C2_ER_IRQHandler                       0x0802dc23   Thumb Code     0  startup_stm32f4xx.o(.text)
    I2C2_EV_IRQHandler                       0x0802dc23   Thumb Code     0  startup_stm32f4xx.o(.text)
    I2C3_ER_IRQHandler                       0x0802dc23   Thumb Code     0  startup_stm32f4xx.o(.text)
    I2C3_EV_IRQHandler                       0x0802dc23   Thumb Code     0  startup_stm32f4xx.o(.text)
    OTG_FS_IRQHandler                        0x0802dc23   Thumb Code     0  startup_stm32f4xx.o(.text)
    OTG_FS_WKUP_IRQHandler                   0x0802dc23   Thumb Code     0  startup_stm32f4xx.o(.text)
    OTG_HS_EP1_IN_IRQHandler                 0x0802dc23   Thumb Code     0  startup_stm32f4xx.o(.text)
    OTG_HS_EP1_OUT_IRQHandler                0x0802dc23   Thumb Code     0  startup_stm32f4xx.o(.text)
    OTG_HS_IRQHandler                        0x0802dc23   Thumb Code     0  startup_stm32f4xx.o(.text)
    OTG_HS_WKUP_IRQHandler                   0x0802dc23   Thumb Code     0  startup_stm32f4xx.o(.text)
    PVD_IRQHandler                           0x0802dc23   Thumb Code     0  startup_stm32f4xx.o(.text)
    RCC_IRQHandler                           0x0802dc23   Thumb Code     0  startup_stm32f4xx.o(.text)
    RTC_Alarm_IRQHandler                     0x0802dc23   Thumb Code     0  startup_stm32f4xx.o(.text)
    RTC_WKUP_IRQHandler                      0x0802dc23   Thumb Code     0  startup_stm32f4xx.o(.text)
    SDIO_IRQHandler                          0x0802dc23   Thumb Code     0  startup_stm32f4xx.o(.text)
    SPI1_IRQHandler                          0x0802dc23   Thumb Code     0  startup_stm32f4xx.o(.text)
    SPI2_IRQHandler                          0x0802dc23   Thumb Code     0  startup_stm32f4xx.o(.text)
    SPI3_IRQHandler                          0x0802dc23   Thumb Code     0  startup_stm32f4xx.o(.text)
    TAMP_STAMP_IRQHandler                    0x0802dc23   Thumb Code     0  startup_stm32f4xx.o(.text)
    TIM1_BRK_TIM9_IRQHandler                 0x0802dc23   Thumb Code     0  startup_stm32f4xx.o(.text)
    TIM1_CC_IRQHandler                       0x0802dc23   Thumb Code     0  startup_stm32f4xx.o(.text)
    TIM1_TRG_COM_TIM11_IRQHandler            0x0802dc23   Thumb Code     0  startup_stm32f4xx.o(.text)
    TIM1_UP_TIM10_IRQHandler                 0x0802dc23   Thumb Code     0  startup_stm32f4xx.o(.text)
    TIM2_IRQHandler                          0x0802dc23   Thumb Code     0  startup_stm32f4xx.o(.text)
    TIM3_IRQHandler                          0x0802dc23   Thumb Code     0  startup_stm32f4xx.o(.text)
    TIM4_IRQHandler                          0x0802dc23   Thumb Code     0  startup_stm32f4xx.o(.text)
    TIM5_IRQHandler                          0x0802dc23   Thumb Code     0  startup_stm32f4xx.o(.text)
    TIM6_DAC_IRQHandler                      0x0802dc23   Thumb Code     0  startup_stm32f4xx.o(.text)
    TIM7_IRQHandler                          0x0802dc23   Thumb Code     0  startup_stm32f4xx.o(.text)
    TIM8_BRK_TIM12_IRQHandler                0x0802dc23   Thumb Code     0  startup_stm32f4xx.o(.text)
    TIM8_CC_IRQHandler                       0x0802dc23   Thumb Code     0  startup_stm32f4xx.o(.text)
    TIM8_UP_TIM13_IRQHandler                 0x0802dc23   Thumb Code     0  startup_stm32f4xx.o(.text)
    UART4_IRQHandler                         0x0802dc23   Thumb Code     0  startup_stm32f4xx.o(.text)
    UART5_IRQHandler                         0x0802dc23   Thumb Code     0  startup_stm32f4xx.o(.text)
    USART1_IRQHandler                        0x0802dc23   Thumb Code     0  startup_stm32f4xx.o(.text)
    USART2_IRQHandler                        0x0802dc23   Thumb Code     0  startup_stm32f4xx.o(.text)
    USART3_IRQHandler                        0x0802dc23   Thumb Code     0  startup_stm32f4xx.o(.text)
    WWDG_IRQHandler                          0x0802dc23   Thumb Code     0  startup_stm32f4xx.o(.text)
    __user_initial_stackheap                 0x0802dc25   Thumb Code     0  startup_stm32f4xx.o(.text)
    _sys_exit                                0x0802dc49   Thumb Code     8  sys_exit.o(.text)
    __default_signal_display                 0x0802dc55   Thumb Code    50  defsig_general.o(.text)
    SystemInit                               0x0802dc89   Thumb Code   352  system_stm32f4xx.o(.text)
    SystemCoreClockUpdate                    0x0802dde9   Thumb Code   112  system_stm32f4xx.o(.text)
    _ttywrch                                 0x0802def5   Thumb Code    14  sys_wrch.o(.text)
    __read_errno                             0x0802df03   Thumb Code    10  _rserrno.o(.text)
    __set_errno                              0x0802df0d   Thumb Code    12  _rserrno.o(.text)
    _scanf_really_hex_real                   0x0802df19   Thumb Code   776  scanf_hexfp.o(.text)
    _scanf_really_infnan                     0x0802e22d   Thumb Code   298  scanf_infnan.o(.text)
    __aeabi_llsl                             0x0802e369   Thumb Code     0  llshl.o(.text)
    _ll_shift_l                              0x0802e369   Thumb Code    38  llshl.o(.text)
    _btod_d2e                                0x0802e38f   Thumb Code    62  btod.o(CL$$btod_d2e)
    _d2e_denorm_low                          0x0802e3cd   Thumb Code    70  btod.o(CL$$btod_d2e_denorm_low)
    _d2e_norm_op1                            0x0802e413   Thumb Code    96  btod.o(CL$$btod_d2e_norm_op1)
    __btod_div_common                        0x0802e473   Thumb Code   696  btod.o(CL$$btod_div_common)
    _e2d                                     0x0802e7ad   Thumb Code    80  btod.o(CL$$btod_e2d)
    _e2e                                     0x0802e801   Thumb Code   198  btod.o(CL$$btod_e2e)
    _btod_ediv                               0x0802e8c7   Thumb Code    40  btod.o(CL$$btod_ediv)
    _btod_edivd                              0x0802e8ef   Thumb Code    40  btod.o(CL$$btod_edivd)
    _btod_emul                               0x0802e917   Thumb Code    40  btod.o(CL$$btod_emul)
    _btod_emuld                              0x0802e93f   Thumb Code    40  btod.o(CL$$btod_emuld)
    __btod_mult_common                       0x0802e967   Thumb Code   580  btod.o(CL$$btod_mult_common)
    __ARM_fpclassify                         0x0802ebab   Thumb Code    48  fpclassify.o(i.__ARM_fpclassify)
    __hardfp_ldexp                           0x0802ebe1   Thumb Code   216  ldexp.o(i.__hardfp_ldexp)
    __hardfp_strtod                          0x0802ecc9   Thumb Code    30  strtod.o(i.__hardfp_strtod)
    __mathlib_dbl_underflow                  0x0802ecf1   Thumb Code    24  dunder.o(i.__mathlib_dbl_underflow)
    __mathlib_narrow                         0x0802ed11   Thumb Code   166  narrow.o(i.__mathlib_narrow)
    __support_ldexp                          0x0802edc9   Thumb Code    20  ldexp.o(i.__support_ldexp)
    _is_digit                                0x0802eddd   Thumb Code    14  __printf_wp.o(i._is_digit)
    frexp                                    0x0802edf1   Thumb Code   134  frexp.o(i.frexp)
    _get_lc_ctype                            0x0802ee8d   Thumb Code    44  lc_ctype_c.o(locale$$code)
    _get_lc_numeric                          0x0802eeb9   Thumb Code    44  lc_numeric_c.o(locale$$code)
    __aeabi_d2f                              0x0802eee5   Thumb Code     0  d2f.o(x$fpl$d2f)
    _d2f                                     0x0802eee5   Thumb Code    98  d2f.o(x$fpl$d2f)
    __fpl_dcheck_NaN1                        0x0802ef49   Thumb Code    10  dcheck1.o(x$fpl$dcheck1)
    __fpl_dcmp_Inf                           0x0802ef59   Thumb Code    24  dcmpi.o(x$fpl$dcmpinf)
    __aeabi_cdcmpeq                          0x0802ef71   Thumb Code     0  deqf.o(x$fpl$deqf)
    _dcmpeq                                  0x0802ef71   Thumb Code   120  deqf.o(x$fpl$deqf)
    __aeabi_cdcmple                          0x0802efe9   Thumb Code     0  dleqf.o(x$fpl$dleqf)
    _dcmple                                  0x0802efe9   Thumb Code   120  dleqf.o(x$fpl$dleqf)
    __fpl_dcmple_InfNaN                      0x0802f04b   Thumb Code     0  dleqf.o(x$fpl$dleqf)
    __aeabi_dmul                             0x0802f061   Thumb Code     0  dmul.o(x$fpl$dmul)
    _dmul                                    0x0802f061   Thumb Code   332  dmul.o(x$fpl$dmul)
    __fpl_dnaninf                            0x0802f1b5   Thumb Code   156  dnaninf.o(x$fpl$dnaninf)
    __fpl_dretinf                            0x0802f251   Thumb Code    12  dretinf.o(x$fpl$dretinf)
    __aeabi_cdrcmple                         0x0802f25d   Thumb Code     0  drleqf.o(x$fpl$drleqf)
    _drcmple                                 0x0802f25d   Thumb Code   108  drleqf.o(x$fpl$drleqf)
    __aeabi_f2d                              0x0802f2c9   Thumb Code     0  f2d.o(x$fpl$f2d)
    _f2d                                     0x0802f2c9   Thumb Code    86  f2d.o(x$fpl$f2d)
    __fpl_fnaninf                            0x0802f31f   Thumb Code   140  fnaninf.o(x$fpl$fnaninf)
    _fp_init                                 0x0802f3ab   Thumb Code    10  fpinit.o(x$fpl$fpinit)
    __fplib_config_fpu_vfp                   0x0802f3b3   Thumb Code     0  fpinit.o(x$fpl$fpinit)
    __fplib_config_pureend_doubles           0x0802f3b3   Thumb Code     0  fpinit.o(x$fpl$fpinit)
    __fpl_fretinf                            0x0802f3b5   Thumb Code    10  fretinf.o(x$fpl$fretinf)
    _printf_fp_dec                           0x0802f3bf   Thumb Code     4  printf1.o(x$fpl$printf1)
    __fpl_return_NaN                         0x0802f3c3   Thumb Code   100  retnan.o(x$fpl$retnan)
    __ARM_scalbn                             0x0802f427   Thumb Code    92  scalbn.o(x$fpl$scalbn)
    _scanf_real                              0x0802f483   Thumb Code     4  scanf1.o(x$fpl$scanf1)
    _scanf_hex_real                          0x0802f487   Thumb Code     4  scanf2.o(x$fpl$scanf2)
    _scanf_infnan                            0x0802f48b   Thumb Code     4  scanf2.o(x$fpl$scanf2)
    __fpl_cmpreturn                          0x0802f48f   Thumb Code    48  trapv.o(x$fpl$trapveneer)
    __I$use$fp                               0x0802f4be   Number         0  usenofp.o(x$fpl$usenofp)
    setting_system_define                    0x0802f4c0   Data         168  setting.o(.constdata)
    setting_system_define_num                0x0802f568   Data           4  setting.o(.constdata)
    analog_define                            0x0802f56c   Data          12  signalout.o(.constdata)
    self_diagnose_define                     0x0802f578   Data         132  signalout.o(.constdata)
    self_diagnose_bin_define                 0x0802f5fc   Data          12  signalout.o(.constdata)
    bin_input_define                         0x0802f608   Data          12  signalout.o(.constdata)
    bin_output_define                        0x0802f614   Data          12  signalout.o(.constdata)
    analog_define_num                        0x0802f620   Data           4  signalout.o(.constdata)
    self_diagnose_define_num                 0x0802f624   Data           4  signalout.o(.constdata)
    self_diagnose_bin_define_num             0x0802f628   Data           4  signalout.o(.constdata)
    bin_input_define_num                     0x0802f62c   Data           4  signalout.o(.constdata)
    bin_output_define_num                    0x0802f630   Data           4  signalout.o(.constdata)
    const_default_crc_tab                    0x0802f634   Data         512  SystemBase.o(.constdata)
    logo_smartsaw                            0x080701a1   Data        9600  Hardware.o(.constdata)
    Region$$Table$$Base                      0x0807e79c   Number         0  anon$$obj.o(Region$$Table)
    Region$$Table$$Limit                     0x0807e7bc   Number         0  anon$$obj.o(Region$$Table)
    __aeabi_HUGE_VAL                         0x0807e7bc   Data           0  fpconst.o(c$$dinf)
    __aeabi_HUGE_VALL                        0x0807e7bc   Data           0  fpconst.o(c$$dinf)
    __aeabi_INFINITY                         0x0807e7bc   Data           0  fpconst.o(c$$dinf)
    __dInf                                   0x0807e7bc   Data           0  fpconst.o(c$$dinf)
    __huge_val                               0x0807e7bc   Data           0  fpconst.o(c$$dinf)
    __ctype                                  0x0807e7d1   Data           0  lc_ctype_c.o(locale$$data)
    system_running_status                    0x68000014   Data           1  SystemBase.o(.data)
    system_ms_count                          0x68000018   Data           4  SystemBase.o(.data)
    system_s_count                           0x6800001c   Data           4  SystemBase.o(.data)
    sys_cfg                                  0x68000028   Data           8  SystemBase.o(.data)
    cpu_poweron_initial_flag                 0x68000030   Data           1  TaskServices.o(.data)
    task1_service_request_no                 0x68000034   Data           1  TaskServices.o(.data)
    task2_service_request_no                 0x68000035   Data           1  TaskServices.o(.data)
    system_running_status_disp               0x68000036   Data           1  TaskServices.o(.data)
    task1_interrupt_count                    0x6800003a   Data           2  TaskServices.o(.data)
    task2_interrupt_count                    0x6800003c   Data           2  TaskServices.o(.data)
    system_s_count_disp                      0x68000040   Data           4  TaskServices.o(.data)
    task0_max_run_time                       0x68000044   Data           4  TaskServices.o(.data)
    task1_max_run_time                       0x68000048   Data           4  TaskServices.o(.data)
    task2_run_time                           0x6800004c   Data           4  TaskServices.o(.data)
    task0_run_time                           0x68000050   Data           4  TaskServices.o(.data)
    task1_run_time                           0x68000054   Data           4  TaskServices.o(.data)
    task2_max_run_time                       0x68000058   Data           4  TaskServices.o(.data)
    uart2_max_run_time                       0x6800005c   Data           4  Uart.o(.data)
    uart2_run_time                           0x68000060   Data           4  Uart.o(.data)
    uart4_max_run_time                       0x68000064   Data           4  Uart.o(.data)
    uart4_run_time                           0x68000068   Data           4  Uart.o(.data)
    analog_group                             0x68000070   Data           8  SingalOutManage.o(.data)
    self_diagnose_group                      0x68000078   Data           8  SingalOutManage.o(.data)
    self_diagnose_bin_group                  0x68000080   Data           8  SingalOutManage.o(.data)
    bin_input_group                          0x68000088   Data           8  SingalOutManage.o(.data)
    bin_output_group                         0x68000090   Data           8  SingalOutManage.o(.data)
    encode_type_str                          0x680000a0   Data          12  Iconv.o(.data)
    debug_rx_buffer_rd_ptr                   0x680000ac   Data           2  Hmi.o(.data)
    debug_rx_buffer_wr_ptr                   0x680000ae   Data           2  Hmi.o(.data)
    __stdout                                 0x680000b4   Data           4  sstream.o(.data)
    SystemCoreClock                          0x680000bc   Data           4  system_stm32f4xx.o(.data)
    AHBPrescTable                            0x680000c0   Data          16  system_stm32f4xx.o(.data)
    buffer_public                            0x680000e0   Data        1024  SystemBase.o(.bss)
    uart2                                    0x680004e0   Data        1600  Uart.o(.bss)
    uart4                                    0x68000b20   Data        1600  Uart.o(.bss)
    setting_system                           0x68001160   Data          36  SettingManage.o(.bss)
    debug_rx_buffer                          0x68001184   Data         512  Hmi.o(.bss)
    local_buffer                             0x68001784   Data       262144  Command.o(.bss)
    __libspace_start                         0x68041f88   Data          96  libspace.o(.bss)
    __temporary_stack_top$libspace           0x68041fe8   Data           0  libspace.o(.bss)



==============================================================================

Memory Map of the image

  Image Entry point : 0x08020189

  Load Region LR_IROM1 (Base: 0x08020000, Size: 0x0005e9c0, Max: 0x000a0000, ABSOLUTE)

    Execution Region ER_IROM1 (Base: 0x08020000, Size: 0x0005e8f0, Max: 0x000a0000, ABSOLUTE)

    Base Addr    Size         Type   Attr      Idx    E Section Name        Object

    0x08020000   0x00000188   Data   RO          375    RESET               Debug.lib(startup_stm32f4xx.o)
    0x08020188   0x00000008   Code   RO          184  * !!!main             c_w.l(__main.o)
    0x08020190   0x00000034   Code   RO          461    !!!scatter          c_w.l(__scatter.o)
    0x080201c4   0x0000001a   Code   RO          462    !!handler_copy      c_w.l(__scatter_copy.o)
    0x080201de   0x00000002   PAD
    0x080201e0   0x0000001c   Code   RO          463    !!handler_zi        c_w.l(__scatter_zi.o)
    0x080201fc   0x00000000   Code   RO          175    .ARM.Collect$$_printf_percent$$00000000  c_w.l(_printf_percent.o)
    0x080201fc   0x00000006   Code   RO          174    .ARM.Collect$$_printf_percent$$00000003  c_w.l(_printf_f.o)
    0x08020202   0x00000006   Code   RO          172    .ARM.Collect$$_printf_percent$$00000009  c_w.l(_printf_d.o)
    0x08020208   0x00000006   Code   RO          173    .ARM.Collect$$_printf_percent$$0000000A  c_w.l(_printf_u.o)
    0x0802020e   0x00000006   Code   RO          171    .ARM.Collect$$_printf_percent$$0000000C  c_w.l(_printf_x.o)
    0x08020214   0x00000006   Code   RO          169    .ARM.Collect$$_printf_percent$$00000013  c_w.l(_printf_c.o)
    0x0802021a   0x00000006   Code   RO          170    .ARM.Collect$$_printf_percent$$00000014  c_w.l(_printf_s.o)
    0x08020220   0x00000004   Code   RO          220    .ARM.Collect$$_printf_percent$$00000017  c_w.l(_printf_percent_end.o)
    0x08020224   0x00000002   Code   RO          372    .ARM.Collect$$libinit$$00000000  c_w.l(libinit.o)
    0x08020226   0x00000004   Code   RO          225    .ARM.Collect$$libinit$$00000001  c_w.l(libinit2.o)
    0x0802022a   0x00000008   Code   RO          227    .ARM.Collect$$libinit$$00000003  c_w.l(libinit2.o)
    0x08020232   0x00000000   Code   RO          229    .ARM.Collect$$libinit$$00000008  c_w.l(libinit2.o)
    0x08020232   0x00000000   Code   RO          231    .ARM.Collect$$libinit$$0000000A  c_w.l(libinit2.o)
    0x08020232   0x00000000   Code   RO          233    .ARM.Collect$$libinit$$0000000C  c_w.l(libinit2.o)
    0x08020232   0x00000006   Code   RO          234    .ARM.Collect$$libinit$$0000000D  c_w.l(libinit2.o)
    0x08020238   0x00000000   Code   RO          236    .ARM.Collect$$libinit$$0000000F  c_w.l(libinit2.o)
    0x08020238   0x0000000c   Code   RO          237    .ARM.Collect$$libinit$$00000010  c_w.l(libinit2.o)
    0x08020244   0x00000000   Code   RO          238    .ARM.Collect$$libinit$$00000011  c_w.l(libinit2.o)
    0x08020244   0x00000000   Code   RO          240    .ARM.Collect$$libinit$$00000013  c_w.l(libinit2.o)
    0x08020244   0x0000000a   Code   RO          241    .ARM.Collect$$libinit$$00000014  c_w.l(libinit2.o)
    0x0802024e   0x00000000   Code   RO          242    .ARM.Collect$$libinit$$00000015  c_w.l(libinit2.o)
    0x0802024e   0x00000000   Code   RO          244    .ARM.Collect$$libinit$$00000017  c_w.l(libinit2.o)
    0x0802024e   0x00000000   Code   RO          246    .ARM.Collect$$libinit$$00000019  c_w.l(libinit2.o)
    0x0802024e   0x00000000   Code   RO          248    .ARM.Collect$$libinit$$0000001B  c_w.l(libinit2.o)
    0x0802024e   0x00000000   Code   RO          250    .ARM.Collect$$libinit$$0000001D  c_w.l(libinit2.o)
    0x0802024e   0x00000000   Code   RO          252    .ARM.Collect$$libinit$$0000001F  c_w.l(libinit2.o)
    0x0802024e   0x00000000   Code   RO          254    .ARM.Collect$$libinit$$00000021  c_w.l(libinit2.o)
    0x0802024e   0x00000000   Code   RO          256    .ARM.Collect$$libinit$$00000023  c_w.l(libinit2.o)
    0x0802024e   0x00000000   Code   RO          260    .ARM.Collect$$libinit$$0000002A  c_w.l(libinit2.o)
    0x0802024e   0x00000000   Code   RO          262    .ARM.Collect$$libinit$$0000002C  c_w.l(libinit2.o)
    0x0802024e   0x00000000   Code   RO          264    .ARM.Collect$$libinit$$0000002E  c_w.l(libinit2.o)
    0x0802024e   0x00000000   Code   RO          266    .ARM.Collect$$libinit$$00000030  c_w.l(libinit2.o)
    0x0802024e   0x00000002   Code   RO          267    .ARM.Collect$$libinit$$00000031  c_w.l(libinit2.o)
    0x08020250   0x00000002   Code   RO          441    .ARM.Collect$$libshutdown$$00000000  c_w.l(libshutdown.o)
    0x08020252   0x00000000   Code   RO          387    .ARM.Collect$$libshutdown$$00000003  c_w.l(libshutdown2.o)
    0x08020252   0x00000000   Code   RO          390    .ARM.Collect$$libshutdown$$00000006  c_w.l(libshutdown2.o)
    0x08020252   0x00000000   Code   RO          393    .ARM.Collect$$libshutdown$$00000009  c_w.l(libshutdown2.o)
    0x08020252   0x00000000   Code   RO          395    .ARM.Collect$$libshutdown$$0000000B  c_w.l(libshutdown2.o)
    0x08020252   0x00000000   Code   RO          398    .ARM.Collect$$libshutdown$$0000000E  c_w.l(libshutdown2.o)
    0x08020252   0x00000002   Code   RO          399    .ARM.Collect$$libshutdown$$0000000F  c_w.l(libshutdown2.o)
    0x08020254   0x00000000   Code   RO          195    .ARM.Collect$$rtentry$$00000000  c_w.l(rtentry.o)
    0x08020254   0x00000000   Code   RO          277    .ARM.Collect$$rtentry$$00000002  c_w.l(rtentry2.o)
    0x08020254   0x00000006   Code   RO          289    .ARM.Collect$$rtentry$$00000004  c_w.l(rtentry4.o)
    0x0802025a   0x00000000   Code   RO          279    .ARM.Collect$$rtentry$$00000009  c_w.l(rtentry2.o)
    0x0802025a   0x00000004   Code   RO          280    .ARM.Collect$$rtentry$$0000000A  c_w.l(rtentry2.o)
    0x0802025e   0x00000000   Code   RO          282    .ARM.Collect$$rtentry$$0000000C  c_w.l(rtentry2.o)
    0x0802025e   0x00000008   Code   RO          283    .ARM.Collect$$rtentry$$0000000D  c_w.l(rtentry2.o)
    0x08020266   0x00000002   Code   RO          378    .ARM.Collect$$rtexit$$00000000  c_w.l(rtexit.o)
    0x08020268   0x00000000   Code   RO          416    .ARM.Collect$$rtexit$$00000002  c_w.l(rtexit2.o)
    0x08020268   0x00000004   Code   RO          417    .ARM.Collect$$rtexit$$00000003  c_w.l(rtexit2.o)
    0x0802026c   0x00000006   Code   RO          418    .ARM.Collect$$rtexit$$00000004  c_w.l(rtexit2.o)
    0x08020272   0x00000002   PAD
    0x08020274   0x00000000   Code   RO          295    .emb_text           c_w.l(maybetermalloc1.o)
    0x08020274   0x00000010   Code   RO            1    .text               main.o
    0x08020284   0x000000b8   Code   RO           20    .text               app.o
    0x0802033c   0x000003ec   Code   RO           23    .text               stm32f4xx_flash.o
    0x08020728   0x0000005c   Code   RO           24    .text               userapp.o
    0x08020784   0x00000548   Code   RO           26    .text               display.o
    0x08020ccc   0x00001d28   Code   RO           29    .text               SystemCommon.lib(SystemBase.o)
    0x080229f4   0x000001c8   Code   RO           35    .text               UserApp.lib(TaskServices.o)
    0x08022bbc   0x00000a94   Code   RO           38    .text               UserApp.lib(Uart.o)
    0x08023650   0x00000228   Code   RO           44    .text               UserApp.lib(Startup.o)
    0x08023878   0x00000588   Code   RO           46    .text               UserApp.lib(DisplayBasicFuncs.o)
    0x08023e00   0x000002a4   Code   RO           48    .text               UserApp.lib(RtcBasicFuncs.o)
    0x080240a4   0x000018b8   Code   RO           49    .text               SystemCommon.lib(SettingManage.o)
    0x0802595c   0x00000724   Code   RO           60    .text               UserApp.lib(Storage.o)
    0x08026080   0x00000524   Code   RO           65    .text               UserApp.lib(Hardware.o)
    0x080265a4   0x00000ff8   Code   RO           67    .text               UserApp.lib(Modbus.o)
    0x0802759c   0x00000354   Code   RO           68    .text               Debug.lib(Iconv.o)
    0x080278f0   0x00000158   Code   RO           72    .text               sstream.L(Hmi.o)
    0x08027a48   0x00000238   Code   RO           75    .text               sstream.L(ParseString.o)
    0x08027c80   0x0000004c   Code   RO           76    .text               Debug.lib(Debug.o)
    0x08027ccc   0x00003adc   Code   RO           77    .text               Debug.lib(Command.o)
    0x0802b7a8   0x000003d8   Code   RO           83    .text               Debug.lib(SpiFlash.o)
    0x0802bb80   0x00000064   Code   RO           84    .text               IconvData.lib(Utf8.o)
    0x0802bbe4   0x00000048   Code   RO           85    .text               IconvData.lib(IconvData.o)
    0x0802bc2c   0x000001ec   Code   RO           88    .text               Debug.lib(Spi.o)
    0x0802be18   0x000003b4   Code   RO           89    .text               IconvData.lib(Gb2312.o)
    0x0802c1cc   0x000000cc   Code   RO           91    .text               IconvData.lib(Windows2512.o)
    0x0802c298   0x000000e4   Code   RO           93    .text               IconvData.lib(Koi8_u.o)
    0x0802c37c   0x000000d0   Code   RO           95    .text               IconvData.lib(Koi8_r.o)
    0x0802c44c   0x0000009c   Code   RO           97    .text               IconvData.lib(Windows1251.o)
    0x0802c4e8   0x00000028   Code   RO          103    .text               c_w.l(calloc.o)
    0x0802c510   0x0000005e   Code   RO          104    .text               c_w.l(h1_alloc.o)
    0x0802c56e   0x0000004e   Code   RO          105    .text               c_w.l(h1_free.o)
    0x0802c5bc   0x00000018   Code   RO          136    .text               c_w.l(noretval__2printf.o)
    0x0802c5d4   0x00000034   Code   RO          137    .text               c_w.l(noretval__2snprintf.o)
    0x0802c608   0x00000052   Code   RO          139    .text               c_w.l(_printf_pad.o)
    0x0802c65a   0x00000052   Code   RO          140    .text               c_w.l(_printf_str.o)
    0x0802c6ac   0x00000078   Code   RO          141    .text               c_w.l(_printf_dec.o)
    0x0802c724   0x0000005c   Code   RO          144    .text               c_w.l(_printf_hex_int.o)
    0x0802c780   0x0000013c   Code   RO          164    .text               c_w.l(__printf_flags_wp.o)
    0x0802c8bc   0x00000070   Code   RO          176    .text               c_w.l(strtol.o)
    0x0802c92c   0x00000072   Code   RO          177    .text               c_w.l(strtoul.o)
    0x0802c99e   0x0000003e   Code   RO          178    .text               c_w.l(strlen.o)
    0x0802c9dc   0x0000008a   Code   RO          179    .text               c_w.l(rt_memcpy_v6.o)
    0x0802ca66   0x00000064   Code   RO          180    .text               c_w.l(rt_memcpy_w.o)
    0x0802caca   0x00000044   Code   RO          181    .text               c_w.l(rt_memclr.o)
    0x0802cb0e   0x00000056   Code   RO          182    .text               c_w.l(strncpy.o)
    0x0802cb64   0x00000080   Code   RO          183    .text               c_w.l(strcmpv7m.o)
    0x0802cbe4   0x0000000a   Code   RO          192    .text               sstream.L(sstream.o)
    0x0802cbee   0x00000002   PAD
    0x0802cbf0   0x00000010   Code   RO          196    .text               c_w.l(rt_ctype_table.o)
    0x0802cc00   0x00000008   Code   RO          199    .text               c_w.l(rt_heap_descriptor_intlibspace.o)
    0x0802cc08   0x00000008   Code   RO          202    .text               c_w.l(rt_errno_addr_intlibspace.o)
    0x0802cc10   0x00000004   Code   RO          203    .text               c_w.l(hguard.o)
    0x0802cc14   0x0000008a   Code   RO          204    .text               c_w.l(init_alloc.o)
    0x0802cc9e   0x0000000e   Code   RO          206    .text               c_w.l(h1_init.o)
    0x0802ccac   0x000000b8   Code   RO          213    .text               c_w.l(_printf_intcommon.o)
    0x0802cd64   0x00000420   Code   RO          214    .text               c_w.l(_printf_fp_dec.o)
    0x0802d184   0x00000030   Code   RO          215    .text               c_w.l(_printf_char_common.o)
    0x0802d1b4   0x0000000a   Code   RO          216    .text               c_w.l(_sputc.o)
    0x0802d1be   0x00000010   Code   RO          217    .text               c_w.l(_snputc.o)
    0x0802d1ce   0x0000002c   Code   RO          218    .text               c_w.l(_printf_char.o)
    0x0802d1fa   0x00000002   PAD
    0x0802d1fc   0x00000024   Code   RO          219    .text               c_w.l(_printf_char_file.o)
    0x0802d220   0x0000009e   Code   RO          221    .text               c_w.l(_strtoul.o)
    0x0802d2be   0x00000002   PAD
    0x0802d2c0   0x000000a0   Code   RO          222    .text               c_w.l(strtod.o)
    0x0802d360   0x0000004e   Code   RO          223    .text               c_w.l(rt_memclr_w.o)
    0x0802d3ae   0x00000002   PAD
    0x0802d3b0   0x00000008   Code   RO          274    .text               c_w.l(libspace.o)
    0x0802d3b8   0x00000008   Code   RO          293    .text               c_w.l(rt_locale_intlibspace.o)
    0x0802d3c0   0x00000034   Code   RO          297    .text               c_w.l(h1_extend.o)
    0x0802d3f4   0x0000008a   Code   RO          299    .text               c_w.l(lludiv10.o)
    0x0802d47e   0x00000012   Code   RO          300    .text               c_w.l(isspace.o)
    0x0802d490   0x00000080   Code   RO          301    .text               c_w.l(_printf_fp_infnan.o)
    0x0802d510   0x0000001c   Code   RO          303    .text               c_w.l(_chval.o)
    0x0802d52c   0x00000040   Code   RO          304    .text               c_w.l(_sgetc.o)
    0x0802d56c   0x000000e4   Code   RO          305    .text               c_w.l(bigflt0.o)
    0x0802d650   0x0000000e   Code   RO          332    .text               c_w.l(defsig_rtmem_outer.o)
    0x0802d65e   0x00000002   PAD
    0x0802d660   0x00000050   Code   RO          334    .text               c_w.l(heapauxa.o)
    0x0802d6b0   0x00000002   Code   RO          342    .text               c_w.l(use_no_semi.o)
    0x0802d6b2   0x00000000   Code   RO          343    .text               c_w.l(indicate_semi.o)
    0x0802d6b2   0x0000004a   Code   RO          344    .text               c_w.l(sys_stackheap_outer.o)
    0x0802d6fc   0x000004a4   Code   RO          354    .text               c_w.l(scanf_fp.o)
    0x0802dba0   0x0000000c   Code   RO          364    .text               c_w.l(exit.o)
    0x0802dbac   0x0000000a   Code   RO          365    .text               c_w.l(defsig_exit.o)
    0x0802dbb6   0x00000002   PAD
    0x0802dbb8   0x00000050   Code   RO          366    .text               c_w.l(defsig_rtmem_inner.o)
    0x0802dc08   0x00000040   Code   RO          376    .text               Debug.lib(startup_stm32f4xx.o)
    0x0802dc48   0x0000000c   Code   RO          377    .text               c_w.l(sys_exit.o)
    0x0802dc54   0x00000032   Code   RO          384    .text               c_w.l(defsig_general.o)
    0x0802dc86   0x00000002   PAD
    0x0802dc88   0x0000026c   Code   RO          412    .text               Debug.lib(system_stm32f4xx.o)
    0x0802def4   0x0000000e   Code   RO          414    .text               c_w.l(sys_wrch.o)
    0x0802df02   0x00000016   Code   RO          422    .text               c_w.l(_rserrno.o)
    0x0802df18   0x00000314   Code   RO          423    .text               c_w.l(scanf_hexfp.o)
    0x0802e22c   0x0000013c   Code   RO          424    .text               c_w.l(scanf_infnan.o)
    0x0802e368   0x00000026   Code   RO          431    .text               c_w.l(llshl.o)
    0x0802e38e   0x0000003e   Code   RO          307    CL$$btod_d2e        c_w.l(btod.o)
    0x0802e3cc   0x00000046   Code   RO          309    CL$$btod_d2e_denorm_low  c_w.l(btod.o)
    0x0802e412   0x00000060   Code   RO          308    CL$$btod_d2e_norm_op1  c_w.l(btod.o)
    0x0802e472   0x00000338   Code   RO          317    CL$$btod_div_common  c_w.l(btod.o)
    0x0802e7aa   0x00000002   PAD
    0x0802e7ac   0x00000054   Code   RO          315    CL$$btod_e2d        c_w.l(btod.o)
    0x0802e800   0x000000c6   Code   RO          314    CL$$btod_e2e        c_w.l(btod.o)
    0x0802e8c6   0x00000028   Code   RO          311    CL$$btod_ediv       c_w.l(btod.o)
    0x0802e8ee   0x00000028   Code   RO          313    CL$$btod_edivd      c_w.l(btod.o)
    0x0802e916   0x00000028   Code   RO          310    CL$$btod_emul       c_w.l(btod.o)
    0x0802e93e   0x00000028   Code   RO          312    CL$$btod_emuld      c_w.l(btod.o)
    0x0802e966   0x00000244   Code   RO          316    CL$$btod_mult_common  c_w.l(btod.o)
    0x0802ebaa   0x00000030   Code   RO          341    i.__ARM_fpclassify  m_wm.l(fpclassify.o)
    0x0802ebda   0x00000006   PAD
    0x0802ebe0   0x000000e8   Code   RO          445    i.__hardfp_ldexp    m_wm.l(ldexp.o)
    0x0802ecc8   0x00000028   Code   RO          188    i.__hardfp_strtod   m_wm.l(strtod.o)
    0x0802ecf0   0x00000020   Code   RO          454    i.__mathlib_dbl_underflow  m_wm.l(dunder.o)
    0x0802ed10   0x000000b8   Code   RO          407    i.__mathlib_narrow  m_wm.l(narrow.o)
    0x0802edc8   0x00000014   Code   RO          447    i.__support_ldexp   m_wm.l(ldexp.o)
    0x0802eddc   0x0000000e   Code   RO          163    i._is_digit         c_w.l(__printf_wp.o)
    0x0802edea   0x00000006   PAD
    0x0802edf0   0x0000009c   Code   RO          430    i.frexp             m_wm.l(frexp.o)
    0x0802ee8c   0x0000002c   Code   RO          325    locale$$code        c_w.l(lc_ctype_c.o)
    0x0802eeb8   0x0000002c   Code   RO          327    locale$$code        c_w.l(lc_numeric_c.o)
    0x0802eee4   0x00000062   Code   RO          185    x$fpl$d2f           fz_wm.l(d2f.o)
    0x0802ef46   0x00000002   PAD
    0x0802ef48   0x00000010   Code   RO          456    x$fpl$dcheck1       fz_wm.l(dcheck1.o)
    0x0802ef58   0x00000018   Code   RO          442    x$fpl$dcmpinf       fz_wm.l(dcmpi.o)
    0x0802ef70   0x00000078   Code   RO          426    x$fpl$deqf          fz_wm.l(deqf.o)
    0x0802efe8   0x00000078   Code   RO          443    x$fpl$dleqf         fz_wm.l(dleqf.o)
    0x0802f060   0x00000154   Code   RO          444    x$fpl$dmul          fz_wm.l(dmul.o)
    0x0802f1b4   0x0000009c   Code   RO          268    x$fpl$dnaninf       fz_wm.l(dnaninf.o)
    0x0802f250   0x0000000c   Code   RO          269    x$fpl$dretinf       fz_wm.l(dretinf.o)
    0x0802f25c   0x0000006c   Code   RO          427    x$fpl$drleqf        fz_wm.l(drleqf.o)
    0x0802f2c8   0x00000056   Code   RO          186    x$fpl$f2d           fz_wm.l(f2d.o)
    0x0802f31e   0x0000008c   Code   RO          270    x$fpl$fnaninf       fz_wm.l(fnaninf.o)
    0x0802f3aa   0x0000000a   Code   RO          338    x$fpl$fpinit        fz_wm.l(fpinit.o)
    0x0802f3b4   0x0000000a   Code   RO          271    x$fpl$fretinf       fz_wm.l(fretinf.o)
    0x0802f3be   0x00000004   Code   RO          187    x$fpl$printf1       fz_wm.l(printf1.o)
    0x0802f3c2   0x00000064   Code   RO          457    x$fpl$retnan        fz_wm.l(retnan.o)
    0x0802f426   0x0000005c   Code   RO          453    x$fpl$scalbn        fz_wm.l(scalbn.o)
    0x0802f482   0x00000004   Code   RO          340    x$fpl$scanf1        fz_wm.l(scanf1.o)
    0x0802f486   0x00000008   Code   RO          403    x$fpl$scanf2        fz_wm.l(scanf2.o)
    0x0802f48e   0x00000030   Code   RO          458    x$fpl$trapveneer    fz_wm.l(trapv.o)
    0x0802f4be   0x00000000   Code   RO          272    x$fpl$usenofp       fz_wm.l(usenofp.o)
    0x0802f4be   0x00000002   PAD
    0x0802f4c0   0x000000a8   Data   RO            2    .constdata          setting.o
    0x0802f568   0x00000004   Data   RO            3    .constdata          setting.o
    0x0802f56c   0x0000000c   Data   RO            5    .constdata          signalout.o
    0x0802f578   0x00000084   Data   RO            6    .constdata          signalout.o
    0x0802f5fc   0x0000000c   Data   RO            7    .constdata          signalout.o
    0x0802f608   0x0000000c   Data   RO            8    .constdata          signalout.o
    0x0802f614   0x0000000c   Data   RO            9    .constdata          signalout.o
    0x0802f620   0x00000004   Data   RO           10    .constdata          signalout.o
    0x0802f624   0x00000004   Data   RO           11    .constdata          signalout.o
    0x0802f628   0x00000004   Data   RO           12    .constdata          signalout.o
    0x0802f62c   0x00000004   Data   RO           13    .constdata          signalout.o
    0x0802f630   0x00000004   Data   RO           14    .constdata          signalout.o
    0x0802f634   0x00000316   Data   RO           31    .constdata          SystemCommon.lib(SystemBase.o)
    0x0802f94a   0x00000020   Data   RO           40    .constdata          UserApp.lib(Uart.o)
    0x0802f96a   0x00000002   PAD
    0x0802f96c   0x00000050   Data   RO           45    .constdata          UserApp.lib(Startup.o)
    0x0802f9bc   0x0004045d   Data   RO           47    .constdata          UserApp.lib(DisplayBasicFuncs.o)
    0x0806fe19   0x00000003   PAD
    0x0806fe1c   0x000001ef   Data   RO           51    .constdata          SystemCommon.lib(SettingManage.o)
    0x0807000b   0x00000001   PAD
    0x0807000c   0x00000190   Data   RO           61    .constdata          UserApp.lib(Storage.o)
    0x0807019c   0x00002585   Data   RO           66    .constdata          UserApp.lib(Hardware.o)
    0x08072721   0x00000011   Data   RO           69    .constdata          Debug.lib(Iconv.o)
    0x08072732   0x00000002   PAD
    0x08072734   0x00000a72   Data   RO           79    .constdata          Debug.lib(Command.o)
    0x080731a6   0x00000002   PAD
    0x080731a8   0x00000030   Data   RO           86    .constdata          IconvData.lib(IconvData.o)
    0x080731d8   0x0000ac2e   Data   RO           90    .constdata          IconvData.lib(Gb2312.o)
    0x0807de06   0x00000028   Data   RO           92    .constdata          IconvData.lib(Windows2512.o)
    0x0807de2e   0x000000f8   Data   RO           94    .constdata          IconvData.lib(Koi8_u.o)
    0x0807df26   0x000000f2   Data   RO           96    .constdata          IconvData.lib(Koi8_r.o)
    0x0807e018   0x000000a3   Data   RO           98    .constdata          IconvData.lib(Windows1251.o)
    0x0807e0bb   0x00000028   Data   RO          145    .constdata          c_w.l(_printf_hex_int.o)
    0x0807e0e3   0x00000011   Data   RO          165    .constdata          c_w.l(__printf_flags_wp.o)
    0x0807e0f4   0x00000094   Data   RO          306    .constdata          c_w.l(bigflt0.o)
    0x0807e188   0x000000ea   Data   RO            4    .conststring        setting.o
    0x0807e272   0x00000006   Data   RO           15    .conststring        signalout.o
    0x0807e278   0x000000cc   Data   RO           16    .conststring        signalout.o
    0x0807e344   0x00000009   Data   RO           32    .conststring        SystemCommon.lib(SystemBase.o)
    0x0807e34d   0x00000006   Data   RO           70    .conststring        Debug.lib(Iconv.o)
    0x0807e353   0x00000417   Data   RO           82    .conststring        Debug.lib(Command.o)
    0x0807e76a   0x00000032   Data   RO           87    .conststring        IconvData.lib(IconvData.o)
    0x0807e79c   0x00000020   Data   RO          459    Region$$Table       anon$$obj.o
    0x0807e7bc   0x00000008   Data   RO          400    c$$dinf             fz_wm.l(fpconst.o)
    0x0807e7c4   0x00000110   Data   RO          324    locale$$data        c_w.l(lc_ctype_c.o)
    0x0807e8d4   0x0000001c   Data   RO          326    locale$$data        c_w.l(lc_numeric_c.o)


    Execution Region RW_IRAM1 (Base: 0x20000000, Size: 0x00000000, Max: 0x00020000, ABSOLUTE)

    **** No section assigned to this execution region ****


    Execution Region RW_RAM1 (Base: 0x68000000, Size: 0x000c3fe8, Max: 0x00100000, ABSOLUTE)

    Base Addr    Size         Type   Attr      Idx    E Section Name        Object

    0x68000000   0x00000001   Data   RW           25    .data               userapp.o
    0x68000001   0x00000003   PAD
    0x68000004   0x00000010   Data   RW           28    .data               display.o
    0x68000014   0x00000001   Data   RW           33    .data               SystemCommon.lib(SystemBase.o)
    0x68000015   0x00000003   PAD
    0x68000018   0x00000018   Data   RW           34    .data               SystemCommon.lib(SystemBase.o)
    0x68000030   0x00000001   Data   RW           36    .data               UserApp.lib(TaskServices.o)
    0x68000031   0x00000003   PAD
    0x68000034   0x00000028   Data   RW           37    .data               UserApp.lib(TaskServices.o)
    0x6800005c   0x00000010   Data   RW           41    .data               UserApp.lib(Uart.o)
    0x6800006c   0x00000001   Data   RW           52    .data               SystemCommon.lib(SettingManage.o)
    0x6800006d   0x00000003   PAD
    0x68000070   0x00000008   Data   RW           53    .data               SystemCommon.lib(SingalOutManage.o)
    0x68000078   0x00000008   Data   RW           54    .data               SystemCommon.lib(SingalOutManage.o)
    0x68000080   0x00000008   Data   RW           55    .data               SystemCommon.lib(SingalOutManage.o)
    0x68000088   0x00000008   Data   RW           56    .data               SystemCommon.lib(SingalOutManage.o)
    0x68000090   0x00000008   Data   RW           57    .data               SystemCommon.lib(SingalOutManage.o)
    0x68000098   0x00000002   Data   RW           62    .data               UserApp.lib(Storage.o)
    0x6800009a   0x00000002   PAD
    0x6800009c   0x00000010   Data   RW           71    .data               Debug.lib(Iconv.o)
    0x680000ac   0x00000008   Data   RW           74    .data               sstream.L(Hmi.o)
    0x680000b4   0x00000004   Data   RW          193    .data               sstream.L(sstream.o)
    0x680000b8   0x00000004   Data   RW          335    .data               c_w.l(heapauxa.o)
    0x680000bc   0x00000014   Data   RW          413    .data               Debug.lib(system_stm32f4xx.o)
    0x680000d0   0x00000010   Zero   RW           27    .bss                display.o
    0x680000e0   0x00000400   Zero   RW           30    .bss                SystemCommon.lib(SystemBase.o)
    0x680004e0   0x00000c80   Zero   RW           39    .bss                UserApp.lib(Uart.o)
    0x68001160   0x00000024   Zero   RW           50    .bss                SystemCommon.lib(SettingManage.o)
    0x68001184   0x00000600   Zero   RW           73    .bss                sstream.L(Hmi.o)
    0x68001784   0x00040802   Zero   RW           78    .bss                Debug.lib(Command.o)
    0x68041f86   0x00000002   PAD
    0x68041f88   0x00000060   Zero   RW          275    .bss                c_w.l(libspace.o)
    0x68041fe8   0x00080000   Zero   RW          374    HEAP                Debug.lib(startup_stm32f4xx.o)
    0x680c1fe8   0x00002000   Zero   RW          373    STACK               Debug.lib(startup_stm32f4xx.o)


==============================================================================

Image component sizes


      Code (inc. data)   RO Data    RW Data    ZI Data      Debug   Object Name

       184        124          0          0          0          0   app.o
      1352        200          0         16         16          0   display.o
        16          0          0          0          0          0   main.o
         0          0        406          0          0          0   setting.o
         0          0        410          0          0          0   signalout.o
      1004         50          0          0          0          0   stm32f4xx_flash.o
        92         14          0          1          0          0   userapp.o

    ----------------------------------------------------------------------
      2648        388        848         20         16          0   Object Totals
         0          0         32          0          0          0   (incl. Generated)
         0          0          0          3          0          0   (incl. Padding)

    ----------------------------------------------------------------------

      Code (inc. data)   RO Data    RW Data    ZI Data      Debug   Library Member Name

     15068       4198       3721          0     264194          0   Command.o
        76          4          0          0          0          0   Debug.o
       852        344         23         16          0          0   Iconv.o
       492         70          0          0          0          0   Spi.o
       984        252          0          0          0          0   SpiFlash.o
        64         26        392          0     532480          0   startup_stm32f4xx.o
       620        156          0         20          0          0   system_stm32f4xx.o
       948        170      44078          0          0          0   Gb2312.o
        72          4         98          0          0          0   IconvData.o
       208         10        242          0          0          0   Koi8_r.o
       228          8        248          0          0          0   Koi8_u.o
       100          0          0          0          0          0   Utf8.o
       156         12        163          0          0          0   Windows1251.o
       204          6         40          0          0          0   Windows2512.o
      6328       1778        495          1         36          0   SettingManage.o
         0          0          0         40          0          0   SingalOutManage.o
      7464       2996        799         25       1024          0   SystemBase.o
      1416        164     263261          0          0          0   DisplayBasicFuncs.o
      1316        160       9605          0          0          0   Hardware.o
      4088        564          0          0          0          0   Modbus.o
       676        126          0          0          0          0   RtcBasicFuncs.o
       552        326         80          0          0          0   Startup.o
      1828        398        400          2          0          0   Storage.o
       456         30          0         41          0          0   TaskServices.o
      2708        498         32         16       3200          0   Uart.o
         8          0          0          0          0          0   __main.o
       316          6         17          0          0          0   __printf_flags_wp.o
        14          0          0          0          0          0   __printf_wp.o
        52          8          0          0          0          0   __scatter.o
        26          0          0          0          0          0   __scatter_copy.o
        28          0          0          0          0          0   __scatter_zi.o
        28          0          0          0          0          0   _chval.o
         6          0          0          0          0          0   _printf_c.o
        44          0          0          0          0          0   _printf_char.o
        48          6          0          0          0          0   _printf_char_common.o
        36          4          0          0          0          0   _printf_char_file.o
         6          0          0          0          0          0   _printf_d.o
       120         18          0          0          0          0   _printf_dec.o
         6          0          0          0          0          0   _printf_f.o
      1056          0          0          0          0          0   _printf_fp_dec.o
       128         16          0          0          0          0   _printf_fp_infnan.o
        92          4         40          0          0          0   _printf_hex_int.o
       184          0          0          0          0          0   _printf_intcommon.o
        82          0          0          0          0          0   _printf_pad.o
         0          0          0          0          0          0   _printf_percent.o
         4          0          0          0          0          0   _printf_percent_end.o
         6          0          0          0          0          0   _printf_s.o
        82          0          0          0          0          0   _printf_str.o
         6          0          0          0          0          0   _printf_u.o
         6          0          0          0          0          0   _printf_x.o
        22          0          0          0          0          0   _rserrno.o
        64          0          0          0          0          0   _sgetc.o
        16          0          0          0          0          0   _snputc.o
        10          0          0          0          0          0   _sputc.o
       158          0          0          0          0          0   _strtoul.o
       228          6        148          0          0          0   bigflt0.o
      2074        132          0          0          0          0   btod.o
        40          0          0          0          0          0   calloc.o
        10          0          0          0          0          0   defsig_exit.o
        50          0          0          0          0          0   defsig_general.o
        80         58          0          0          0          0   defsig_rtmem_inner.o
        14          0          0          0          0          0   defsig_rtmem_outer.o
        12          0          0          0          0          0   exit.o
        94          0          0          0          0          0   h1_alloc.o
        52          0          0          0          0          0   h1_extend.o
        78          0          0          0          0          0   h1_free.o
        14          0          0          0          0          0   h1_init.o
        80          6          0          4          0          0   heapauxa.o
         4          0          0          0          0          0   hguard.o
         0          0          0          0          0          0   indicate_semi.o
       138          0          0          0          0          0   init_alloc.o
        18          0          0          0          0          0   isspace.o
        44         10        272          0          0          0   lc_ctype_c.o
        44         10         28          0          0          0   lc_numeric_c.o
         2          0          0          0          0          0   libinit.o
        42          0          0          0          0          0   libinit2.o
         2          0          0          0          0          0   libshutdown.o
         2          0          0          0          0          0   libshutdown2.o
         8          4          0          0         96          0   libspace.o
        38          0          0          0          0          0   llshl.o
       138          0          0          0          0          0   lludiv10.o
         0          0          0          0          0          0   maybetermalloc1.o
        24          4          0          0          0          0   noretval__2printf.o
        52          4          0          0          0          0   noretval__2snprintf.o
        16          4          0          0          0          0   rt_ctype_table.o
         8          4          0          0          0          0   rt_errno_addr_intlibspace.o
         8          4          0          0          0          0   rt_heap_descriptor_intlibspace.o
         8          4          0          0          0          0   rt_locale_intlibspace.o
        68          0          0          0          0          0   rt_memclr.o
        78          0          0          0          0          0   rt_memclr_w.o
       138          0          0          0          0          0   rt_memcpy_v6.o
       100          0          0          0          0          0   rt_memcpy_w.o
         0          0          0          0          0          0   rtentry.o
        12          0          0          0          0          0   rtentry2.o
         6          0          0          0          0          0   rtentry4.o
         2          0          0          0          0          0   rtexit.o
        10          0          0          0          0          0   rtexit2.o
      1188         12          0          0          0          0   scanf_fp.o
       788         12          0          0          0          0   scanf_hexfp.o
       316         18          0          0          0          0   scanf_infnan.o
       128          0          0          0          0          0   strcmpv7m.o
        62          0          0          0          0          0   strlen.o
        86          0          0          0          0          0   strncpy.o
       160         12          0          0          0          0   strtod.o
       112          0          0          0          0          0   strtol.o
       114          0          0          0          0          0   strtoul.o
        12          4          0          0          0          0   sys_exit.o
        74          0          0          0          0          0   sys_stackheap_outer.o
        14          0          0          0          0          0   sys_wrch.o
         2          0          0          0          0          0   use_no_semi.o
        98          4          0          0          0          0   d2f.o
        16          4          0          0          0          0   dcheck1.o
        24          0          0          0          0          0   dcmpi.o
       120          4          0          0          0          0   deqf.o
       120          4          0          0          0          0   dleqf.o
       340         12          0          0          0          0   dmul.o
       156          4          0          0          0          0   dnaninf.o
        12          0          0          0          0          0   dretinf.o
       108          0          0          0          0          0   drleqf.o
        86          4          0          0          0          0   f2d.o
       140          4          0          0          0          0   fnaninf.o
         0          0          8          0          0          0   fpconst.o
        10          0          0          0          0          0   fpinit.o
        10          0          0          0          0          0   fretinf.o
         4          0          0          0          0          0   printf1.o
       100          0          0          0          0          0   retnan.o
        92          0          0          0          0          0   scalbn.o
         4          0          0          0          0          0   scanf1.o
         8          0          0          0          0          0   scanf2.o
        48          0          0          0          0          0   trapv.o
         0          0          0          0          0          0   usenofp.o
        32          8          0          0          0          0   dunder.o
        48          0          0          0          0          0   fpclassify.o
       156         22          0          0          0          0   frexp.o
       252         16          0          0          0          0   ldexp.o
       184         18          0          0          0          0   narrow.o
        40         10          0          0          0          0   strtod.o
       344         52          0          8       1536          0   Hmi.o
       568         54          0          0          0          0   ParseString.o
        10          0          0          4          0          0   sstream.o

    ----------------------------------------------------------------------
     59616      12892     324200        188     802568          0   Library Totals
        36          2         10         11          2          0   (incl. Padding)

    ----------------------------------------------------------------------

      Code (inc. data)   RO Data    RW Data    ZI Data      Debug   Library Name

     18156       5050       4136         36     796674          0   Debug.lib
      1916        210      44869          0          0          0   IconvData.lib
     13792       4774       1294         66       1060          0   SystemCommon.lib
     13040       2266     273378         59       3200          0   UserApp.lib
      9546        370        505          4         96          0   c_w.l
      1496         40          8          0          0          0   fz_wm.l
       712         74          0          0          0          0   m_wm.l
       922        106          0         12       1536          0   sstream.L

    ----------------------------------------------------------------------
     59616      12892     324200        188     802568          0   Library Totals

    ----------------------------------------------------------------------

==============================================================================


      Code (inc. data)   RO Data    RW Data    ZI Data      Debug   

     62264      13280     325048        208     802584          0   Grand Totals
     62264      13280     325048        208     802584          0   ELF Image Totals
     62264      13280     325048        208          0          0   ROM Totals

==============================================================================

    Total RO  Size (Code + RO Data)               387312 ( 378.23kB)
    Total RW  Size (RW Data + ZI Data)            802792 ( 783.98kB)
    Total ROM Size (Code + RO Data + RW Data)     387520 ( 378.44kB)

==============================================================================

